Archive member included because of file (symbol)

d:/altera/13.0sp1/nios2eds/bin/gnu/h-i686-mingw32/bin/../lib/gcc/nios2-elf/4.1.2\libgcc.a(_fixunsdfsi.o)
                              obj/default/dm9000a.o (__fixunsdfsi)
d:/altera/13.0sp1/nios2eds/bin/gnu/h-i686-mingw32/bin/../lib/gcc/nios2-elf/4.1.2\libgcc.a(_addsub_df.o)
                              d:/altera/13.0sp1/nios2eds/bin/gnu/h-i686-mingw32/bin/../lib/gcc/nios2-elf/4.1.2\libgcc.a(_fixunsdfsi.o) (__subdf3)
d:/altera/13.0sp1/nios2eds/bin/gnu/h-i686-mingw32/bin/../lib/gcc/nios2-elf/4.1.2\libgcc.a(_mul_df.o)
                              obj/default/dm9000a.o (__muldf3)
d:/altera/13.0sp1/nios2eds/bin/gnu/h-i686-mingw32/bin/../lib/gcc/nios2-elf/4.1.2\libgcc.a(_ge_df.o)
                              d:/altera/13.0sp1/nios2eds/bin/gnu/h-i686-mingw32/bin/../lib/gcc/nios2-elf/4.1.2\libgcc.a(_fixunsdfsi.o) (__gedf2)
d:/altera/13.0sp1/nios2eds/bin/gnu/h-i686-mingw32/bin/../lib/gcc/nios2-elf/4.1.2\libgcc.a(_df_to_si.o)
                              d:/altera/13.0sp1/nios2eds/bin/gnu/h-i686-mingw32/bin/../lib/gcc/nios2-elf/4.1.2\libgcc.a(_fixunsdfsi.o) (__fixdfsi)
d:/altera/13.0sp1/nios2eds/bin/gnu/h-i686-mingw32/bin/../lib/gcc/nios2-elf/4.1.2\libgcc.a(_thenan_df.o)
                              d:/altera/13.0sp1/nios2eds/bin/gnu/h-i686-mingw32/bin/../lib/gcc/nios2-elf/4.1.2\libgcc.a(_addsub_df.o) (__thenan_df)
d:/altera/13.0sp1/nios2eds/bin/gnu/h-i686-mingw32/bin/../lib/gcc/nios2-elf/4.1.2\libgcc.a(_usi_to_df.o)
                              obj/default/dm9000a.o (__floatunsidf)
d:/altera/13.0sp1/nios2eds/bin/gnu/h-i686-mingw32/bin/../lib/gcc/nios2-elf/4.1.2\libgcc.a(_muldi3.o)
                              d:/altera/13.0sp1/nios2eds/bin/gnu/h-i686-mingw32/bin/../lib/gcc/nios2-elf/4.1.2\libgcc.a(_mul_df.o) (__muldi3)
d:/altera/13.0sp1/nios2eds/bin/gnu/h-i686-mingw32/bin/../lib/gcc/nios2-elf/4.1.2\libgcc.a(_clzsi2.o)
                              d:/altera/13.0sp1/nios2eds/bin/gnu/h-i686-mingw32/bin/../lib/gcc/nios2-elf/4.1.2\libgcc.a(_usi_to_df.o) (__clzsi2)
d:/altera/13.0sp1/nios2eds/bin/gnu/h-i686-mingw32/bin/../lib/gcc/nios2-elf/4.1.2\libgcc.a(_pack_df.o)
                              d:/altera/13.0sp1/nios2eds/bin/gnu/h-i686-mingw32/bin/../lib/gcc/nios2-elf/4.1.2\libgcc.a(_addsub_df.o) (__pack_d)
d:/altera/13.0sp1/nios2eds/bin/gnu/h-i686-mingw32/bin/../lib/gcc/nios2-elf/4.1.2\libgcc.a(_unpack_df.o)
                              d:/altera/13.0sp1/nios2eds/bin/gnu/h-i686-mingw32/bin/../lib/gcc/nios2-elf/4.1.2\libgcc.a(_addsub_df.o) (__unpack_d)
d:/altera/13.0sp1/nios2eds/bin/gnu/h-i686-mingw32/bin/../lib/gcc/nios2-elf/4.1.2\libgcc.a(_fpcmp_parts_df.o)
                              d:/altera/13.0sp1/nios2eds/bin/gnu/h-i686-mingw32/bin/../lib/gcc/nios2-elf/4.1.2\libgcc.a(_ge_df.o) (__fpcmp_parts_d)
d:/altera/13.0sp1/nios2eds/bin/gnu/h-i686-mingw32/bin/../lib/gcc/nios2-elf/4.1.2\libgcc.a(_clz.o)
                              d:/altera/13.0sp1/nios2eds/bin/gnu/h-i686-mingw32/bin/../lib/gcc/nios2-elf/4.1.2\libgcc.a(_clzsi2.o) (__clz_tab)
d:/altera/13.0sp1/nios2eds/bin/gnu/h-i686-mingw32/bin/../lib/gcc/nios2-elf/4.1.2/../../../../nios2-elf/lib\libc.a(lib_a-ctype_.o)
                              obj/default/network_utilities.o (__ctype_ptr)
d:/altera/13.0sp1/nios2eds/bin/gnu/h-i686-mingw32/bin/../lib/gcc/nios2-elf/4.1.2/../../../../nios2-elf/lib\libc.a(lib_a-exit.o)
                              obj/default/iniche_init.o (exit)
d:/altera/13.0sp1/nios2eds/bin/gnu/h-i686-mingw32/bin/../lib/gcc/nios2-elf/4.1.2/../../../../nios2-elf/lib\libc.a(lib_a-fprintf.o)
                              obj/default/alt_error_handler.o (fprintf)
d:/altera/13.0sp1/nios2eds/bin/gnu/h-i686-mingw32/bin/../lib/gcc/nios2-elf/4.1.2/../../../../nios2-elf/lib\libc.a(lib_a-fwrite.o)
                              obj/default/alt_error_handler.o (fwrite)
d:/altera/13.0sp1/nios2eds/bin/gnu/h-i686-mingw32/bin/../lib/gcc/nios2-elf/4.1.2/../../../../nios2-elf/lib\libc.a(lib_a-getc.o)
                              obj/default/network_utilities.o (getc)
d:/altera/13.0sp1/nios2eds/bin/gnu/h-i686-mingw32/bin/../lib/gcc/nios2-elf/4.1.2/../../../../nios2-elf/lib\libc.a(lib_a-impure.o)
                              obj/default/alt_error_handler.o (_impure_ptr)
d:/altera/13.0sp1/nios2eds/bin/gnu/h-i686-mingw32/bin/../lib/gcc/nios2-elf/4.1.2/../../../../nios2-elf/lib\libc.a(lib_a-malloc.o)
                              obj/default/iniche_init.o (malloc)
d:/altera/13.0sp1/nios2eds/bin/gnu/h-i686-mingw32/bin/../lib/gcc/nios2-elf/4.1.2/../../../../nios2-elf/lib\libc.a(lib_a-mallocr.o)
                              d:/altera/13.0sp1/nios2eds/bin/gnu/h-i686-mingw32/bin/../lib/gcc/nios2-elf/4.1.2/../../../../nios2-elf/lib\libc.a(lib_a-malloc.o) (_malloc_r)
d:/altera/13.0sp1/nios2eds/bin/gnu/h-i686-mingw32/bin/../lib/gcc/nios2-elf/4.1.2/../../../../nios2-elf/lib\libc.a(lib_a-memcpy.o)
                              obj/default/simple_socket_server.o (memcpy)
[...]
Memory Configuration

Name             Origin             Length             Attributes
sdram_0_BEFORE_EXCEPTION 0x00800000         0x00000020
sdram_0          0x00800020         0x007fffe0
reset            0x01400000         0x00000020
cfi_flash_0      0x01400020         0x003fffe0
epcs_controller  0x01a81800         0x00000800
*default*        0x00000000         0xffffffff

Linker script and memory map

LOAD ../fir_bsp//obj/HAL/src/crt0.o
LOAD obj/default/LCD.o
LOAD obj/default/SSS_DE2_115.o
LOAD obj/default/alt_error_handler.o
LOAD obj/default/dm9000a.o
LOAD obj/default/iniche_init.o
LOAD obj/default/led.o
LOAD obj/default/network_utilities.o
LOAD obj/default/simple_socket_server.o
LOAD obj/default/tse_my_system.o
LOAD d:/altera/13.0sp1/nios2eds/bin/gnu/h-i686-mingw32/bin/../lib/gcc/nios2-elf/4.1.2/../../../../nios2-elf/lib\libstdc++.a
LOAD d:/altera/13.0sp1/nios2eds/bin/gnu/h-i686-mingw32/bin/../lib/gcc/nios2-elf/4.1.2/../../../../nios2-elf/lib\libm.a
LOAD d:/altera/13.0sp1/nios2eds/bin/gnu/h-i686-mingw32/bin/../lib/gcc/nios2-elf/4.1.2\libgcc.a
START GROUP
LOAD d:/altera/13.0sp1/nios2eds/bin/gnu/h-i686-mingw32/bin/../lib/gcc/nios2-elf/4.1.2/../../../../nios2-elf/lib\libc.a
LOAD d:/altera/13.0sp1/nios2eds/bin/gnu/h-i686-mingw32/bin/../lib/gcc/nios2-elf/4.1.2\libgcc.a
LOAD ../fir_bsp/\libucosii_bsp.a
END GROUP
LOAD d:/altera/13.0sp1/nios2eds/bin/gnu/h-i686-mingw32/bin/../lib/gcc/nios2-elf/4.1.2\libgcc.a
                0x00800000                __alt_mem_sdram_0 = 0x800000
                0x01400000                __alt_mem_cfi_flash_0 = 0x1400000
                0x01a81800                __alt_mem_epcs_controller = 0x1a81800

.entry          0x01400000        0x0
 *(.entry)
 .entry         0x01400000        0x0 ../fir_bsp//obj/HAL/src/crt0.o
                0x01400000                __reset

.exceptions     0x00800020      0x19c
                0x00800020                PROVIDE (__ram_exceptions_start, ABSOLUTE (.))
                0x00800020                . = ALIGN (0x20)
 *(.irq)
 *(.exceptions.entry.label)
 .exceptions.entry.label
                0x00800020        0x0 ../fir_bsp/\libucosii_bsp.a(alt_irq_entry.o)
                0x00800020                alt_irq_entry
 .exceptions.entry.label
                0x00800020        0x0 ../fir_bsp/\libucosii_bsp.a(alt_exception_entry.o)
                0x00800020                alt_exception
 *(.exceptions.entry.user)
 *(.exceptions.entry)
 .exceptions.entry
                0x00800020       0x54 ../fir_bsp/\libucosii_bsp.a(alt_exception_entry.o)
 *(.exceptions.irqtest.user)
 *(.exceptions.irqtest)
 .exceptions.irqtest
                0x00800074       0x10 ../fir_bsp/\libucosii_bsp.a(alt_irq_entry.o)
 *(.exceptions.irqhandler.user)
 *(.exceptions.irqhandler)
 .exceptions.irqhandler
                0x00800084        0x4 ../fir_bsp/\libucosii_bsp.a(alt_irq_entry.o)
 *(.exceptions.irqreturn.user)
 *(.exceptions.irqreturn)
 .exceptions.irqreturn
                0x00800088        0x4 ../fir_bsp/\libucosii_bsp.a(alt_irq_entry.o)
 *(.exceptions.notirq.label)
 .exceptions.notirq.label
                0x0080008c        0x0 ../fir_bsp/\libucosii_bsp.a(alt_irq_entry.o)
 *(.exceptions.notirq.user)
 *(.exceptions.notirq)
 .exceptions.notirq
                0x0080008c        0x8 ../fir_bsp/\libucosii_bsp.a(alt_exception_entry.o)
 *(.exceptions.soft.user)
 *(.exceptions.soft)
 *(.exceptions.unknown.user)
 *(.exceptions.unknown)
 .exceptions.unknown
                0x00800094        0x4 ../fir_bsp/\libucosii_bsp.a(alt_exception_entry.o)
 *(.exceptions.exit.label)
 .exceptions.exit.label
                0x00800098        0x0 ../fir_bsp/\libucosii_bsp.a(alt_irq_entry.o)
 .exceptions.exit.label
                0x00800098        0x0 ../fir_bsp/\libucosii_bsp.a(alt_exception_entry.o)
 *(.exceptions.exit.user)
 *(.exceptions.exit)
 .exceptions.exit
                0x00800098       0x54 ../fir_bsp/\libucosii_bsp.a(alt_exception_entry.o)
 *(.exceptions)
 .exceptions    0x008000ec       0xd0 ../fir_bsp/\libucosii_bsp.a(alt_irq_handler.o)
                0x008000ec                alt_irq_handler
                0x008001bc                PROVIDE (__ram_exceptions_end, ABSOLUTE (.))
                0x00800020                PROVIDE (__flash_exceptions_start, LOADADDR (.exceptions))

.text           0x008001bc    0x46e70
                0x008001bc                PROVIDE (stext, ABSOLUTE (.))
 *(.interp)
 *(.hash)
 *(.dynsym)
 *(.dynstr)
 *(.gnu.version)
 *(.gnu.version_d)
 *(.gnu.version_r)
 *(.rel.init)
 *(.rela.init)
 *(.rel.text .rel.text.* .rel.gnu.linkonce.t.*)
 *(.rela.text .rela.text.* .rela.gnu.linkonce.t.*)
 *(.rel.fini)
 *(.rela.fini)
 *(.rel.rodata .rel.rodata.* .rel.gnu.linkonce.r.*)
 *(.rela.rodata .rela.rodata.* .rela.gnu.linkonce.r.*)
 *(.rel.data .rel.data.* .rel.gnu.linkonce.d.*)
 *(.rela.data .rela.data.* .rela.gnu.linkonce.d.*)
 *(.rel.tdata .rel.tdata.* .rel.gnu.linkonce.td.*)
 *(.rela.tdata .rela.tdata.* .rela.gnu.linkonce.td.*)
 *(.rel.tbss .rel.tbss.* .rel.gnu.linkonce.tb.*)
 *(.rela.tbss .rela.tbss.* .rela.gnu.linkonce.tb.*)
 *(.rel.ctors)
 *(.rela.ctors)
 *(.rel.dtors)
 *(.rela.dtors)
 *(.rel.got)
 *(.rela.got)
 *(.rel.sdata .rel.sdata.* .rel.gnu.linkonce.s.*)
 *(.rela.sdata .rela.sdata.* .rela.gnu.linkonce.s.*)
 *(.rel.sbss .rel.sbss.* .rel.gnu.linkonce.sb.*)
 *(.rela.sbss .rela.sbss.* .rela.gnu.linkonce.sb.*)
 *(.rel.sdata2 .rel.sdata2.* .rel.gnu.linkonce.s2.*)
 *(.rela.sdata2 .rela.sdata2.* .rela.gnu.linkonce.s2.*)
 *(.rel.sbss2 .rel.sbss2.* .rel.gnu.linkonce.sb2.*)
 *(.rela.sbss2 .rela.sbss2.* .rela.gnu.linkonce.sb2.*)
 *(.rel.bss .rel.bss.* .rel.gnu.linkonce.b.*)
 *(.rela.bss .rela.bss.* .rela.gnu.linkonce.b.*)
 *(.rel.plt)
 *(.rela.plt)
 *(.rel.dyn)
 *(.init)
 *(.plt)
 *(.text .stub .text.* .gnu.linkonce.t.*)
 .text          0x008001bc       0x48 ../fir_bsp//obj/HAL/src/crt0.o
                0x008001bc                _start
 .text          0x00800204      0x31c obj/default/LCD.o
                0x00800204                LCD_Init
                0x008002a0                LCD_Show_Text
                0x00800328                LCD_Line2
                0x00800364                LCD_Line1
                0x008003a0                LCD_Clear
                0x008003dc                LCD_Test
 .text          0x00800520      0x2ec obj/default/SSS_DE2_115.o
                0x00800520                get_DE2_115_mac_addr
                0x008006c8                FindLastFlashSectorOffset
 .text          0x0080080c      0xba8 obj/default/alt_error_handler.o
                0x0080080c                alt_uCOSIIErrorHandler
                0x00800e30                alt_NetworkErrorHandler
                0x008010c8                alt_SSSErrorHandler
 .text          0x008013b4      0xe48 obj/default/dm9000a.o
                0x008013b4                dm9000a_iow
                0x00801408                dm9000a_ior
                0x00801454                phy_write
                0x008014f0                dm9000a_reset
                0x008016b4                TransmitPacket
                0x008017d0                prep_dm9000a
                0x008019ec                dm9000a_init
                0x00801e3c                dm9Ka_isr_wrap
                0x00801e7c                dm9ka_init
                0x00801f74                dm9ka_close
                0x00802084                dm9ka_stats
                0x008020e0                dm9ka_pkt_send
 .text          0x008021fc      0x560 obj/default/iniche_init.o
                0x008021fc                SSSInitialTask
                0x008023b0                main
                0x008024ac                str_length
                0x0080250c                binaryTodecimal
                0x008025b0                decimal_to_binary
                0x0080269c                disp_7seg
 .text          0x0080275c      0x324 obj/default/led.o
                0x0080275c                led_bit_toggle
                0x00802828                LED7SegLightshowTask
                0x0080289c                LEDManagementTask
 .text          0x00802a80      0x73c obj/default/network_utilities.o
                0x00802a80                get_mac_addr
                0x00802ad8                get_ip_addr
                0x00802b44                get_serial_number
                0x00802d20                generate_and_store_mac_addr
                0x00802eec                generate_mac_addr
                0x00803028                get_board_mac_addr
 .text          0x008031bc      0x9f8 obj/default/simple_socket_server.o
                0x008031bc                SSSCreateOSDataStructs
                0x00803264                SSSCreateTasks
                0x00803328                sss_reset_connection
                0x00803398                sss_send_menu
                0x00803528                sss_handle_accept
                0x008035e8                sss_exec_command
                0x0080375c                sss_handle_receive
                0x00803948                SSSSimpleSocketServerTask
 .text          0x00803bb4        0x0 obj/default/tse_my_system.o
 .text          0x00803bb4       0xa4 d:/altera/13.0sp1/nios2eds/bin/gnu/h-i686-mingw32/bin/../lib/gcc/nios2-elf/4.1.2\libgcc.a(_fixunsdfsi.o)
                0x00803bb4                __fixunsdfsi
 .text          0x00803c58      0x504 d:/altera/13.0sp1/nios2eds/bin/gnu/h-i686-mingw32/bin/../lib/gcc/nios2-elf/4.1.2\libgcc.a(_addsub_df.o)
                0x00804068                __subdf3
                0x008040e8                __adddf3
 .text          0x0080415c      0x3c4 d:/altera/13.0sp1/nios2eds/bin/gnu/h-i686-mingw32/bin/../lib/gcc/nios2-elf/4.1.2\libgcc.a(_mul_df.o)
                0x0080415c                __muldf3
 .text          0x00804520       0x88 d:/altera/13.0sp1/nios2eds/bin/gnu/h-i686-mingw32/bin/../lib/gcc/nios2-elf/4.1.2\libgcc.a(_ge_df.o)
                0x00804520                __gedf2
 .text          0x008045a8       0xd8 d:/altera/13.0sp1/nios2eds/bin/gnu/h-i686-mingw32/bin/../lib/gcc/nios2-elf/4.1.2\libgcc.a(_df_to_si.o)
                0x008045a8                __fixdfsi
 .text          0x00804680        0x0 d:/altera/13.0sp1/nios2eds/bin/gnu/h-i686-mingw32/bin/../lib/gcc/nios2-elf/4.1.2\libgcc.a(_thenan_df.o)
 .text          0x00804680      0x194 d:/altera/13.0sp1/nios2eds/bin/gnu/h-i686-mingw32/bin/../lib/gcc/nios2-elf/4.1.2\libgcc.a(_usi_to_df.o)
                0x00804680                __floatunsidf
 .text          0x00804814       0x98 d:/altera/13.0sp1/nios2eds/bin/gnu/h-i686-mingw32/bin/../lib/gcc/nios2-elf/4.1.2\libgcc.a(_muldi3.o)
                0x00804814                __muldi3
 .text          0x008048ac       0x80 d:/altera/13.0sp1/nios2eds/bin/gnu/h-i686-mingw32/bin/../lib/gcc/nios2-elf/4.1.2\libgcc.a(_clzsi2.o)
                0x008048ac                __clzsi2
 .text          0x0080492c      0x314 d:/altera/13.0sp1/nios2eds/bin/gnu/h-i686-mingw32/bin/../lib/gcc/nios2-elf/4.1.2\libgcc.a(_pack_df.o)
                0x0080492c                __pack_d
 .text          0x00804c40      0x138 d:/altera/13.0sp1/nios2eds/bin/gnu/h-i686-mingw32/bin/../lib/gcc/nios2-elf/4.1.2\libgcc.a(_unpack_df.o)
                0x00804c40                __unpack_d
 .text          0x00804d78       0xc8 d:/altera/13.0sp1/nios2eds/bin/gnu/h-i686-mingw32/bin/../lib/gcc/nios2-elf/4.1.2\libgcc.a(_fpcmp_parts_df.o)
                0x00804d78                __fpcmp_parts_d
 .text          0x00804e40        0x0 d:/altera/13.0sp1/nios2eds/bin/gnu/h-i686-mingw32/bin/../lib/gcc/nios2-elf/4.1.2\libgcc.a(_clz.o)
 .text          0x00804e40        0x0 d:/altera/13.0sp1/nios2eds/bin/gnu/h-i686-mingw32/bin/../lib/gcc/nios2-elf/4.1.2/../../../../nios2-elf/lib\libc.a(lib_a-ctype_.o)
 .text          0x00804e40       0x38 d:/altera/13.0sp1/nios2eds/bin/gnu/h-i686-mingw32/bin/../lib/gcc/nios2-elf/4.1.2/../../../../nios2-elf/lib\libc.a(lib_a-exit.o)
                0x00804e40                exit
 .text          0x00804e78       0x60 d:/altera/13.0sp1/nios2eds/bin/gnu/h-i686-mingw32/bin/../lib/gcc/nios2-elf/4.1.2/../../../../nios2-elf/lib\libc.a(lib_a-fprintf.o)
                0x00804e78                fprintf
                0x00804ea4                _fprintf_r
 .text          0x00804ed8       0xdc d:/altera/13.0sp1/nios2eds/bin/gnu/h-i686-mingw32/bin/../lib/gcc/nios2-elf/4.1.2/../../../../nios2-elf/lib\libc.a(lib_a-fwrite.o)
                0x00804ed8                _fwrite_r
                0x00804f74                fwrite
 .text          0x00804fb4      0x128 d:/altera/13.0sp1/nios2eds/bin/gnu/h-i686-mingw32/bin/../lib/gcc/nios2-elf/4.1.2/../../../../nios2-elf/lib\libc.a(lib_a-getc.o)
                0x00804fb4                getc
                0x0080504c                _getc_r
 .text          0x008050dc        0x0 d:/altera/13.0sp1/nios2eds/bin/gnu/h-i686-mingw32/bin/../lib/gcc/nios2-elf/4.1.2/../../../../nios2-elf/lib\libc.a(lib_a-impure.o)
 .text          0x008050dc       0x28 d:/altera/13.0sp1/nios2eds/bin/gnu/h-i686-mingw32/bin/../lib/gcc/nios2-elf/4.1.2/../../../../nios2-elf/lib\libc.a(lib_a-malloc.o)
                0x008050dc                free
                0x008050f0                malloc
 .text          0x00805104      0x740 d:/altera/13.0sp1/nios2eds/bin/gnu/h-i686-mingw32/bin/../lib/gcc/nios2-elf/4.1.2/../../../../nios2-elf/lib\libc.a(lib_a-mallocr.o)
                0x00805104                _malloc_r
 .text          0x00805844       0xa0 d:/altera/13.0sp1/nios2eds/bin/gnu/h-i686-mingw32/bin/../lib/gcc/nios2-elf/4.1.2/../../../../nios2-elf/lib\libc.a(lib_a-memcpy.o)
                0x00805844                memcpy
 .text          0x008058e4       0xe0 d:/altera/13.0sp1/nios2eds/bin/gnu/h-i686-mingw32/bin/../lib/gcc/nios2-elf/4.1.2/../../../../nios2-elf/lib\libc.a(lib_a-memmove.o)
                0x008058e4                memmove
 .text          0x008059c4       0x98 d:/altera/13.0sp1/nios2eds/bin/gnu/h-i686-mingw32/bin/../lib/gcc/nios2-elf/4.1.2/../../../../nios2-elf/lib\libc.a(lib_a-memset.o)
                0x008059c4                memset
 .text          0x00805a5c       0x80 d:/altera/13.0sp1/nios2eds/bin/gnu/h-i686-mingw32/bin/../lib/gcc/nios2-elf/4.1.2/../../../../nios2-elf/lib\libc.a(lib_a-perror.o)
                0x00805a5c                _perror_r
                0x00805ac8                perror
 .text          0x00805adc       0x78 d:/altera/13.0sp1/nios2eds/bin/gnu/h-i686-mingw32/bin/../lib/gcc/nios2-elf/4.1.2/../../../../nios2-elf/lib\libc.a(lib_a-printf.o)
                0x00805adc                printf
                0x00805b20                _printf_r
 .text          0x00805b54      0x1ec d:/altera/13.0sp1/nios2eds/bin/gnu/h-i686-mingw32/bin/../lib/gcc/nios2-elf/4.1.2/../../../../nios2-elf/lib\libc.a(lib_a-putc.o)
                0x00805b54                putc
                0x00805c58                _putc_r
 .text          0x00805d40       0x24 d:/altera/13.0sp1/nios2eds/bin/gnu/h-i686-mingw32/bin/../lib/gcc/nios2-elf/4.1.2/../../../../nios2-elf/lib\libc.a(lib_a-putchar.o)
                0x00805d40                putchar
                0x00805d5c                _putchar_r
 .text          0x00805d64       0xb4 d:/altera/13.0sp1/nios2eds/bin/gnu/h-i686-mingw32/bin/../lib/gcc/nios2-elf/4.1.2/../../../../nios2-elf/lib\libc.a(lib_a-puts.o)
                0x00805d64                _puts_r
                0x00805e04                puts
 .text          0x00805e18       0x60 d:/altera/13.0sp1/nios2eds/bin/gnu/h-i686-mingw32/bin/../lib/gcc/nios2-elf/4.1.2/../../../../nios2-elf/lib\libc.a(lib_a-rget.o)
                0x00805e18                __srget_r
                0x00805e64                __srget
 .text          0x00805e78       0x70 d:/altera/13.0sp1/nios2eds/bin/gnu/h-i686-mingw32/bin/../lib/gcc/nios2-elf/4.1.2/../../../../nios2-elf/lib\libc.a(lib_a-sbrkr.o)
                0x00805e78                _sbrk_r
 .text          0x00805ee8       0xe0 d:/altera/13.0sp1/nios2eds/bin/gnu/h-i686-mingw32/bin/../lib/gcc/nios2-elf/4.1.2/../../../../nios2-elf/lib\libc.a(lib_a-strchr.o)
                0x00805ee8                strchr
 .text          0x00805fc8      0x674 d:/altera/13.0sp1/nios2eds/bin/gnu/h-i686-mingw32/bin/../lib/gcc/nios2-elf/4.1.2/../../../../nios2-elf/lib\libc.a(lib_a-strerror.o)
                0x00805fc8                strerror
 .text          0x0080663c       0x74 d:/altera/13.0sp1/nios2eds/bin/gnu/h-i686-mingw32/bin/../lib/gcc/nios2-elf/4.1.2/../../../../nios2-elf/lib\libc.a(lib_a-strlen.o)
                0x0080663c                strlen
 .text          0x008066b0        0x8 d:/altera/13.0sp1/nios2eds/bin/gnu/h-i686-mingw32/bin/../lib/gcc/nios2-elf/4.1.2/../../../../nios2-elf/lib\libc.a(lib_a-u_strerr.o)
                0x008066b0                _user_strerror
 .text          0x008066b8     0x1f28 d:/altera/13.0sp1/nios2eds/bin/gnu/h-i686-mingw32/bin/../lib/gcc/nios2-elf/4.1.2/../../../../nios2-elf/lib\libc.a(lib_a-vfprintf.o)
                0x00806710                ___vfprintf_internal_r
                0x008085bc                __vfprintf_internal
 .text          0x008085e0      0x14c d:/altera/13.0sp1/nios2eds/bin/gnu/h-i686-mingw32/bin/../lib/gcc/nios2-elf/4.1.2/../../../../nios2-elf/lib\libc.a(lib_a-wbuf.o)
                0x008085e0                __swbuf_r
                0x00808710                __swbuf
 .text          0x0080872c      0x13c d:/altera/13.0sp1/nios2eds/bin/gnu/h-i686-mingw32/bin/../lib/gcc/nios2-elf/4.1.2/../../../../nios2-elf/lib\libc.a(lib_a-wsetup.o)
                0x0080872c                __swsetup_r
 .text          0x00808868      0x1b4 d:/altera/13.0sp1/nios2eds/bin/gnu/h-i686-mingw32/bin/../lib/gcc/nios2-elf/4.1.2/../../../../nios2-elf/lib\libc.a(lib_a-__call_atexit.o)
                0x0080886c                __call_exitprocs
 .text          0x00808a1c     0x17cc d:/altera/13.0sp1/nios2eds/bin/gnu/h-i686-mingw32/bin/../lib/gcc/nios2-elf/4.1.2/../../../../nios2-elf/lib\libc.a(lib_a-dtoa.o)
                0x00808c34                _dtoa_r
 .text          0x0080a1e8      0x230 d:/altera/13.0sp1/nios2eds/bin/gnu/h-i686-mingw32/bin/../lib/gcc/nios2-elf/4.1.2/../../../../nios2-elf/lib\libc.a(lib_a-fflush.o)
                0x0080a1e8                _fflush_r
                0x0080a3e4                fflush
 .text          0x0080a418      0x2c0 d:/altera/13.0sp1/nios2eds/bin/gnu/h-i686-mingw32/bin/../lib/gcc/nios2-elf/4.1.2/../../../../nios2-elf/lib\libc.a(lib_a-findfp.o)
                0x0080a470                __sfp_lock_acquire
                0x0080a474                __sfp_lock_release
                0x0080a478                __sinit_lock_acquire
                0x0080a47c                __sinit_lock_release
                0x0080a480                __sinit
                0x0080a534                __fp_unlock_all
                0x0080a54c                __fp_lock_all
                0x0080a564                _cleanup_r
                0x0080a570                _cleanup
                0x0080a580                __sfmoreglue
                0x0080a5e8                __sfp
 .text          0x0080a6d8       0xbc d:/altera/13.0sp1/nios2eds/bin/gnu/h-i686-mingw32/bin/../lib/gcc/nios2-elf/4.1.2/../../../../nios2-elf/lib\libc.a(lib_a-fputc.o)
                0x0080a6d8                fputc
                0x0080a73c                _fputc_r
 .text          0x0080a794       0x90 d:/altera/13.0sp1/nios2eds/bin/gnu/h-i686-mingw32/bin/../lib/gcc/nios2-elf/4.1.2/../../../../nios2-elf/lib\libc.a(lib_a-fputs.o)
                0x0080a794                _fputs_r
                0x0080a808                fputs
 .text          0x0080a824      0x440 d:/altera/13.0sp1/nios2eds/bin/gnu/h-i686-mingw32/bin/../lib/gcc/nios2-elf/4.1.2/../../../../nios2-elf/lib\libc.a(lib_a-freer.o)
                0x0080a824                _malloc_trim_r
                0x0080a950                _free_r
 .text          0x0080ac64      0x49c d:/altera/13.0sp1/nios2eds/bin/gnu/h-i686-mingw32/bin/../lib/gcc/nios2-elf/4.1.2/../../../../nios2-elf/lib\libc.a(lib_a-fvwrite.o)
                0x0080ac64                __sfvwrite_r
 .text          0x0080b100      0x180 d:/altera/13.0sp1/nios2eds/bin/gnu/h-i686-mingw32/bin/../lib/gcc/nios2-elf/4.1.2/../../../../nios2-elf/lib\libc.a(lib_a-fwalk.o)
                0x0080b100                _fwalk_reent
                0x0080b1c8                _fwalk
 .text          0x0080b280        0x0 d:/altera/13.0sp1/nios2eds/bin/gnu/h-i686-mingw32/bin/../lib/gcc/nios2-elf/4.1.2/../../../../nios2-elf/lib\libc.a(lib_a-int_errno.o)
 .text          0x0080b280       0xc4 d:/altera/13.0sp1/nios2eds/bin/gnu/h-i686-mingw32/bin/../lib/gcc/nios2-elf/4.1.2/../../../../nios2-elf/lib\libc.a(lib_a-locale.o)
                0x0080b280                __locale_charset
                0x0080b288                _localeconv_r
                0x0080b294                localeconv
                0x0080b2a4                _setlocale_r
                0x0080b328                setlocale
 .text          0x0080b344      0x194 d:/altera/13.0sp1/nios2eds/bin/gnu/h-i686-mingw32/bin/../lib/gcc/nios2-elf/4.1.2/../../../../nios2-elf/lib\libc.a(lib_a-makebuf.o)
                0x0080b344                __smakebuf_r
 .text          0x0080b4d8       0xe4 d:/altera/13.0sp1/nios2eds/bin/gnu/h-i686-mingw32/bin/../lib/gcc/nios2-elf/4.1.2/../../../../nios2-elf/lib\libc.a(lib_a-memchr.o)
                0x0080b4d8                memchr
 .text          0x0080b5bc      0xff4 d:/altera/13.0sp1/nios2eds/bin/gnu/h-i686-mingw32/bin/../lib/gcc/nios2-elf/4.1.2/../../../../nios2-elf/lib\libc.a(lib_a-mprec.o)
                0x0080b5bc                _Bfree
                0x0080b5e4                __hi0bits
                0x0080b654                __lo0bits
                0x0080b718                __mcmp
                0x0080b778                __ulp
                0x0080b7f8                __b2d
                0x0080b918                __ratio
                0x0080b9c8                _mprec_log10
                0x0080ba5c                __copybits
                0x0080bab4                __any_on
                0x0080bb3c                _Balloc
                0x0080bbf8                __d2b
                0x0080bd74                __mdiff
                0x0080bf00                __lshift
                0x0080c04c                __multiply
                0x0080c234                __i2b
                0x0080c270                __multadd
                0x0080c370                __pow5mult
                0x0080c490                __s2b
 .text          0x0080c5b0      0x5f4 d:/altera/13.0sp1/nios2eds/bin/gnu/h-i686-mingw32/bin/../lib/gcc/nios2-elf/4.1.2/../../../../nios2-elf/lib\libc.a(lib_a-reallocr.o)
                0x0080c5b0                _realloc_r
 .text          0x0080cba4      0x1e0 d:/altera/13.0sp1/nios2eds/bin/gnu/h-i686-mingw32/bin/../lib/gcc/nios2-elf/4.1.2/../../../../nios2-elf/lib\libc.a(lib_a-refill.o)
                0x0080cba4                __srefill_r
 .text          0x0080cd84       0x40 d:/altera/13.0sp1/nios2eds/bin/gnu/h-i686-mingw32/bin/../lib/gcc/nios2-elf/4.1.2/../../../../nios2-elf/lib\libc.a(lib_a-s_isinfd.o)
                0x0080cd84                __isinfd
 .text          0x0080cdc4       0x30 d:/altera/13.0sp1/nios2eds/bin/gnu/h-i686-mingw32/bin/../lib/gcc/nios2-elf/4.1.2/../../../../nios2-elf/lib\libc.a(lib_a-s_isnand.o)
                0x0080cdc4                __isnand
 .text          0x0080cdf4      0x14c d:/altera/13.0sp1/nios2eds/bin/gnu/h-i686-mingw32/bin/../lib/gcc/nios2-elf/4.1.2/../../../../nios2-elf/lib\libc.a(lib_a-stdio.o)
                0x0080cdf4                __sclose
                0x0080cdfc                __sseek
                0x0080ce64                __swrite
                0x0080cee0                __sread
 .text          0x0080cf40       0xbc d:/altera/13.0sp1/nios2eds/bin/gnu/h-i686-mingw32/bin/../lib/gcc/nios2-elf/4.1.2/../../../../nios2-elf/lib\libc.a(lib_a-strcmp.o)
                0x0080cf40                strcmp
 .text          0x0080cffc       0x78 d:/altera/13.0sp1/nios2eds/bin/gnu/h-i686-mingw32/bin/../lib/gcc/nios2-elf/4.1.2/../../../../nios2-elf/lib\libc.a(lib_a-writer.o)
                0x0080cffc                _write_r
 .text          0x0080d074       0xb4 d:/altera/13.0sp1/nios2eds/bin/gnu/h-i686-mingw32/bin/../lib/gcc/nios2-elf/4.1.2/../../../../nios2-elf/lib\libc.a(lib_a-callocr.o)
                0x0080d074                _calloc_r
 .text          0x0080d128       0x70 d:/altera/13.0sp1/nios2eds/bin/gnu/h-i686-mingw32/bin/../lib/gcc/nios2-elf/4.1.2/../../../../nios2-elf/lib\libc.a(lib_a-closer.o)
                0x0080d128                _close_r
 .text          0x0080d198      0x124 d:/altera/13.0sp1/nios2eds/bin/gnu/h-i686-mingw32/bin/../lib/gcc/nios2-elf/4.1.2/../../../../nios2-elf/lib\libc.a(lib_a-fclose.o)
                0x0080d198                _fclose_r
                0x0080d2a8                fclose
 .text          0x0080d2bc       0x74 d:/altera/13.0sp1/nios2eds/bin/gnu/h-i686-mingw32/bin/../lib/gcc/nios2-elf/4.1.2/../../../../nios2-elf/lib\libc.a(lib_a-fstatr.o)
                0x0080d2bc                _fstat_r
 .text          0x0080d330       0x70 d:/altera/13.0sp1/nios2eds/bin/gnu/h-i686-mingw32/bin/../lib/gcc/nios2-elf/4.1.2/../../../../nios2-elf/lib\libc.a(lib_a-isattyr.o)
                0x0080d330                _isatty_r
 .text          0x0080d3a0       0x78 d:/altera/13.0sp1/nios2eds/bin/gnu/h-i686-mingw32/bin/../lib/gcc/nios2-elf/4.1.2/../../../../nios2-elf/lib\libc.a(lib_a-lseekr.o)
                0x0080d3a0                _lseek_r
 .text          0x0080d418       0x78 d:/altera/13.0sp1/nios2eds/bin/gnu/h-i686-mingw32/bin/../lib/gcc/nios2-elf/4.1.2/../../../../nios2-elf/lib\libc.a(lib_a-readr.o)
                0x0080d418                _read_r
 .text          0x0080d490      0x5dc d:/altera/13.0sp1/nios2eds/bin/gnu/h-i686-mingw32/bin/../lib/gcc/nios2-elf/4.1.2\libgcc.a(_udivdi3.o)
                0x0080d490                __udivdi3
 .text          0x0080da6c      0x5b0 d:/altera/13.0sp1/nios2eds/bin/gnu/h-i686-mingw32/bin/../lib/gcc/nios2-elf/4.1.2\libgcc.a(_umoddi3.o)
                0x0080da6c                __umoddi3
 .text          0x0080e01c      0x258 d:/altera/13.0sp1/nios2eds/bin/gnu/h-i686-mingw32/bin/../lib/gcc/nios2-elf/4.1.2\libgcc.a(_div_df.o)
                0x0080e01c                __divdf3
 .text          0x0080e274       0x88 d:/altera/13.0sp1/nios2eds/bin/gnu/h-i686-mingw32/bin/../lib/gcc/nios2-elf/4.1.2\libgcc.a(_eq_df.o)
                0x0080e274                __eqdf2
 .text          0x0080e2fc       0x88 d:/altera/13.0sp1/nios2eds/bin/gnu/h-i686-mingw32/bin/../lib/gcc/nios2-elf/4.1.2\libgcc.a(_ne_df.o)
                0x0080e2fc                __nedf2
 .text          0x0080e384       0x88 d:/altera/13.0sp1/nios2eds/bin/gnu/h-i686-mingw32/bin/../lib/gcc/nios2-elf/4.1.2\libgcc.a(_gt_df.o)
                0x0080e384                __gtdf2
 .text          0x0080e40c       0x88 d:/altera/13.0sp1/nios2eds/bin/gnu/h-i686-mingw32/bin/../lib/gcc/nios2-elf/4.1.2\libgcc.a(_lt_df.o)
                0x0080e40c                __ltdf2
 .text          0x0080e494       0xf8 d:/altera/13.0sp1/nios2eds/bin/gnu/h-i686-mingw32/bin/../lib/gcc/nios2-elf/4.1.2\libgcc.a(_si_to_df.o)
                0x0080e494                __floatsidf
 .text          0x0080e58c      0x14c d:/altera/13.0sp1/nios2eds/bin/gnu/h-i686-mingw32/bin/../lib/gcc/nios2-elf/4.1.2\libgcc.a(lib2-divmod.o)
                0x0080e608                __divsi3
                0x0080e668                __modsi3
                0x0080e6c8                __udivsi3
                0x0080e6d0                __umodsi3
 .text          0x0080e6d8       0x6c ../fir_bsp/\libucosii_bsp.a(alt_exit.o)
                0x0080e718                _exit
 .text          0x0080e744       0xd0 ../fir_bsp/\libucosii_bsp.a(alt_flash_dev.o)
                0x0080e744                alt_flash_open_dev
                0x0080e7c0                alt_flash_close_dev
 .text          0x0080e814      0x134 ../fir_bsp/\libucosii_bsp.a(alt_fstat.o)
                0x0080e814                fstat
 .text          0x0080e948      0x1c0 ../fir_bsp/\libucosii_bsp.a(alt_irq_register.o)
                0x0080e948                alt_irq_register
 .text          0x0080eb08        0x0 ../fir_bsp/\libucosii_bsp.a(alt_irq_vars.o)
 .text          0x0080eb08      0x120 ../fir_bsp/\libucosii_bsp.a(alt_isatty.o)
                0x0080eb08                isatty
 .text          0x0080ec28      0x150 ../fir_bsp/\libucosii_bsp.a(alt_lseek.o)
                0x0080ec28                lseek
 .text          0x0080ed78       0xc8 ../fir_bsp/\libucosii_bsp.a(alt_main.o)
                0x0080ed78                alt_main
 .text          0x0080ee40       0xbc ../fir_bsp/\libucosii_bsp.a(alt_sbrk.o)
                0x0080ee40                sbrk
 .text          0x0080eefc      0x118 ../fir_bsp/\libucosii_bsp.a(alt_usleep.o)
                0x0080eefc                usleep
 .text          0x0080f014      0x108 ../fir_bsp/\libucosii_bsp.a(alt_env_lock.o)
                0x0080f014                __env_lock
                0x0080f0c0                __env_unlock
 .text          0x0080f11c      0x1d8 ../fir_bsp/\libucosii_bsp.a(alt_malloc_lock.o)
                0x0080f11c                __malloc_lock
                0x0080f224                __malloc_unlock
 .text          0x0080f2f4     0x2128 ../fir_bsp/\libucosii_bsp.a(os_core.o)
                0x0080f2f4                OSEventNameGet
                0x0080f424                OSEventNameSet
                0x0080f568                OSEventPendMulti
                0x0080fc1c                OSInit
                0x0080fc70                OSIntEnter
                0x0080fcec                OSIntExit
                0x0080fdec                OSSchedLock
                0x0080fe78                OSSchedUnlock
                0x0080ff5c                OSStart
                0x0080ffcc                OSStatInit
                0x00810078                OSTimeTick
                0x008102b8                OSVersion
                0x008102d8                OS_Dummy
                0x008102f4                OS_EventTaskRdy
                0x00810488                OS_EventTaskWait
                0x00810598                OS_EventTaskWaitMulti
                0x008106ec                OS_EventTaskRemove
                0x008107a4                OS_EventTaskRemoveMulti
                0x008108a8                OS_EventWaitListInit
                0x00810c74                OS_MemClr
                0x00810cc8                OS_MemCopy
                0x00810d34                OS_Sched
                0x00810e78                OS_StrCopy
                0x00810ef8                OS_StrLen
                0x00810f50                OS_TaskIdle
                0x00810fac                OS_TaskStat
                0x00811074                OS_TaskStatStkChk
                0x0081113c                OS_TCBInit
 .text          0x0081141c      0x18c ../fir_bsp/\libucosii_bsp.a(os_dbg.o)
                0x0081141c                OSDebugInit
 .text          0x008115a8     0x193c ../fir_bsp/\libucosii_bsp.a(os_flag.o)
                0x008115a8                OSFlagAccept
                0x008118dc                OSFlagCreate
                0x00811a18                OSFlagDel
                0x00811cc0                OSFlagNameGet
                0x00811e04                OSFlagNameSet
                0x00811f58                OSFlagPend
                0x0081259c                OSFlagPendGetFlagsRdy
                0x00812604                OSFlagPost
                0x008129ac                OSFlagQuery
                0x00812c44                OS_FlagInit
                0x00812e38                OS_FlagUnlink
 .text          0x00812ee4      0x808 ../fir_bsp/\libucosii_bsp.a(os_mem.o)
                0x00812ee4                OSMemCreate
                0x00813100                OSMemGet
                0x00813204                OSMemNameGet
                0x00813310                OSMemNameSet
                0x00813430                OSMemPut
                0x00813520                OSMemQuery
                0x0081361c                OS_MemInit
 .text          0x008136ec     0x1334 ../fir_bsp/\libucosii_bsp.a(os_q.o)
                0x008136ec                OSQAccept
                0x00813840                OSQCreate
                0x00813a54                OSQDel
                0x00813d54                OSQFlush
                0x00813e1c                OSQPend
                0x0081413c                OSQPendAbort
                0x008142b8                OSQPost
                0x00814438                OSQPostFront
                0x008145c0                OSQPostOpt
                0x008147f4                OSQQuery
                0x00814974                OS_QInit
 .text          0x00814a20      0xbc8 ../fir_bsp/\libucosii_bsp.a(os_sem.o)
                0x00814a20                OSSemAccept
                0x00814ae0                OSSemCreate
                0x00814bf4                OSSemDel
                0x00814e94                OSSemPend
                0x00815110                OSSemPendAbort
                0x0081528c                OSSemPost
                0x008153b4                OSSemQuery
                0x008154e4                OSSemSet
 .text          0x008155e8     0x1a40 ../fir_bsp/\libucosii_bsp.a(os_task.o)
                0x008155e8                OSTaskChangePrio
                0x00815b5c                OSTaskCreate
                0x00815d30                OSTaskCreateExt
                0x00815f30                OSTaskDel
                0x0081633c                OSTaskDelReq
                0x008164ac                OSTaskNameGet
                0x00816664                OSTaskNameSet
                0x00816828                OSTaskResume
                0x00816a40                OSTaskStkChk
                0x00816c3c                OSTaskSuspend
                0x00816e68                OSTaskQuery
                0x00816fac                OS_TaskStkClr
 .text          0x00817028      0x670 ../fir_bsp/\libucosii_bsp.a(os_time.o)
                0x00817028                OSTimeDly
                0x00817174                OSTimeDlyHMSM
                0x008173c0                OSTimeDlyResume
                0x008175d0                OSTimeGet
                0x00817634                OSTimeSet
 .text          0x00817698      0x118 ../fir_bsp/\libucosii_bsp.a(alt_sys_init.o)
                0x00817698                alt_irq_init
                0x008176cc                alt_sys_init
 .text          0x008177b0      0x8c8 ../fir_bsp/\libucosii_bsp.a(altera_avalon_cfi_flash.o)
                0x008177b0                alt_flash_cfi_init
                0x00817884                alt_flash_cfi_write
                0x00817b44                alt_flash_cfi_get_info
                0x00817bd4                alt_flash_cfi_read
                0x00817c3c                alt_write_value_to_flash
                0x00817da0                alt_flash_program_block
 .text          0x00818078     0x14a8 ../fir_bsp/\libucosii_bsp.a(altera_avalon_cfi_flash_table.o)
                0x00818078                alt_read_query_entry_8bit
                0x008180b8                alt_read_query_entry_16bit
                0x008180fc                alt_read_query_entry_32bit
                0x00818144                alt_write_flash_command_8bit_device_8bit_mode
                0x00818180                alt_write_flash_command_16bit_device_8bit_mode
                0x008181fc                alt_write_flash_command_32bit_device_8bit_mode
                0x00818244                alt_write_flash_command_16bit_device_16bit_mode
                0x00818288                alt_write_flash_command_32bit_device_16bit_mode
                0x008182d0                alt_write_flash_command_32bit_device_32bit_mode
                0x00818318                alt_write_native_8bit
                0x0081834c                alt_write_native_16bit
                0x00818380                alt_write_native_32bit
                0x008183b0                alt_set_flash_width_func
                0x00818590                alt_set_flash_algorithm_func
                0x008186b8                alt_read_cfi_table
                0x00818c98                alt_read_cfi_width
                0x00819444                alt_check_primary_table
 .text          0x00819520      0x9e4 ../fir_bsp/\libucosii_bsp.a(altera_avalon_epcs_flash_controller.o)
                0x00819520                alt_epcs_flash_init
                0x0081993c                alt_epcs_flash_write
                0x00819bbc                alt_epcs_flash_get_info
                0x00819c4c                alt_epcs_flash_erase_block
                0x00819d50                alt_epcs_flash_write_block
                0x00819e6c                alt_epcs_flash_read
 .text          0x00819f04      0x148 ../fir_bsp/\libucosii_bsp.a(altera_avalon_jtag_uart_fd.o)
                0x00819f04                altera_avalon_jtag_uart_read_fd
                0x00819f5c                altera_avalon_jtag_uart_write_fd
                0x00819fb4                altera_avalon_jtag_uart_close_fd
                0x00819ffc                altera_avalon_jtag_uart_ioctl_fd
 .text          0x0081a04c      0x584 ../fir_bsp/\libucosii_bsp.a(altera_avalon_jtag_uart_init.o)
                0x0081a04c                altera_avalon_jtag_uart_init
                0x0081a55c                altera_avalon_jtag_uart_close
 .text          0x0081a5d0       0xf4 ../fir_bsp/\libucosii_bsp.a(altera_avalon_jtag_uart_ioctl.o)
                0x0081a5d0                altera_avalon_jtag_uart_ioctl
 .text          0x0081a6c4      0x2c0 ../fir_bsp/\libucosii_bsp.a(altera_avalon_jtag_uart_read.o)
                0x0081a6c4                altera_avalon_jtag_uart_read
 .text          0x0081a984      0x2dc ../fir_bsp/\libucosii_bsp.a(altera_avalon_jtag_uart_write.o)
                0x0081a984                altera_avalon_jtag_uart_write
 .text          0x0081ac60      0xf3c ../fir_bsp/\libucosii_bsp.a(altera_avalon_lcd_16207.o)
                0x0081b434                altera_avalon_lcd_16207_write
                0x0081ba38                altera_avalon_lcd_16207_init
 .text          0x0081bb9c       0x58 ../fir_bsp/\libucosii_bsp.a(altera_avalon_lcd_16207_fd.o)
                0x0081bb9c                altera_avalon_lcd_16207_write_fd
 .text          0x0081bbf4      0x100 ../fir_bsp/\libucosii_bsp.a(altera_avalon_timer_sc.o)
                0x0081bc64                alt_avalon_timer_sc_init
 .text          0x0081bcf4       0xf8 ../fir_bsp/\libucosii_bsp.a(altera_avalon_uart_fd.o)
                0x0081bcf4                altera_avalon_uart_read_fd
                0x0081bd4c                altera_avalon_uart_write_fd
                0x0081bda4                altera_avalon_uart_close_fd
 .text          0x0081bdec      0x57c ../fir_bsp/\libucosii_bsp.a(altera_avalon_uart_init.o)
                0x0081bdec                altera_avalon_uart_init
                0x0081c308                altera_avalon_uart_close
 .text          0x0081c368      0x310 ../fir_bsp/\libucosii_bsp.a(altera_avalon_uart_read.o)
                0x0081c368                altera_avalon_uart_read
 .text          0x0081c678      0x2a8 ../fir_bsp/\libucosii_bsp.a(altera_avalon_uart_write.o)
                0x0081c678                altera_avalon_uart_write
 .text          0x0081c920      0x6d4 ../fir_bsp/\libucosii_bsp.a(epcs_commands.o)
                0x0081c920                epcs_read_status_register
                0x0081c980                epcs_sector_erase
                0x0081cae8                epcs_read_buffer
                0x0081cc34                epcs_write_enable
                0x0081cc84                epcs_write_status_register
                0x0081cce8                epcs_write_buffer
                0x0081ce58                epcs_read_electronic_signature
                0x0081cec4                epcs_read_device_id
                0x0081cf44                epcs_enter_4_bytes_mode
                0x0081cf9c                epcs_exit_4_bytes_mode
 .text          0x0081cff4       0x54 ../fir_bsp/\libucosii_bsp.a(alt_iniche_close.o)
                0x0081cff4                close
 .text          0x0081d048      0x144 ../fir_bsp/\libucosii_bsp.a(alt_iniche_dev.o)
                0x0081d048                iniche_devices_init
 .text          0x0081d18c       0x78 ../fir_bsp/\libucosii_bsp.a(alt_iniche_read.o)
                0x0081d18c                read
 .text          0x0081d204       0x70 ../fir_bsp/\libucosii_bsp.a(alt_iniche_write.o)
                0x0081d204                write
 .text          0x0081d274      0xedc ../fir_bsp/\libucosii_bsp.a(ipnet.o)
                0x0081d274                Netinit
                0x0081d8c0                fixup_subnet_mask
                0x0081da20                netclose
                0x0081db08                pktdemux
                0x0081dedc                c_older
                0x0081dfac                ip2mac
 .text          0x0081e150      0x4b0 ../fir_bsp/\libucosii_bsp.a(ipstart.o)
                0x0081e150                ip_startup
                0x0081e434                exit_hook
                0x0081e4a0                ip_exit
                0x0081e570                if_netnumber
 .text          0x0081e600     0x10e8 ../fir_bsp/\libucosii_bsp.a(igmp_cmn.o)
                0x0081e600                igmp_init
                0x0081e6f0                igmp_input
                0x0081e7e8                igmp_fasttimo
                0x0081ea1c                igmp_send
                0x0081ecc4                igmp_joingroup
                0x0081ef30                igmp_leavegroup
                0x0081efac                igmp_validate
                0x0081f308                igmp_print_stats
 .text          0x0081f6e8      0xbc8 ../fir_bsp/\libucosii_bsp.a(bsdsock.o)
                0x0081f6e8                bsd_accept
                0x0081f820                bsd_getpeername
                0x0081f94c                bsd_getsockname
                0x0081fa78                bsd_i_sockoptlen
                0x0081fc30                bsd_getsockopt
                0x0081fd50                bsd_ioctl
                0x0081fe54                bsd_inet_ntoa
                0x0081fe84                bsd_recvfrom
                0x0081ffe4                bsd_select
                0x008201c4                bsd_setsockopt
 .text          0x008202b0      0x118 ../fir_bsp/\libucosii_bsp.a(cksum.o)
                0x008202b0                ccksum
                0x00820360                cksum
 .text          0x008203c8      0xa9c ../fir_bsp/\libucosii_bsp.a(in_utils.o)
                0x008203c8                do_trap
                0x008203f4                nextarg
                0x00820470                hexdump
                0x008205b8                print_ipad
                0x0082062c                print_uptime
                0x00820758                panic
                0x0082079c                print_eth
                0x00820900                uslash
                0x00820980                ns_printf
                0x00820b04                std_out
                0x00820b48                con_page
                0x00820c38                parse_args
 .text          0x00820e64      0x1c8 ../fir_bsp/\libucosii_bsp.a(netmain.o)
                0x00820e64                netmain
                0x00820f58                tk_netmain
                0x00820fe0                tk_nettick
 .text          0x0082102c      0x810 ../fir_bsp/\libucosii_bsp.a(parseip.o)
                0x0082102c                parse_ipad
                0x00821348                inet_addr
                0x008213b0                hextoa
                0x00821420                inet_pton
                0x008214cc                inet_ntop
                0x00821558                print46_addr
                0x008215b8                inet46_addr
                0x0082167c                inet_setport
                0x008216f0                convert_ip
 .text          0x0082183c      0x5e8 ../fir_bsp/\libucosii_bsp.a(tk_crnos.o)
                0x0082183c                TK_OSTimeDly
                0x00821868                TK_OSTaskResume
                0x008218d8                tcp_sleep
                0x00821a78                tcp_wakeup
                0x00821b7c                TK_OSTaskQuery
                0x00821bf0                tk_yield
                0x00821c1c                tk_stats
 .text          0x00821e24     0x3294 ../fir_bsp/\libucosii_bsp.a(dhcpclnt.o)
                0x00821e24                dhc_get_srv_ipaddr
                0x00821eb4                dhc_init
                0x00821f70                dhc_set_callback
                0x00821fb4                dhc_upcall
                0x008227e4                dhc_buildheader
                0x00822a00                dhc_discover
                0x00822f18                dhc_rx_offer
                0x0082301c                dhc_request
                0x00823b58                dhc_setip
                0x00823dd8                dhc_resetip
                0x00823ebc                dhc_decline
                0x008240a0                dhc_extract_opts
                0x0082435c                dhc_second
                0x00824c4c                dhc_halt
                0x00824cd4                dhc_reclaim
                0x00824ea4                dhc_state_init
                0x00824f04                dhc_alldone
                0x00824f94                dhc_ifacedone
                0x00825008                dhc_set_state
 .text          0x008250b8       0xcc ../fir_bsp/\libucosii_bsp.a(dhcputil.o)
                0x008250b8                find_opt
 .text          0x00825184      0x79c ../fir_bsp/\libucosii_bsp.a(pktalloc.o)
                0x00825184                pk_init
                0x00825414                pk_alloc
                0x008254f0                pk_validate
                0x008257a8                pk_free
                0x00825854                pk_get_max_intrsafe_buf_len
                0x00825874                dump_buf_estats
 .text          0x00825920      0x288 ../fir_bsp/\libucosii_bsp.a(q.o)
                0x00825920                getq
                0x008259e8                putq
                0x00825a98                qdel
 .text          0x00825ba8      0x31c ../fir_bsp/\libucosii_bsp.a(udp_open.o)
                0x00825ba8                udp_open
                0x00825de0                udp_close
 .text          0x00825ec4      0x194 ../fir_bsp/\libucosii_bsp.a(asm_cksum.o)
                0x00825ec4                asm_cksum
 .text          0x00826058      0x2e4 ../fir_bsp/\libucosii_bsp.a(brdutils.o)
                0x00826058                dtrap
                0x00826088                kbhit
                0x00826134                getch
                0x00826194                clock_init
                0x008261d0                clock_c
                0x008261ec                cticks_hook
                0x0082629c                irq_Mask
                0x008262f8                irq_Unmask
 .text          0x0082633c      0x488 ../fir_bsp/\libucosii_bsp.a(osportco.o)
                0x0082633c                LOCK_NET_RESOURCE
                0x008263fc                UNLOCK_NET_RESOURCE
                0x00826484                TK_NEWTASK
                0x00826698                wait_app_sem
                0x0082674c                post_app_sem
 .text          0x008267c4      0x568 ../fir_bsp/\libucosii_bsp.a(targnios.o)
                0x008267c4                alt_iniche_init
                0x008269e0                pre_task_setup
                0x00826a54                post_task_setup
                0x00826a74                prep_armintcp
                0x00826aac                calloc2
                0x00826ae0                npalloc
                0x00826bd4                npfree
                0x00826c8c                ncpalloc
                0x00826ce0                ncpfree
 .text          0x00826d2c     0x19b8 ../fir_bsp/\libucosii_bsp.a(nptcp.o)
                0x00826d2c                pffindtype
                0x00826dcc                pffindproto
                0x00826e9c                m_getnbuf
                0x00827044                m_free
                0x00827178                m_freem
                0x008271bc                m_copy
                0x008274e0                m_adj
                0x008276b0                mbuf_len
                0x00827708                dtom
                0x008277b0                remque
                0x00827820                insque
                0x0082789c                nptcp_init
                0x008279c0                tcp_rcv
                0x00827bac                ip_output
                0x008281a4                in_broadcast
                0x008281e4                np_stripoptions
                0x008282cc                so_icmpdu
                0x00828624                tcp_tick
 .text          0x008286e4      0xa2c ../fir_bsp/\libucosii_bsp.a(rawsock.o)
                0x008286e4                rawip_lookup
                0x00828754                rawip_soinput
                0x00828928                rawip_usrreq
 .text          0x00829110     0x17fc ../fir_bsp/\libucosii_bsp.a(sockcall.o)
                0x00829110                DOMAIN_CHECK
                0x0082915c                t_socket
                0x008291ec                t_bind
                0x00829368                t_listen
                0x0082944c                t_accept
                0x008296e4                t_connect
                0x0082998c                t_getpeername
                0x008299d0                t_getsockname
                0x00829c10                t_setsockopt
                0x00829dec                t_getsockopt
                0x00829f90                t_recv
                0x0082a080                t_recvfrom
                0x0082a1d0                t_sendto
                0x0082a3fc                t_send
                0x0082a624                t_shutdown
                0x0082a708                t_socketclose
                0x0082a870                t_errno
 .text          0x0082a90c     0x23ec ../fir_bsp/\libucosii_bsp.a(socket.o)
                0x0082a90c                socreate
                0x0082aad8                sobind
                0x0082ab34                solisten
                0x0082ac24                sofree
                0x0082ad54                soclose
                0x0082b0c0                soabort
                0x0082b110                soaccept
                0x0082b1ac                soconnect
                0x0082b280                sodisconnect
                0x0082b320                sosend
                0x0082b928                soreceive
                0x0082c10c                soshutdown
                0x0082c1b4                sorflush
                0x0082c2b4                sosetopt
                0x0082c774                sogetopt
                0x0082ccb4                sohasoutofband
 .text          0x0082ccf8     0x1318 ../fir_bsp/\libucosii_bsp.a(socket2.o)
                0x0082ccf8                soisconnecting
                0x0082cd64                soisconnected
                0x0082ce60                soisdisconnecting
                0x0082ceec                soisdisconnected
                0x0082cfa8                sonewconn
                0x0082d1c4                soqinsque
                0x0082d270                soqremque
                0x0082d390                socantsendmore
                0x0082d3e0                socantrcvmore
                0x0082d430                sbselqueue
                0x0082d468                sbwait
                0x0082d4d0                sbwakeup
                0x0082d56c                soreserve
                0x0082d5ec                sbreserve
                0x0082d64c                sbrelease
                0x0082d694                sbappend
                0x0082d73c                sbappendrecord
                0x0082d81c                sbappendaddr
                0x0082da24                sbcompress
                0x0082dc0c                sbflush
                0x0082dc9c                sbdrop
                0x0082de6c                sbdropend
                0x0082df7c                sbdroprecord
 .text          0x0082e010      0x914 ../fir_bsp/\libucosii_bsp.a(soselect.o)
                0x0082e010                t_select
                0x0082e230                sock_selscan
                0x0082e388                sock_select
                0x0082e59c                in_pcbnotify
                0x0082e668                tcp_notify
                0x0082e6d0                ifd_clr
                0x0082e7c0                ifd_set
                0x0082e834                ifd_isset
                0x0082e8b4                ifd_get
 .text          0x0082e924     0x3020 ../fir_bsp/\libucosii_bsp.a(tcp_in.o)
                0x0082e924                tcp_reass
                0x0082ed2c                tcp_input
                0x00831280                tcp_dooptions
                0x00831410                tcp_pulloutofband
                0x0083153c                tcp_xmit_timer
                0x008317e0                ip4_tcpmss
                0x00831828                tcp_mss
 .text          0x00831944     0x1360 ../fir_bsp/\libucosii_bsp.a(tcp_out.o)
                0x00831944                tcp_output
                0x00832ac0                tcp_setpersist
 .text          0x00832ca4      0x9e8 ../fir_bsp/\libucosii_bsp.a(tcp_subr.o)
                0x00832ca4                tcp_init
                0x00832cfc                tcp_template
                0x00832e14                tcp_respond
                0x0083329c                tcp_newtcpcb
                0x008333b4                tcp_drop
                0x00833460                tcp_close
                0x00833548                tcp_quench
                0x00833594                tcp_putseq
                0x00833614                tcp_getseq
 .text          0x0083368c      0x798 ../fir_bsp/\libucosii_bsp.a(tcp_timr.o)
                0x0083368c                tcp_slowtimo
                0x0083392c                tcp_canceltimers
                0x00833988                tcp_timers
 .text          0x00833e24      0x9ec ../fir_bsp/\libucosii_bsp.a(tcp_usr.o)
                0x00833e24                tcp_usrreq
                0x00834528                tcp_attach
                0x0083465c                tcp_disconnect
                0x00834730                tcp_usrclosed
 .text          0x00834810       0x4c ../fir_bsp/\libucosii_bsp.a(tcpport.o)
                0x00834810                tcpinit
 .text          0x0083485c      0xd20 ../fir_bsp/\libucosii_bsp.a(udpsock.o)
                0x0083485c                udp_lookup
                0x008348cc                udp_soinput
                0x00834a84                udp_usrreq
                0x00834d08                udp4_sockbind
                0x00835044                udp4_socksend
                0x00835420                udp4_sockaddr
 .text          0x0083557c      0x154 ../fir_bsp/\libucosii_bsp.a(alt_alarm_start.o)
                0x0083557c                alt_alarm_start
 .text          0x008356d0      0x14c ../fir_bsp/\libucosii_bsp.a(alt_busy_sleep.o)
                0x008356d0                alt_busy_sleep
 .text          0x0083581c      0x15c ../fir_bsp/\libucosii_bsp.a(alt_close.o)
                0x0083581c                alt_close
 .text          0x00835978       0x78 ../fir_bsp/\libucosii_bsp.a(alt_dcache_flush.o)
                0x00835978                alt_dcache_flush
 .text          0x008359f0       0x2c ../fir_bsp/\libucosii_bsp.a(alt_dev.o)
 .text          0x00835a1c      0x114 ../fir_bsp/\libucosii_bsp.a(alt_dev_llist_insert.o)
                0x00835a1c                alt_dev_llist_insert
 .text          0x00835b30       0x64 ../fir_bsp/\libucosii_bsp.a(alt_do_ctors.o)
                0x00835b30                _do_ctors
 .text          0x00835b94       0x64 ../fir_bsp/\libucosii_bsp.a(alt_do_dtors.o)
                0x00835b94                _do_dtors
 .text          0x00835bf8        0x0 ../fir_bsp/\libucosii_bsp.a(alt_errno.o)
 .text          0x00835bf8       0x94 ../fir_bsp/\libucosii_bsp.a(alt_find_dev.o)
                0x00835bf8                alt_find_dev
 .text          0x00835c8c      0x1d4 ../fir_bsp/\libucosii_bsp.a(alt_iic.o)
                0x00835c8c                alt_ic_isr_register
                0x00835cdc                alt_ic_irq_enable
                0x00835d78                alt_ic_irq_disable
                0x00835e18                alt_ic_irq_enabled
 .text          0x00835e60       0xf8 ../fir_bsp/\libucosii_bsp.a(alt_iic_isr_register.o)
                0x00835e60                alt_iic_isr_register
 .text          0x00835f58      0x13c ../fir_bsp/\libucosii_bsp.a(alt_io_redirect.o)
                0x0083601c                alt_io_redirect
 .text          0x00836094        0x0 ../fir_bsp/\libucosii_bsp.a(alt_irq_entry.o)
 .text          0x00836094        0x0 ../fir_bsp/\libucosii_bsp.a(alt_irq_handler.o)
 .text          0x00836094      0x2c4 ../fir_bsp/\libucosii_bsp.a(alt_open.o)
                0x00836170                open
 .text          0x00836358      0x180 ../fir_bsp/\libucosii_bsp.a(alt_read.o)
                0x00836358                alt_read
 .text          0x008364d8       0x60 ../fir_bsp/\libucosii_bsp.a(alt_release_fd.o)
                0x008364d8                alt_release_fd
 .text          0x00836538       0x38 ../fir_bsp/\libucosii_bsp.a(alt_remap_cached.o)
                0x00836538                alt_remap_cached
 .text          0x00836570       0x40 ../fir_bsp/\libucosii_bsp.a(alt_remap_uncached.o)
                0x00836570                alt_remap_uncached
 .text          0x008365b0      0x1a8 ../fir_bsp/\libucosii_bsp.a(alt_tick.o)
                0x008365b0                alt_alarm_stop
                0x00836648                alt_tick
 .text          0x00836758      0x180 ../fir_bsp/\libucosii_bsp.a(alt_write.o)
                0x00836758                alt_write
 .text          0x008368d8       0x20 ../fir_bsp/\libucosii_bsp.a(altera_nios2_qsys_irq.o)
                0x008368d8                altera_nios2_qsys_irq_init
 .text          0x008368f8       0xd0 ../fir_bsp/\libucosii_bsp.a(os_cpu_a.o)
                0x008368f8                OSCtxSw
                0x008368f8                OSIntCtxSw
                0x00836984                OSStartHighRdy
                0x008369a4                OSStartTsk
 .text          0x008369c8      0x424 ../fir_bsp/\libucosii_bsp.a(os_cpu_c.o)
                0x008369c8                OSTaskStkInit
                0x00836cd8                OSTaskCreateHook
                0x00836cf8                OSTaskDelHook
                0x00836d18                OSTaskSwHook
                0x00836d34                OSTaskStatHook
                0x00836d50                OSTimeTickHook
                0x00836d78                OSInitHookBegin
                0x00836d94                OSInitHookEnd
                0x00836db0                OSTaskIdleHook
                0x00836dcc                OSTCBInitHook
 .text          0x00836dec      0x460 ../fir_bsp/\libucosii_bsp.a(altera_avalon_cfi_flash_amd.o)
                0x00836dec                alt_program_amd
                0x00836e54                alt_erase_block_amd
 .text          0x0083724c      0x460 ../fir_bsp/\libucosii_bsp.a(altera_avalon_cfi_flash_intel.o)
                0x0083724c                alt_program_intel
                0x008372d0                alt_erase_block_intel
 .text          0x008376ac      0x238 ../fir_bsp/\libucosii_bsp.a(altera_avalon_spi.o)
                0x008376ac                alt_avalon_spi_command
 .text          0x008378e4      0x444 ../fir_bsp/\libucosii_bsp.a(allports.o)
                0x008378e4                netmain_init
                0x008379e0                icmp_port_du
                0x00837a68                station_state
                0x00837bcc                sysuptime
                0x00837c60                packet_check
                0x00837cac                mcastlist
                0x00837cd0                prep_modules
 .text          0x00837d28      0x580 ../fir_bsp/\libucosii_bsp.a(timeouts.o)
                0x00837d28                inet_timer
                0x00838028                in_timerset
                0x00838200                in_timerkill
 .text          0x008382a8       0xa4 ../fir_bsp/\libucosii_bsp.a(tk_misc.o)
                0x008382a8                create_apptasks
                0x008382cc                task_stats
 .text          0x0083834c       0xb0 ../fir_bsp/\libucosii_bsp.a(alt_iniche_fcntl.o)
                0x0083834c                fcntl
 .text          0x008383fc     0x15b0 ../fir_bsp/\libucosii_bsp.a(et_arp.o)
                0x008383fc                etainit
                0x00838450                et_send
                0x008385cc                arp_free_pending
                0x00838654                arp_send_pending
                0x008386c8                send_arp
                0x00838b60                find_oldest_arp
                0x00838d5c                make_arp_entry
                0x00838e70                arpReply
                0x00839104                arprcv
                0x00839364                send_via_arp
                0x00839534                cb_arpent_tmo
                0x008396e0                grat_arp
 .text          0x008399ac      0x298 ../fir_bsp/\libucosii_bsp.a(iface.o)
                0x008399ac                if_getbynum
                0x00839a30                isbcast
                0x00839b10                reg_type
                0x00839bac                if_killsocks
 .text          0x00839c44     0x22a4 ../fir_bsp/\libucosii_bsp.a(ip.o)
                0x00839c44                ip_init
                0x00839d40                ip_bldhead
                0x00839ee4                ip_write_internal
                0x0083a664                ip_write
                0x0083a8ac                ip_write2
                0x0083ac5c                ip_raw_write
                0x0083ad34                ip_fragment_lc
                0x0083b1bc                ip_fragment
                0x0083b7e0                ip_mymach
                0x0083b88c                ip_dump
                0x0083bb44                iproute
                0x0083bdb0                ip_copypkt
 .text          0x0083bee8     0x1e08 ../fir_bsp/\libucosii_bsp.a(ip_reasm.o)
                0x0083bee8                ip_reasm_match_frag_with_ire
                0x0083bfb8                ip_reasm_determine_type_of_frag
                0x0083c0a4                ip_reasm_check_mem_useage
                0x0083c13c                ip_reasm_incr_mem_useage
                0x0083c1e4                ip_reasm_decr_mem_useage
                0x0083c284                ip_reasm_process_first_fragment
                0x0083c564                ip_reassm
                0x0083c604                ip_reasm_compute_overlap
                0x0083cb94                ip_reasm_process_subsequent_fragments
                0x0083d128                ip_reasm_find_ire
                0x0083d18c                ip_reasm_copy_queued_fragments_into_reassy_buffer
                0x0083d4e8                ip_reasm_process_timer_tick
                0x0083d608                ip_reasm_delete_ire
                0x0083d7d0                ip_reasm_mark_compact_rfq
                0x0083d918                ipr_stats
                0x0083dc9c                ip_reasm_send_icmp_timex
 .text          0x0083dcf0      0xe3c ../fir_bsp/\libucosii_bsp.a(ipdemux.o)
                0x0083dcf0                ip_rcv
                0x0083e0f0                ip_rcv_phase2
                0x0083e6fc                ip_demux
 .text          0x0083eb2c      0x2f0 ../fir_bsp/\libucosii_bsp.a(ipmc.o)
                0x0083eb2c                in_addmulti
                0x0083ec94                in_delmulti
                0x0083edac                lookup_mcast
 .text          0x0083ee1c       0xe4 ../fir_bsp/\libucosii_bsp.a(ipport.o)
                0x0083ee1c                prep_ifaces
                0x0083eeb0                netexit
                0x0083eed8                evtmap_setup
 .text          0x0083ef00      0x550 ../fir_bsp/\libucosii_bsp.a(ipraw.o)
                0x0083ef00                ip_raw_open
                0x0083eff0                ip_raw_close
                0x0083f0b0                ip_raw_input
                0x0083f2e8                ip_raw_alloc
                0x0083f3b4                ip_raw_free
                0x0083f3f4                ip_raw_maxalloc
 .text          0x0083f450      0x6f0 ../fir_bsp/\libucosii_bsp.a(iproute.o)
                0x0083f450                rt_lookup
                0x0083f5d4                add_route
                0x0083f9fc                del_route
 .text          0x0083fb40      0xe3c ../fir_bsp/\libucosii_bsp.a(udp.o)
                0x0083fb40                udpdemux
                0x00840398                udp_send
                0x00840650                udpswap
                0x00840780                udp_socket
                0x00840850                udp_alloc
                0x00840910                udp_maxalloc
                0x0084093c                udp_free
 .text          0x0084097c      0x2e8 ../fir_bsp/\libucosii_bsp.a(igmp.o)
                0x0084097c                igmpv1_input
 .text          0x00840c64      0x7c0 ../fir_bsp/\libucosii_bsp.a(igmp2.o)
                0x00840c64                igmpv2_input
                0x00840dc4                igmpv2_process_report
                0x00840f10                igmpv2_process_query
                0x0084115c                igmpv2_chk_set_timer
                0x008412b4                igmpv2_chk4_rtr_alert_opt
 .text          0x00841424      0x8fc ../fir_bsp/\libucosii_bsp.a(ipopt.o)
                0x00841424                IPADDR_TO_NETP
                0x0084156c                ip_setmoptions
                0x00841b5c                ip_getmoptions
                0x00841c9c                ip_freemoptions
 .text          0x00841d20      0x6e8 ../fir_bsp/\libucosii_bsp.a(u_mctest.o)
                0x00841d20                u_mctest_init
                0x00841d50                u_mctest_run
 .text          0x00842408      0x3d0 ../fir_bsp/\libucosii_bsp.a(dhcsetup.o)
                0x00842408                dhc_setup
                0x008426d4                dhc_main_ipset
 .text          0x008427d8      0x40c ../fir_bsp/\libucosii_bsp.a(memdev.o)
                0x008427d8                init_memdev
                0x00842850                md_fopen
                0x00842878                md_fclose
                0x00842898                md_fread
                0x00842a18                md_fwrite
                0x00842a98                md_fseek
                0x00842ac4                md_ftell
                0x00842ae8                md_fgetc
                0x00842bc0                md_unlink
 .text          0x00842be4      0x1cc ../fir_bsp/\libucosii_bsp.a(tcpcksum.o)
                0x00842be4                tcp_cksum
 .text          0x00842db0      0x900 ../fir_bsp/\libucosii_bsp.a(in_pcb.o)
                0x00842db0                in_pcballoc
                0x00842e44                in_pcbdetach
                0x00842e98                in_pcbbind
                0x008430ec                in_pcbconnect
                0x008432fc                in_pcbdisconnect
                0x0084335c                in_setsockaddr
                0x008433d8                in_setpeeraddr
                0x00843454                in_pcblookup
 .text          0x008436b0     0x1a74 ../fir_bsp/\libucosii_bsp.a(vfsfiles.o)
                0x008436b0                set_vfopen_error
                0x008436d8                get_vfopen_error
                0x008436f8                vf_alloc_and_link_vop
                0x00843774                vf_alloc_buffer
                0x0084384c                vf_free_buffer
                0x0084389c                vfopen_locked
                0x00843c04                vfopen
                0x00843c54                vfclose_locked
                0x00843dfc                vfclose
                0x00843e3c                vfflush
                0x00843e84                vfgets
                0x00843f68                vfeof
                0x00843fc0                vunlink_flag_open_files
                0x0084401c                vunlink
                0x0084423c                vfread
                0x008443e8                vfwrite_locked
                0x008447d0                vfwrite
                0x00844830                vfseek
                0x008449ac                vftell
                0x00844ae0                vgetc_locked
                0x00844c00                vgetc
                0x00844c48                vfslookup_locked
                0x00844d80                vfslookup
                0x00844dc8                strippath
                0x00844fb0                isvfile_locked
                0x00845014                isvfile
                0x0084505c                vferror
                0x008450c8                vclearerr
 .text          0x00845124       0x24 ../fir_bsp/\libucosii_bsp.a(vfsport.o)
                0x00845124                prep_vfs
 .text          0x00845148        0x0 ../fir_bsp/\libucosii_bsp.a(alt_exception_entry.o)
 .text          0x00845148      0x1b4 ../fir_bsp/\libucosii_bsp.a(alt_fcntl.o)
                0x00845148                alt_fcntl
 .text          0x008452fc      0x120 ../fir_bsp/\libucosii_bsp.a(alt_find_file.o)
                0x008452fc                alt_find_file
 .text          0x0084541c       0xf4 ../fir_bsp/\libucosii_bsp.a(alt_get_fd.o)
                0x0084541c                alt_get_fd
 .text          0x00845510     0x130c ../fir_bsp/\libucosii_bsp.a(icmp.o)
                0x00845510                icmprcv
                0x00846144                icmp_destun
                0x00846494                icmp_timex
                0x008467c8                icmp_du
 .text          0x0084681c       0x14 d:/altera/13.0sp1/nios2eds/bin/gnu/h-i686-mingw32/bin/../lib/gcc/nios2-elf/4.1.2/../../../../nios2-elf/lib\libc.a(lib_a-atexit.o)
                0x0084681c                atexit
 .text          0x00846830       0x18 d:/altera/13.0sp1/nios2eds/bin/gnu/h-i686-mingw32/bin/../lib/gcc/nios2-elf/4.1.2/../../../../nios2-elf/lib\libc.a(lib_a-atoi.o)
                0x00846830                _atoi_r
                0x0084683c                atoi
 .text          0x00846848       0x1c d:/altera/13.0sp1/nios2eds/bin/gnu/h-i686-mingw32/bin/../lib/gcc/nios2-elf/4.1.2/../../../../nios2-elf/lib\libc.a(lib_a-calloc.o)
                0x00846848                calloc
 .text          0x00846864       0x74 d:/altera/13.0sp1/nios2eds/bin/gnu/h-i686-mingw32/bin/../lib/gcc/nios2-elf/4.1.2/../../../../nios2-elf/lib\libc.a(lib_a-memcmp.o)
                0x00846864                memcmp
 .text          0x008468d8       0xd4 d:/altera/13.0sp1/nios2eds/bin/gnu/h-i686-mingw32/bin/../lib/gcc/nios2-elf/4.1.2/../../../../nios2-elf/lib\libc.a(lib_a-sprintf.o)
                0x008468d8                sprintf
                0x0084694c                _sprintf_r
 .text          0x008469ac       0x8c d:/altera/13.0sp1/nios2eds/bin/gnu/h-i686-mingw32/bin/../lib/gcc/nios2-elf/4.1.2/../../../../nios2-elf/lib\libc.a(lib_a-strcpy.o)
                0x008469ac                strcpy
 .text          0x00846a38       0xf0 d:/altera/13.0sp1/nios2eds/bin/gnu/h-i686-mingw32/bin/../lib/gcc/nios2-elf/4.1.2/../../../../nios2-elf/lib\libc.a(lib_a-strncmp.o)
                0x00846a38                strncmp
 .text          0x00846b28       0xbc d:/altera/13.0sp1/nios2eds/bin/gnu/h-i686-mingw32/bin/../lib/gcc/nios2-elf/4.1.2/../../../../nios2-elf/lib\libc.a(lib_a-strncpy.o)
                0x00846b28                strncpy
 .text          0x00846be4      0x268 d:/altera/13.0sp1/nios2eds/bin/gnu/h-i686-mingw32/bin/../lib/gcc/nios2-elf/4.1.2/../../../../nios2-elf/lib\libc.a(lib_a-strtol.o)
                0x00846be4                _strtol_r
                0x00846e28                strtol
 .text          0x00846e4c       0x34 d:/altera/13.0sp1/nios2eds/bin/gnu/h-i686-mingw32/bin/../lib/gcc/nios2-elf/4.1.2/../../../../nios2-elf/lib\libc.a(lib_a-vprintf.o)
                0x00846e4c                _vprintf_r
                0x00846e60                vprintf
 .text          0x00846e80       0x74 d:/altera/13.0sp1/nios2eds/bin/gnu/h-i686-mingw32/bin/../lib/gcc/nios2-elf/4.1.2/../../../../nios2-elf/lib\libc.a(lib_a-vsprintf.o)
                0x00846e80                _vsprintf_r
                0x00846ed0                vsprintf
 .text          0x00846ef4      0x134 d:/altera/13.0sp1/nios2eds/bin/gnu/h-i686-mingw32/bin/../lib/gcc/nios2-elf/4.1.2/../../../../nios2-elf/lib\libc.a(lib_a-__atexit.o)
                0x00846ef4                __register_exitproc
 *(.gnu.warning.*)
 *(.fini)
                0x00847028                PROVIDE (__etext, ABSOLUTE (.))
                0x00847028                PROVIDE (_etext, ABSOLUTE (.))
                0x00847028                PROVIDE (etext, ABSOLUTE (.))
 *(.eh_frame_hdr)
                0x00847028                . = ALIGN (0x4)
                0x00847028                PROVIDE (__preinit_array_start, ABSOLUTE (.))
 *(.preinit_array)
                0x00847028                PROVIDE (__preinit_array_end, ABSOLUTE (.))
                0x00847028                PROVIDE (__init_array_start, ABSOLUTE (.))
 *(.init_array)
                0x00847028                PROVIDE (__init_array_end, ABSOLUTE (.))
                0x00847028                PROVIDE (__fini_array_start, ABSOLUTE (.))
 *(.fini_array)
                0x00847028                PROVIDE (__fini_array_end, ABSOLUTE (.))
 *(.eh_frame)
 *(.gcc_except_table)
 *(.dynamic)
                0x00847028                PROVIDE (__CTOR_LIST__, ABSOLUTE (.))
 *(.ctors)
 *(SORT(.ctors.*))
 .ctors.65535   0x00847028        0x4 d:/altera/13.0sp1/nios2eds/bin/gnu/h-i686-mingw32/bin/../lib/gcc/nios2-elf/4.1.2/../../../../nios2-elf/lib\libc.a(lib_a-__call_atexit.o)
                0x0084702c                PROVIDE (__CTOR_END__, ABSOLUTE (.))
                0x0084702c                PROVIDE (__DTOR_LIST__, ABSOLUTE (.))
 *(.dtors)
 *(SORT(.dtors.*))
                0x0084702c                PROVIDE (__DTOR_END__, ABSOLUTE (.))
 *(.jcr)
                0x0084702c                . = ALIGN (0x4)

.rodata         0x0084702c     0x41fc
                0x0084702c                PROVIDE (__ram_rodata_start, ABSOLUTE (.))
                0x0084702c                . = ALIGN (0x4)
 *(.rodata .rodata.* .gnu.linkonce.r.*)
 .rodata        0x0084702c       0x60 obj/default/LCD.o
 .rodata        0x0084708c       0xa8 obj/default/SSS_DE2_115.o
 .rodata        0x00847134      0xba4 obj/default/alt_error_handler.o
 .rodata        0x00847cd8       0x64 obj/default/dm9000a.o
 .rodata        0x00847d3c       0xe0 obj/default/iniche_init.o
 .rodata        0x00847e1c      0x234 obj/default/network_utilities.o
 .rodata        0x00848050      0x2e0 obj/default/simple_socket_server.o
 .rodata        0x00848330       0x14 d:/altera/13.0sp1/nios2eds/bin/gnu/h-i686-mingw32/bin/../lib/gcc/nios2-elf/4.1.2\libgcc.a(_thenan_df.o)
                0x00848330                __thenan_df
 .rodata        0x00848344      0x100 d:/altera/13.0sp1/nios2eds/bin/gnu/h-i686-mingw32/bin/../lib/gcc/nios2-elf/4.1.2\libgcc.a(_clz.o)
                0x00848344                __clz_tab
 .rodata        0x00848444      0x281 d:/altera/13.0sp1/nios2eds/bin/gnu/h-i686-mingw32/bin/../lib/gcc/nios2-elf/4.1.2/../../../../nios2-elf/lib\libc.a(lib_a-ctype_.o)
                0x00848444                _ctype_
 *fill*         0x008486c5        0x3 00
 .rodata.str1.4
                0x008486c8        0x2 d:/altera/13.0sp1/nios2eds/bin/gnu/h-i686-mingw32/bin/../lib/gcc/nios2-elf/4.1.2/../../../../nios2-elf/lib\libc.a(lib_a-impure.o)
                                  0x4 (size before relaxing)
 *fill*         0x008486ca        0x2 00
 .rodata.str1.4
                0x008486cc        0x3 d:/altera/13.0sp1/nios2eds/bin/gnu/h-i686-mingw32/bin/../lib/gcc/nios2-elf/4.1.2/../../../../nios2-elf/lib\libc.a(lib_a-perror.o)
                                  0x4 (size before relaxing)
 *fill*         0x008486cf        0x1 00
 .rodata.str1.4
                0x008486d0        0x2 d:/altera/13.0sp1/nios2eds/bin/gnu/h-i686-mingw32/bin/../lib/gcc/nios2-elf/4.1.2/../../../../nios2-elf/lib\libc.a(lib_a-puts.o)
                                  0x4 (size before relaxing)
 *fill*         0x008486d2        0x2 00
 .rodata.str1.4
                0x008486d4      0x7a2 d:/altera/13.0sp1/nios2eds/bin/gnu/h-i686-mingw32/bin/../lib/gcc/nios2-elf/4.1.2/../../../../nios2-elf/lib\libc.a(lib_a-strerror.o)
                                0x7a8 (size before relaxing)
 *fill*         0x00848e76        0x2 00
 .rodata.str1.4
                0x00848e78       0x5e d:/altera/13.0sp1/nios2eds/bin/gnu/h-i686-mingw32/bin/../lib/gcc/nios2-elf/4.1.2/../../../../nios2-elf/lib\libc.a(lib_a-vfprintf.o)
                                 0x60 (size before relaxing)
 .rodata        0x00848ed6       0x20 d:/altera/13.0sp1/nios2eds/bin/gnu/h-i686-mingw32/bin/../lib/gcc/nios2-elf/4.1.2/../../../../nios2-elf/lib\libc.a(lib_a-vfprintf.o)
 *fill*         0x00848ef6        0x2 00
 .rodata.str1.4
                0x00848ef8       0x10 d:/altera/13.0sp1/nios2eds/bin/gnu/h-i686-mingw32/bin/../lib/gcc/nios2-elf/4.1.2/../../../../nios2-elf/lib\libc.a(lib_a-dtoa.o)
                                 0x14 (size before relaxing)
 .rodata.str1.4
                0x00848f08       0x10 d:/altera/13.0sp1/nios2eds/bin/gnu/h-i686-mingw32/bin/../lib/gcc/nios2-elf/4.1.2/../../../../nios2-elf/lib\libc.a(lib_a-locale.o)
                                 0x18 (size before relaxing)
 .rodata        0x00848f18       0x30 d:/altera/13.0sp1/nios2eds/bin/gnu/h-i686-mingw32/bin/../lib/gcc/nios2-elf/4.1.2/../../../../nios2-elf/lib\libc.a(lib_a-locale.o)
 .rodata        0x00848f48      0x124 d:/altera/13.0sp1/nios2eds/bin/gnu/h-i686-mingw32/bin/../lib/gcc/nios2-elf/4.1.2/../../../../nios2-elf/lib\libc.a(lib_a-mprec.o)
                0x00848f48                __mprec_tens
                0x00849010                __mprec_bigtens
                0x00849038                __mprec_tinytens
 .rodata        0x0084906c       0x14 ../fir_bsp/\libucosii_bsp.a(alt_main.o)
 .rodata        0x00849080      0x120 ../fir_bsp/\libucosii_bsp.a(os_core.o)
                0x00849080                OSUnMapTbl
 .rodata        0x008491a0       0x60 ../fir_bsp/\libucosii_bsp.a(alt_sys_init.o)
 .rodata        0x00849200       0xd8 ../fir_bsp/\libucosii_bsp.a(ipnet.o)
 .rodata        0x008492d8       0xec ../fir_bsp/\libucosii_bsp.a(ipstart.o)
 .rodata        0x008493c4      0x54c ../fir_bsp/\libucosii_bsp.a(igmp_cmn.o)
 .rodata        0x00849910       0xb8 ../fir_bsp/\libucosii_bsp.a(in_utils.o)
 .rodata        0x008499c8       0x34 ../fir_bsp/\libucosii_bsp.a(netmain.o)
 .rodata        0x008499fc       0x94 ../fir_bsp/\libucosii_bsp.a(parseip.o)
 .rodata        0x00849a90      0x1a8 ../fir_bsp/\libucosii_bsp.a(tk_crnos.o)
 .rodata        0x00849c38        0x8 ../fir_bsp/\libucosii_bsp.a(dhcpclnt.o)
 .rodata        0x00849c40      0x118 ../fir_bsp/\libucosii_bsp.a(pktalloc.o)
 .rodata        0x00849d58       0x84 ../fir_bsp/\libucosii_bsp.a(udp_open.o)
 .rodata        0x00849ddc       0x2c ../fir_bsp/\libucosii_bsp.a(brdutils.o)
 .rodata        0x00849e08      0x26c ../fir_bsp/\libucosii_bsp.a(osportco.o)
 .rodata        0x0084a074       0xa0 ../fir_bsp/\libucosii_bsp.a(targnios.o)
 .rodata        0x0084a114       0x90 ../fir_bsp/\libucosii_bsp.a(nptcp.o)
 .rodata        0x0084a1a4        0x8 ../fir_bsp/\libucosii_bsp.a(sockcall.o)
 .rodata        0x0084a1ac       0x50 ../fir_bsp/\libucosii_bsp.a(socket.o)
 .rodata        0x0084a1fc       0x40 ../fir_bsp/\libucosii_bsp.a(socket2.o)
 .rodata        0x0084a23c       0x20 ../fir_bsp/\libucosii_bsp.a(tcp_in.o)
 .rodata        0x0084a25c       0x40 ../fir_bsp/\libucosii_bsp.a(tcp_out.o)
 .rodata        0x0084a29c       0x24 ../fir_bsp/\libucosii_bsp.a(tcp_subr.o)
 .rodata        0x0084a2c0       0x2c ../fir_bsp/\libucosii_bsp.a(tcp_usr.o)
 .rodata        0x0084a2ec        0xc ../fir_bsp/\libucosii_bsp.a(alt_dev.o)
 .rodata        0x0084a2f8        0x4 ../fir_bsp/\libucosii_bsp.a(os_cpu_c.o)
 .rodata        0x0084a2fc      0x1d4 ../fir_bsp/\libucosii_bsp.a(allports.o)
 .rodata        0x0084a4d0       0x34 ../fir_bsp/\libucosii_bsp.a(tk_misc.o)
 .rodata        0x0084a504       0x44 ../fir_bsp/\libucosii_bsp.a(et_arp.o)
 .rodata        0x0084a548      0x1dc ../fir_bsp/\libucosii_bsp.a(ip.o)
 .rodata        0x0084a724      0x158 ../fir_bsp/\libucosii_bsp.a(ip_reasm.o)
 .rodata        0x0084a87c      0x120 ../fir_bsp/\libucosii_bsp.a(ipdemux.o)
 .rodata        0x0084a99c       0x34 ../fir_bsp/\libucosii_bsp.a(ipport.o)
 .rodata        0x0084a9d0       0x24 ../fir_bsp/\libucosii_bsp.a(ipraw.o)
 .rodata        0x0084a9f4       0x38 ../fir_bsp/\libucosii_bsp.a(iproute.o)
 .rodata        0x0084aa2c       0xe8 ../fir_bsp/\libucosii_bsp.a(udp.o)
 .rodata        0x0084ab14      0x2d0 ../fir_bsp/\libucosii_bsp.a(u_mctest.o)
 .rodata        0x0084ade4       0xf8 ../fir_bsp/\libucosii_bsp.a(dhcsetup.o)
 .rodata        0x0084aedc       0x34 ../fir_bsp/\libucosii_bsp.a(vfsfiles.o)
 .rodata        0x0084af10      0x318 ../fir_bsp/\libucosii_bsp.a(icmp.o)
 *(.rodata1)
                0x0084b228                . = ALIGN (0x4)
                0x0084b228                PROVIDE (__ram_rodata_end, ABSOLUTE (.))
                0x0084702c                PROVIDE (__flash_rodata_start, LOADADDR (.rodata))

.rwdata         0x0084b228     0x213c
                0x0084b228                PROVIDE (__ram_rwdata_start, ABSOLUTE (.))
                0x0084b228                . = ALIGN (0x4)
 *(.got.plt)
 *(.got)
 *(.data1)
 *(.data .data.* .gnu.linkonce.d.*)
 .data          0x0084b228        0x0 ../fir_bsp//obj/HAL/src/crt0.o
 .data          0x0084b228        0x0 obj/default/LCD.o
 .data          0x0084b228        0x0 obj/default/SSS_DE2_115.o
 .data          0x0084b228        0x0 obj/default/alt_error_handler.o
 .data          0x0084b228        0x0 obj/default/dm9000a.o
 .data          0x0084b228       0x18 obj/default/iniche_init.o
                0x0084b228                ssstask
 .data          0x0084b240        0x0 obj/default/led.o
 .data          0x0084b240        0x0 obj/default/network_utilities.o
 .data          0x0084b240        0x0 obj/default/simple_socket_server.o
 .data          0x0084b240        0x0 obj/default/tse_my_system.o
 .data          0x0084b240        0x0 d:/altera/13.0sp1/nios2eds/bin/gnu/h-i686-mingw32/bin/../lib/gcc/nios2-elf/4.1.2\libgcc.a(_fixunsdfsi.o)
 .data          0x0084b240        0x0 d:/altera/13.0sp1/nios2eds/bin/gnu/h-i686-mingw32/bin/../lib/gcc/nios2-elf/4.1.2\libgcc.a(_addsub_df.o)
 .data          0x0084b240        0x0 d:/altera/13.0sp1/nios2eds/bin/gnu/h-i686-mingw32/bin/../lib/gcc/nios2-elf/4.1.2\libgcc.a(_mul_df.o)
 .data          0x0084b240        0x0 d:/altera/13.0sp1/nios2eds/bin/gnu/h-i686-mingw32/bin/../lib/gcc/nios2-elf/4.1.2\libgcc.a(_ge_df.o)
 .data          0x0084b240        0x0 d:/altera/13.0sp1/nios2eds/bin/gnu/h-i686-mingw32/bin/../lib/gcc/nios2-elf/4.1.2\libgcc.a(_df_to_si.o)
 .data          0x0084b240        0x0 d:/altera/13.0sp1/nios2eds/bin/gnu/h-i686-mingw32/bin/../lib/gcc/nios2-elf/4.1.2\libgcc.a(_thenan_df.o)
 .data          0x0084b240        0x0 d:/altera/13.0sp1/nios2eds/bin/gnu/h-i686-mingw32/bin/../lib/gcc/nios2-elf/4.1.2\libgcc.a(_usi_to_df.o)
 .data          0x0084b240        0x0 d:/altera/13.0sp1/nios2eds/bin/gnu/h-i686-mingw32/bin/../lib/gcc/nios2-elf/4.1.2\libgcc.a(_muldi3.o)
 .data          0x0084b240        0x0 d:/altera/13.0sp1/nios2eds/bin/gnu/h-i686-mingw32/bin/../lib/gcc/nios2-elf/4.1.2\libgcc.a(_clzsi2.o)
 .data          0x0084b240        0x0 d:/altera/13.0sp1/nios2eds/bin/gnu/h-i686-mingw32/bin/../lib/gcc/nios2-elf/4.1.2\libgcc.a(_pack_df.o)
 .data          0x0084b240        0x0 d:/altera/13.0sp1/nios2eds/bin/gnu/h-i686-mingw32/bin/../lib/gcc/nios2-elf/4.1.2\libgcc.a(_unpack_df.o)
 .data          0x0084b240        0x0 d:/altera/13.0sp1/nios2eds/bin/gnu/h-i686-mingw32/bin/../lib/gcc/nios2-elf/4.1.2\libgcc.a(_fpcmp_parts_df.o)
 .data          0x0084b240        0x0 d:/altera/13.0sp1/nios2eds/bin/gnu/h-i686-mingw32/bin/../lib/gcc/nios2-elf/4.1.2\libgcc.a(_clz.o)
 .data          0x0084b240        0x0 d:/altera/13.0sp1/nios2eds/bin/gnu/h-i686-mingw32/bin/../lib/gcc/nios2-elf/4.1.2/../../../../nios2-elf/lib\libc.a(lib_a-ctype_.o)
 .data          0x0084b240        0x0 d:/altera/13.0sp1/nios2eds/bin/gnu/h-i686-mingw32/bin/../lib/gcc/nios2-elf/4.1.2/../../../../nios2-elf/lib\libc.a(lib_a-exit.o)
 .data          0x0084b240        0x0 d:/altera/13.0sp1/nios2eds/bin/gnu/h-i686-mingw32/bin/../lib/gcc/nios2-elf/4.1.2/../../../../nios2-elf/lib\libc.a(lib_a-fprintf.o)
 .data          0x0084b240        0x0 d:/altera/13.0sp1/nios2eds/bin/gnu/h-i686-mingw32/bin/../lib/gcc/nios2-elf/4.1.2/../../../../nios2-elf/lib\libc.a(lib_a-fwrite.o)
 .data          0x0084b240        0x0 d:/altera/13.0sp1/nios2eds/bin/gnu/h-i686-mingw32/bin/../lib/gcc/nios2-elf/4.1.2/../../../../nios2-elf/lib\libc.a(lib_a-getc.o)
 .data          0x0084b240      0x400 d:/altera/13.0sp1/nios2eds/bin/gnu/h-i686-mingw32/bin/../lib/gcc/nios2-elf/4.1.2/../../../../nios2-elf/lib\libc.a(lib_a-impure.o)
 .data          0x0084b640        0x0 d:/altera/13.0sp1/nios2eds/bin/gnu/h-i686-mingw32/bin/../lib/gcc/nios2-elf/4.1.2/../../../../nios2-elf/lib\libc.a(lib_a-malloc.o)
 .data          0x0084b640      0x408 d:/altera/13.0sp1/nios2eds/bin/gnu/h-i686-mingw32/bin/../lib/gcc/nios2-elf/4.1.2/../../../../nios2-elf/lib\libc.a(lib_a-mallocr.o)
                0x0084b640                __malloc_av_
 .data          0x0084ba48        0x0 d:/altera/13.0sp1/nios2eds/bin/gnu/h-i686-mingw32/bin/../lib/gcc/nios2-elf/4.1.2/../../../../nios2-elf/lib\libc.a(lib_a-memcpy.o)
 .data          0x0084ba48        0x0 d:/altera/13.0sp1/nios2eds/bin/gnu/h-i686-mingw32/bin/../lib/gcc/nios2-elf/4.1.2/../../../../nios2-elf/lib\libc.a(lib_a-memmove.o)
 .data          0x0084ba48        0x0 d:/altera/13.0sp1/nios2eds/bin/gnu/h-i686-mingw32/bin/../lib/gcc/nios2-elf/4.1.2/../../../../nios2-elf/lib\libc.a(lib_a-memset.o)
 .data          0x0084ba48        0x0 d:/altera/13.0sp1/nios2eds/bin/gnu/h-i686-mingw32/bin/../lib/gcc/nios2-elf/4.1.2/../../../../nios2-elf/lib\libc.a(lib_a-perror.o)
 .data          0x0084ba48        0x0 d:/altera/13.0sp1/nios2eds/bin/gnu/h-i686-mingw32/bin/../lib/gcc/nios2-elf/4.1.2/../../../../nios2-elf/lib\libc.a(lib_a-printf.o)
 .data          0x0084ba48        0x0 d:/altera/13.0sp1/nios2eds/bin/gnu/h-i686-mingw32/bin/../lib/gcc/nios2-elf/4.1.2/../../../../nios2-elf/lib\libc.a(lib_a-putc.o)
 .data          0x0084ba48        0x0 d:/altera/13.0sp1/nios2eds/bin/gnu/h-i686-mingw32/bin/../lib/gcc/nios2-elf/4.1.2/../../../../nios2-elf/lib\libc.a(lib_a-putchar.o)
 .data          0x0084ba48        0x0 d:/altera/13.0sp1/nios2eds/bin/gnu/h-i686-mingw32/bin/../lib/gcc/nios2-elf/4.1.2/../../../../nios2-elf/lib\libc.a(lib_a-puts.o)
 .data          0x0084ba48        0x0 d:/altera/13.0sp1/nios2eds/bin/gnu/h-i686-mingw32/bin/../lib/gcc/nios2-elf/4.1.2/../../../../nios2-elf/lib\libc.a(lib_a-rget.o)
 .data          0x0084ba48        0x0 d:/altera/13.0sp1/nios2eds/bin/gnu/h-i686-mingw32/bin/../lib/gcc/nios2-elf/4.1.2/../../../../nios2-elf/lib\libc.a(lib_a-sbrkr.o)
 .data          0x0084ba48        0x0 d:/altera/13.0sp1/nios2eds/bin/gnu/h-i686-mingw32/bin/../lib/gcc/nios2-elf/4.1.2/../../../../nios2-elf/lib\libc.a(lib_a-strchr.o)
 .data          0x0084ba48        0x0 d:/altera/13.0sp1/nios2eds/bin/gnu/h-i686-mingw32/bin/../lib/gcc/nios2-elf/4.1.2/../../../../nios2-elf/lib\libc.a(lib_a-strerror.o)
 .data          0x0084ba48        0x0 d:/altera/13.0sp1/nios2eds/bin/gnu/h-i686-mingw32/bin/../lib/gcc/nios2-elf/4.1.2/../../../../nios2-elf/lib\libc.a(lib_a-strlen.o)
 .data          0x0084ba48        0x0 d:/altera/13.0sp1/nios2eds/bin/gnu/h-i686-mingw32/bin/../lib/gcc/nios2-elf/4.1.2/../../../../nios2-elf/lib\libc.a(lib_a-u_strerr.o)
 .data          0x0084ba48        0x0 d:/altera/13.0sp1/nios2eds/bin/gnu/h-i686-mingw32/bin/../lib/gcc/nios2-elf/4.1.2/../../../../nios2-elf/lib\libc.a(lib_a-vfprintf.o)
 .data          0x0084ba48        0x0 d:/altera/13.0sp1/nios2eds/bin/gnu/h-i686-mingw32/bin/../lib/gcc/nios2-elf/4.1.2/../../../../nios2-elf/lib\libc.a(lib_a-wbuf.o)
 .data          0x0084ba48        0x0 d:/altera/13.0sp1/nios2eds/bin/gnu/h-i686-mingw32/bin/../lib/gcc/nios2-elf/4.1.2/../../../../nios2-elf/lib\libc.a(lib_a-wsetup.o)
 .data          0x0084ba48        0x0 d:/altera/13.0sp1/nios2eds/bin/gnu/h-i686-mingw32/bin/../lib/gcc/nios2-elf/4.1.2/../../../../nios2-elf/lib\libc.a(lib_a-__call_atexit.o)
 .data          0x0084ba48        0x0 d:/altera/13.0sp1/nios2eds/bin/gnu/h-i686-mingw32/bin/../lib/gcc/nios2-elf/4.1.2/../../../../nios2-elf/lib\libc.a(lib_a-dtoa.o)
 .data          0x0084ba48        0x0 d:/altera/13.0sp1/nios2eds/bin/gnu/h-i686-mingw32/bin/../lib/gcc/nios2-elf/4.1.2/../../../../nios2-elf/lib\libc.a(lib_a-fflush.o)
 .data          0x0084ba48        0x0 d:/altera/13.0sp1/nios2eds/bin/gnu/h-i686-mingw32/bin/../lib/gcc/nios2-elf/4.1.2/../../../../nios2-elf/lib\libc.a(lib_a-findfp.o)
 .data          0x0084ba48        0x0 d:/altera/13.0sp1/nios2eds/bin/gnu/h-i686-mingw32/bin/../lib/gcc/nios2-elf/4.1.2/../../../../nios2-elf/lib\libc.a(lib_a-fputc.o)
 .data          0x0084ba48        0x0 d:/altera/13.0sp1/nios2eds/bin/gnu/h-i686-mingw32/bin/../lib/gcc/nios2-elf/4.1.2/../../../../nios2-elf/lib\libc.a(lib_a-fputs.o)
 .data          0x0084ba48        0x0 d:/altera/13.0sp1/nios2eds/bin/gnu/h-i686-mingw32/bin/../lib/gcc/nios2-elf/4.1.2/../../../../nios2-elf/lib\libc.a(lib_a-freer.o)
 .data          0x0084ba48        0x0 d:/altera/13.0sp1/nios2eds/bin/gnu/h-i686-mingw32/bin/../lib/gcc/nios2-elf/4.1.2/../../../../nios2-elf/lib\libc.a(lib_a-fvwrite.o)
 .data          0x0084ba48        0x0 d:/altera/13.0sp1/nios2eds/bin/gnu/h-i686-mingw32/bin/../lib/gcc/nios2-elf/4.1.2/../../../../nios2-elf/lib\libc.a(lib_a-fwalk.o)
 .data          0x0084ba48        0x0 d:/altera/13.0sp1/nios2eds/bin/gnu/h-i686-mingw32/bin/../lib/gcc/nios2-elf/4.1.2/../../../../nios2-elf/lib\libc.a(lib_a-int_errno.o)
 .data          0x0084ba48        0xc d:/altera/13.0sp1/nios2eds/bin/gnu/h-i686-mingw32/bin/../lib/gcc/nios2-elf/4.1.2/../../../../nios2-elf/lib\libc.a(lib_a-locale.o)
                0x0084ba48                __lc_ctype
 .data          0x0084ba54        0x0 d:/altera/13.0sp1/nios2eds/bin/gnu/h-i686-mingw32/bin/../lib/gcc/nios2-elf/4.1.2/../../../../nios2-elf/lib\libc.a(lib_a-makebuf.o)
 .data          0x0084ba54        0x0 d:/altera/13.0sp1/nios2eds/bin/gnu/h-i686-mingw32/bin/../lib/gcc/nios2-elf/4.1.2/../../../../nios2-elf/lib\libc.a(lib_a-memchr.o)
 .data          0x0084ba54        0x0 d:/altera/13.0sp1/nios2eds/bin/gnu/h-i686-mingw32/bin/../lib/gcc/nios2-elf/4.1.2/../../../../nios2-elf/lib\libc.a(lib_a-mprec.o)
 .data          0x0084ba54        0x0 d:/altera/13.0sp1/nios2eds/bin/gnu/h-i686-mingw32/bin/../lib/gcc/nios2-elf/4.1.2/../../../../nios2-elf/lib\libc.a(lib_a-reallocr.o)
 .data          0x0084ba54        0x0 d:/altera/13.0sp1/nios2eds/bin/gnu/h-i686-mingw32/bin/../lib/gcc/nios2-elf/4.1.2/../../../../nios2-elf/lib\libc.a(lib_a-refill.o)
 .data          0x0084ba54        0x0 d:/altera/13.0sp1/nios2eds/bin/gnu/h-i686-mingw32/bin/../lib/gcc/nios2-elf/4.1.2/../../../../nios2-elf/lib\libc.a(lib_a-s_isinfd.o)
 .data          0x0084ba54        0x0 d:/altera/13.0sp1/nios2eds/bin/gnu/h-i686-mingw32/bin/../lib/gcc/nios2-elf/4.1.2/../../../../nios2-elf/lib\libc.a(lib_a-s_isnand.o)
 .data          0x0084ba54        0x0 d:/altera/13.0sp1/nios2eds/bin/gnu/h-i686-mingw32/bin/../lib/gcc/nios2-elf/4.1.2/../../../../nios2-elf/lib\libc.a(lib_a-stdio.o)
 .data          0x0084ba54        0x0 d:/altera/13.0sp1/nios2eds/bin/gnu/h-i686-mingw32/bin/../lib/gcc/nios2-elf/4.1.2/../../../../nios2-elf/lib\libc.a(lib_a-strcmp.o)
 .data          0x0084ba54        0x0 d:/altera/13.0sp1/nios2eds/bin/gnu/h-i686-mingw32/bin/../lib/gcc/nios2-elf/4.1.2/../../../../nios2-elf/lib\libc.a(lib_a-writer.o)
 .data          0x0084ba54        0x0 d:/altera/13.0sp1/nios2eds/bin/gnu/h-i686-mingw32/bin/../lib/gcc/nios2-elf/4.1.2/../../../../nios2-elf/lib\libc.a(lib_a-callocr.o)
 .data          0x0084ba54        0x0 d:/altera/13.0sp1/nios2eds/bin/gnu/h-i686-mingw32/bin/../lib/gcc/nios2-elf/4.1.2/../../../../nios2-elf/lib\libc.a(lib_a-closer.o)
 .data          0x0084ba54        0x0 d:/altera/13.0sp1/nios2eds/bin/gnu/h-i686-mingw32/bin/../lib/gcc/nios2-elf/4.1.2/../../../../nios2-elf/lib\libc.a(lib_a-fclose.o)
 .data          0x0084ba54        0x0 d:/altera/13.0sp1/nios2eds/bin/gnu/h-i686-mingw32/bin/../lib/gcc/nios2-elf/4.1.2/../../../../nios2-elf/lib\libc.a(lib_a-fstatr.o)
 .data          0x0084ba54        0x0 d:/altera/13.0sp1/nios2eds/bin/gnu/h-i686-mingw32/bin/../lib/gcc/nios2-elf/4.1.2/../../../../nios2-elf/lib\libc.a(lib_a-isattyr.o)
 .data          0x0084ba54        0x0 d:/altera/13.0sp1/nios2eds/bin/gnu/h-i686-mingw32/bin/../lib/gcc/nios2-elf/4.1.2/../../../../nios2-elf/lib\libc.a(lib_a-lseekr.o)
 .data          0x0084ba54        0x0 d:/altera/13.0sp1/nios2eds/bin/gnu/h-i686-mingw32/bin/../lib/gcc/nios2-elf/4.1.2/../../../../nios2-elf/lib\libc.a(lib_a-readr.o)
 .data          0x0084ba54        0x0 d:/altera/13.0sp1/nios2eds/bin/gnu/h-i686-mingw32/bin/../lib/gcc/nios2-elf/4.1.2\libgcc.a(_udivdi3.o)
 .data          0x0084ba54        0x0 d:/altera/13.0sp1/nios2eds/bin/gnu/h-i686-mingw32/bin/../lib/gcc/nios2-elf/4.1.2\libgcc.a(_umoddi3.o)
 .data          0x0084ba54        0x0 d:/altera/13.0sp1/nios2eds/bin/gnu/h-i686-mingw32/bin/../lib/gcc/nios2-elf/4.1.2\libgcc.a(_div_df.o)