Archive member included because of file (symbol)

d:/altera/13.0sp1/nios2eds/bin/gnu/h-i686-mingw32/bin/../lib/gcc/nios2-elf/4.1.2\libgcc.a(_fixunsdfsi.o)
                              obj/default/dm9000a.o (__fixunsdfsi)
d:/altera/13.0sp1/nios2eds/bin/gnu/h-i686-mingw32/bin/../lib/gcc/nios2-elf/4.1.2\libgcc.a(_addsub_df.o)
                              d:/altera/13.0sp1/nios2eds/bin/gnu/h-i686-mingw32/bin/../lib/gcc/nios2-elf/4.1.2\libgcc.a(_fixunsdfsi.o) (__subdf3)
d:/altera/13.0sp1/nios2eds/bin/gnu/h-i686-mingw32/bin/../lib/gcc/nios2-elf/4.1.2\libgcc.a(_mul_df.o)
                              obj/default/dm9000a.o (__muldf3)
d:/altera/13.0sp1/nios2eds/bin/gnu/h-i686-mingw32/bin/../lib/gcc/nios2-elf/4.1.2\libgcc.a(_ge_df.o)
                              d:/altera/13.0sp1/nios2eds/bin/gnu/h-i686-mingw32/bin/../lib/gcc/nios2-elf/4.1.2\libgcc.a(_fixunsdfsi.o) (__gedf2)
d:/altera/13.0sp1/nios2eds/bin/gnu/h-i686-mingw32/bin/../lib/gcc/nios2-elf/4.1.2\libgcc.a(_df_to_si.o)
                              d:/altera/13.0sp1/nios2eds/bin/gnu/h-i686-mingw32/bin/../lib/gcc/nios2-elf/4.1.2\libgcc.a(_fixunsdfsi.o) (__fixdfsi)
d:/altera/13.0sp1/nios2eds/bin/gnu/h-i686-mingw32/bin/../lib/gcc/nios2-elf/4.1.2\libgcc.a(_thenan_df.o)
                              d:/altera/13.0sp1/nios2eds/bin/gnu/h-i686-mingw32/bin/../lib/gcc/nios2-elf/4.1.2\libgcc.a(_addsub_df.o) (__thenan_df)
d:/altera/13.0sp1/nios2eds/bin/gnu/h-i686-mingw32/bin/../lib/gcc/nios2-elf/4.1.2\libgcc.a(_usi_to_df.o)
                              obj/default/dm9000a.o (__floatunsidf)
d:/altera/13.0sp1/nios2eds/bin/gnu/h-i686-mingw32/bin/../lib/gcc/nios2-elf/4.1.2\libgcc.a(_muldi3.o)
                              d:/altera/13.0sp1/nios2eds/bin/gnu/h-i686-mingw32/bin/../lib/gcc/nios2-elf/4.1.2\libgcc.a(_mul_df.o) (__muldi3)
d:/altera/13.0sp1/nios2eds/bin/gnu/h-i686-mingw32/bin/../lib/gcc/nios2-elf/4.1.2\libgcc.a(_clzsi2.o)
                              d:/altera/13.0sp1/nios2eds/bin/gnu/h-i686-mingw32/bin/../lib/gcc/nios2-elf/4.1.2\libgcc.a(_usi_to_df.o) (__clzsi2)
d:/altera/13.0sp1/nios2eds/bin/gnu/h-i686-mingw32/bin/../lib/gcc/nios2-elf/4.1.2\libgcc.a(_pack_df.o)
                              d:/altera/13.0sp1/nios2eds/bin/gnu/h-i686-mingw32/bin/../lib/gcc/nios2-elf/4.1.2\libgcc.a(_addsub_df.o) (__pack_d)
d:/altera/13.0sp1/nios2eds/bin/gnu/h-i686-mingw32/bin/../lib/gcc/nios2-elf/4.1.2\libgcc.a(_unpack_df.o)
                              d:/altera/13.0sp1/nios2eds/bin/gnu/h-i686-mingw32/bin/../lib/gcc/nios2-elf/4.1.2\libgcc.a(_addsub_df.o) (__unpack_d)
d:/altera/13.0sp1/nios2eds/bin/gnu/h-i686-mingw32/bin/../lib/gcc/nios2-elf/4.1.2\libgcc.a(_fpcmp_parts_df.o)
                              d:/altera/13.0sp1/nios2eds/bin/gnu/h-i686-mingw32/bin/../lib/gcc/nios2-elf/4.1.2\libgcc.a(_ge_df.o) (__fpcmp_parts_d)
d:/altera/13.0sp1/nios2eds/bin/gnu/h-i686-mingw32/bin/../lib/gcc/nios2-elf/4.1.2\libgcc.a(_clz.o)
                              d:/altera/13.0sp1/nios2eds/bin/gnu/h-i686-mingw32/bin/../lib/gcc/nios2-elf/4.1.2\libgcc.a(_clzsi2.o) (__clz_tab)
d:/altera/13.0sp1/nios2eds/bin/gnu/h-i686-mingw32/bin/../lib/gcc/nios2-elf/4.1.2/../../../../nios2-elf/lib\libc.a(lib_a-ctype_.o)
                              obj/default/network_utilities.o (__ctype_ptr)
d:/altera/13.0sp1/nios2eds/bin/gnu/h-i686-mingw32/bin/../lib/gcc/nios2-elf/4.1.2/../../../../nios2-elf/lib\libc.a(lib_a-exit.o)
                              obj/default/iniche_init.o (exit)
d:/altera/13.0sp1/nios2eds/bin/gnu/h-i686-mingw32/bin/../lib/gcc/nios2-elf/4.1.2/../../../../nios2-elf/lib\libc.a(lib_a-fprintf.o)
                              obj/default/alt_error_handler.o (fprintf)
d:/altera/13.0sp1/nios2eds/bin/gnu/h-i686-mingw32/bin/../lib/gcc/nios2-elf/4.1.2/../../../../nios2-elf/lib\libc.a(lib_a-fwrite.o)
                              obj/default/alt_error_handler.o (fwrite)
d:/altera/13.0sp1/nios2eds/bin/gnu/h-i686-mingw32/bin/../lib/gcc/nios2-elf/4.1.2/../../../../nios2-elf/lib\libc.a(lib_a-getc.o)
                              obj/default/network_utilities.o (getc)
d:/altera/13.0sp1/nios2eds/bin/gnu/h-i686-mingw32/bin/../lib/gcc/nios2-elf/4.1.2/../../../../nios2-elf/lib\libc.a(lib_a-impure.o)
                              obj/default/alt_error_handler.o (_impure_ptr)
d:/altera/13.0sp1/nios2eds/bin/gnu/h-i686-mingw32/bin/../lib/gcc/nios2-elf/4.1.2/../../../../nios2-elf/lib\libc.a(lib_a-malloc.o)
                              obj/default/iniche_init.o (malloc)
d:/altera/13.0sp1/nios2eds/bin/gnu/h-i686-mingw32/bin/../lib/gcc/nios2-elf/4.1.2/../../../../nios2-elf/lib\libc.a(lib_a-mallocr.o)
                              d:/altera/13.0sp1/nios2eds/bin/gnu/h-i686-mingw32/bin/../lib/gcc/nios2-elf/4.1.2/../../../../nios2-elf/lib\libc.a(lib_a-malloc.o) (_malloc_r)
d:/altera/13.0sp1/nios2eds/bin/gnu/h-i686-mingw32/bin/../lib/gcc/nios2-elf/4.1.2/../../../../nios2-elf/lib\libc.a(lib_a-memcpy.o)
                              obj/default/simple_socket_server.o (memcpy)
[...]
Memory Configuration

Name             Origin             Length             Attributes
sdram_0_BEFORE_EXCEPTION 0x00800000         0x00000020
sdram_0          0x00800020         0x007fffe0
reset            0x01400000         0x00000020
cfi_flash_0      0x01400020         0x003fffe0
sram_0           0x01a00000         0x00080000
epcs_controller  0x01a81800         0x00000800
*default*        0x00000000         0xffffffff

Linker script and memory map

LOAD ../fir_bsp//obj/HAL/src/crt0.o
LOAD obj/default/LCD.o
LOAD obj/default/SSS_DE2_115.o
LOAD obj/default/alt_error_handler.o
LOAD obj/default/dm9000a.o
LOAD obj/default/iniche_init.o
LOAD obj/default/led.o
LOAD obj/default/network_utilities.o
LOAD obj/default/simple_socket_server.o
LOAD obj/default/tse_my_system.o
LOAD d:/altera/13.0sp1/nios2eds/bin/gnu/h-i686-mingw32/bin/../lib/gcc/nios2-elf/4.1.2/../../../../nios2-elf/lib\libstdc++.a
LOAD d:/altera/13.0sp1/nios2eds/bin/gnu/h-i686-mingw32/bin/../lib/gcc/nios2-elf/4.1.2/../../../../nios2-elf/lib\libm.a
LOAD d:/altera/13.0sp1/nios2eds/bin/gnu/h-i686-mingw32/bin/../lib/gcc/nios2-elf/4.1.2\libgcc.a
START GROUP
LOAD d:/altera/13.0sp1/nios2eds/bin/gnu/h-i686-mingw32/bin/../lib/gcc/nios2-elf/4.1.2/../../../../nios2-elf/lib\libc.a
LOAD d:/altera/13.0sp1/nios2eds/bin/gnu/h-i686-mingw32/bin/../lib/gcc/nios2-elf/4.1.2\libgcc.a
LOAD ../fir_bsp/\libucosii_bsp.a
END GROUP
LOAD d:/altera/13.0sp1/nios2eds/bin/gnu/h-i686-mingw32/bin/../lib/gcc/nios2-elf/4.1.2\libgcc.a
                0x00800000                __alt_mem_sdram_0 = 0x800000
                0x01400000                __alt_mem_cfi_flash_0 = 0x1400000
                0x01a00000                __alt_mem_sram_0 = 0x1a00000
                0x01a81800                __alt_mem_epcs_controller = 0x1a81800

.entry          0x01400000        0x0
 *(.entry)
 .entry         0x01400000        0x0 ../fir_bsp//obj/HAL/src/crt0.o
                0x01400000                __reset

.exceptions     0x00800020      0x19c
                0x00800020                PROVIDE (__ram_exceptions_start, ABSOLUTE (.))
                0x00800020                . = ALIGN (0x20)
 *(.irq)
 *(.exceptions.entry.label)
 .exceptions.entry.label
                0x00800020        0x0 ../fir_bsp/\libucosii_bsp.a(alt_irq_entry.o)
                0x00800020                alt_irq_entry
 .exceptions.entry.label
                0x00800020        0x0 ../fir_bsp/\libucosii_bsp.a(alt_exception_entry.o)
                0x00800020                alt_exception
 *(.exceptions.entry.user)
 *(.exceptions.entry)
 .exceptions.entry
                0x00800020       0x54 ../fir_bsp/\libucosii_bsp.a(alt_exception_entry.o)
 *(.exceptions.irqtest.user)
 *(.exceptions.irqtest)
 .exceptions.irqtest
                0x00800074       0x10 ../fir_bsp/\libucosii_bsp.a(alt_irq_entry.o)
 *(.exceptions.irqhandler.user)
 *(.exceptions.irqhandler)
 .exceptions.irqhandler
                0x00800084        0x4 ../fir_bsp/\libucosii_bsp.a(alt_irq_entry.o)
 *(.exceptions.irqreturn.user)
 *(.exceptions.irqreturn)
 .exceptions.irqreturn
                0x00800088        0x4 ../fir_bsp/\libucosii_bsp.a(alt_irq_entry.o)
 *(.exceptions.notirq.label)
 .exceptions.notirq.label
                0x0080008c        0x0 ../fir_bsp/\libucosii_bsp.a(alt_irq_entry.o)
 *(.exceptions.notirq.user)
 *(.exceptions.notirq)
 .exceptions.notirq
                0x0080008c        0x8 ../fir_bsp/\libucosii_bsp.a(alt_exception_entry.o)
 *(.exceptions.soft.user)
 *(.exceptions.soft)
 *(.exceptions.unknown.user)
 *(.exceptions.unknown)
 .exceptions.unknown
                0x00800094        0x4 ../fir_bsp/\libucosii_bsp.a(alt_exception_entry.o)
 *(.exceptions.exit.label)
 .exceptions.exit.label
                0x00800098        0x0 ../fir_bsp/\libucosii_bsp.a(alt_irq_entry.o)
 .exceptions.exit.label
                0x00800098        0x0 ../fir_bsp/\libucosii_bsp.a(alt_exception_entry.o)
 *(.exceptions.exit.user)
 *(.exceptions.exit)
 .exceptions.exit
                0x00800098       0x54 ../fir_bsp/\libucosii_bsp.a(alt_exception_entry.o)
 *(.exceptions)
 .exceptions    0x008000ec       0xd0 ../fir_bsp/\libucosii_bsp.a(alt_irq_handler.o)
                0x008000ec                alt_irq_handler
                0x008001bc                PROVIDE (__ram_exceptions_end, ABSOLUTE (.))
                0x00800020                PROVIDE (__flash_exceptions_start, LOADADDR (.exceptions))

.text           0x008001bc    0x46fac
                0x008001bc                PROVIDE (stext, ABSOLUTE (.))
 *(.interp)
 *(.hash)
 *(.dynsym)
 *(.dynstr)
 *(.gnu.version)
 *(.gnu.version_d)
 *(.gnu.version_r)
 *(.rel.init)
 *(.rela.init)
 *(.rel.text .rel.text.* .rel.gnu.linkonce.t.*)
 *(.rela.text .rela.text.* .rela.gnu.linkonce.t.*)
 *(.rel.fini)
 *(.rela.fini)
 *(.rel.rodata .rel.rodata.* .rel.gnu.linkonce.r.*)
 *(.rela.rodata .rela.rodata.* .rela.gnu.linkonce.r.*)
 *(.rel.data .rel.data.* .rel.gnu.linkonce.d.*)
 *(.rela.data .rela.data.* .rela.gnu.linkonce.d.*)
 *(.rel.tdata .rel.tdata.* .rel.gnu.linkonce.td.*)
 *(.rela.tdata .rela.tdata.* .rela.gnu.linkonce.td.*)
 *(.rel.tbss .rel.tbss.* .rel.gnu.linkonce.tb.*)
 *(.rela.tbss .rela.tbss.* .rela.gnu.linkonce.tb.*)
 *(.rel.ctors)
 *(.rela.ctors)
 *(.rel.dtors)
 *(.rela.dtors)
 *(.rel.got)
 *(.rela.got)
 *(.rel.sdata .rel.sdata.* .rel.gnu.linkonce.s.*)
 *(.rela.sdata .rela.sdata.* .rela.gnu.linkonce.s.*)
 *(.rel.sbss .rel.sbss.* .rel.gnu.linkonce.sb.*)
 *(.rela.sbss .rela.sbss.* .rela.gnu.linkonce.sb.*)
 *(.rel.sdata2 .rel.sdata2.* .rel.gnu.linkonce.s2.*)
 *(.rela.sdata2 .rela.sdata2.* .rela.gnu.linkonce.s2.*)
 *(.rel.sbss2 .rel.sbss2.* .rel.gnu.linkonce.sb2.*)
 *(.rela.sbss2 .rela.sbss2.* .rela.gnu.linkonce.sb2.*)
 *(.rel.bss .rel.bss.* .rel.gnu.linkonce.b.*)
 *(.rela.bss .rela.bss.* .rela.gnu.linkonce.b.*)
 *(.rel.plt)
 *(.rela.plt)
 *(.rel.dyn)
 *(.init)
 *(.plt)
 *(.text .stub .text.* .gnu.linkonce.t.*)
 .text          0x008001bc       0x48 ../fir_bsp//obj/HAL/src/crt0.o
                0x008001bc                _start
 .text          0x00800204      0x31c obj/default/LCD.o
                0x00800204                LCD_Init
                0x008002a0                LCD_Show_Text
                0x00800328                LCD_Line2
                0x00800364                LCD_Line1
                0x008003a0                LCD_Clear
                0x008003dc                LCD_Test
 .text          0x00800520      0x2ec obj/default/SSS_DE2_115.o
                0x00800520                get_DE2_115_mac_addr
                0x008006c8                FindLastFlashSectorOffset
 .text          0x0080080c      0xba8 obj/default/alt_error_handler.o
                0x0080080c                alt_uCOSIIErrorHandler
                0x00800e30                alt_NetworkErrorHandler
                0x008010c8                alt_SSSErrorHandler
 .text          0x008013b4      0xe48 obj/default/dm9000a.o
                0x008013b4                dm9000a_iow
                0x00801408                dm9000a_ior
                0x00801454                phy_write
                0x008014f0                dm9000a_reset
                0x008016b4                TransmitPacket
                0x008017d0                prep_dm9000a
                0x008019ec                dm9000a_init
                0x00801e3c                dm9Ka_isr_wrap
                0x00801e7c                dm9ka_init
                0x00801f74                dm9ka_close
                0x00802084                dm9ka_stats
                0x008020e0                dm9ka_pkt_send
 .text          0x008021fc      0x69c obj/default/iniche_init.o
                0x008021fc                SSSInitialTask
                0x008024ec                main
                0x008025e8                str_length
                0x00802648                binaryTodecimal
                0x008026ec                decimal_to_binary
                0x008027d8                disp_7seg
 .text          0x00802898      0x324 obj/default/led.o
                0x00802898                led_bit_toggle
                0x00802964                LED7SegLightshowTask
                0x008029d8                LEDManagementTask
 .text          0x00802bbc      0x73c obj/default/network_utilities.o
                0x00802bbc                get_mac_addr
                0x00802c14                get_ip_addr
                0x00802c80                get_serial_number
                0x00802e5c                generate_and_store_mac_addr
                0x00803028                generate_mac_addr
                0x00803164                get_board_mac_addr
 .text          0x008032f8      0x9f8 obj/default/simple_socket_server.o
                0x008032f8                SSSCreateOSDataStructs
                0x008033a0                SSSCreateTasks
                0x00803464                sss_reset_connection
                0x008034d4                sss_send_menu
                0x00803664                sss_handle_accept
                0x00803724                sss_exec_command
                0x00803898                sss_handle_receive
                0x00803a84                SSSSimpleSocketServerTask
 .text          0x00803cf0        0x0 obj/default/tse_my_system.o
 .text          0x00803cf0       0xa4 d:/altera/13.0sp1/nios2eds/bin/gnu/h-i686-mingw32/bin/../lib/gcc/nios2-elf/4.1.2\libgcc.a(_fixunsdfsi.o)
                0x00803cf0                __fixunsdfsi
 .text          0x00803d94      0x504 d:/altera/13.0sp1/nios2eds/bin/gnu/h-i686-mingw32/bin/../lib/gcc/nios2-elf/4.1.2\libgcc.a(_addsub_df.o)
                0x008041a4                __subdf3
                0x00804224                __adddf3
 .text          0x00804298      0x3c4 d:/altera/13.0sp1/nios2eds/bin/gnu/h-i686-mingw32/bin/../lib/gcc/nios2-elf/4.1.2\libgcc.a(_mul_df.o)
                0x00804298                __muldf3
 .text          0x0080465c       0x88 d:/altera/13.0sp1/nios2eds/bin/gnu/h-i686-mingw32/bin/../lib/gcc/nios2-elf/4.1.2\libgcc.a(_ge_df.o)
                0x0080465c                __gedf2
 .text          0x008046e4       0xd8 d:/altera/13.0sp1/nios2eds/bin/gnu/h-i686-mingw32/bin/../lib/gcc/nios2-elf/4.1.2\libgcc.a(_df_to_si.o)
                0x008046e4                __fixdfsi
 .text          0x008047bc        0x0 d:/altera/13.0sp1/nios2eds/bin/gnu/h-i686-mingw32/bin/../lib/gcc/nios2-elf/4.1.2\libgcc.a(_thenan_df.o)
 .text          0x008047bc      0x194 d:/altera/13.0sp1/nios2eds/bin/gnu/h-i686-mingw32/bin/../lib/gcc/nios2-elf/4.1.2\libgcc.a(_usi_to_df.o)
                0x008047bc                __floatunsidf
 .text          0x00804950       0x98 d:/altera/13.0sp1/nios2eds/bin/gnu/h-i686-mingw32/bin/../lib/gcc/nios2-elf/4.1.2\libgcc.a(_muldi3.o)
                0x00804950                __muldi3
 .text          0x008049e8       0x80 d:/altera/13.0sp1/nios2eds/bin/gnu/h-i686-mingw32/bin/../lib/gcc/nios2-elf/4.1.2\libgcc.a(_clzsi2.o)
                0x008049e8                __clzsi2
 .text          0x00804a68      0x314 d:/altera/13.0sp1/nios2eds/bin/gnu/h-i686-mingw32/bin/../lib/gcc/nios2-elf/4.1.2\libgcc.a(_pack_df.o)
                0x00804a68                __pack_d
 .text          0x00804d7c      0x138 d:/altera/13.0sp1/nios2eds/bin/gnu/h-i686-mingw32/bin/../lib/gcc/nios2-elf/4.1.2\libgcc.a(_unpack_df.o)
                0x00804d7c                __unpack_d
 .text          0x00804eb4       0xc8 d:/altera/13.0sp1/nios2eds/bin/gnu/h-i686-mingw32/bin/../lib/gcc/nios2-elf/4.1.2\libgcc.a(_fpcmp_parts_df.o)
                0x00804eb4                __fpcmp_parts_d
 .text          0x00804f7c        0x0 d:/altera/13.0sp1/nios2eds/bin/gnu/h-i686-mingw32/bin/../lib/gcc/nios2-elf/4.1.2\libgcc.a(_clz.o)
 .text          0x00804f7c        0x0 d:/altera/13.0sp1/nios2eds/bin/gnu/h-i686-mingw32/bin/../lib/gcc/nios2-elf/4.1.2/../../../../nios2-elf/lib\libc.a(lib_a-ctype_.o)
 .text          0x00804f7c       0x38 d:/altera/13.0sp1/nios2eds/bin/gnu/h-i686-mingw32/bin/../lib/gcc/nios2-elf/4.1.2/../../../../nios2-elf/lib\libc.a(lib_a-exit.o)
                0x00804f7c                exit
 .text          0x00804fb4       0x60 d:/altera/13.0sp1/nios2eds/bin/gnu/h-i686-mingw32/bin/../lib/gcc/nios2-elf/4.1.2/../../../../nios2-elf/lib\libc.a(lib_a-fprintf.o)
                0x00804fb4                fprintf
                0x00804fe0                _fprintf_r
 .text          0x00805014       0xdc d:/altera/13.0sp1/nios2eds/bin/gnu/h-i686-mingw32/bin/../lib/gcc/nios2-elf/4.1.2/../../../../nios2-elf/lib\libc.a(lib_a-fwrite.o)
                0x00805014                _fwrite_r
                0x008050b0                fwrite
 .text          0x008050f0      0x128 d:/altera/13.0sp1/nios2eds/bin/gnu/h-i686-mingw32/bin/../lib/gcc/nios2-elf/4.1.2/../../../../nios2-elf/lib\libc.a(lib_a-getc.o)
                0x008050f0                getc
                0x00805188                _getc_r
 .text          0x00805218        0x0 d:/altera/13.0sp1/nios2eds/bin/gnu/h-i686-mingw32/bin/../lib/gcc/nios2-elf/4.1.2/../../../../nios2-elf/lib\libc.a(lib_a-impure.o)
 .text          0x00805218       0x28 d:/altera/13.0sp1/nios2eds/bin/gnu/h-i686-mingw32/bin/../lib/gcc/nios2-elf/4.1.2/../../../../nios2-elf/lib\libc.a(lib_a-malloc.o)
                0x00805218                free
                0x0080522c                malloc
 .text          0x00805240      0x740 d:/altera/13.0sp1/nios2eds/bin/gnu/h-i686-mingw32/bin/../lib/gcc/nios2-elf/4.1.2/../../../../nios2-elf/lib\libc.a(lib_a-mallocr.o)
                0x00805240                _malloc_r
 .text          0x00805980       0xa0 d:/altera/13.0sp1/nios2eds/bin/gnu/h-i686-mingw32/bin/../lib/gcc/nios2-elf/4.1.2/../../../../nios2-elf/lib\libc.a(lib_a-memcpy.o)
                0x00805980                memcpy
 .text          0x00805a20       0xe0 d:/altera/13.0sp1/nios2eds/bin/gnu/h-i686-mingw32/bin/../lib/gcc/nios2-elf/4.1.2/../../../../nios2-elf/lib\libc.a(lib_a-memmove.o)
                0x00805a20                memmove
 .text          0x00805b00       0x98 d:/altera/13.0sp1/nios2eds/bin/gnu/h-i686-mingw32/bin/../lib/gcc/nios2-elf/4.1.2/../../../../nios2-elf/lib\libc.a(lib_a-memset.o)
                0x00805b00                memset
 .text          0x00805b98       0x80 d:/altera/13.0sp1/nios2eds/bin/gnu/h-i686-mingw32/bin/../lib/gcc/nios2-elf/4.1.2/../../../../nios2-elf/lib\libc.a(lib_a-perror.o)
                0x00805b98                _perror_r
                0x00805c04                perror
 .text          0x00805c18       0x78 d:/altera/13.0sp1/nios2eds/bin/gnu/h-i686-mingw32/bin/../lib/gcc/nios2-elf/4.1.2/../../../../nios2-elf/lib\libc.a(lib_a-printf.o)
                0x00805c18                printf
                0x00805c5c                _printf_r
 .text          0x00805c90      0x1ec d:/altera/13.0sp1/nios2eds/bin/gnu/h-i686-mingw32/bin/../lib/gcc/nios2-elf/4.1.2/../../../../nios2-elf/lib\libc.a(lib_a-putc.o)
                0x00805c90                putc
                0x00805d94                _putc_r
 .text          0x00805e7c       0x24 d:/altera/13.0sp1/nios2eds/bin/gnu/h-i686-mingw32/bin/../lib/gcc/nios2-elf/4.1.2/../../../../nios2-elf/lib\libc.a(lib_a-putchar.o)
                0x00805e7c                putchar
                0x00805e98                _putchar_r
 .text          0x00805ea0       0xb4 d:/altera/13.0sp1/nios2eds/bin/gnu/h-i686-mingw32/bin/../lib/gcc/nios2-elf/4.1.2/../../../../nios2-elf/lib\libc.a(lib_a-puts.o)
                0x00805ea0                _puts_r
                0x00805f40                puts
 .text          0x00805f54       0x60 d:/altera/13.0sp1/nios2eds/bin/gnu/h-i686-mingw32/bin/../lib/gcc/nios2-elf/4.1.2/../../../../nios2-elf/lib\libc.a(lib_a-rget.o)
                0x00805f54                __srget_r
                0x00805fa0                __srget
 .text          0x00805fb4       0x70 d:/altera/13.0sp1/nios2eds/bin/gnu/h-i686-mingw32/bin/../lib/gcc/nios2-elf/4.1.2/../../../../nios2-elf/lib\libc.a(lib_a-sbrkr.o)
                0x00805fb4                _sbrk_r
 .text          0x00806024       0xd4 d:/altera/13.0sp1/nios2eds/bin/gnu/h-i686-mingw32/bin/../lib/gcc/nios2-elf/4.1.2/../../../../nios2-elf/lib\libc.a(lib_a-sprintf.o)
                0x00806024                sprintf
                0x00806098                _sprintf_r
 .text          0x008060f8       0xe0 d:/altera/13.0sp1/nios2eds/bin/gnu/h-i686-mingw32/bin/../lib/gcc/nios2-elf/4.1.2/../../../../nios2-elf/lib\libc.a(lib_a-strchr.o)
                0x008060f8                strchr
 .text          0x008061d8      0x674 d:/altera/13.0sp1/nios2eds/bin/gnu/h-i686-mingw32/bin/../lib/gcc/nios2-elf/4.1.2/../../../../nios2-elf/lib\libc.a(lib_a-strerror.o)
                0x008061d8                strerror
 .text          0x0080684c       0x74 d:/altera/13.0sp1/nios2eds/bin/gnu/h-i686-mingw32/bin/../lib/gcc/nios2-elf/4.1.2/../../../../nios2-elf/lib\libc.a(lib_a-strlen.o)
                0x0080684c                strlen
 .text          0x008068c0      0x268 d:/altera/13.0sp1/nios2eds/bin/gnu/h-i686-mingw32/bin/../lib/gcc/nios2-elf/4.1.2/../../../../nios2-elf/lib\libc.a(lib_a-strtol.o)
                0x008068c0                _strtol_r
                0x00806b04                strtol
 .text          0x00806b28        0x8 d:/altera/13.0sp1/nios2eds/bin/gnu/h-i686-mingw32/bin/../lib/gcc/nios2-elf/4.1.2/../../../../nios2-elf/lib\libc.a(lib_a-u_strerr.o)
                0x00806b28                _user_strerror
 .text          0x00806b30     0x1f28 d:/altera/13.0sp1/nios2eds/bin/gnu/h-i686-mingw32/bin/../lib/gcc/nios2-elf/4.1.2/../../../../nios2-elf/lib\libc.a(lib_a-vfprintf.o)
                0x00806b88                ___vfprintf_internal_r
                0x00808a34                __vfprintf_internal
 .text          0x00808a58      0x14c d:/altera/13.0sp1/nios2eds/bin/gnu/h-i686-mingw32/bin/../lib/gcc/nios2-elf/4.1.2/../../../../nios2-elf/lib\libc.a(lib_a-wbuf.o)
                0x00808a58                __swbuf_r
                0x00808b88                __swbuf
 .text          0x00808ba4      0x13c d:/altera/13.0sp1/nios2eds/bin/gnu/h-i686-mingw32/bin/../lib/gcc/nios2-elf/4.1.2/../../../../nios2-elf/lib\libc.a(lib_a-wsetup.o)
                0x00808ba4                __swsetup_r
 .text          0x00808ce0      0x1b4 d:/altera/13.0sp1/nios2eds/bin/gnu/h-i686-mingw32/bin/../lib/gcc/nios2-elf/4.1.2/../../../../nios2-elf/lib\libc.a(lib_a-__call_atexit.o)
                0x00808ce4                __call_exitprocs
 .text          0x00808e94     0x17cc d:/altera/13.0sp1/nios2eds/bin/gnu/h-i686-mingw32/bin/../lib/gcc/nios2-elf/4.1.2/../../../../nios2-elf/lib\libc.a(lib_a-dtoa.o)
                0x008090ac                _dtoa_r
 .text          0x0080a660      0x230 d:/altera/13.0sp1/nios2eds/bin/gnu/h-i686-mingw32/bin/../lib/gcc/nios2-elf/4.1.2/../../../../nios2-elf/lib\libc.a(lib_a-fflush.o)
                0x0080a660                _fflush_r
                0x0080a85c                fflush
 .text          0x0080a890      0x2c0 d:/altera/13.0sp1/nios2eds/bin/gnu/h-i686-mingw32/bin/../lib/gcc/nios2-elf/4.1.2/../../../../nios2-elf/lib\libc.a(lib_a-findfp.o)
                0x0080a8e8                __sfp_lock_acquire
                0x0080a8ec                __sfp_lock_release
                0x0080a8f0                __sinit_lock_acquire
                0x0080a8f4                __sinit_lock_release
                0x0080a8f8                __sinit
                0x0080a9ac                __fp_unlock_all
                0x0080a9c4                __fp_lock_all
                0x0080a9dc                _cleanup_r
                0x0080a9e8                _cleanup
                0x0080a9f8                __sfmoreglue
                0x0080aa60                __sfp
 .text          0x0080ab50       0xbc d:/altera/13.0sp1/nios2eds/bin/gnu/h-i686-mingw32/bin/../lib/gcc/nios2-elf/4.1.2/../../../../nios2-elf/lib\libc.a(lib_a-fputc.o)
                0x0080ab50                fputc
                0x0080abb4                _fputc_r
 .text          0x0080ac0c       0x90 d:/altera/13.0sp1/nios2eds/bin/gnu/h-i686-mingw32/bin/../lib/gcc/nios2-elf/4.1.2/../../../../nios2-elf/lib\libc.a(lib_a-fputs.o)
                0x0080ac0c                _fputs_r
                0x0080ac80                fputs
 .text          0x0080ac9c      0x440 d:/altera/13.0sp1/nios2eds/bin/gnu/h-i686-mingw32/bin/../lib/gcc/nios2-elf/4.1.2/../../../../nios2-elf/lib\libc.a(lib_a-freer.o)
                0x0080ac9c                _malloc_trim_r
                0x0080adc8                _free_r
 .text          0x0080b0dc      0x49c d:/altera/13.0sp1/nios2eds/bin/gnu/h-i686-mingw32/bin/../lib/gcc/nios2-elf/4.1.2/../../../../nios2-elf/lib\libc.a(lib_a-fvwrite.o)
                0x0080b0dc                __sfvwrite_r
 .text          0x0080b578      0x180 d:/altera/13.0sp1/nios2eds/bin/gnu/h-i686-mingw32/bin/../lib/gcc/nios2-elf/4.1.2/../../../../nios2-elf/lib\libc.a(lib_a-fwalk.o)
                0x0080b578                _fwalk_reent
                0x0080b640                _fwalk
 .text          0x0080b6f8        0x0 d:/altera/13.0sp1/nios2eds/bin/gnu/h-i686-mingw32/bin/../lib/gcc/nios2-elf/4.1.2/../../../../nios2-elf/lib\libc.a(lib_a-int_errno.o)
 .text          0x0080b6f8       0xc4 d:/altera/13.0sp1/nios2eds/bin/gnu/h-i686-mingw32/bin/../lib/gcc/nios2-elf/4.1.2/../../../../nios2-elf/lib\libc.a(lib_a-locale.o)
                0x0080b6f8                __locale_charset
                0x0080b700                _localeconv_r
                0x0080b70c                localeconv
                0x0080b71c                _setlocale_r
                0x0080b7a0                setlocale
 .text          0x0080b7bc      0x194 d:/altera/13.0sp1/nios2eds/bin/gnu/h-i686-mingw32/bin/../lib/gcc/nios2-elf/4.1.2/../../../../nios2-elf/lib\libc.a(lib_a-makebuf.o)
                0x0080b7bc                __smakebuf_r
 .text          0x0080b950       0xe4 d:/altera/13.0sp1/nios2eds/bin/gnu/h-i686-mingw32/bin/../lib/gcc/nios2-elf/4.1.2/../../../../nios2-elf/lib\libc.a(lib_a-memchr.o)
                0x0080b950                memchr
 .text          0x0080ba34      0xff4 d:/altera/13.0sp1/nios2eds/bin/gnu/h-i686-mingw32/bin/../lib/gcc/nios2-elf/4.1.2/../../../../nios2-elf/lib\libc.a(lib_a-mprec.o)
                0x0080ba34                _Bfree
                0x0080ba5c                __hi0bits
                0x0080bacc                __lo0bits
                0x0080bb90                __mcmp
                0x0080bbf0                __ulp
                0x0080bc70                __b2d
                0x0080bd90                __ratio
                0x0080be40                _mprec_log10
                0x0080bed4                __copybits
                0x0080bf2c                __any_on
                0x0080bfb4                _Balloc
                0x0080c070                __d2b
                0x0080c1ec                __mdiff
                0x0080c378                __lshift
                0x0080c4c4                __multiply
                0x0080c6ac                __i2b
                0x0080c6e8                __multadd
                0x0080c7e8                __pow5mult
                0x0080c908                __s2b
 .text          0x0080ca28      0x5f4 d:/altera/13.0sp1/nios2eds/bin/gnu/h-i686-mingw32/bin/../lib/gcc/nios2-elf/4.1.2/../../../../nios2-elf/lib\libc.a(lib_a-reallocr.o)
                0x0080ca28                _realloc_r
 .text          0x0080d01c      0x1e0 d:/altera/13.0sp1/nios2eds/bin/gnu/h-i686-mingw32/bin/../lib/gcc/nios2-elf/4.1.2/../../../../nios2-elf/lib\libc.a(lib_a-refill.o)
                0x0080d01c                __srefill_r
 .text          0x0080d1fc       0x40 d:/altera/13.0sp1/nios2eds/bin/gnu/h-i686-mingw32/bin/../lib/gcc/nios2-elf/4.1.2/../../../../nios2-elf/lib\libc.a(lib_a-s_isinfd.o)
                0x0080d1fc                __isinfd
 .text          0x0080d23c       0x30 d:/altera/13.0sp1/nios2eds/bin/gnu/h-i686-mingw32/bin/../lib/gcc/nios2-elf/4.1.2/../../../../nios2-elf/lib\libc.a(lib_a-s_isnand.o)
                0x0080d23c                __isnand
 .text          0x0080d26c      0x14c d:/altera/13.0sp1/nios2eds/bin/gnu/h-i686-mingw32/bin/../lib/gcc/nios2-elf/4.1.2/../../../../nios2-elf/lib\libc.a(lib_a-stdio.o)
                0x0080d26c                __sclose
                0x0080d274                __sseek
                0x0080d2dc                __swrite
                0x0080d358                __sread
 .text          0x0080d3b8       0xbc d:/altera/13.0sp1/nios2eds/bin/gnu/h-i686-mingw32/bin/../lib/gcc/nios2-elf/4.1.2/../../../../nios2-elf/lib\libc.a(lib_a-strcmp.o)
                0x0080d3b8                strcmp
 .text          0x0080d474       0x78 d:/altera/13.0sp1/nios2eds/bin/gnu/h-i686-mingw32/bin/../lib/gcc/nios2-elf/4.1.2/../../../../nios2-elf/lib\libc.a(lib_a-writer.o)
                0x0080d474                _write_r
 .text          0x0080d4ec       0xb4 d:/altera/13.0sp1/nios2eds/bin/gnu/h-i686-mingw32/bin/../lib/gcc/nios2-elf/4.1.2/../../../../nios2-elf/lib\libc.a(lib_a-callocr.o)
                0x0080d4ec                _calloc_r
 .text          0x0080d5a0       0x70 d:/altera/13.0sp1/nios2eds/bin/gnu/h-i686-mingw32/bin/../lib/gcc/nios2-elf/4.1.2/../../../../nios2-elf/lib\libc.a(lib_a-closer.o)
                0x0080d5a0                _close_r
 .text          0x0080d610      0x124 d:/altera/13.0sp1/nios2eds/bin/gnu/h-i686-mingw32/bin/../lib/gcc/nios2-elf/4.1.2/../../../../nios2-elf/lib\libc.a(lib_a-fclose.o)
                0x0080d610                _fclose_r
                0x0080d720                fclose
 .text          0x0080d734       0x74 d:/altera/13.0sp1/nios2eds/bin/gnu/h-i686-mingw32/bin/../lib/gcc/nios2-elf/4.1.2/../../../../nios2-elf/lib\libc.a(lib_a-fstatr.o)
                0x0080d734                _fstat_r
 .text          0x0080d7a8       0x70 d:/altera/13.0sp1/nios2eds/bin/gnu/h-i686-mingw32/bin/../lib/gcc/nios2-elf/4.1.2/../../../../nios2-elf/lib\libc.a(lib_a-isattyr.o)
                0x0080d7a8                _isatty_r
 .text          0x0080d818       0x78 d:/altera/13.0sp1/nios2eds/bin/gnu/h-i686-mingw32/bin/../lib/gcc/nios2-elf/4.1.2/../../../../nios2-elf/lib\libc.a(lib_a-lseekr.o)
                0x0080d818                _lseek_r
 .text          0x0080d890       0x78 d:/altera/13.0sp1/nios2eds/bin/gnu/h-i686-mingw32/bin/../lib/gcc/nios2-elf/4.1.2/../../../../nios2-elf/lib\libc.a(lib_a-readr.o)
                0x0080d890                _read_r
 .text          0x0080d908      0x5dc d:/altera/13.0sp1/nios2eds/bin/gnu/h-i686-mingw32/bin/../lib/gcc/nios2-elf/4.1.2\libgcc.a(_udivdi3.o)
                0x0080d908                __udivdi3
 .text          0x0080dee4      0x5b0 d:/altera/13.0sp1/nios2eds/bin/gnu/h-i686-mingw32/bin/../lib/gcc/nios2-elf/4.1.2\libgcc.a(_umoddi3.o)
                0x0080dee4                __umoddi3
 .text          0x0080e494      0x258 d:/altera/13.0sp1/nios2eds/bin/gnu/h-i686-mingw32/bin/../lib/gcc/nios2-elf/4.1.2\libgcc.a(_div_df.o)
                0x0080e494                __divdf3
 .text          0x0080e6ec       0x88 d:/altera/13.0sp1/nios2eds/bin/gnu/h-i686-mingw32/bin/../lib/gcc/nios2-elf/4.1.2\libgcc.a(_eq_df.o)
                0x0080e6ec                __eqdf2
 .text          0x0080e774       0x88 d:/altera/13.0sp1/nios2eds/bin/gnu/h-i686-mingw32/bin/../lib/gcc/nios2-elf/4.1.2\libgcc.a(_ne_df.o)
                0x0080e774                __nedf2
 .text          0x0080e7fc       0x88 d:/altera/13.0sp1/nios2eds/bin/gnu/h-i686-mingw32/bin/../lib/gcc/nios2-elf/4.1.2\libgcc.a(_gt_df.o)
                0x0080e7fc                __gtdf2
 .text          0x0080e884       0x88 d:/altera/13.0sp1/nios2eds/bin/gnu/h-i686-mingw32/bin/../lib/gcc/nios2-elf/4.1.2\libgcc.a(_lt_df.o)
                0x0080e884                __ltdf2
 .text          0x0080e90c       0xf8 d:/altera/13.0sp1/nios2eds/bin/gnu/h-i686-mingw32/bin/../lib/gcc/nios2-elf/4.1.2\libgcc.a(_si_to_df.o)
                0x0080e90c                __floatsidf
 .text          0x0080ea04      0x14c d:/altera/13.0sp1/nios2eds/bin/gnu/h-i686-mingw32/bin/../lib/gcc/nios2-elf/4.1.2\libgcc.a(lib2-divmod.o)
                0x0080ea80                __divsi3
                0x0080eae0                __modsi3
                0x0080eb40                __udivsi3
                0x0080eb48                __umodsi3
 .text          0x0080eb50       0x6c ../fir_bsp/\libucosii_bsp.a(alt_exit.o)
                0x0080eb90                _exit
 .text          0x0080ebbc       0xd0 ../fir_bsp/\libucosii_bsp.a(alt_flash_dev.o)
                0x0080ebbc                alt_flash_open_dev
                0x0080ec38                alt_flash_close_dev
 .text          0x0080ec8c      0x134 ../fir_bsp/\libucosii_bsp.a(alt_fstat.o)
                0x0080ec8c                fstat
 .text          0x0080edc0      0x1c0 ../fir_bsp/\libucosii_bsp.a(alt_irq_register.o)
                0x0080edc0                alt_irq_register
 .text          0x0080ef80        0x0 ../fir_bsp/\libucosii_bsp.a(alt_irq_vars.o)
 .text          0x0080ef80      0x120 ../fir_bsp/\libucosii_bsp.a(alt_isatty.o)
                0x0080ef80                isatty
 .text          0x0080f0a0      0x150 ../fir_bsp/\libucosii_bsp.a(alt_lseek.o)
                0x0080f0a0                lseek
 .text          0x0080f1f0       0xc8 ../fir_bsp/\libucosii_bsp.a(alt_main.o)
                0x0080f1f0                alt_main
 .text          0x0080f2b8       0xbc ../fir_bsp/\libucosii_bsp.a(alt_sbrk.o)
                0x0080f2b8                sbrk
 .text          0x0080f374      0x118 ../fir_bsp/\libucosii_bsp.a(alt_usleep.o)
                0x0080f374                usleep
 .text          0x0080f48c      0x108 ../fir_bsp/\libucosii_bsp.a(alt_env_lock.o)
                0x0080f48c                __env_lock
                0x0080f538                __env_unlock
 .text          0x0080f594      0x1d8 ../fir_bsp/\libucosii_bsp.a(alt_malloc_lock.o)
                0x0080f594                __malloc_lock
                0x0080f69c                __malloc_unlock
 .text          0x0080f76c     0x2128 ../fir_bsp/\libucosii_bsp.a(os_core.o)
                0x0080f76c                OSEventNameGet
                0x0080f89c                OSEventNameSet
                0x0080f9e0                OSEventPendMulti
                0x00810094                OSInit
                0x008100e8                OSIntEnter
                0x00810164                OSIntExit
                0x00810264                OSSchedLock
                0x008102f0                OSSchedUnlock
                0x008103d4                OSStart
                0x00810444                OSStatInit
                0x008104f0                OSTimeTick
                0x00810730                OSVersion
                0x00810750                OS_Dummy
                0x0081076c                OS_EventTaskRdy
                0x00810900                OS_EventTaskWait
                0x00810a10                OS_EventTaskWaitMulti
                0x00810b64                OS_EventTaskRemove
                0x00810c1c                OS_EventTaskRemoveMulti
                0x00810d20                OS_EventWaitListInit
                0x008110ec                OS_MemClr
                0x00811140                OS_MemCopy
                0x008111ac                OS_Sched
                0x008112f0                OS_StrCopy
                0x00811370                OS_StrLen
                0x008113c8                OS_TaskIdle
                0x00811424                OS_TaskStat
                0x008114ec                OS_TaskStatStkChk
                0x008115b4                OS_TCBInit
 .text          0x00811894      0x18c ../fir_bsp/\libucosii_bsp.a(os_dbg.o)
                0x00811894                OSDebugInit
 .text          0x00811a20     0x193c ../fir_bsp/\libucosii_bsp.a(os_flag.o)
                0x00811a20                OSFlagAccept
                0x00811d54                OSFlagCreate
                0x00811e90                OSFlagDel
                0x00812138                OSFlagNameGet
                0x0081227c                OSFlagNameSet
                0x008123d0                OSFlagPend
                0x00812a14                OSFlagPendGetFlagsRdy
                0x00812a7c                OSFlagPost
                0x00812e24                OSFlagQuery
                0x008130bc                OS_FlagInit
                0x008132b0                OS_FlagUnlink
 .text          0x0081335c      0x808 ../fir_bsp/\libucosii_bsp.a(os_mem.o)
                0x0081335c                OSMemCreate
                0x00813578                OSMemGet
                0x0081367c                OSMemNameGet
                0x00813788                OSMemNameSet
                0x008138a8                OSMemPut
                0x00813998                OSMemQuery
                0x00813a94                OS_MemInit
 .text          0x00813b64     0x1334 ../fir_bsp/\libucosii_bsp.a(os_q.o)
                0x00813b64                OSQAccept
                0x00813cb8                OSQCreate
                0x00813ecc                OSQDel
                0x008141cc                OSQFlush
                0x00814294                OSQPend
                0x008145b4                OSQPendAbort
                0x00814730                OSQPost
                0x008148b0                OSQPostFront
                0x00814a38                OSQPostOpt
                0x00814c6c                OSQQuery
                0x00814dec                OS_QInit
 .text          0x00814e98      0xbc8 ../fir_bsp/\libucosii_bsp.a(os_sem.o)
                0x00814e98                OSSemAccept
                0x00814f58                OSSemCreate
                0x0081506c                OSSemDel
                0x0081530c                OSSemPend
                0x00815588                OSSemPendAbort
                0x00815704                OSSemPost
                0x0081582c                OSSemQuery
                0x0081595c                OSSemSet
 .text          0x00815a60     0x1a40 ../fir_bsp/\libucosii_bsp.a(os_task.o)
                0x00815a60                OSTaskChangePrio
                0x00815fd4                OSTaskCreate
                0x008161a8                OSTaskCreateExt
                0x008163a8                OSTaskDel
                0x008167b4                OSTaskDelReq
                0x00816924                OSTaskNameGet
                0x00816adc                OSTaskNameSet
                0x00816ca0                OSTaskResume
                0x00816eb8                OSTaskStkChk
                0x008170b4                OSTaskSuspend
                0x008172e0                OSTaskQuery
                0x00817424                OS_TaskStkClr
 .text          0x008174a0      0x670 ../fir_bsp/\libucosii_bsp.a(os_time.o)
                0x008174a0                OSTimeDly
                0x008175ec                OSTimeDlyHMSM
                0x00817838                OSTimeDlyResume
                0x00817a48                OSTimeGet
                0x00817aac                OSTimeSet
 .text          0x00817b10      0x118 ../fir_bsp/\libucosii_bsp.a(alt_sys_init.o)
                0x00817b10                alt_irq_init
                0x00817b44                alt_sys_init
 .text          0x00817c28      0x8c8 ../fir_bsp/\libucosii_bsp.a(altera_avalon_cfi_flash.o)
                0x00817c28                alt_flash_cfi_init
                0x00817cfc                alt_flash_cfi_write
                0x00817fbc                alt_flash_cfi_get_info
                0x0081804c                alt_flash_cfi_read
                0x008180b4                alt_write_value_to_flash
                0x00818218                alt_flash_program_block
 .text          0x008184f0     0x14a8 ../fir_bsp/\libucosii_bsp.a(altera_avalon_cfi_flash_table.o)
                0x008184f0                alt_read_query_entry_8bit
                0x00818530                alt_read_query_entry_16bit
                0x00818574                alt_read_query_entry_32bit
                0x008185bc                alt_write_flash_command_8bit_device_8bit_mode
                0x008185f8                alt_write_flash_command_16bit_device_8bit_mode
                0x00818674                alt_write_flash_command_32bit_device_8bit_mode
                0x008186bc                alt_write_flash_command_16bit_device_16bit_mode
                0x00818700                alt_write_flash_command_32bit_device_16bit_mode
                0x00818748                alt_write_flash_command_32bit_device_32bit_mode
                0x00818790                alt_write_native_8bit
                0x008187c4                alt_write_native_16bit
                0x008187f8                alt_write_native_32bit
                0x00818828                alt_set_flash_width_func
                0x00818a08                alt_set_flash_algorithm_func
                0x00818b30                alt_read_cfi_table
                0x00819110                alt_read_cfi_width
                0x008198bc                alt_check_primary_table
 .text          0x00819998      0x9e4 ../fir_bsp/\libucosii_bsp.a(altera_avalon_epcs_flash_controller.o)
                0x00819998                alt_epcs_flash_init
                0x00819db4                alt_epcs_flash_write
                0x0081a034                alt_epcs_flash_get_info
                0x0081a0c4                alt_epcs_flash_erase_block
                0x0081a1c8                alt_epcs_flash_write_block
                0x0081a2e4                alt_epcs_flash_read
 .text          0x0081a37c      0x148 ../fir_bsp/\libucosii_bsp.a(altera_avalon_jtag_uart_fd.o)
                0x0081a37c                altera_avalon_jtag_uart_read_fd
                0x0081a3d4                altera_avalon_jtag_uart_write_fd
                0x0081a42c                altera_avalon_jtag_uart_close_fd
                0x0081a474                altera_avalon_jtag_uart_ioctl_fd
 .text          0x0081a4c4      0x584 ../fir_bsp/\libucosii_bsp.a(altera_avalon_jtag_uart_init.o)
                0x0081a4c4                altera_avalon_jtag_uart_init
                0x0081a9d4                altera_avalon_jtag_uart_close
 .text          0x0081aa48       0xf4 ../fir_bsp/\libucosii_bsp.a(altera_avalon_jtag_uart_ioctl.o)
                0x0081aa48                altera_avalon_jtag_uart_ioctl
 .text          0x0081ab3c      0x2c0 ../fir_bsp/\libucosii_bsp.a(altera_avalon_jtag_uart_read.o)
                0x0081ab3c                altera_avalon_jtag_uart_read
 .text          0x0081adfc      0x2dc ../fir_bsp/\libucosii_bsp.a(altera_avalon_jtag_uart_write.o)
                0x0081adfc                altera_avalon_jtag_uart_write
 .text          0x0081b0d8      0xf3c ../fir_bsp/\libucosii_bsp.a(altera_avalon_lcd_16207.o)
                0x0081b8ac                altera_avalon_lcd_16207_write
                0x0081beb0                altera_avalon_lcd_16207_init
 .text          0x0081c014       0x58 ../fir_bsp/\libucosii_bsp.a(altera_avalon_lcd_16207_fd.o)
                0x0081c014                altera_avalon_lcd_16207_write_fd
 .text          0x0081c06c      0x100 ../fir_bsp/\libucosii_bsp.a(altera_avalon_timer_sc.o)
                0x0081c0dc                alt_avalon_timer_sc_init
 .text          0x0081c16c       0xf8 ../fir_bsp/\libucosii_bsp.a(altera_avalon_uart_fd.o)
                0x0081c16c                altera_avalon_uart_read_fd
                0x0081c1c4                altera_avalon_uart_write_fd
                0x0081c21c                altera_avalon_uart_close_fd
 .text          0x0081c264      0x57c ../fir_bsp/\libucosii_bsp.a(altera_avalon_uart_init.o)
                0x0081c264                altera_avalon_uart_init
                0x0081c780                altera_avalon_uart_close
 .text          0x0081c7e0      0x310 ../fir_bsp/\libucosii_bsp.a(altera_avalon_uart_read.o)
                0x0081c7e0                altera_avalon_uart_read
 .text          0x0081caf0      0x2a8 ../fir_bsp/\libucosii_bsp.a(altera_avalon_uart_write.o)
                0x0081caf0                altera_avalon_uart_write
 .text          0x0081cd98      0x6d4 ../fir_bsp/\libucosii_bsp.a(epcs_commands.o)
                0x0081cd98                epcs_read_status_register
                0x0081cdf8                epcs_sector_erase
                0x0081cf60                epcs_read_buffer
                0x0081d0ac                epcs_write_enable
                0x0081d0fc                epcs_write_status_register
                0x0081d160                epcs_write_buffer
                0x0081d2d0                epcs_read_electronic_signature
                0x0081d33c                epcs_read_device_id
                0x0081d3bc                epcs_enter_4_bytes_mode
                0x0081d414                epcs_exit_4_bytes_mode
 .text          0x0081d46c       0x54 ../fir_bsp/\libucosii_bsp.a(alt_iniche_close.o)
                0x0081d46c                close
 .text          0x0081d4c0      0x144 ../fir_bsp/\libucosii_bsp.a(alt_iniche_dev.o)
                0x0081d4c0                iniche_devices_init
 .text          0x0081d604       0x78 ../fir_bsp/\libucosii_bsp.a(alt_iniche_read.o)
                0x0081d604                read
 .text          0x0081d67c       0x70 ../fir_bsp/\libucosii_bsp.a(alt_iniche_write.o)
                0x0081d67c                write
 .text          0x0081d6ec      0xedc ../fir_bsp/\libucosii_bsp.a(ipnet.o)
                0x0081d6ec                Netinit
                0x0081dd38                fixup_subnet_mask
                0x0081de98                netclose
                0x0081df80                pktdemux
                0x0081e354                c_older
                0x0081e424                ip2mac
 .text          0x0081e5c8      0x4b0 ../fir_bsp/\libucosii_bsp.a(ipstart.o)
                0x0081e5c8                ip_startup
                0x0081e8ac                exit_hook
                0x0081e918                ip_exit
                0x0081e9e8                if_netnumber
 .text          0x0081ea78     0x10e8 ../fir_bsp/\libucosii_bsp.a(igmp_cmn.o)
                0x0081ea78                igmp_init
                0x0081eb68                igmp_input
                0x0081ec60                igmp_fasttimo
                0x0081ee94                igmp_send
                0x0081f13c                igmp_joingroup
                0x0081f3a8                igmp_leavegroup
                0x0081f424                igmp_validate
                0x0081f780                igmp_print_stats
 .text          0x0081fb60      0xbc8 ../fir_bsp/\libucosii_bsp.a(bsdsock.o)
                0x0081fb60                bsd_accept
                0x0081fc98                bsd_getpeername
                0x0081fdc4                bsd_getsockname
                0x0081fef0                bsd_i_sockoptlen
                0x008200a8                bsd_getsockopt
                0x008201c8                bsd_ioctl
                0x008202cc                bsd_inet_ntoa
                0x008202fc                bsd_recvfrom
                0x0082045c                bsd_select
                0x0082063c                bsd_setsockopt
 .text          0x00820728      0x118 ../fir_bsp/\libucosii_bsp.a(cksum.o)
                0x00820728                ccksum
                0x008207d8                cksum
 .text          0x00820840      0xa9c ../fir_bsp/\libucosii_bsp.a(in_utils.o)
                0x00820840                do_trap
                0x0082086c                nextarg
                0x008208e8                hexdump
                0x00820a30                print_ipad
                0x00820aa4                print_uptime
                0x00820bd0                panic
                0x00820c14                print_eth
                0x00820d78                uslash
                0x00820df8                ns_printf
                0x00820f7c                std_out
                0x00820fc0                con_page
                0x008210b0                parse_args
 .text          0x008212dc      0x1c8 ../fir_bsp/\libucosii_bsp.a(netmain.o)
                0x008212dc                netmain
                0x008213d0                tk_netmain
                0x00821458                tk_nettick
 .text          0x008214a4      0x810 ../fir_bsp/\libucosii_bsp.a(parseip.o)
                0x008214a4                parse_ipad
                0x008217c0                inet_addr
                0x00821828                hextoa
                0x00821898                inet_pton
                0x00821944                inet_ntop
                0x008219d0                print46_addr
                0x00821a30                inet46_addr
                0x00821af4                inet_setport
                0x00821b68                convert_ip
 .text          0x00821cb4      0x5e8 ../fir_bsp/\libucosii_bsp.a(tk_crnos.o)
                0x00821cb4                TK_OSTimeDly
                0x00821ce0                TK_OSTaskResume
                0x00821d50                tcp_sleep
                0x00821ef0                tcp_wakeup
                0x00821ff4                TK_OSTaskQuery
                0x00822068                tk_yield
                0x00822094                tk_stats
 .text          0x0082229c     0x3294 ../fir_bsp/\libucosii_bsp.a(dhcpclnt.o)
                0x0082229c                dhc_get_srv_ipaddr
                0x0082232c                dhc_init
                0x008223e8                dhc_set_callback
                0x0082242c                dhc_upcall
                0x00822c5c                dhc_buildheader
                0x00822e78                dhc_discover
                0x00823390                dhc_rx_offer
                0x00823494                dhc_request
                0x00823fd0                dhc_setip
                0x00824250                dhc_resetip
                0x00824334                dhc_decline
                0x00824518                dhc_extract_opts
                0x008247d4                dhc_second
                0x008250c4                dhc_halt
                0x0082514c                dhc_reclaim
                0x0082531c                dhc_state_init
                0x0082537c                dhc_alldone
                0x0082540c                dhc_ifacedone
                0x00825480                dhc_set_state
 .text          0x00825530       0xcc ../fir_bsp/\libucosii_bsp.a(dhcputil.o)
                0x00825530                find_opt
 .text          0x008255fc      0x79c ../fir_bsp/\libucosii_bsp.a(pktalloc.o)
                0x008255fc                pk_init
                0x0082588c                pk_alloc
                0x00825968                pk_validate
                0x00825c20                pk_free
                0x00825ccc                pk_get_max_intrsafe_buf_len
                0x00825cec                dump_buf_estats
 .text          0x00825d98      0x288 ../fir_bsp/\libucosii_bsp.a(q.o)
                0x00825d98                getq
                0x00825e60                putq
                0x00825f10                qdel
 .text          0x00826020      0x31c ../fir_bsp/\libucosii_bsp.a(udp_open.o)
                0x00826020                udp_open
                0x00826258                udp_close
 .text          0x0082633c      0x194 ../fir_bsp/\libucosii_bsp.a(asm_cksum.o)
                0x0082633c                asm_cksum
 .text          0x008264d0      0x2e4 ../fir_bsp/\libucosii_bsp.a(brdutils.o)
                0x008264d0                dtrap
                0x00826500                kbhit
                0x008265ac                getch
                0x0082660c                clock_init
                0x00826648                clock_c
                0x00826664                cticks_hook
                0x00826714                irq_Mask
                0x00826770                irq_Unmask
 .text          0x008267b4      0x488 ../fir_bsp/\libucosii_bsp.a(osportco.o)
                0x008267b4                LOCK_NET_RESOURCE
                0x00826874                UNLOCK_NET_RESOURCE
                0x008268fc                TK_NEWTASK
                0x00826b10                wait_app_sem
                0x00826bc4                post_app_sem
 .text          0x00826c3c      0x568 ../fir_bsp/\libucosii_bsp.a(targnios.o)
                0x00826c3c                alt_iniche_init
                0x00826e58                pre_task_setup
                0x00826ecc                post_task_setup
                0x00826eec                prep_armintcp
                0x00826f24                calloc2
                0x00826f58                npalloc
                0x0082704c                npfree
                0x00827104                ncpalloc
                0x00827158                ncpfree
 .text          0x008271a4     0x19b8 ../fir_bsp/\libucosii_bsp.a(nptcp.o)
                0x008271a4                pffindtype
                0x00827244                pffindproto
                0x00827314                m_getnbuf
                0x008274bc                m_free
                0x008275f0                m_freem
                0x00827634                m_copy
                0x00827958                m_adj
                0x00827b28                mbuf_len
                0x00827b80                dtom
                0x00827c28                remque
                0x00827c98                insque
                0x00827d14                nptcp_init
                0x00827e38                tcp_rcv
                0x00828024                ip_output
                0x0082861c                in_broadcast
                0x0082865c                np_stripoptions
                0x00828744                so_icmpdu
                0x00828a9c                tcp_tick
 .text          0x00828b5c      0xa2c ../fir_bsp/\libucosii_bsp.a(rawsock.o)
                0x00828b5c                rawip_lookup
                0x00828bcc                rawip_soinput
                0x00828da0                rawip_usrreq
 .text          0x00829588     0x17fc ../fir_bsp/\libucosii_bsp.a(sockcall.o)
                0x00829588                DOMAIN_CHECK
                0x008295d4                t_socket
                0x00829664                t_bind
                0x008297e0                t_listen
                0x008298c4                t_accept
                0x00829b5c                t_connect
                0x00829e04                t_getpeername
                0x00829e48                t_getsockname
                0x0082a088                t_setsockopt
                0x0082a264                t_getsockopt
                0x0082a408                t_recv
                0x0082a4f8                t_recvfrom
                0x0082a648                t_sendto
                0x0082a874                t_send
                0x0082aa9c                t_shutdown
                0x0082ab80                t_socketclose
                0x0082ace8                t_errno
 .text          0x0082ad84     0x23ec ../fir_bsp/\libucosii_bsp.a(socket.o)
                0x0082ad84                socreate
                0x0082af50                sobind
                0x0082afac                solisten
                0x0082b09c                sofree
                0x0082b1cc                soclose
                0x0082b538                soabort
                0x0082b588                soaccept
                0x0082b624                soconnect
                0x0082b6f8                sodisconnect
                0x0082b798                sosend
                0x0082bda0                soreceive
                0x0082c584                soshutdown
                0x0082c62c                sorflush
                0x0082c72c                sosetopt
                0x0082cbec                sogetopt
                0x0082d12c                sohasoutofband
 .text          0x0082d170     0x1318 ../fir_bsp/\libucosii_bsp.a(socket2.o)
                0x0082d170                soisconnecting
                0x0082d1dc                soisconnected
                0x0082d2d8                soisdisconnecting
                0x0082d364                soisdisconnected
                0x0082d420                sonewconn
                0x0082d63c                soqinsque
                0x0082d6e8                soqremque
                0x0082d808                socantsendmore
                0x0082d858                socantrcvmore
                0x0082d8a8                sbselqueue
                0x0082d8e0                sbwait
                0x0082d948                sbwakeup
                0x0082d9e4                soreserve
                0x0082da64                sbreserve
                0x0082dac4                sbrelease
                0x0082db0c                sbappend
                0x0082dbb4                sbappendrecord
                0x0082dc94                sbappendaddr
                0x0082de9c                sbcompress
                0x0082e084                sbflush
                0x0082e114                sbdrop
                0x0082e2e4                sbdropend
                0x0082e3f4                sbdroprecord
 .text          0x0082e488      0x914 ../fir_bsp/\libucosii_bsp.a(soselect.o)
                0x0082e488                t_select
                0x0082e6a8                sock_selscan
                0x0082e800                sock_select
                0x0082ea14                in_pcbnotify
                0x0082eae0                tcp_notify
                0x0082eb48                ifd_clr
                0x0082ec38                ifd_set
                0x0082ecac                ifd_isset
                0x0082ed2c                ifd_get
 .text          0x0082ed9c     0x3020 ../fir_bsp/\libucosii_bsp.a(tcp_in.o)
                0x0082ed9c                tcp_reass
                0x0082f1a4                tcp_input
                0x008316f8                tcp_dooptions
                0x00831888                tcp_pulloutofband
                0x008319b4                tcp_xmit_timer
                0x00831c58                ip4_tcpmss
                0x00831ca0                tcp_mss
 .text          0x00831dbc     0x1360 ../fir_bsp/\libucosii_bsp.a(tcp_out.o)
                0x00831dbc                tcp_output
                0x00832f38                tcp_setpersist
 .text          0x0083311c      0x9e8 ../fir_bsp/\libucosii_bsp.a(tcp_subr.o)
                0x0083311c                tcp_init
                0x00833174                tcp_template
                0x0083328c                tcp_respond
                0x00833714                tcp_newtcpcb
                0x0083382c                tcp_drop
                0x008338d8                tcp_close
                0x008339c0                tcp_quench
                0x00833a0c                tcp_putseq
                0x00833a8c                tcp_getseq
 .text          0x00833b04      0x798 ../fir_bsp/\libucosii_bsp.a(tcp_timr.o)
                0x00833b04                tcp_slowtimo
                0x00833da4                tcp_canceltimers
                0x00833e00                tcp_timers
 .text          0x0083429c      0x9ec ../fir_bsp/\libucosii_bsp.a(tcp_usr.o)
                0x0083429c                tcp_usrreq
                0x008349a0                tcp_attach
                0x00834ad4                tcp_disconnect
                0x00834ba8                tcp_usrclosed
 .text          0x00834c88       0x4c ../fir_bsp/\libucosii_bsp.a(tcpport.o)
                0x00834c88                tcpinit
 .text          0x00834cd4      0xd20 ../fir_bsp/\libucosii_bsp.a(udpsock.o)
                0x00834cd4                udp_lookup
                0x00834d44                udp_soinput
                0x00834efc                udp_usrreq
                0x00835180                udp4_sockbind
                0x008354bc                udp4_socksend
                0x00835898                udp4_sockaddr
 .text          0x008359f4      0x154 ../fir_bsp/\libucosii_bsp.a(alt_alarm_start.o)
                0x008359f4                alt_alarm_start
 .text          0x00835b48      0x14c ../fir_bsp/\libucosii_bsp.a(alt_busy_sleep.o)
                0x00835b48                alt_busy_sleep
 .text          0x00835c94      0x15c ../fir_bsp/\libucosii_bsp.a(alt_close.o)
                0x00835c94                alt_close
 .text          0x00835df0       0x78 ../fir_bsp/\libucosii_bsp.a(alt_dcache_flush.o)
                0x00835df0                alt_dcache_flush
 .text          0x00835e68       0x2c ../fir_bsp/\libucosii_bsp.a(alt_dev.o)
 .text          0x00835e94      0x114 ../fir_bsp/\libucosii_bsp.a(alt_dev_llist_insert.o)
                0x00835e94                alt_dev_llist_insert
 .text          0x00835fa8       0x64 ../fir_bsp/\libucosii_bsp.a(alt_do_ctors.o)
                0x00835fa8                _do_ctors
 .text          0x0083600c       0x64 ../fir_bsp/\libucosii_bsp.a(alt_do_dtors.o)
                0x0083600c                _do_dtors
 .text          0x00836070        0x0 ../fir_bsp/\libucosii_bsp.a(alt_errno.o)
 .text          0x00836070       0x94 ../fir_bsp/\libucosii_bsp.a(alt_find_dev.o)
                0x00836070                alt_find_dev
 .text          0x00836104      0x1d4 ../fir_bsp/\libucosii_bsp.a(alt_iic.o)
                0x00836104                alt_ic_isr_register
                0x00836154                alt_ic_irq_enable
                0x008361f0                alt_ic_irq_disable
                0x00836290                alt_ic_irq_enabled
 .text          0x008362d8       0xf8 ../fir_bsp/\libucosii_bsp.a(alt_iic_isr_register.o)
                0x008362d8                alt_iic_isr_register
 .text          0x008363d0      0x13c ../fir_bsp/\libucosii_bsp.a(alt_io_redirect.o)
                0x00836494                alt_io_redirect
 .text          0x0083650c        0x0 ../fir_bsp/\libucosii_bsp.a(alt_irq_entry.o)
 .text          0x0083650c        0x0 ../fir_bsp/\libucosii_bsp.a(alt_irq_handler.o)
 .text          0x0083650c      0x2c4 ../fir_bsp/\libucosii_bsp.a(alt_open.o)
                0x008365e8                open
 .text          0x008367d0      0x180 ../fir_bsp/\libucosii_bsp.a(alt_read.o)
                0x008367d0                alt_read
 .text          0x00836950       0x60 ../fir_bsp/\libucosii_bsp.a(alt_release_fd.o)
                0x00836950                alt_release_fd
 .text          0x008369b0       0x38 ../fir_bsp/\libucosii_bsp.a(alt_remap_cached.o)
                0x008369b0                alt_remap_cached
 .text          0x008369e8       0x40 ../fir_bsp/\libucosii_bsp.a(alt_remap_uncached.o)
                0x008369e8                alt_remap_uncached
 .text          0x00836a28      0x1a8 ../fir_bsp/\libucosii_bsp.a(alt_tick.o)
                0x00836a28                alt_alarm_stop
                0x00836ac0                alt_tick
 .text          0x00836bd0      0x180 ../fir_bsp/\libucosii_bsp.a(alt_write.o)
                0x00836bd0                alt_write
 .text          0x00836d50       0x20 ../fir_bsp/\libucosii_bsp.a(altera_nios2_qsys_irq.o)
                0x00836d50                altera_nios2_qsys_irq_init
 .text          0x00836d70       0xd0 ../fir_bsp/\libucosii_bsp.a(os_cpu_a.o)
                0x00836d70                OSCtxSw
                0x00836d70                OSIntCtxSw
                0x00836dfc                OSStartHighRdy
                0x00836e1c                OSStartTsk
 .text          0x00836e40      0x424 ../fir_bsp/\libucosii_bsp.a(os_cpu_c.o)
                0x00836e40                OSTaskStkInit
                0x00837150                OSTaskCreateHook
                0x00837170                OSTaskDelHook
                0x00837190                OSTaskSwHook
                0x008371ac                OSTaskStatHook
                0x008371c8                OSTimeTickHook
                0x008371f0                OSInitHookBegin
                0x0083720c                OSInitHookEnd
                0x00837228                OSTaskIdleHook
                0x00837244                OSTCBInitHook
 .text          0x00837264      0x460 ../fir_bsp/\libucosii_bsp.a(altera_avalon_cfi_flash_amd.o)
                0x00837264                alt_program_amd
                0x008372cc                alt_erase_block_amd
 .text          0x008376c4      0x460 ../fir_bsp/\libucosii_bsp.a(altera_avalon_cfi_flash_intel.o)
                0x008376c4                alt_program_intel
                0x00837748                alt_erase_block_intel
 .text          0x00837b24      0x238 ../fir_bsp/\libucosii_bsp.a(altera_avalon_spi.o)
                0x00837b24                alt_avalon_spi_command
 .text          0x00837d5c      0x444 ../fir_bsp/\libucosii_bsp.a(allports.o)
                0x00837d5c                netmain_init
                0x00837e58                icmp_port_du
                0x00837ee0                station_state
                0x00838044                sysuptime
                0x008380d8                packet_check
                0x00838124                mcastlist
                0x00838148                prep_modules
 .text          0x008381a0      0x580 ../fir_bsp/\libucosii_bsp.a(timeouts.o)
                0x008381a0                inet_timer
                0x008384a0                in_timerset
                0x00838678                in_timerkill
 .text          0x00838720       0xa4 ../fir_bsp/\libucosii_bsp.a(tk_misc.o)
                0x00838720                create_apptasks
                0x00838744                task_stats
 .text          0x008387c4       0xb0 ../fir_bsp/\libucosii_bsp.a(alt_iniche_fcntl.o)
                0x008387c4                fcntl
 .text          0x00838874     0x15b0 ../fir_bsp/\libucosii_bsp.a(et_arp.o)
                0x00838874                etainit
                0x008388c8                et_send
                0x00838a44                arp_free_pending
                0x00838acc                arp_send_pending
                0x00838b40                send_arp
                0x00838fd8                find_oldest_arp
                0x008391d4                make_arp_entry
                0x008392e8                arpReply
                0x0083957c                arprcv
                0x008397dc                send_via_arp
                0x008399ac                cb_arpent_tmo
                0x00839b58                grat_arp
 .text          0x00839e24      0x298 ../fir_bsp/\libucosii_bsp.a(iface.o)
                0x00839e24                if_getbynum
                0x00839ea8                isbcast
                0x00839f88                reg_type
                0x0083a024                if_killsocks
 .text          0x0083a0bc     0x22a4 ../fir_bsp/\libucosii_bsp.a(ip.o)
                0x0083a0bc                ip_init
                0x0083a1b8                ip_bldhead
                0x0083a35c                ip_write_internal
                0x0083aadc                ip_write
                0x0083ad24                ip_write2
                0x0083b0d4                ip_raw_write
                0x0083b1ac                ip_fragment_lc
                0x0083b634                ip_fragment
                0x0083bc58                ip_mymach
                0x0083bd04                ip_dump
                0x0083bfbc                iproute
                0x0083c228                ip_copypkt
 .text          0x0083c360     0x1e08 ../fir_bsp/\libucosii_bsp.a(ip_reasm.o)
                0x0083c360                ip_reasm_match_frag_with_ire
                0x0083c430                ip_reasm_determine_type_of_frag
                0x0083c51c                ip_reasm_check_mem_useage
                0x0083c5b4                ip_reasm_incr_mem_useage
                0x0083c65c                ip_reasm_decr_mem_useage
                0x0083c6fc                ip_reasm_process_first_fragment
                0x0083c9dc                ip_reassm
                0x0083ca7c                ip_reasm_compute_overlap
                0x0083d00c                ip_reasm_process_subsequent_fragments
                0x0083d5a0                ip_reasm_find_ire
                0x0083d604                ip_reasm_copy_queued_fragments_into_reassy_buffer
                0x0083d960                ip_reasm_process_timer_tick
                0x0083da80                ip_reasm_delete_ire
                0x0083dc48                ip_reasm_mark_compact_rfq
                0x0083dd90                ipr_stats
                0x0083e114                ip_reasm_send_icmp_timex
 .text          0x0083e168      0xe3c ../fir_bsp/\libucosii_bsp.a(ipdemux.o)
                0x0083e168                ip_rcv
                0x0083e568                ip_rcv_phase2
                0x0083eb74                ip_demux
 .text          0x0083efa4      0x2f0 ../fir_bsp/\libucosii_bsp.a(ipmc.o)
                0x0083efa4                in_addmulti
                0x0083f10c                in_delmulti
                0x0083f224                lookup_mcast
 .text          0x0083f294       0xe4 ../fir_bsp/\libucosii_bsp.a(ipport.o)
                0x0083f294                prep_ifaces
                0x0083f328                netexit
                0x0083f350                evtmap_setup
 .text          0x0083f378      0x550 ../fir_bsp/\libucosii_bsp.a(ipraw.o)
                0x0083f378                ip_raw_open
                0x0083f468                ip_raw_close
                0x0083f528                ip_raw_input
                0x0083f760                ip_raw_alloc
                0x0083f82c                ip_raw_free
                0x0083f86c                ip_raw_maxalloc
 .text          0x0083f8c8      0x6f0 ../fir_bsp/\libucosii_bsp.a(iproute.o)
                0x0083f8c8                rt_lookup
                0x0083fa4c                add_route
                0x0083fe74                del_route
 .text          0x0083ffb8      0xe3c ../fir_bsp/\libucosii_bsp.a(udp.o)
                0x0083ffb8                udpdemux
                0x00840810                udp_send
                0x00840ac8                udpswap
                0x00840bf8                udp_socket
                0x00840cc8                udp_alloc
                0x00840d88                udp_maxalloc
                0x00840db4                udp_free
 .text          0x00840df4      0x2e8 ../fir_bsp/\libucosii_bsp.a(igmp.o)
                0x00840df4                igmpv1_input
 .text          0x008410dc      0x7c0 ../fir_bsp/\libucosii_bsp.a(igmp2.o)
                0x008410dc                igmpv2_input
                0x0084123c                igmpv2_process_report
                0x00841388                igmpv2_process_query
                0x008415d4                igmpv2_chk_set_timer
                0x0084172c                igmpv2_chk4_rtr_alert_opt
 .text          0x0084189c      0x8fc ../fir_bsp/\libucosii_bsp.a(ipopt.o)
                0x0084189c                IPADDR_TO_NETP
                0x008419e4                ip_setmoptions
                0x00841fd4                ip_getmoptions
                0x00842114                ip_freemoptions
 .text          0x00842198      0x6e8 ../fir_bsp/\libucosii_bsp.a(u_mctest.o)
                0x00842198                u_mctest_init
                0x008421c8                u_mctest_run
 .text          0x00842880      0x3d0 ../fir_bsp/\libucosii_bsp.a(dhcsetup.o)
                0x00842880                dhc_setup
                0x00842b4c                dhc_main_ipset
 .text          0x00842c50      0x40c ../fir_bsp/\libucosii_bsp.a(memdev.o)
                0x00842c50                init_memdev
                0x00842cc8                md_fopen
                0x00842cf0                md_fclose
                0x00842d10                md_fread
                0x00842e90                md_fwrite
                0x00842f10                md_fseek
                0x00842f3c                md_ftell
                0x00842f60                md_fgetc
                0x00843038                md_unlink
 .text          0x0084305c      0x1cc ../fir_bsp/\libucosii_bsp.a(tcpcksum.o)
                0x0084305c                tcp_cksum
 .text          0x00843228      0x900 ../fir_bsp/\libucosii_bsp.a(in_pcb.o)
                0x00843228                in_pcballoc
                0x008432bc                in_pcbdetach
                0x00843310                in_pcbbind
                0x00843564                in_pcbconnect
                0x00843774                in_pcbdisconnect
                0x008437d4                in_setsockaddr
                0x00843850                in_setpeeraddr
                0x008438cc                in_pcblookup
 .text          0x00843b28     0x1a74 ../fir_bsp/\libucosii_bsp.a(vfsfiles.o)
                0x00843b28                set_vfopen_error
                0x00843b50                get_vfopen_error
                0x00843b70                vf_alloc_and_link_vop
                0x00843bec                vf_alloc_buffer
                0x00843cc4                vf_free_buffer
                0x00843d14                vfopen_locked
                0x0084407c                vfopen
                0x008440cc                vfclose_locked
                0x00844274                vfclose
                0x008442b4                vfflush
                0x008442fc                vfgets
                0x008443e0                vfeof
                0x00844438                vunlink_flag_open_files
                0x00844494                vunlink
                0x008446b4                vfread
                0x00844860                vfwrite_locked
                0x00844c48                vfwrite
                0x00844ca8                vfseek
                0x00844e24                vftell
                0x00844f58                vgetc_locked
                0x00845078                vgetc
                0x008450c0                vfslookup_locked
                0x008451f8                vfslookup
                0x00845240                strippath
                0x00845428                isvfile_locked
                0x0084548c                isvfile
                0x008454d4                vferror
                0x00845540                vclearerr
 .text          0x0084559c       0x24 ../fir_bsp/\libucosii_bsp.a(vfsport.o)
                0x0084559c                prep_vfs
 .text          0x008455c0        0x0 ../fir_bsp/\libucosii_bsp.a(alt_exception_entry.o)
 .text          0x008455c0      0x1b4 ../fir_bsp/\libucosii_bsp.a(alt_fcntl.o)
                0x008455c0                alt_fcntl
 .text          0x00845774      0x120 ../fir_bsp/\libucosii_bsp.a(alt_find_file.o)
                0x00845774                alt_find_file
 .text          0x00845894       0xf4 ../fir_bsp/\libucosii_bsp.a(alt_get_fd.o)
                0x00845894                alt_get_fd
 .text          0x00845988     0x130c ../fir_bsp/\libucosii_bsp.a(icmp.o)
                0x00845988                icmprcv
                0x008465bc                icmp_destun
                0x0084690c                icmp_timex
                0x00846c40                icmp_du
 .text          0x00846c94       0x14 d:/altera/13.0sp1/nios2eds/bin/gnu/h-i686-mingw32/bin/../lib/gcc/nios2-elf/4.1.2/../../../../nios2-elf/lib\libc.a(lib_a-atexit.o)
                0x00846c94                atexit
 .text          0x00846ca8       0x18 d:/altera/13.0sp1/nios2eds/bin/gnu/h-i686-mingw32/bin/../lib/gcc/nios2-elf/4.1.2/../../../../nios2-elf/lib\libc.a(lib_a-atoi.o)
                0x00846ca8                _atoi_r
                0x00846cb4                atoi
 .text          0x00846cc0       0x1c d:/altera/13.0sp1/nios2eds/bin/gnu/h-i686-mingw32/bin/../lib/gcc/nios2-elf/4.1.2/../../../../nios2-elf/lib\libc.a(lib_a-calloc.o)
                0x00846cc0                calloc
 .text          0x00846cdc       0x74 d:/altera/13.0sp1/nios2eds/bin/gnu/h-i686-mingw32/bin/../lib/gcc/nios2-elf/4.1.2/../../../../nios2-elf/lib\libc.a(lib_a-memcmp.o)
                0x00846cdc                memcmp
 .text          0x00846d50       0x8c d:/altera/13.0sp1/nios2eds/bin/gnu/h-i686-mingw32/bin/../lib/gcc/nios2-elf/4.1.2/../../../../nios2-elf/lib\libc.a(lib_a-strcpy.o)
                0x00846d50                strcpy
 .text          0x00846ddc       0xf0 d:/altera/13.0sp1/nios2eds/bin/gnu/h-i686-mingw32/bin/../lib/gcc/nios2-elf/4.1.2/../../../../nios2-elf/lib\libc.a(lib_a-strncmp.o)
                0x00846ddc                strncmp
 .text          0x00846ecc       0xbc d:/altera/13.0sp1/nios2eds/bin/gnu/h-i686-mingw32/bin/../lib/gcc/nios2-elf/4.1.2/../../../../nios2-elf/lib\libc.a(lib_a-strncpy.o)
                0x00846ecc                strncpy
 .text          0x00846f88       0x34 d:/altera/13.0sp1/nios2eds/bin/gnu/h-i686-mingw32/bin/../lib/gcc/nios2-elf/4.1.2/../../../../nios2-elf/lib\libc.a(lib_a-vprintf.o)
                0x00846f88                _vprintf_r
                0x00846f9c                vprintf
 .text          0x00846fbc       0x74 d:/altera/13.0sp1/nios2eds/bin/gnu/h-i686-mingw32/bin/../lib/gcc/nios2-elf/4.1.2/../../../../nios2-elf/lib\libc.a(lib_a-vsprintf.o)
                0x00846fbc                _vsprintf_r
                0x0084700c                vsprintf
 .text          0x00847030      0x134 d:/altera/13.0sp1/nios2eds/bin/gnu/h-i686-mingw32/bin/../lib/gcc/nios2-elf/4.1.2/../../../../nios2-elf/lib\libc.a(lib_a-__atexit.o)
                0x00847030                __register_exitproc
 *(.gnu.warning.*)
 *(.fini)
                0x00847164                PROVIDE (__etext, ABSOLUTE (.))
                0x00847164                PROVIDE (_etext, ABSOLUTE (.))
                0x00847164                PROVIDE (etext, ABSOLUTE (.))
 *(.eh_frame_hdr)
                0x00847164                . = ALIGN (0x4)
                0x00847164                PROVIDE (__preinit_array_start, ABSOLUTE (.))
 *(.preinit_array)
                0x00847164                PROVIDE (__preinit_array_end, ABSOLUTE (.))
                0x00847164                PROVIDE (__init_array_start, ABSOLUTE (.))
 *(.init_array)
                0x00847164                PROVIDE (__init_array_end, ABSOLUTE (.))
                0x00847164                PROVIDE (__fini_array_start, ABSOLUTE (.))
 *(.fini_array)
                0x00847164                PROVIDE (__fini_array_end, ABSOLUTE (.))
 *(.eh_frame)
 *(.gcc_except_table)
 *(.dynamic)
                0x00847164                PROVIDE (__CTOR_LIST__, ABSOLUTE (.))
 *(.ctors)
 *(SORT(.ctors.*))
 .ctors.65535   0x00847164        0x4 d:/altera/13.0sp1/nios2eds/bin/gnu/h-i686-mingw32/bin/../lib/gcc/nios2-elf/4.1.2/../../../../nios2-elf/lib\libc.a(lib_a-__call_atexit.o)
                0x00847168                PROVIDE (__CTOR_END__, ABSOLUTE (.))
                0x00847168                PROVIDE (__DTOR_LIST__, ABSOLUTE (.))
 *(.dtors)
 *(SORT(.dtors.*))
                0x00847168                PROVIDE (__DTOR_END__, ABSOLUTE (.))
 *(.jcr)
                0x00847168                . = ALIGN (0x4)

.rodata         0x00847168     0x4240
                0x00847168                PROVIDE (__ram_rodata_start, ABSOLUTE (.))
                0x00847168                . = ALIGN (0x4)
 *(.rodata .rodata.* .gnu.linkonce.r.*)
 .rodata        0x00847168       0x60 obj/default/LCD.o
 .rodata        0x008471c8       0xa8 obj/default/SSS_DE2_115.o
 .rodata        0x00847270      0xba4 obj/default/alt_error_handler.o
 .rodata        0x00847e14       0x64 obj/default/dm9000a.o
 .rodata        0x00847e78      0x124 obj/default/iniche_init.o
 .rodata        0x00847f9c      0x234 obj/default/network_utilities.o
 .rodata        0x008481d0      0x2e0 obj/default/simple_socket_server.o
 .rodata        0x008484b0       0x14 d:/altera/13.0sp1/nios2eds/bin/gnu/h-i686-mingw32/bin/../lib/gcc/nios2-elf/4.1.2\libgcc.a(_thenan_df.o)
                0x008484b0                __thenan_df
 .rodata        0x008484c4      0x100 d:/altera/13.0sp1/nios2eds/bin/gnu/h-i686-mingw32/bin/../lib/gcc/nios2-elf/4.1.2\libgcc.a(_clz.o)
                0x008484c4                __clz_tab
 .rodata        0x008485c4      0x281 d:/altera/13.0sp1/nios2eds/bin/gnu/h-i686-mingw32/bin/../lib/gcc/nios2-elf/4.1.2/../../../../nios2-elf/lib\libc.a(lib_a-ctype_.o)
                0x008485c4                _ctype_
 *fill*         0x00848845        0x3 00
 .rodata.str1.4
                0x00848848        0x2 d:/altera/13.0sp1/nios2eds/bin/gnu/h-i686-mingw32/bin/../lib/gcc/nios2-elf/4.1.2/../../../../nios2-elf/lib\libc.a(lib_a-impure.o)
                                  0x4 (size before relaxing)
 *fill*         0x0084884a        0x2 00
 .rodata.str1.4
                0x0084884c        0x3 d:/altera/13.0sp1/nios2eds/bin/gnu/h-i686-mingw32/bin/../lib/gcc/nios2-elf/4.1.2/../../../../nios2-elf/lib\libc.a(lib_a-perror.o)
                                  0x4 (size before relaxing)
 *fill*         0x0084884f        0x1 00
 .rodata.str1.4
                0x00848850        0x2 d:/altera/13.0sp1/nios2eds/bin/gnu/h-i686-mingw32/bin/../lib/gcc/nios2-elf/4.1.2/../../../../nios2-elf/lib\libc.a(lib_a-puts.o)
                                  0x4 (size before relaxing)
 *fill*         0x00848852        0x2 00
 .rodata.str1.4
                0x00848854      0x7a2 d:/altera/13.0sp1/nios2eds/bin/gnu/h-i686-mingw32/bin/../lib/gcc/nios2-elf/4.1.2/../../../../nios2-elf/lib\libc.a(lib_a-strerror.o)
                                0x7a8 (size before relaxing)
 *fill*         0x00848ff6        0x2 00
 .rodata.str1.4
                0x00848ff8       0x5e d:/altera/13.0sp1/nios2eds/bin/gnu/h-i686-mingw32/bin/../lib/gcc/nios2-elf/4.1.2/../../../../nios2-elf/lib\libc.a(lib_a-vfprintf.o)
                                 0x60 (size before relaxing)
 .rodata        0x00849056       0x20 d:/altera/13.0sp1/nios2eds/bin/gnu/h-i686-mingw32/bin/../lib/gcc/nios2-elf/4.1.2/../../../../nios2-elf/lib\libc.a(lib_a-vfprintf.o)
 *fill*         0x00849076        0x2 00
 .rodata.str1.4
                0x00849078       0x10 d:/altera/13.0sp1/nios2eds/bin/gnu/h-i686-mingw32/bin/../lib/gcc/nios2-elf/4.1.2/../../../../nios2-elf/lib\libc.a(lib_a-dtoa.o)
                                 0x14 (size before relaxing)
 .rodata.str1.4
                0x00849088       0x10 d:/altera/13.0sp1/nios2eds/bin/gnu/h-i686-mingw32/bin/../lib/gcc/nios2-elf/4.1.2/../../../../nios2-elf/lib\libc.a(lib_a-locale.o)
                                 0x18 (size before relaxing)
 .rodata        0x00849098       0x30 d:/altera/13.0sp1/nios2eds/bin/gnu/h-i686-mingw32/bin/../lib/gcc/nios2-elf/4.1.2/../../../../nios2-elf/lib\libc.a(lib_a-locale.o)
 .rodata        0x008490c8      0x124 d:/altera/13.0sp1/nios2eds/bin/gnu/h-i686-mingw32/bin/../lib/gcc/nios2-elf/4.1.2/../../../../nios2-elf/lib\libc.a(lib_a-mprec.o)
                0x008490c8                __mprec_tens
                0x00849190                __mprec_bigtens
                0x008491b8                __mprec_tinytens
 .rodata        0x008491ec       0x14 ../fir_bsp/\libucosii_bsp.a(alt_main.o)
 .rodata        0x00849200      0x120 ../fir_bsp/\libucosii_bsp.a(os_core.o)
                0x00849200                OSUnMapTbl
 .rodata        0x00849320       0x60 ../fir_bsp/\libucosii_bsp.a(alt_sys_init.o)
 .rodata        0x00849380       0xd8 ../fir_bsp/\libucosii_bsp.a(ipnet.o)
 .rodata        0x00849458       0xec ../fir_bsp/\libucosii_bsp.a(ipstart.o)
 .rodata        0x00849544      0x54c ../fir_bsp/\libucosii_bsp.a(igmp_cmn.o)
 .rodata        0x00849a90       0xb8 ../fir_bsp/\libucosii_bsp.a(in_utils.o)
 .rodata        0x00849b48       0x34 ../fir_bsp/\libucosii_bsp.a(netmain.o)
 .rodata        0x00849b7c       0x94 ../fir_bsp/\libucosii_bsp.a(parseip.o)
 .rodata        0x00849c10      0x1a8 ../fir_bsp/\libucosii_bsp.a(tk_crnos.o)
 .rodata        0x00849db8        0x8 ../fir_bsp/\libucosii_bsp.a(dhcpclnt.o)
 .rodata        0x00849dc0      0x118 ../fir_bsp/\libucosii_bsp.a(pktalloc.o)
 .rodata        0x00849ed8       0x84 ../fir_bsp/\libucosii_bsp.a(udp_open.o)
 .rodata        0x00849f5c       0x2c ../fir_bsp/\libucosii_bsp.a(brdutils.o)
 .rodata        0x00849f88      0x26c ../fir_bsp/\libucosii_bsp.a(osportco.o)
 .rodata        0x0084a1f4       0xa0 ../fir_bsp/\libucosii_bsp.a(targnios.o)
 .rodata        0x0084a294       0x90 ../fir_bsp/\libucosii_bsp.a(nptcp.o)
 .rodata        0x0084a324        0x8 ../fir_bsp/\libucosii_bsp.a(sockcall.o)
 .rodata        0x0084a32c       0x50 ../fir_bsp/\libucosii_bsp.a(socket.o)
 .rodata        0x0084a37c       0x40 ../fir_bsp/\libucosii_bsp.a(socket2.o)
 .rodata        0x0084a3bc       0x20 ../fir_bsp/\libucosii_bsp.a(tcp_in.o)
 .rodata        0x0084a3dc       0x40 ../fir_bsp/\libucosii_bsp.a(tcp_out.o)
 .rodata        0x0084a41c       0x24 ../fir_bsp/\libucosii_bsp.a(tcp_subr.o)
 .rodata        0x0084a440       0x2c ../fir_bsp/\libucosii_bsp.a(tcp_usr.o)
 .rodata        0x0084a46c        0xc ../fir_bsp/\libucosii_bsp.a(alt_dev.o)
 .rodata        0x0084a478        0x4 ../fir_bsp/\libucosii_bsp.a(os_cpu_c.o)
 .rodata        0x0084a47c      0x1d4 ../fir_bsp/\libucosii_bsp.a(allports.o)
 .rodata        0x0084a650       0x34 ../fir_bsp/\libucosii_bsp.a(tk_misc.o)
 .rodata        0x0084a684       0x44 ../fir_bsp/\libucosii_bsp.a(et_arp.o)
 .rodata        0x0084a6c8      0x1dc ../fir_bsp/\libucosii_bsp.a(ip.o)
 .rodata        0x0084a8a4      0x158 ../fir_bsp/\libucosii_bsp.a(ip_reasm.o)
 .rodata        0x0084a9fc      0x120 ../fir_bsp/\libucosii_bsp.a(ipdemux.o)
 .rodata        0x0084ab1c       0x34 ../fir_bsp/\libucosii_bsp.a(ipport.o)
 .rodata        0x0084ab50       0x24 ../fir_bsp/\libucosii_bsp.a(ipraw.o)
 .rodata        0x0084ab74       0x38 ../fir_bsp/\libucosii_bsp.a(iproute.o)
 .rodata        0x0084abac       0xe8 ../fir_bsp/\libucosii_bsp.a(udp.o)
 .rodata        0x0084ac94      0x2d0 ../fir_bsp/\libucosii_bsp.a(u_mctest.o)
 .rodata        0x0084af64       0xf8 ../fir_bsp/\libucosii_bsp.a(dhcsetup.o)
 .rodata        0x0084b05c       0x34 ../fir_bsp/\libucosii_bsp.a(vfsfiles.o)
 .rodata        0x0084b090      0x318 ../fir_bsp/\libucosii_bsp.a(icmp.o)
 *(.rodata1)
                0x0084b3a8                . = ALIGN (0x4)
                0x0084b3a8                PROVIDE (__ram_rodata_end, ABSOLUTE (.))
                0x00847168                PROVIDE (__flash_rodata_start, LOADADDR (.rodata))

.rwdata         0x0084b3a8     0x213c
                0x0084b3a8                PROVIDE (__ram_rwdata_start, ABSOLUTE (.))
                0x0084b3a8                . = ALIGN (0x4)
 *(.got.plt)
 *(.got)
 *(.data1)
 *(.data .data.* .gnu.linkonce.d.*)
 .data          0x0084b3a8        0x0 ../fir_bsp//obj/HAL/src/crt0.o
 .data          0x0084b3a8        0x0 obj/default/LCD.o
 .data          0x0084b3a8        0x0 obj/default/SSS_DE2_115.o
 .data          0x0084b3a8        0x0 obj/default/alt_error_handler.o
 .data          0x0084b3a8        0x0 obj/default/dm9000a.o
 .data          0x0084b3a8       0x18 obj/default/iniche_init.o
                0x0084b3a8                ssstask
 .data          0x0084b3c0        0x0 obj/default/led.o
 .data          0x0084b3c0        0x0 obj/default/network_utilities.o
 .data          0x0084b3c0        0x0 obj/default/simple_socket_server.o
 .data          0x0084b3c0        0x0 obj/default/tse_my_system.o
 .data          0x0084b3c0        0x0 d:/altera/13.0sp1/nios2eds/bin/gnu/h-i686-mingw32/bin/../lib/gcc/nios2-elf/4.1.2\libgcc.a(_fixunsdfsi.o)
 .data          0x0084b3c0        0x0 d:/altera/13.0sp1/nios2eds/bin/gnu/h-i686-mingw32/bin/../lib/gcc/nios2-elf/4.1.2\libgcc.a(_addsub_df.o)
 .data          0x0084b3c0        0x0 d:/altera/13.0sp1/nios2eds/bin/gnu/h-i686-mingw32/bin/../lib/gcc/nios2-elf/4.1.2\libgcc.a(_mul_df.o)
 .data          0x0084b3c0        0x0 d:/altera/13.0sp1/nios2eds/bin/gnu/h-i686-mingw32/bin/../lib/gcc/nios2-elf/4.1.2\libgcc.a(_ge_df.o)
 .data          0x0084b3c0        0x0 d:/altera/13.0sp1/nios2eds/bin/gnu/h-i686-mingw32/bin/../lib/gcc/nios2-elf/4.1.2\libgcc.a(_df_to_si.o)
 .data          0x0084b3c0        0x0 d:/altera/13.0sp1/nios2eds/bin/gnu/h-i686-mingw32/bin/../lib/gcc/nios2-elf/4.1.2\libgcc.a(_thenan_df.o)
 .data          0x0084b3c0        0x0 d:/altera/13.0sp1/nios2eds/bin/gnu/h-i686-mingw32/bin/../lib/gcc/nios2-elf/4.1.2\libgcc.a(_usi_to_df.o)
 .data          0x0084b3c0        0x0 d:/altera/13.0sp1/nios2eds/bin/gnu/h-i686-mingw32/bin/../lib/gcc/nios2-elf/4.1.2\libgcc.a(_muldi3.o)
 .data          0x0084b3c0        0x0 d:/altera/13.0sp1/nios2eds/bin/gnu/h-i686-mingw32/bin/../lib/gcc/nios2-elf/4.1.2\libgcc.a(_clzsi2.o)
 .data          0x0084b3c0        0x0 d:/altera/13.0sp1/nios2eds/bin/gnu/h-i686-mingw32/bin/../lib/gcc/nios2-elf/4.1.2\libgcc.a(_pack_df.o)
 .data          0x0084b3c0        0x0 d:/altera/13.0sp1/nios2eds/bin/gnu/h-i686-mingw32/bin/../lib/gcc/nios2-elf/4.1.2\libgcc.a(_unpack_df.o)
 .data          0x0084b3c0        0x0 d:/altera/13.0sp1/nios2eds/bin/gnu/h-i686-mingw32/bin/../lib/gcc/nios2-elf/4.1.2\libgcc.a(_fpcmp_parts_df.o)
 .data          0x0084b3c0        0x0 d:/altera/13.0sp1/nios2eds/bin/gnu/h-i686-mingw32/bin/../lib/gcc/nios2-elf/4.1.2\libgcc.a(_clz.o)
 .data          0x0084b3c0        0x0 d:/altera/13.0sp1/nios2eds/bin/gnu/h-i686-mingw32/bin/../lib/gcc/nios2-elf/4.1.2/../../../../nios2-elf/lib\libc.a(lib_a-ctype_.o)
 .data          0x0084b3c0        0x0 d:/altera/13.0sp1/nios2eds/bin/gnu/h-i686-mingw32/bin/../lib/gcc/nios2-elf/4.1.2/../../../../nios2-elf/lib\libc.a(lib_a-exit.o)
 .data          0x0084b3c0        0x0 d:/altera/13.0sp1/nios2eds/bin/gnu/h-i686-mingw32/bin/../lib/gcc/nios2-elf/4.1.2/../../../../nios2-elf/lib\libc.a(lib_a-fprintf.o)
 .data          0x0084b3c0        0x0 d:/altera/13.0sp1/nios2eds/bin/gnu/h-i686-mingw32/bin/../lib/gcc/nios2-elf/4.1.2/../../../../nios2-elf/lib\libc.a(lib_a-fwrite.o)
 .data          0x0084b3c0        0x0 d:/altera/13.0sp1/nios2eds/bin/gnu/h-i686-mingw32/bin/../lib/gcc/nios2-elf/4.1.2/../../../../nios2-elf/lib\libc.a(lib_a-getc.o)
 .data          0x0084b3c0      0x400 d:/altera/13.0sp1/nios2eds/bin/gnu/h-i686-mingw32/bin/../lib/gcc/nios2-elf/4.1.2/../../../../nios2-elf/lib\libc.a(lib_a-impure.o)
 .data          0x0084b7c0        0x0 d:/altera/13.0sp1/nios2eds/bin/gnu/h-i686-mingw32/bin/../lib/gcc/nios2-elf/4.1.2/../../../../nios2-elf/lib\libc.a(lib_a-malloc.o)
 .data          0x0084b7c0      0x408 d:/altera/13.0sp1/nios2eds/bin/gnu/h-i686-mingw32/bin/../lib/gcc/nios2-elf/4.1.2/../../../../nios2-elf/lib\libc.a(lib_a-mallocr.o)
                0x0084b7c0                __malloc_av_
 .data          0x0084bbc8        0x0 d:/altera/13.0sp1/nios2eds/bin/gnu/h-i686-mingw32/bin/../lib/gcc/nios2-elf/4.1.2/../../../../nios2-elf/lib\libc.a(lib_a-memcpy.o)
 .data          0x0084bbc8        0x0 d:/altera/13.0sp1/nios2eds/bin/gnu/h-i686-mingw32/bin/../lib/gcc/nios2-elf/4.1.2/../../../../nios2-elf/lib\libc.a(lib_a-memmove.o)
 .data          0x0084bbc8        0x0 d:/altera/13.0sp1/nios2eds/bin/gnu/h-i686-mingw32/bin/../lib/gcc/nios2-elf/4.1.2/../../../../nios2-elf/lib\libc.a(lib_a-memset.o)
 .data          0x0084bbc8        0x0 d:/altera/13.0sp1/nios2eds/bin/gnu/h-i686-mingw32/bin/../lib/gcc/nios2-elf/4.1.2/../../../../nios2-elf/lib\libc.a(lib_a-perror.o)
 .data          0x0084bbc8        0x0 d:/altera/13.0sp1/nios2eds/bin/gnu/h-i686-mingw32/bin/../lib/gcc/nios2-elf/4.1.2/../../../../nios2-elf/lib\libc.a(lib_a-printf.o)
 .data          0x0084bbc8        0x0 d:/altera/13.0sp1/nios2eds/bin/gnu/h-i686-mingw32/bin/../lib/gcc/nios2-elf/4.1.2/../../../../nios2-elf/lib\libc.a(lib_a-putc.o)
 .data          0x0084bbc8        0x0 d:/altera/13.0sp1/nios2eds/bin/gnu/h-i686-mingw32/bin/../lib/gcc/nios2-elf/4.1.2/../../../../nios2-elf/lib\libc.a(lib_a-putchar.o)
 .data          0x0084bbc8        0x0 d:/altera/13.0sp1/nios2eds/bin/gnu/h-i686-mingw32/bin/../lib/gcc/nios2-elf/4.1.2/../../../../nios2-elf/lib\libc.a(lib_a-puts.o)
 .data          0x0084bbc8        0x0 d:/altera/13.0sp1/nios2eds/bin/gnu/h-i686-mingw32/bin/../lib/gcc/nios2-elf/4.1.2/../../../../nios2-elf/lib\libc.a(lib_a-rget.o)
 .data          0x0084bbc8        0x0 d:/altera/13.0sp1/nios2eds/bin/gnu/h-i686-mingw32/bin/../lib/gcc/nios2-elf/4.1.2/../../../../nios2-elf/lib\libc.a(lib_a-sbrkr.o)
 .data          0x0084bbc8        0x0 d:/altera/13.0sp1/nios2eds/bin/gnu/h-i686-mingw32/bin/../lib/gcc/nios2-elf/4.1.2/../../../../nios2-elf/lib\libc.a(lib_a-sprintf.o)
 .data          0x0084bbc8        0x0 d:/altera/13.0sp1/nios2eds/bin/gnu/h-i686-mingw32/bin/../lib/gcc/nios2-elf/4.1.2/../../../../nios2-elf/lib\libc.a(lib_a-strchr.o)
 .data          0x0084bbc8        0x0 d:/altera/13.0sp1/nios2eds/bin/gnu/h-i686-mingw32/bin/../lib/gcc/nios2-elf/4.1.2/../../../../nios2-elf/lib\libc.a(lib_a-strerror.o)
 .data          0x0084bbc8        0x0 d:/altera/13.0sp1/nios2eds/bin/gnu/h-i686-mingw32/bin/../lib/gcc/nios2-elf/4.1.2/../../../../nios2-elf/lib\libc.a(lib_a-strlen.o)
 .data          0x0084bbc8        0x0 d:/altera/13.0sp1/nios2eds/bin/gnu/h-i686-mingw32/bin/../lib/gcc/nios2-elf/4.1.2/../../../../nios2-elf/lib\libc.a(lib_a-strtol.o)
 .data          0x0084bbc8        0x0 d:/altera/13.0sp1/nios2eds/bin/gnu/h-i686-mingw32/bin/../lib/gcc/nios2-elf/4.1.2/../../../../nios2-elf/lib\libc.a(lib_a-u_strerr.o)
 .data          0x0084bbc8        0x0 d:/altera/13.0sp1/nios2eds/bin/gnu/h-i686-mingw32/bin/../lib/gcc/nios2-elf/4.1.2/../../../../nios2-elf/lib\libc.a(lib_a-vfprintf.o)
 .data          0x0084bbc8        0x0 d:/altera/13.0sp1/nios2eds/bin/gnu/h-i686-mingw32/bin/../lib/gcc/nios2-elf/4.1.2/../../../../nios2-elf/lib\libc.a(lib_a-wbuf.o)
 .data          0x0084bbc8        0x0 d:/altera/13.0sp1/nios2eds/bin/gnu/h-i686-mingw32/bin/../lib/gcc/nios2-elf/4.1.2/../../../../nios2-elf/lib\libc.a(lib_a-wsetup.o)
 .data          0x0084bbc8        0x0 d:/altera/13.0sp1/nios2eds/bin/gnu/h-i686-mingw32/bin/../lib/gcc/nios2-elf/4.1.2/../../../../nios2-elf/lib\libc.a(lib_a-__call_atexit.o)
 .data          0x0084bbc8        0x0 d:/altera/13.0sp1/nios2eds/bin/gnu/h-i686-mingw32/bin/../lib/gcc/nios2-elf/4.1.2/../../../../nios2-elf/lib\libc.a(lib_a-dtoa.o)
 .data          0x0084bbc8        0x0 d:/altera/13.0sp1/nios2eds/bin/gnu/h-i686-mingw32/bin/../lib/gcc/nios2-elf/4.1.2/../../../../nios2-elf/lib\libc.a(lib_a-fflush.o)
 .data          0x0084bbc8        0x0 d:/altera/13.0sp1/nios2eds/bin/gnu/h-i686-mingw32/bin/../lib/gcc/nios2-elf/4.1.2/../../../../nios2-elf/lib\libc.a(lib_a-findfp.o)
 .data          0x0084bbc8        0x0 d:/altera/13.0sp1/nios2eds/bin/gnu/h-i686-mingw32/bin/../lib/gcc/nios2-elf/4.1.2/../../../../nios2-elf/lib\libc.a(lib_a-fputc.o)
 .data          0x0084bbc8        0x0 d:/altera/13.0sp1/nios2eds/bin/gnu/h-i686-mingw32/bin/../lib/gcc/nios2-elf/4.1.2/../../../../nios2-elf/lib\libc.a(lib_a-fputs.o)
 .data          0x0084bbc8        0x0 d:/altera/13.0sp1/nios2eds/bin/gnu/h-i686-mingw32/bin/../lib/gcc/nios2-elf/4.1.2/../../../../nios2-elf/lib\libc.a(lib_a-freer.o)
 .data          0x0084bbc8        0x0 d:/altera/13.0sp1/nios2eds/bin/gnu/h-i686-mingw32/bin/../lib/gcc/nios2-elf/4.1.2/../../../../nios2-elf/lib\libc.a(lib_a-fvwrite.o)
 .data          0x0084bbc8        0x0 d:/altera/13.0sp1/nios2eds/bin/gnu/h-i686-mingw32/bin/../lib/gcc/nios2-elf/4.1.2/../../../../nios2-elf/lib\libc.a(lib_a-fwalk.o)
 .data          0x0084bbc8        0x0 d:/altera/13.0sp1/nios2eds/bin/gnu/h-i686-mingw32/bin/../lib/gcc/nios2-elf/4.1.2/../../../../nios2-elf/lib\libc.a(lib_a-int_errno.o)
 .data          0x0084bbc8        0xc d:/altera/13.0sp1/nios2eds/bin/gnu/h-i686-mingw32/bin/../lib/gcc/nios2-elf/4.1.2/../../../../nios2-elf/lib\libc.a(lib_a-locale.o)
                0x0084bbc8                __lc_ctype
 .data          0x0084bbd4        0x0 d:/altera/13.0sp1/nios2eds/bin/gnu/h-i686-mingw32/bin/../lib/gcc/nios2-elf/4.1.2/../../../../nios2-elf/lib\libc.a(lib_a-makebuf.o)
 .data          0x0084bbd4        0x0 d:/altera/13.0sp1/nios2eds/bin/gnu/h-i686-mingw32/bin/../lib/gcc/nios2-elf/4.1.2/../../../../nios2-elf/lib\libc.a(lib_a-memchr.o)
 .data          0x0084bbd4        0x0 d:/altera/13.0sp1/nios2eds/bin/gnu/h-i686-mingw32/bin/../lib/gcc/nios2-elf/4.1.2/../../../../nios2-elf/lib\libc.a(lib_a-mprec.o)
 .data          0x0084bbd4        0x0 d:/altera/13.0sp1/nios2eds/bin/gnu/h-i686-mingw32/bin/../lib/gcc/nios2-elf/4.1.2/../../../../nios2-elf/lib\libc.a(lib_a-reallocr.o)
 .data          0x0084bbd4        0x0 d:/altera/13.0sp1/nios2eds/bin/gnu/h-i686-mingw32/bin/../lib/gcc/nios2-elf/4.1.2/../../../../nios2-elf/lib\libc.a(lib_a-refill.o)
 .data          0x0084bbd4        0x0 d:/altera/13.0sp1/nios2eds/bin/gnu/h-i686-mingw32/bin/../lib/gcc/nios2-elf/4.1.2/../../../../nios2-elf/lib\libc.a(lib_a-s_isinfd.o)
 .data          0x0084bbd4        0x0 d:/altera/13.0sp1/nios2eds/bin/gnu/h-i686-mingw32/bin/../lib/gcc/nios2-elf/4.1.2/../../../../nios2-elf/lib\libc.a(lib_a-s_isnand.o)
 .data          0x0084bbd4        0x0 d:/altera/13.0sp1/nios2eds/bin/gnu/h-i686-mingw32/bin/../lib/gcc/nios2-elf/4.1.2/../../../../nios2-elf/lib\libc.a(lib_a-stdio.o)
 .data          0x0084bbd4        0x0 d:/altera/13.0sp1/nios2eds/bin/gnu/h-i686-mingw32/bin/../lib/gcc/nios2-elf/4.1.2/../../../../nios2-elf/lib\libc.a(lib_a-strcmp.o)
 .data          0x0084bbd4        0x0 d:/altera/13.0sp1/nios2eds/bin/gnu/h-i686-mingw32/bin/../lib/gcc/nios2-elf/4.1.2/../../../../nios2-elf/lib\libc.a(lib_a-writer.o)
 .data          0x0084bbd4        0x0 d:/altera/13.0sp1/nios2eds/bin/gnu/h-i686-mingw32/bin/../lib/gcc/nios2-elf/4.1.2/../../../../nios2-elf/lib\libc.a(lib_a-callocr.o)
 .data          0x0084bbd4        0x0 d:/altera/13.0sp1/nios2eds/bin/gnu/h-i686-mingw32/bin/../lib/gcc/nios2-elf/4.1.2/../../../../nios2-elf/lib\libc.a(lib_a-closer.o)
 .data          0x0084bbd4        0x0 d:/altera/13.0sp1/nios2eds/bin/gnu/h-i686-mingw32/bin/../lib/gcc/nios2-elf/4.1.2/../../../../nios2-elf/lib\libc.a(lib_a-fclose.o)
 .data          0x0084bbd4        0x0 d:/altera/13.0sp1/nios2eds/bin/gnu/h-i686-mingw32/bin/../lib/gcc/nios2-elf/4.1.2/../../../../nios2-elf/lib\libc.a(lib_a-fstatr.o)
 .data          0x0084bbd4        0x0 d:/altera/13.0sp1/nios2eds/bin/gnu/h-i686-mingw32/bin/../lib/gcc/nios2-elf/4.1.2/../../../../nios2-elf/lib\libc.a(lib_a-isattyr.o)
 .data          0x0084bbd4        0x0 d:/altera/13.0sp1/nios2eds/bin/gnu/h-i686-mingw32/bin/../lib/gcc/nios2-elf/4.1.2/../../../../nios2-elf/lib\libc.a(lib_a-lseekr.o)
 .data          0x0084bbd4        0x0 d:/altera/13.0sp1/nios2eds/bin/gnu/h-i686-mingw32/bin/../lib/gcc/nios2-elf/4.1.2/../../../../nios2-elf/lib\libc.a(lib_a-readr.o)