Archive member included because of file (symbol)

d:/altera/13.0sp1/nios2eds/bin/gnu/h-i686-mingw32/bin/../lib/gcc/nios2-elf/4.1.2\libgcc.a(_fixunsdfsi.o)
                              obj/default/dm9000a.o (__fixunsdfsi)
d:/altera/13.0sp1/nios2eds/bin/gnu/h-i686-mingw32/bin/../lib/gcc/nios2-elf/4.1.2\libgcc.a(_addsub_df.o)
                              d:/altera/13.0sp1/nios2eds/bin/gnu/h-i686-mingw32/bin/../lib/gcc/nios2-elf/4.1.2\libgcc.a(_fixunsdfsi.o) (__subdf3)
d:/altera/13.0sp1/nios2eds/bin/gnu/h-i686-mingw32/bin/../lib/gcc/nios2-elf/4.1.2\libgcc.a(_mul_df.o)
                              obj/default/dm9000a.o (__muldf3)
d:/altera/13.0sp1/nios2eds/bin/gnu/h-i686-mingw32/bin/../lib/gcc/nios2-elf/4.1.2\libgcc.a(_ge_df.o)
                              d:/altera/13.0sp1/nios2eds/bin/gnu/h-i686-mingw32/bin/../lib/gcc/nios2-elf/4.1.2\libgcc.a(_fixunsdfsi.o) (__gedf2)
d:/altera/13.0sp1/nios2eds/bin/gnu/h-i686-mingw32/bin/../lib/gcc/nios2-elf/4.1.2\libgcc.a(_df_to_si.o)
                              d:/altera/13.0sp1/nios2eds/bin/gnu/h-i686-mingw32/bin/../lib/gcc/nios2-elf/4.1.2\libgcc.a(_fixunsdfsi.o) (__fixdfsi)
d:/altera/13.0sp1/nios2eds/bin/gnu/h-i686-mingw32/bin/../lib/gcc/nios2-elf/4.1.2\libgcc.a(_thenan_df.o)
                              d:/altera/13.0sp1/nios2eds/bin/gnu/h-i686-mingw32/bin/../lib/gcc/nios2-elf/4.1.2\libgcc.a(_addsub_df.o) (__thenan_df)
d:/altera/13.0sp1/nios2eds/bin/gnu/h-i686-mingw32/bin/../lib/gcc/nios2-elf/4.1.2\libgcc.a(_usi_to_df.o)
                              obj/default/dm9000a.o (__floatunsidf)
d:/altera/13.0sp1/nios2eds/bin/gnu/h-i686-mingw32/bin/../lib/gcc/nios2-elf/4.1.2\libgcc.a(_muldi3.o)
                              d:/altera/13.0sp1/nios2eds/bin/gnu/h-i686-mingw32/bin/../lib/gcc/nios2-elf/4.1.2\libgcc.a(_mul_df.o) (__muldi3)
d:/altera/13.0sp1/nios2eds/bin/gnu/h-i686-mingw32/bin/../lib/gcc/nios2-elf/4.1.2\libgcc.a(_clzsi2.o)
                              d:/altera/13.0sp1/nios2eds/bin/gnu/h-i686-mingw32/bin/../lib/gcc/nios2-elf/4.1.2\libgcc.a(_usi_to_df.o) (__clzsi2)
d:/altera/13.0sp1/nios2eds/bin/gnu/h-i686-mingw32/bin/../lib/gcc/nios2-elf/4.1.2\libgcc.a(_pack_df.o)
                              d:/altera/13.0sp1/nios2eds/bin/gnu/h-i686-mingw32/bin/../lib/gcc/nios2-elf/4.1.2\libgcc.a(_addsub_df.o) (__pack_d)
d:/altera/13.0sp1/nios2eds/bin/gnu/h-i686-mingw32/bin/../lib/gcc/nios2-elf/4.1.2\libgcc.a(_unpack_df.o)
                              d:/altera/13.0sp1/nios2eds/bin/gnu/h-i686-mingw32/bin/../lib/gcc/nios2-elf/4.1.2\libgcc.a(_addsub_df.o) (__unpack_d)
d:/altera/13.0sp1/nios2eds/bin/gnu/h-i686-mingw32/bin/../lib/gcc/nios2-elf/4.1.2\libgcc.a(_fpcmp_parts_df.o)
                              d:/altera/13.0sp1/nios2eds/bin/gnu/h-i686-mingw32/bin/../lib/gcc/nios2-elf/4.1.2\libgcc.a(_ge_df.o) (__fpcmp_parts_d)
d:/altera/13.0sp1/nios2eds/bin/gnu/h-i686-mingw32/bin/../lib/gcc/nios2-elf/4.1.2\libgcc.a(_clz.o)
                              d:/altera/13.0sp1/nios2eds/bin/gnu/h-i686-mingw32/bin/../lib/gcc/nios2-elf/4.1.2\libgcc.a(_clzsi2.o) (__clz_tab)
d:/altera/13.0sp1/nios2eds/bin/gnu/h-i686-mingw32/bin/../lib/gcc/nios2-elf/4.1.2/../../../../nios2-elf/lib\libc.a(lib_a-ctype_.o)
                              obj/default/network_utilities.o (__ctype_ptr)
d:/altera/13.0sp1/nios2eds/bin/gnu/h-i686-mingw32/bin/../lib/gcc/nios2-elf/4.1.2/../../../../nios2-elf/lib\libc.a(lib_a-exit.o)
                              obj/default/iniche_init.o (exit)
d:/altera/13.0sp1/nios2eds/bin/gnu/h-i686-mingw32/bin/../lib/gcc/nios2-elf/4.1.2/../../../../nios2-elf/lib\libc.a(lib_a-fprintf.o)
                              obj/default/alt_error_handler.o (fprintf)
d:/altera/13.0sp1/nios2eds/bin/gnu/h-i686-mingw32/bin/../lib/gcc/nios2-elf/4.1.2/../../../../nios2-elf/lib\libc.a(lib_a-fwrite.o)
                              obj/default/alt_error_handler.o (fwrite)
d:/altera/13.0sp1/nios2eds/bin/gnu/h-i686-mingw32/bin/../lib/gcc/nios2-elf/4.1.2/../../../../nios2-elf/lib\libc.a(lib_a-getc.o)
                              obj/default/network_utilities.o (getc)
d:/altera/13.0sp1/nios2eds/bin/gnu/h-i686-mingw32/bin/../lib/gcc/nios2-elf/4.1.2/../../../../nios2-elf/lib\libc.a(lib_a-impure.o)
                              obj/default/alt_error_handler.o (_impure_ptr)
d:/altera/13.0sp1/nios2eds/bin/gnu/h-i686-mingw32/bin/../lib/gcc/nios2-elf/4.1.2/../../../../nios2-elf/lib\libc.a(lib_a-malloc.o)
                              obj/default/iniche_init.o (malloc)
d:/altera/13.0sp1/nios2eds/bin/gnu/h-i686-mingw32/bin/../lib/gcc/nios2-elf/4.1.2/../../../../nios2-elf/lib\libc.a(lib_a-mallocr.o)
                              d:/altera/13.0sp1/nios2eds/bin/gnu/h-i686-mingw32/bin/../lib/gcc/nios2-elf/4.1.2/../../../../nios2-elf/lib\libc.a(lib_a-malloc.o) (_malloc_r)
d:/altera/13.0sp1/nios2eds/bin/gnu/h-i686-mingw32/bin/../lib/gcc/nios2-elf/4.1.2/../../../../nios2-elf/lib\libc.a(lib_a-memcpy.o)
                              obj/default/iniche_init.o (memcpy)
[...]
Memory Configuration

Name             Origin             Length             Attributes
sdram_0_BEFORE_EXCEPTION 0x00800000         0x00000020
sdram_0          0x00800020         0x007fffe0
reset            0x01400000         0x00000020
cfi_flash_0      0x01400020         0x003fffe0
sram_0           0x01a00000         0x00080000
epcs_controller  0x01a81800         0x00000800
*default*        0x00000000         0xffffffff

Linker script and memory map

LOAD ../fir_bsp//obj/HAL/src/crt0.o
LOAD obj/default/LCD.o
LOAD obj/default/SSS_DE2_115.o
LOAD obj/default/alt_error_handler.o
LOAD obj/default/dm9000a.o
LOAD obj/default/iniche_init.o
LOAD obj/default/led.o
LOAD obj/default/network_utilities.o
LOAD obj/default/simple_socket_server.o
LOAD obj/default/tse_my_system.o
LOAD d:/altera/13.0sp1/nios2eds/bin/gnu/h-i686-mingw32/bin/../lib/gcc/nios2-elf/4.1.2/../../../../nios2-elf/lib\libstdc++.a
LOAD d:/altera/13.0sp1/nios2eds/bin/gnu/h-i686-mingw32/bin/../lib/gcc/nios2-elf/4.1.2/../../../../nios2-elf/lib\libm.a
LOAD d:/altera/13.0sp1/nios2eds/bin/gnu/h-i686-mingw32/bin/../lib/gcc/nios2-elf/4.1.2\libgcc.a
START GROUP
LOAD d:/altera/13.0sp1/nios2eds/bin/gnu/h-i686-mingw32/bin/../lib/gcc/nios2-elf/4.1.2/../../../../nios2-elf/lib\libc.a
LOAD d:/altera/13.0sp1/nios2eds/bin/gnu/h-i686-mingw32/bin/../lib/gcc/nios2-elf/4.1.2\libgcc.a
LOAD ../fir_bsp/\libucosii_bsp.a
END GROUP
LOAD d:/altera/13.0sp1/nios2eds/bin/gnu/h-i686-mingw32/bin/../lib/gcc/nios2-elf/4.1.2\libgcc.a
                0x00800000                __alt_mem_sdram_0 = 0x800000
                0x01400000                __alt_mem_cfi_flash_0 = 0x1400000
                0x01a00000                __alt_mem_sram_0 = 0x1a00000
                0x01a81800                __alt_mem_epcs_controller = 0x1a81800

.entry          0x01400000        0x0
 *(.entry)
 .entry         0x01400000        0x0 ../fir_bsp//obj/HAL/src/crt0.o
                0x01400000                __reset

.exceptions     0x00800020      0x19c
                0x00800020                PROVIDE (__ram_exceptions_start, ABSOLUTE (.))
                0x00800020                . = ALIGN (0x20)
 *(.irq)
 *(.exceptions.entry.label)
 .exceptions.entry.label
                0x00800020        0x0 ../fir_bsp/\libucosii_bsp.a(alt_irq_entry.o)
                0x00800020                alt_irq_entry
 .exceptions.entry.label
                0x00800020        0x0 ../fir_bsp/\libucosii_bsp.a(alt_exception_entry.o)
                0x00800020                alt_exception
 *(.exceptions.entry.user)
 *(.exceptions.entry)
 .exceptions.entry
                0x00800020       0x54 ../fir_bsp/\libucosii_bsp.a(alt_exception_entry.o)
 *(.exceptions.irqtest.user)
 *(.exceptions.irqtest)
 .exceptions.irqtest
                0x00800074       0x10 ../fir_bsp/\libucosii_bsp.a(alt_irq_entry.o)
 *(.exceptions.irqhandler.user)
 *(.exceptions.irqhandler)
 .exceptions.irqhandler
                0x00800084        0x4 ../fir_bsp/\libucosii_bsp.a(alt_irq_entry.o)
 *(.exceptions.irqreturn.user)
 *(.exceptions.irqreturn)
 .exceptions.irqreturn
                0x00800088        0x4 ../fir_bsp/\libucosii_bsp.a(alt_irq_entry.o)
 *(.exceptions.notirq.label)
 .exceptions.notirq.label
                0x0080008c        0x0 ../fir_bsp/\libucosii_bsp.a(alt_irq_entry.o)
 *(.exceptions.notirq.user)
 *(.exceptions.notirq)
 .exceptions.notirq
                0x0080008c        0x8 ../fir_bsp/\libucosii_bsp.a(alt_exception_entry.o)
 *(.exceptions.soft.user)
 *(.exceptions.soft)
 *(.exceptions.unknown.user)
 *(.exceptions.unknown)
 .exceptions.unknown
                0x00800094        0x4 ../fir_bsp/\libucosii_bsp.a(alt_exception_entry.o)
 *(.exceptions.exit.label)
 .exceptions.exit.label
                0x00800098        0x0 ../fir_bsp/\libucosii_bsp.a(alt_irq_entry.o)
 .exceptions.exit.label
                0x00800098        0x0 ../fir_bsp/\libucosii_bsp.a(alt_exception_entry.o)
 *(.exceptions.exit.user)
 *(.exceptions.exit)
 .exceptions.exit
                0x00800098       0x54 ../fir_bsp/\libucosii_bsp.a(alt_exception_entry.o)
 *(.exceptions)
 .exceptions    0x008000ec       0xd0 ../fir_bsp/\libucosii_bsp.a(alt_irq_handler.o)
                0x008000ec                alt_irq_handler
                0x008001bc                PROVIDE (__ram_exceptions_end, ABSOLUTE (.))
                0x00800020                PROVIDE (__flash_exceptions_start, LOADADDR (.exceptions))

.text           0x008001bc    0x46d9c
                0x008001bc                PROVIDE (stext, ABSOLUTE (.))
 *(.interp)
 *(.hash)
 *(.dynsym)
 *(.dynstr)
 *(.gnu.version)
 *(.gnu.version_d)
 *(.gnu.version_r)
 *(.rel.init)
 *(.rela.init)
 *(.rel.text .rel.text.* .rel.gnu.linkonce.t.*)
 *(.rela.text .rela.text.* .rela.gnu.linkonce.t.*)
 *(.rel.fini)
 *(.rela.fini)
 *(.rel.rodata .rel.rodata.* .rel.gnu.linkonce.r.*)
 *(.rela.rodata .rela.rodata.* .rela.gnu.linkonce.r.*)
 *(.rel.data .rel.data.* .rel.gnu.linkonce.d.*)
 *(.rela.data .rela.data.* .rela.gnu.linkonce.d.*)
 *(.rel.tdata .rel.tdata.* .rel.gnu.linkonce.td.*)
 *(.rela.tdata .rela.tdata.* .rela.gnu.linkonce.td.*)
 *(.rel.tbss .rel.tbss.* .rel.gnu.linkonce.tb.*)
 *(.rela.tbss .rela.tbss.* .rela.gnu.linkonce.tb.*)
 *(.rel.ctors)
 *(.rela.ctors)
 *(.rel.dtors)
 *(.rela.dtors)
 *(.rel.got)
 *(.rela.got)
 *(.rel.sdata .rel.sdata.* .rel.gnu.linkonce.s.*)
 *(.rela.sdata .rela.sdata.* .rela.gnu.linkonce.s.*)
 *(.rel.sbss .rel.sbss.* .rel.gnu.linkonce.sb.*)
 *(.rela.sbss .rela.sbss.* .rela.gnu.linkonce.sb.*)
 *(.rel.sdata2 .rel.sdata2.* .rel.gnu.linkonce.s2.*)
 *(.rela.sdata2 .rela.sdata2.* .rela.gnu.linkonce.s2.*)
 *(.rel.sbss2 .rel.sbss2.* .rel.gnu.linkonce.sb2.*)
 *(.rela.sbss2 .rela.sbss2.* .rela.gnu.linkonce.sb2.*)
 *(.rel.bss .rel.bss.* .rel.gnu.linkonce.b.*)
 *(.rela.bss .rela.bss.* .rela.gnu.linkonce.b.*)
 *(.rel.plt)
 *(.rela.plt)
 *(.rel.dyn)
 *(.init)
 *(.plt)
 *(.text .stub .text.* .gnu.linkonce.t.*)
 .text          0x008001bc       0x48 ../fir_bsp//obj/HAL/src/crt0.o
                0x008001bc                _start
 .text          0x00800204      0x31c obj/default/LCD.o
                0x00800204                LCD_Init
                0x008002a0                LCD_Show_Text
                0x00800328                LCD_Line2
                0x00800364                LCD_Line1
                0x008003a0                LCD_Clear
                0x008003dc                LCD_Test
 .text          0x00800520      0x2ec obj/default/SSS_DE2_115.o
                0x00800520                get_DE2_115_mac_addr
                0x008006c8                FindLastFlashSectorOffset
 .text          0x0080080c      0xba8 obj/default/alt_error_handler.o
                0x0080080c                alt_uCOSIIErrorHandler
                0x00800e30                alt_NetworkErrorHandler
                0x008010c8                alt_SSSErrorHandler
 .text          0x008013b4      0xe48 obj/default/dm9000a.o
                0x008013b4                dm9000a_iow
                0x00801408                dm9000a_ior
                0x00801454                phy_write
                0x008014f0                dm9000a_reset
                0x008016b4                TransmitPacket
                0x008017d0                prep_dm9000a
                0x008019ec                dm9000a_init
                0x00801e3c                dm9Ka_isr_wrap
                0x00801e7c                dm9ka_init
                0x00801f74                dm9ka_close
                0x00802084                dm9ka_stats
                0x008020e0                dm9ka_pkt_send
 .text          0x008021fc      0x48c obj/default/iniche_init.o
                0x008021fc                SSSInitialTask
                0x008022dc                main
                0x008023d8                str_length
                0x00802438                binaryTodecimal
                0x008024dc                decimal_to_binary
                0x008025c8                disp_7seg
 .text          0x00802688      0x324 obj/default/led.o
                0x00802688                led_bit_toggle
                0x00802754                LED7SegLightshowTask
                0x008027c8                LEDManagementTask
 .text          0x008029ac      0x73c obj/default/network_utilities.o
                0x008029ac                get_mac_addr
                0x00802a04                get_ip_addr
                0x00802a70                get_serial_number
                0x00802c4c                generate_and_store_mac_addr
                0x00802e18                generate_mac_addr
                0x00802f54                get_board_mac_addr
 .text          0x008030e8      0x9f8 obj/default/simple_socket_server.o
                0x008030e8                SSSCreateOSDataStructs
                0x00803190                SSSCreateTasks
                0x00803254                sss_reset_connection
                0x008032c4                sss_send_menu
                0x00803454                sss_handle_accept
                0x00803514                sss_exec_command
                0x00803688                sss_handle_receive
                0x00803874                SSSSimpleSocketServerTask
 .text          0x00803ae0        0x0 obj/default/tse_my_system.o
 .text          0x00803ae0       0xa4 d:/altera/13.0sp1/nios2eds/bin/gnu/h-i686-mingw32/bin/../lib/gcc/nios2-elf/4.1.2\libgcc.a(_fixunsdfsi.o)
                0x00803ae0                __fixunsdfsi
 .text          0x00803b84      0x504 d:/altera/13.0sp1/nios2eds/bin/gnu/h-i686-mingw32/bin/../lib/gcc/nios2-elf/4.1.2\libgcc.a(_addsub_df.o)
                0x00803f94                __subdf3
                0x00804014                __adddf3
 .text          0x00804088      0x3c4 d:/altera/13.0sp1/nios2eds/bin/gnu/h-i686-mingw32/bin/../lib/gcc/nios2-elf/4.1.2\libgcc.a(_mul_df.o)
                0x00804088                __muldf3
 .text          0x0080444c       0x88 d:/altera/13.0sp1/nios2eds/bin/gnu/h-i686-mingw32/bin/../lib/gcc/nios2-elf/4.1.2\libgcc.a(_ge_df.o)
                0x0080444c                __gedf2
 .text          0x008044d4       0xd8 d:/altera/13.0sp1/nios2eds/bin/gnu/h-i686-mingw32/bin/../lib/gcc/nios2-elf/4.1.2\libgcc.a(_df_to_si.o)
                0x008044d4                __fixdfsi
 .text          0x008045ac        0x0 d:/altera/13.0sp1/nios2eds/bin/gnu/h-i686-mingw32/bin/../lib/gcc/nios2-elf/4.1.2\libgcc.a(_thenan_df.o)
 .text          0x008045ac      0x194 d:/altera/13.0sp1/nios2eds/bin/gnu/h-i686-mingw32/bin/../lib/gcc/nios2-elf/4.1.2\libgcc.a(_usi_to_df.o)
                0x008045ac                __floatunsidf
 .text          0x00804740       0x98 d:/altera/13.0sp1/nios2eds/bin/gnu/h-i686-mingw32/bin/../lib/gcc/nios2-elf/4.1.2\libgcc.a(_muldi3.o)
                0x00804740                __muldi3
 .text          0x008047d8       0x80 d:/altera/13.0sp1/nios2eds/bin/gnu/h-i686-mingw32/bin/../lib/gcc/nios2-elf/4.1.2\libgcc.a(_clzsi2.o)
                0x008047d8                __clzsi2
 .text          0x00804858      0x314 d:/altera/13.0sp1/nios2eds/bin/gnu/h-i686-mingw32/bin/../lib/gcc/nios2-elf/4.1.2\libgcc.a(_pack_df.o)
                0x00804858                __pack_d
 .text          0x00804b6c      0x138 d:/altera/13.0sp1/nios2eds/bin/gnu/h-i686-mingw32/bin/../lib/gcc/nios2-elf/4.1.2\libgcc.a(_unpack_df.o)
                0x00804b6c                __unpack_d
 .text          0x00804ca4       0xc8 d:/altera/13.0sp1/nios2eds/bin/gnu/h-i686-mingw32/bin/../lib/gcc/nios2-elf/4.1.2\libgcc.a(_fpcmp_parts_df.o)
                0x00804ca4                __fpcmp_parts_d
 .text          0x00804d6c        0x0 d:/altera/13.0sp1/nios2eds/bin/gnu/h-i686-mingw32/bin/../lib/gcc/nios2-elf/4.1.2\libgcc.a(_clz.o)
 .text          0x00804d6c        0x0 d:/altera/13.0sp1/nios2eds/bin/gnu/h-i686-mingw32/bin/../lib/gcc/nios2-elf/4.1.2/../../../../nios2-elf/lib\libc.a(lib_a-ctype_.o)
 .text          0x00804d6c       0x38 d:/altera/13.0sp1/nios2eds/bin/gnu/h-i686-mingw32/bin/../lib/gcc/nios2-elf/4.1.2/../../../../nios2-elf/lib\libc.a(lib_a-exit.o)
                0x00804d6c                exit
 .text          0x00804da4       0x60 d:/altera/13.0sp1/nios2eds/bin/gnu/h-i686-mingw32/bin/../lib/gcc/nios2-elf/4.1.2/../../../../nios2-elf/lib\libc.a(lib_a-fprintf.o)
                0x00804da4                fprintf
                0x00804dd0                _fprintf_r
 .text          0x00804e04       0xdc d:/altera/13.0sp1/nios2eds/bin/gnu/h-i686-mingw32/bin/../lib/gcc/nios2-elf/4.1.2/../../../../nios2-elf/lib\libc.a(lib_a-fwrite.o)
                0x00804e04                _fwrite_r
                0x00804ea0                fwrite
 .text          0x00804ee0      0x128 d:/altera/13.0sp1/nios2eds/bin/gnu/h-i686-mingw32/bin/../lib/gcc/nios2-elf/4.1.2/../../../../nios2-elf/lib\libc.a(lib_a-getc.o)
                0x00804ee0                getc
                0x00804f78                _getc_r
 .text          0x00805008        0x0 d:/altera/13.0sp1/nios2eds/bin/gnu/h-i686-mingw32/bin/../lib/gcc/nios2-elf/4.1.2/../../../../nios2-elf/lib\libc.a(lib_a-impure.o)
 .text          0x00805008       0x28 d:/altera/13.0sp1/nios2eds/bin/gnu/h-i686-mingw32/bin/../lib/gcc/nios2-elf/4.1.2/../../../../nios2-elf/lib\libc.a(lib_a-malloc.o)
                0x00805008                free
                0x0080501c                malloc
 .text          0x00805030      0x740 d:/altera/13.0sp1/nios2eds/bin/gnu/h-i686-mingw32/bin/../lib/gcc/nios2-elf/4.1.2/../../../../nios2-elf/lib\libc.a(lib_a-mallocr.o)
                0x00805030                _malloc_r
 .text          0x00805770       0xa0 d:/altera/13.0sp1/nios2eds/bin/gnu/h-i686-mingw32/bin/../lib/gcc/nios2-elf/4.1.2/../../../../nios2-elf/lib\libc.a(lib_a-memcpy.o)
                0x00805770                memcpy
 .text          0x00805810       0xe0 d:/altera/13.0sp1/nios2eds/bin/gnu/h-i686-mingw32/bin/../lib/gcc/nios2-elf/4.1.2/../../../../nios2-elf/lib\libc.a(lib_a-memmove.o)
                0x00805810                memmove
 .text          0x008058f0       0x98 d:/altera/13.0sp1/nios2eds/bin/gnu/h-i686-mingw32/bin/../lib/gcc/nios2-elf/4.1.2/../../../../nios2-elf/lib\libc.a(lib_a-memset.o)
                0x008058f0                memset
 .text          0x00805988       0x80 d:/altera/13.0sp1/nios2eds/bin/gnu/h-i686-mingw32/bin/../lib/gcc/nios2-elf/4.1.2/../../../../nios2-elf/lib\libc.a(lib_a-perror.o)
                0x00805988                _perror_r
                0x008059f4                perror
 .text          0x00805a08       0x78 d:/altera/13.0sp1/nios2eds/bin/gnu/h-i686-mingw32/bin/../lib/gcc/nios2-elf/4.1.2/../../../../nios2-elf/lib\libc.a(lib_a-printf.o)
                0x00805a08                printf
                0x00805a4c                _printf_r
 .text          0x00805a80      0x1ec d:/altera/13.0sp1/nios2eds/bin/gnu/h-i686-mingw32/bin/../lib/gcc/nios2-elf/4.1.2/../../../../nios2-elf/lib\libc.a(lib_a-putc.o)
                0x00805a80                putc
                0x00805b84                _putc_r
 .text          0x00805c6c       0x24 d:/altera/13.0sp1/nios2eds/bin/gnu/h-i686-mingw32/bin/../lib/gcc/nios2-elf/4.1.2/../../../../nios2-elf/lib\libc.a(lib_a-putchar.o)
                0x00805c6c                putchar
                0x00805c88                _putchar_r
 .text          0x00805c90       0xb4 d:/altera/13.0sp1/nios2eds/bin/gnu/h-i686-mingw32/bin/../lib/gcc/nios2-elf/4.1.2/../../../../nios2-elf/lib\libc.a(lib_a-puts.o)
                0x00805c90                _puts_r
                0x00805d30                puts
 .text          0x00805d44       0x60 d:/altera/13.0sp1/nios2eds/bin/gnu/h-i686-mingw32/bin/../lib/gcc/nios2-elf/4.1.2/../../../../nios2-elf/lib\libc.a(lib_a-rget.o)
                0x00805d44                __srget_r
                0x00805d90                __srget
 .text          0x00805da4       0x70 d:/altera/13.0sp1/nios2eds/bin/gnu/h-i686-mingw32/bin/../lib/gcc/nios2-elf/4.1.2/../../../../nios2-elf/lib\libc.a(lib_a-sbrkr.o)
                0x00805da4                _sbrk_r
 .text          0x00805e14       0xe0 d:/altera/13.0sp1/nios2eds/bin/gnu/h-i686-mingw32/bin/../lib/gcc/nios2-elf/4.1.2/../../../../nios2-elf/lib\libc.a(lib_a-strchr.o)
                0x00805e14                strchr
 .text          0x00805ef4      0x674 d:/altera/13.0sp1/nios2eds/bin/gnu/h-i686-mingw32/bin/../lib/gcc/nios2-elf/4.1.2/../../../../nios2-elf/lib\libc.a(lib_a-strerror.o)
                0x00805ef4                strerror
 .text          0x00806568       0x74 d:/altera/13.0sp1/nios2eds/bin/gnu/h-i686-mingw32/bin/../lib/gcc/nios2-elf/4.1.2/../../../../nios2-elf/lib\libc.a(lib_a-strlen.o)
                0x00806568                strlen
 .text          0x008065dc        0x8 d:/altera/13.0sp1/nios2eds/bin/gnu/h-i686-mingw32/bin/../lib/gcc/nios2-elf/4.1.2/../../../../nios2-elf/lib\libc.a(lib_a-u_strerr.o)
                0x008065dc                _user_strerror
 .text          0x008065e4     0x1f28 d:/altera/13.0sp1/nios2eds/bin/gnu/h-i686-mingw32/bin/../lib/gcc/nios2-elf/4.1.2/../../../../nios2-elf/lib\libc.a(lib_a-vfprintf.o)
                0x0080663c                ___vfprintf_internal_r
                0x008084e8                __vfprintf_internal
 .text          0x0080850c      0x14c d:/altera/13.0sp1/nios2eds/bin/gnu/h-i686-mingw32/bin/../lib/gcc/nios2-elf/4.1.2/../../../../nios2-elf/lib\libc.a(lib_a-wbuf.o)
                0x0080850c                __swbuf_r
                0x0080863c                __swbuf
 .text          0x00808658      0x13c d:/altera/13.0sp1/nios2eds/bin/gnu/h-i686-mingw32/bin/../lib/gcc/nios2-elf/4.1.2/../../../../nios2-elf/lib\libc.a(lib_a-wsetup.o)
                0x00808658                __swsetup_r
 .text          0x00808794      0x1b4 d:/altera/13.0sp1/nios2eds/bin/gnu/h-i686-mingw32/bin/../lib/gcc/nios2-elf/4.1.2/../../../../nios2-elf/lib\libc.a(lib_a-__call_atexit.o)
                0x00808798                __call_exitprocs
 .text          0x00808948     0x17cc d:/altera/13.0sp1/nios2eds/bin/gnu/h-i686-mingw32/bin/../lib/gcc/nios2-elf/4.1.2/../../../../nios2-elf/lib\libc.a(lib_a-dtoa.o)
                0x00808b60                _dtoa_r
 .text          0x0080a114      0x230 d:/altera/13.0sp1/nios2eds/bin/gnu/h-i686-mingw32/bin/../lib/gcc/nios2-elf/4.1.2/../../../../nios2-elf/lib\libc.a(lib_a-fflush.o)
                0x0080a114                _fflush_r
                0x0080a310                fflush
 .text          0x0080a344      0x2c0 d:/altera/13.0sp1/nios2eds/bin/gnu/h-i686-mingw32/bin/../lib/gcc/nios2-elf/4.1.2/../../../../nios2-elf/lib\libc.a(lib_a-findfp.o)
                0x0080a39c                __sfp_lock_acquire
                0x0080a3a0                __sfp_lock_release
                0x0080a3a4                __sinit_lock_acquire
                0x0080a3a8                __sinit_lock_release
                0x0080a3ac                __sinit
                0x0080a460                __fp_unlock_all
                0x0080a478                __fp_lock_all
                0x0080a490                _cleanup_r
                0x0080a49c                _cleanup
                0x0080a4ac                __sfmoreglue
                0x0080a514                __sfp
 .text          0x0080a604       0xbc d:/altera/13.0sp1/nios2eds/bin/gnu/h-i686-mingw32/bin/../lib/gcc/nios2-elf/4.1.2/../../../../nios2-elf/lib\libc.a(lib_a-fputc.o)
                0x0080a604                fputc
                0x0080a668                _fputc_r
 .text          0x0080a6c0       0x90 d:/altera/13.0sp1/nios2eds/bin/gnu/h-i686-mingw32/bin/../lib/gcc/nios2-elf/4.1.2/../../../../nios2-elf/lib\libc.a(lib_a-fputs.o)
                0x0080a6c0                _fputs_r
                0x0080a734                fputs
 .text          0x0080a750      0x440 d:/altera/13.0sp1/nios2eds/bin/gnu/h-i686-mingw32/bin/../lib/gcc/nios2-elf/4.1.2/../../../../nios2-elf/lib\libc.a(lib_a-freer.o)
                0x0080a750                _malloc_trim_r
                0x0080a87c                _free_r
 .text          0x0080ab90      0x49c d:/altera/13.0sp1/nios2eds/bin/gnu/h-i686-mingw32/bin/../lib/gcc/nios2-elf/4.1.2/../../../../nios2-elf/lib\libc.a(lib_a-fvwrite.o)
                0x0080ab90                __sfvwrite_r
 .text          0x0080b02c      0x180 d:/altera/13.0sp1/nios2eds/bin/gnu/h-i686-mingw32/bin/../lib/gcc/nios2-elf/4.1.2/../../../../nios2-elf/lib\libc.a(lib_a-fwalk.o)
                0x0080b02c                _fwalk_reent
                0x0080b0f4                _fwalk
 .text          0x0080b1ac        0x0 d:/altera/13.0sp1/nios2eds/bin/gnu/h-i686-mingw32/bin/../lib/gcc/nios2-elf/4.1.2/../../../../nios2-elf/lib\libc.a(lib_a-int_errno.o)
 .text          0x0080b1ac       0xc4 d:/altera/13.0sp1/nios2eds/bin/gnu/h-i686-mingw32/bin/../lib/gcc/nios2-elf/4.1.2/../../../../nios2-elf/lib\libc.a(lib_a-locale.o)
                0x0080b1ac                __locale_charset
                0x0080b1b4                _localeconv_r
                0x0080b1c0                localeconv
                0x0080b1d0                _setlocale_r
                0x0080b254                setlocale
 .text          0x0080b270      0x194 d:/altera/13.0sp1/nios2eds/bin/gnu/h-i686-mingw32/bin/../lib/gcc/nios2-elf/4.1.2/../../../../nios2-elf/lib\libc.a(lib_a-makebuf.o)
                0x0080b270                __smakebuf_r
 .text          0x0080b404       0xe4 d:/altera/13.0sp1/nios2eds/bin/gnu/h-i686-mingw32/bin/../lib/gcc/nios2-elf/4.1.2/../../../../nios2-elf/lib\libc.a(lib_a-memchr.o)
                0x0080b404                memchr
 .text          0x0080b4e8      0xff4 d:/altera/13.0sp1/nios2eds/bin/gnu/h-i686-mingw32/bin/../lib/gcc/nios2-elf/4.1.2/../../../../nios2-elf/lib\libc.a(lib_a-mprec.o)
                0x0080b4e8                _Bfree
                0x0080b510                __hi0bits
                0x0080b580                __lo0bits
                0x0080b644                __mcmp
                0x0080b6a4                __ulp
                0x0080b724                __b2d
                0x0080b844                __ratio
                0x0080b8f4                _mprec_log10
                0x0080b988                __copybits
                0x0080b9e0                __any_on
                0x0080ba68                _Balloc
                0x0080bb24                __d2b
                0x0080bca0                __mdiff
                0x0080be2c                __lshift
                0x0080bf78                __multiply
                0x0080c160                __i2b
                0x0080c19c                __multadd
                0x0080c29c                __pow5mult
                0x0080c3bc                __s2b
 .text          0x0080c4dc      0x5f4 d:/altera/13.0sp1/nios2eds/bin/gnu/h-i686-mingw32/bin/../lib/gcc/nios2-elf/4.1.2/../../../../nios2-elf/lib\libc.a(lib_a-reallocr.o)
                0x0080c4dc                _realloc_r
 .text          0x0080cad0      0x1e0 d:/altera/13.0sp1/nios2eds/bin/gnu/h-i686-mingw32/bin/../lib/gcc/nios2-elf/4.1.2/../../../../nios2-elf/lib\libc.a(lib_a-refill.o)
                0x0080cad0                __srefill_r
 .text          0x0080ccb0       0x40 d:/altera/13.0sp1/nios2eds/bin/gnu/h-i686-mingw32/bin/../lib/gcc/nios2-elf/4.1.2/../../../../nios2-elf/lib\libc.a(lib_a-s_isinfd.o)
                0x0080ccb0                __isinfd
 .text          0x0080ccf0       0x30 d:/altera/13.0sp1/nios2eds/bin/gnu/h-i686-mingw32/bin/../lib/gcc/nios2-elf/4.1.2/../../../../nios2-elf/lib\libc.a(lib_a-s_isnand.o)
                0x0080ccf0                __isnand
 .text          0x0080cd20      0x14c d:/altera/13.0sp1/nios2eds/bin/gnu/h-i686-mingw32/bin/../lib/gcc/nios2-elf/4.1.2/../../../../nios2-elf/lib\libc.a(lib_a-stdio.o)
                0x0080cd20                __sclose
                0x0080cd28                __sseek
                0x0080cd90                __swrite
                0x0080ce0c                __sread
 .text          0x0080ce6c       0xbc d:/altera/13.0sp1/nios2eds/bin/gnu/h-i686-mingw32/bin/../lib/gcc/nios2-elf/4.1.2/../../../../nios2-elf/lib\libc.a(lib_a-strcmp.o)
                0x0080ce6c                strcmp
 .text          0x0080cf28       0x78 d:/altera/13.0sp1/nios2eds/bin/gnu/h-i686-mingw32/bin/../lib/gcc/nios2-elf/4.1.2/../../../../nios2-elf/lib\libc.a(lib_a-writer.o)
                0x0080cf28                _write_r
 .text          0x0080cfa0       0xb4 d:/altera/13.0sp1/nios2eds/bin/gnu/h-i686-mingw32/bin/../lib/gcc/nios2-elf/4.1.2/../../../../nios2-elf/lib\libc.a(lib_a-callocr.o)
                0x0080cfa0                _calloc_r
 .text          0x0080d054       0x70 d:/altera/13.0sp1/nios2eds/bin/gnu/h-i686-mingw32/bin/../lib/gcc/nios2-elf/4.1.2/../../../../nios2-elf/lib\libc.a(lib_a-closer.o)
                0x0080d054                _close_r
 .text          0x0080d0c4      0x124 d:/altera/13.0sp1/nios2eds/bin/gnu/h-i686-mingw32/bin/../lib/gcc/nios2-elf/4.1.2/../../../../nios2-elf/lib\libc.a(lib_a-fclose.o)
                0x0080d0c4                _fclose_r
                0x0080d1d4                fclose
 .text          0x0080d1e8       0x74 d:/altera/13.0sp1/nios2eds/bin/gnu/h-i686-mingw32/bin/../lib/gcc/nios2-elf/4.1.2/../../../../nios2-elf/lib\libc.a(lib_a-fstatr.o)
                0x0080d1e8                _fstat_r
 .text          0x0080d25c       0x70 d:/altera/13.0sp1/nios2eds/bin/gnu/h-i686-mingw32/bin/../lib/gcc/nios2-elf/4.1.2/../../../../nios2-elf/lib\libc.a(lib_a-isattyr.o)
                0x0080d25c                _isatty_r
 .text          0x0080d2cc       0x78 d:/altera/13.0sp1/nios2eds/bin/gnu/h-i686-mingw32/bin/../lib/gcc/nios2-elf/4.1.2/../../../../nios2-elf/lib\libc.a(lib_a-lseekr.o)
                0x0080d2cc                _lseek_r
 .text          0x0080d344       0x78 d:/altera/13.0sp1/nios2eds/bin/gnu/h-i686-mingw32/bin/../lib/gcc/nios2-elf/4.1.2/../../../../nios2-elf/lib\libc.a(lib_a-readr.o)
                0x0080d344                _read_r
 .text          0x0080d3bc      0x5dc d:/altera/13.0sp1/nios2eds/bin/gnu/h-i686-mingw32/bin/../lib/gcc/nios2-elf/4.1.2\libgcc.a(_udivdi3.o)
                0x0080d3bc                __udivdi3
 .text          0x0080d998      0x5b0 d:/altera/13.0sp1/nios2eds/bin/gnu/h-i686-mingw32/bin/../lib/gcc/nios2-elf/4.1.2\libgcc.a(_umoddi3.o)
                0x0080d998                __umoddi3
 .text          0x0080df48      0x258 d:/altera/13.0sp1/nios2eds/bin/gnu/h-i686-mingw32/bin/../lib/gcc/nios2-elf/4.1.2\libgcc.a(_div_df.o)
                0x0080df48                __divdf3
 .text          0x0080e1a0       0x88 d:/altera/13.0sp1/nios2eds/bin/gnu/h-i686-mingw32/bin/../lib/gcc/nios2-elf/4.1.2\libgcc.a(_eq_df.o)
                0x0080e1a0                __eqdf2
 .text          0x0080e228       0x88 d:/altera/13.0sp1/nios2eds/bin/gnu/h-i686-mingw32/bin/../lib/gcc/nios2-elf/4.1.2\libgcc.a(_ne_df.o)
                0x0080e228                __nedf2
 .text          0x0080e2b0       0x88 d:/altera/13.0sp1/nios2eds/bin/gnu/h-i686-mingw32/bin/../lib/gcc/nios2-elf/4.1.2\libgcc.a(_gt_df.o)
                0x0080e2b0                __gtdf2
 .text          0x0080e338       0x88 d:/altera/13.0sp1/nios2eds/bin/gnu/h-i686-mingw32/bin/../lib/gcc/nios2-elf/4.1.2\libgcc.a(_lt_df.o)
                0x0080e338                __ltdf2
 .text          0x0080e3c0       0xf8 d:/altera/13.0sp1/nios2eds/bin/gnu/h-i686-mingw32/bin/../lib/gcc/nios2-elf/4.1.2\libgcc.a(_si_to_df.o)
                0x0080e3c0                __floatsidf
 .text          0x0080e4b8      0x14c d:/altera/13.0sp1/nios2eds/bin/gnu/h-i686-mingw32/bin/../lib/gcc/nios2-elf/4.1.2\libgcc.a(lib2-divmod.o)
                0x0080e534                __divsi3
                0x0080e594                __modsi3
                0x0080e5f4                __udivsi3
                0x0080e5fc                __umodsi3
 .text          0x0080e604       0x6c ../fir_bsp/\libucosii_bsp.a(alt_exit.o)
                0x0080e644                _exit
 .text          0x0080e670       0xd0 ../fir_bsp/\libucosii_bsp.a(alt_flash_dev.o)
                0x0080e670                alt_flash_open_dev
                0x0080e6ec                alt_flash_close_dev
 .text          0x0080e740      0x134 ../fir_bsp/\libucosii_bsp.a(alt_fstat.o)
                0x0080e740                fstat
 .text          0x0080e874      0x1c0 ../fir_bsp/\libucosii_bsp.a(alt_irq_register.o)
                0x0080e874                alt_irq_register
 .text          0x0080ea34        0x0 ../fir_bsp/\libucosii_bsp.a(alt_irq_vars.o)
 .text          0x0080ea34      0x120 ../fir_bsp/\libucosii_bsp.a(alt_isatty.o)
                0x0080ea34                isatty
 .text          0x0080eb54      0x150 ../fir_bsp/\libucosii_bsp.a(alt_lseek.o)
                0x0080eb54                lseek
 .text          0x0080eca4       0xc8 ../fir_bsp/\libucosii_bsp.a(alt_main.o)
                0x0080eca4                alt_main
 .text          0x0080ed6c       0xbc ../fir_bsp/\libucosii_bsp.a(alt_sbrk.o)
                0x0080ed6c                sbrk
 .text          0x0080ee28      0x118 ../fir_bsp/\libucosii_bsp.a(alt_usleep.o)
                0x0080ee28                usleep
 .text          0x0080ef40      0x108 ../fir_bsp/\libucosii_bsp.a(alt_env_lock.o)
                0x0080ef40                __env_lock
                0x0080efec                __env_unlock
 .text          0x0080f048      0x1d8 ../fir_bsp/\libucosii_bsp.a(alt_malloc_lock.o)
                0x0080f048                __malloc_lock
                0x0080f150                __malloc_unlock
 .text          0x0080f220     0x2128 ../fir_bsp/\libucosii_bsp.a(os_core.o)
                0x0080f220                OSEventNameGet
                0x0080f350                OSEventNameSet
                0x0080f494                OSEventPendMulti
                0x0080fb48                OSInit
                0x0080fb9c                OSIntEnter
                0x0080fc18                OSIntExit
                0x0080fd18                OSSchedLock
                0x0080fda4                OSSchedUnlock
                0x0080fe88                OSStart
                0x0080fef8                OSStatInit
                0x0080ffa4                OSTimeTick
                0x008101e4                OSVersion
                0x00810204                OS_Dummy
                0x00810220                OS_EventTaskRdy
                0x008103b4                OS_EventTaskWait
                0x008104c4                OS_EventTaskWaitMulti
                0x00810618                OS_EventTaskRemove
                0x008106d0                OS_EventTaskRemoveMulti
                0x008107d4                OS_EventWaitListInit
                0x00810ba0                OS_MemClr
                0x00810bf4                OS_MemCopy
                0x00810c60                OS_Sched
                0x00810da4                OS_StrCopy
                0x00810e24                OS_StrLen
                0x00810e7c                OS_TaskIdle
                0x00810ed8                OS_TaskStat
                0x00810fa0                OS_TaskStatStkChk
                0x00811068                OS_TCBInit
 .text          0x00811348      0x18c ../fir_bsp/\libucosii_bsp.a(os_dbg.o)
                0x00811348                OSDebugInit
 .text          0x008114d4     0x193c ../fir_bsp/\libucosii_bsp.a(os_flag.o)
                0x008114d4                OSFlagAccept
                0x00811808                OSFlagCreate
                0x00811944                OSFlagDel
                0x00811bec                OSFlagNameGet
                0x00811d30                OSFlagNameSet
                0x00811e84                OSFlagPend
                0x008124c8                OSFlagPendGetFlagsRdy
                0x00812530                OSFlagPost
                0x008128d8                OSFlagQuery
                0x00812b70                OS_FlagInit
                0x00812d64                OS_FlagUnlink
 .text          0x00812e10      0x808 ../fir_bsp/\libucosii_bsp.a(os_mem.o)
                0x00812e10                OSMemCreate
                0x0081302c                OSMemGet
                0x00813130                OSMemNameGet
                0x0081323c                OSMemNameSet
                0x0081335c                OSMemPut
                0x0081344c                OSMemQuery
                0x00813548                OS_MemInit
 .text          0x00813618     0x1334 ../fir_bsp/\libucosii_bsp.a(os_q.o)
                0x00813618                OSQAccept
                0x0081376c                OSQCreate
                0x00813980                OSQDel
                0x00813c80                OSQFlush
                0x00813d48                OSQPend
                0x00814068                OSQPendAbort
                0x008141e4                OSQPost
                0x00814364                OSQPostFront
                0x008144ec                OSQPostOpt
                0x00814720                OSQQuery
                0x008148a0                OS_QInit
 .text          0x0081494c      0xbc8 ../fir_bsp/\libucosii_bsp.a(os_sem.o)
                0x0081494c                OSSemAccept
                0x00814a0c                OSSemCreate
                0x00814b20                OSSemDel
                0x00814dc0                OSSemPend
                0x0081503c                OSSemPendAbort
                0x008151b8                OSSemPost
                0x008152e0                OSSemQuery
                0x00815410                OSSemSet
 .text          0x00815514     0x1a40 ../fir_bsp/\libucosii_bsp.a(os_task.o)
                0x00815514                OSTaskChangePrio
                0x00815a88                OSTaskCreate
                0x00815c5c                OSTaskCreateExt
                0x00815e5c                OSTaskDel
                0x00816268                OSTaskDelReq
                0x008163d8                OSTaskNameGet
                0x00816590                OSTaskNameSet
                0x00816754                OSTaskResume
                0x0081696c                OSTaskStkChk
                0x00816b68                OSTaskSuspend
                0x00816d94                OSTaskQuery
                0x00816ed8                OS_TaskStkClr
 .text          0x00816f54      0x670 ../fir_bsp/\libucosii_bsp.a(os_time.o)
                0x00816f54                OSTimeDly
                0x008170a0                OSTimeDlyHMSM
                0x008172ec                OSTimeDlyResume
                0x008174fc                OSTimeGet
                0x00817560                OSTimeSet
 .text          0x008175c4      0x118 ../fir_bsp/\libucosii_bsp.a(alt_sys_init.o)
                0x008175c4                alt_irq_init
                0x008175f8                alt_sys_init
 .text          0x008176dc      0x8c8 ../fir_bsp/\libucosii_bsp.a(altera_avalon_cfi_flash.o)
                0x008176dc                alt_flash_cfi_init
                0x008177b0                alt_flash_cfi_write
                0x00817a70                alt_flash_cfi_get_info
                0x00817b00                alt_flash_cfi_read
                0x00817b68                alt_write_value_to_flash
                0x00817ccc                alt_flash_program_block
 .text          0x00817fa4     0x14a8 ../fir_bsp/\libucosii_bsp.a(altera_avalon_cfi_flash_table.o)
                0x00817fa4                alt_read_query_entry_8bit
                0x00817fe4                alt_read_query_entry_16bit
                0x00818028                alt_read_query_entry_32bit
                0x00818070                alt_write_flash_command_8bit_device_8bit_mode
                0x008180ac                alt_write_flash_command_16bit_device_8bit_mode
                0x00818128                alt_write_flash_command_32bit_device_8bit_mode
                0x00818170                alt_write_flash_command_16bit_device_16bit_mode
                0x008181b4                alt_write_flash_command_32bit_device_16bit_mode
                0x008181fc                alt_write_flash_command_32bit_device_32bit_mode
                0x00818244                alt_write_native_8bit
                0x00818278                alt_write_native_16bit
                0x008182ac                alt_write_native_32bit
                0x008182dc                alt_set_flash_width_func
                0x008184bc                alt_set_flash_algorithm_func
                0x008185e4                alt_read_cfi_table
                0x00818bc4                alt_read_cfi_width
                0x00819370                alt_check_primary_table
 .text          0x0081944c      0x9e4 ../fir_bsp/\libucosii_bsp.a(altera_avalon_epcs_flash_controller.o)
                0x0081944c                alt_epcs_flash_init
                0x00819868                alt_epcs_flash_write
                0x00819ae8                alt_epcs_flash_get_info
                0x00819b78                alt_epcs_flash_erase_block
                0x00819c7c                alt_epcs_flash_write_block
                0x00819d98                alt_epcs_flash_read
 .text          0x00819e30      0x148 ../fir_bsp/\libucosii_bsp.a(altera_avalon_jtag_uart_fd.o)
                0x00819e30                altera_avalon_jtag_uart_read_fd
                0x00819e88                altera_avalon_jtag_uart_write_fd
                0x00819ee0                altera_avalon_jtag_uart_close_fd
                0x00819f28                altera_avalon_jtag_uart_ioctl_fd
 .text          0x00819f78      0x584 ../fir_bsp/\libucosii_bsp.a(altera_avalon_jtag_uart_init.o)
                0x00819f78                altera_avalon_jtag_uart_init
                0x0081a488                altera_avalon_jtag_uart_close
 .text          0x0081a4fc       0xf4 ../fir_bsp/\libucosii_bsp.a(altera_avalon_jtag_uart_ioctl.o)
                0x0081a4fc                altera_avalon_jtag_uart_ioctl
 .text          0x0081a5f0      0x2c0 ../fir_bsp/\libucosii_bsp.a(altera_avalon_jtag_uart_read.o)
                0x0081a5f0                altera_avalon_jtag_uart_read
 .text          0x0081a8b0      0x2dc ../fir_bsp/\libucosii_bsp.a(altera_avalon_jtag_uart_write.o)
                0x0081a8b0                altera_avalon_jtag_uart_write
 .text          0x0081ab8c      0xf3c ../fir_bsp/\libucosii_bsp.a(altera_avalon_lcd_16207.o)
                0x0081b360                altera_avalon_lcd_16207_write
                0x0081b964                altera_avalon_lcd_16207_init
 .text          0x0081bac8       0x58 ../fir_bsp/\libucosii_bsp.a(altera_avalon_lcd_16207_fd.o)
                0x0081bac8                altera_avalon_lcd_16207_write_fd
 .text          0x0081bb20      0x100 ../fir_bsp/\libucosii_bsp.a(altera_avalon_timer_sc.o)
                0x0081bb90                alt_avalon_timer_sc_init
 .text          0x0081bc20       0xf8 ../fir_bsp/\libucosii_bsp.a(altera_avalon_uart_fd.o)
                0x0081bc20                altera_avalon_uart_read_fd
                0x0081bc78                altera_avalon_uart_write_fd
                0x0081bcd0                altera_avalon_uart_close_fd
 .text          0x0081bd18      0x57c ../fir_bsp/\libucosii_bsp.a(altera_avalon_uart_init.o)
                0x0081bd18                altera_avalon_uart_init
                0x0081c234                altera_avalon_uart_close
 .text          0x0081c294      0x310 ../fir_bsp/\libucosii_bsp.a(altera_avalon_uart_read.o)
                0x0081c294                altera_avalon_uart_read
 .text          0x0081c5a4      0x2a8 ../fir_bsp/\libucosii_bsp.a(altera_avalon_uart_write.o)
                0x0081c5a4                altera_avalon_uart_write
 .text          0x0081c84c      0x6d4 ../fir_bsp/\libucosii_bsp.a(epcs_commands.o)
                0x0081c84c                epcs_read_status_register
                0x0081c8ac                epcs_sector_erase
                0x0081ca14                epcs_read_buffer
                0x0081cb60                epcs_write_enable
                0x0081cbb0                epcs_write_status_register
                0x0081cc14                epcs_write_buffer
                0x0081cd84                epcs_read_electronic_signature
                0x0081cdf0                epcs_read_device_id
                0x0081ce70                epcs_enter_4_bytes_mode
                0x0081cec8                epcs_exit_4_bytes_mode
 .text          0x0081cf20       0x54 ../fir_bsp/\libucosii_bsp.a(alt_iniche_close.o)
                0x0081cf20                close
 .text          0x0081cf74      0x144 ../fir_bsp/\libucosii_bsp.a(alt_iniche_dev.o)
                0x0081cf74                iniche_devices_init
 .text          0x0081d0b8       0x78 ../fir_bsp/\libucosii_bsp.a(alt_iniche_read.o)
                0x0081d0b8                read
 .text          0x0081d130       0x70 ../fir_bsp/\libucosii_bsp.a(alt_iniche_write.o)
                0x0081d130                write
 .text          0x0081d1a0      0xedc ../fir_bsp/\libucosii_bsp.a(ipnet.o)
                0x0081d1a0                Netinit
                0x0081d7ec                fixup_subnet_mask
                0x0081d94c                netclose
                0x0081da34                pktdemux
                0x0081de08                c_older
                0x0081ded8                ip2mac
 .text          0x0081e07c      0x4b0 ../fir_bsp/\libucosii_bsp.a(ipstart.o)
                0x0081e07c                ip_startup
                0x0081e360                exit_hook
                0x0081e3cc                ip_exit
                0x0081e49c                if_netnumber
 .text          0x0081e52c     0x10e8 ../fir_bsp/\libucosii_bsp.a(igmp_cmn.o)
                0x0081e52c                igmp_init
                0x0081e61c                igmp_input
                0x0081e714                igmp_fasttimo
                0x0081e948                igmp_send
                0x0081ebf0                igmp_joingroup
                0x0081ee5c                igmp_leavegroup
                0x0081eed8                igmp_validate
                0x0081f234                igmp_print_stats
 .text          0x0081f614      0xbc8 ../fir_bsp/\libucosii_bsp.a(bsdsock.o)
                0x0081f614                bsd_accept
                0x0081f74c                bsd_getpeername
                0x0081f878                bsd_getsockname
                0x0081f9a4                bsd_i_sockoptlen
                0x0081fb5c                bsd_getsockopt
                0x0081fc7c                bsd_ioctl
                0x0081fd80                bsd_inet_ntoa
                0x0081fdb0                bsd_recvfrom
                0x0081ff10                bsd_select
                0x008200f0                bsd_setsockopt
 .text          0x008201dc      0x118 ../fir_bsp/\libucosii_bsp.a(cksum.o)
                0x008201dc                ccksum
                0x0082028c                cksum
 .text          0x008202f4      0xa9c ../fir_bsp/\libucosii_bsp.a(in_utils.o)
                0x008202f4                do_trap
                0x00820320                nextarg
                0x0082039c                hexdump
                0x008204e4                print_ipad
                0x00820558                print_uptime
                0x00820684                panic
                0x008206c8                print_eth
                0x0082082c                uslash
                0x008208ac                ns_printf
                0x00820a30                std_out
                0x00820a74                con_page
                0x00820b64                parse_args
 .text          0x00820d90      0x810 ../fir_bsp/\libucosii_bsp.a(parseip.o)
                0x00820d90                parse_ipad
                0x008210ac                inet_addr
                0x00821114                hextoa
                0x00821184                inet_pton
                0x00821230                inet_ntop
                0x008212bc                print46_addr
                0x0082131c                inet46_addr
                0x008213e0                inet_setport
                0x00821454                convert_ip
 .text          0x008215a0      0x5e8 ../fir_bsp/\libucosii_bsp.a(tk_crnos.o)
                0x008215a0                TK_OSTimeDly
                0x008215cc                TK_OSTaskResume
                0x0082163c                tcp_sleep
                0x008217dc                tcp_wakeup
                0x008218e0                TK_OSTaskQuery
                0x00821954                tk_yield
                0x00821980                tk_stats
 .text          0x00821b88      0x79c ../fir_bsp/\libucosii_bsp.a(pktalloc.o)
                0x00821b88                pk_init
                0x00821e18                pk_alloc
                0x00821ef4                pk_validate
                0x008221ac                pk_free
                0x00822258                pk_get_max_intrsafe_buf_len
                0x00822278                dump_buf_estats
 .text          0x00822324      0x288 ../fir_bsp/\libucosii_bsp.a(q.o)
                0x00822324                getq
                0x008223ec                putq
                0x0082249c                qdel
 .text          0x008225ac      0x194 ../fir_bsp/\libucosii_bsp.a(asm_cksum.o)
                0x008225ac                asm_cksum
 .text          0x00822740      0x2e4 ../fir_bsp/\libucosii_bsp.a(brdutils.o)
                0x00822740                dtrap
                0x00822770                kbhit
                0x0082281c                getch
                0x0082287c                clock_init
                0x008228b8                clock_c
                0x008228d4                cticks_hook
                0x00822984                irq_Mask
                0x008229e0                irq_Unmask
 .text          0x00822a24      0x488 ../fir_bsp/\libucosii_bsp.a(osportco.o)
                0x00822a24                LOCK_NET_RESOURCE
                0x00822ae4                UNLOCK_NET_RESOURCE
                0x00822b6c                TK_NEWTASK
                0x00822d80                wait_app_sem
                0x00822e34                post_app_sem
 .text          0x00822eac      0x568 ../fir_bsp/\libucosii_bsp.a(targnios.o)
                0x00822eac                alt_iniche_init
                0x008230c8                pre_task_setup
                0x0082313c                post_task_setup
                0x0082315c                prep_armintcp
                0x00823194                calloc2
                0x008231c8                npalloc
                0x008232bc                npfree
                0x00823374                ncpalloc
                0x008233c8                ncpfree
 .text          0x00823414     0x19b8 ../fir_bsp/\libucosii_bsp.a(nptcp.o)
                0x00823414                pffindtype
                0x008234b4                pffindproto
                0x00823584                m_getnbuf
                0x0082372c                m_free
                0x00823860                m_freem
                0x008238a4                m_copy
                0x00823bc8                m_adj
                0x00823d98                mbuf_len
                0x00823df0                dtom
                0x00823e98                remque
                0x00823f08                insque
                0x00823f84                nptcp_init
                0x008240a8                tcp_rcv
                0x00824294                ip_output
                0x0082488c                in_broadcast
                0x008248cc                np_stripoptions
                0x008249b4                so_icmpdu
                0x00824d0c                tcp_tick
 .text          0x00824dcc      0xa2c ../fir_bsp/\libucosii_bsp.a(rawsock.o)
                0x00824dcc                rawip_lookup
                0x00824e3c                rawip_soinput
                0x00825010                rawip_usrreq
 .text          0x008257f8     0x17fc ../fir_bsp/\libucosii_bsp.a(sockcall.o)
                0x008257f8                DOMAIN_CHECK
                0x00825844                t_socket
                0x008258d4                t_bind
                0x00825a50                t_listen
                0x00825b34                t_accept
                0x00825dcc                t_connect
                0x00826074                t_getpeername
                0x008260b8                t_getsockname
                0x008262f8                t_setsockopt
                0x008264d4                t_getsockopt
                0x00826678                t_recv
                0x00826768                t_recvfrom
                0x008268b8                t_sendto
                0x00826ae4                t_send
                0x00826d0c                t_shutdown
                0x00826df0                t_socketclose
                0x00826f58                t_errno
 .text          0x00826ff4     0x23ec ../fir_bsp/\libucosii_bsp.a(socket.o)
                0x00826ff4                socreate
                0x008271c0                sobind
                0x0082721c                solisten
                0x0082730c                sofree
                0x0082743c                soclose
                0x008277a8                soabort
                0x008277f8                soaccept
                0x00827894                soconnect
                0x00827968                sodisconnect
                0x00827a08                sosend
                0x00828010                soreceive
                0x008287f4                soshutdown
                0x0082889c                sorflush
                0x0082899c                sosetopt
                0x00828e5c                sogetopt
                0x0082939c                sohasoutofband
 .text          0x008293e0     0x1318 ../fir_bsp/\libucosii_bsp.a(socket2.o)
                0x008293e0                soisconnecting
                0x0082944c                soisconnected
                0x00829548                soisdisconnecting
                0x008295d4                soisdisconnected
                0x00829690                sonewconn
                0x008298ac                soqinsque
                0x00829958                soqremque
                0x00829a78                socantsendmore
                0x00829ac8                socantrcvmore
                0x00829b18                sbselqueue
                0x00829b50                sbwait
                0x00829bb8                sbwakeup
                0x00829c54                soreserve
                0x00829cd4                sbreserve
                0x00829d34                sbrelease
                0x00829d7c                sbappend
                0x00829e24                sbappendrecord
                0x00829f04                sbappendaddr
                0x0082a10c                sbcompress
                0x0082a2f4                sbflush
                0x0082a384                sbdrop
                0x0082a554                sbdropend
                0x0082a664                sbdroprecord
 .text          0x0082a6f8      0x914 ../fir_bsp/\libucosii_bsp.a(soselect.o)
                0x0082a6f8                t_select
                0x0082a918                sock_selscan
                0x0082aa70                sock_select
                0x0082ac84                in_pcbnotify
                0x0082ad50                tcp_notify
                0x0082adb8                ifd_clr
                0x0082aea8                ifd_set
                0x0082af1c                ifd_isset
                0x0082af9c                ifd_get
 .text          0x0082b00c     0x3020 ../fir_bsp/\libucosii_bsp.a(tcp_in.o)
                0x0082b00c                tcp_reass
                0x0082b414                tcp_input
                0x0082d968                tcp_dooptions
                0x0082daf8                tcp_pulloutofband
                0x0082dc24                tcp_xmit_timer
                0x0082dec8                ip4_tcpmss
                0x0082df10                tcp_mss
 .text          0x0082e02c     0x1360 ../fir_bsp/\libucosii_bsp.a(tcp_out.o)
                0x0082e02c                tcp_output
                0x0082f1a8                tcp_setpersist
 .text          0x0082f38c      0x9e8 ../fir_bsp/\libucosii_bsp.a(tcp_subr.o)
                0x0082f38c                tcp_init
                0x0082f3e4                tcp_template
                0x0082f4fc                tcp_respond
                0x0082f984                tcp_newtcpcb
                0x0082fa9c                tcp_drop
                0x0082fb48                tcp_close
                0x0082fc30                tcp_quench
                0x0082fc7c                tcp_putseq
                0x0082fcfc                tcp_getseq
 .text          0x0082fd74      0x798 ../fir_bsp/\libucosii_bsp.a(tcp_timr.o)
                0x0082fd74                tcp_slowtimo
                0x00830014                tcp_canceltimers
                0x00830070                tcp_timers
 .text          0x0083050c      0x9ec ../fir_bsp/\libucosii_bsp.a(tcp_usr.o)
                0x0083050c                tcp_usrreq
                0x00830c10                tcp_attach
                0x00830d44                tcp_disconnect
                0x00830e18                tcp_usrclosed
 .text          0x00830ef8       0x4c ../fir_bsp/\libucosii_bsp.a(tcpport.o)
                0x00830ef8                tcpinit
 .text          0x00830f44      0xd20 ../fir_bsp/\libucosii_bsp.a(udpsock.o)
                0x00830f44                udp_lookup
                0x00830fb4                udp_soinput
                0x0083116c                udp_usrreq
                0x008313f0                udp4_sockbind
                0x0083172c                udp4_socksend
                0x00831b08                udp4_sockaddr
 .text          0x00831c64      0x154 ../fir_bsp/\libucosii_bsp.a(alt_alarm_start.o)
                0x00831c64                alt_alarm_start
 .text          0x00831db8      0x14c ../fir_bsp/\libucosii_bsp.a(alt_busy_sleep.o)
                0x00831db8                alt_busy_sleep
 .text          0x00831f04      0x15c ../fir_bsp/\libucosii_bsp.a(alt_close.o)
                0x00831f04                alt_close
 .text          0x00832060       0x78 ../fir_bsp/\libucosii_bsp.a(alt_dcache_flush.o)
                0x00832060                alt_dcache_flush
 .text          0x008320d8       0x2c ../fir_bsp/\libucosii_bsp.a(alt_dev.o)
 .text          0x00832104      0x114 ../fir_bsp/\libucosii_bsp.a(alt_dev_llist_insert.o)
                0x00832104                alt_dev_llist_insert
 .text          0x00832218       0x64 ../fir_bsp/\libucosii_bsp.a(alt_do_ctors.o)
                0x00832218                _do_ctors
 .text          0x0083227c       0x64 ../fir_bsp/\libucosii_bsp.a(alt_do_dtors.o)
                0x0083227c                _do_dtors
 .text          0x008322e0        0x0 ../fir_bsp/\libucosii_bsp.a(alt_errno.o)
 .text          0x008322e0       0x94 ../fir_bsp/\libucosii_bsp.a(alt_find_dev.o)
                0x008322e0                alt_find_dev
 .text          0x00832374      0x1d4 ../fir_bsp/\libucosii_bsp.a(alt_iic.o)
                0x00832374                alt_ic_isr_register
                0x008323c4                alt_ic_irq_enable
                0x00832460                alt_ic_irq_disable
                0x00832500                alt_ic_irq_enabled
 .text          0x00832548       0xf8 ../fir_bsp/\libucosii_bsp.a(alt_iic_isr_register.o)
                0x00832548                alt_iic_isr_register
 .text          0x00832640      0x13c ../fir_bsp/\libucosii_bsp.a(alt_io_redirect.o)
                0x00832704                alt_io_redirect
 .text          0x0083277c        0x0 ../fir_bsp/\libucosii_bsp.a(alt_irq_entry.o)
 .text          0x0083277c        0x0 ../fir_bsp/\libucosii_bsp.a(alt_irq_handler.o)
 .text          0x0083277c      0x2c4 ../fir_bsp/\libucosii_bsp.a(alt_open.o)
                0x00832858                open
 .text          0x00832a40      0x180 ../fir_bsp/\libucosii_bsp.a(alt_read.o)
                0x00832a40                alt_read
 .text          0x00832bc0       0x60 ../fir_bsp/\libucosii_bsp.a(alt_release_fd.o)
                0x00832bc0                alt_release_fd
 .text          0x00832c20       0x38 ../fir_bsp/\libucosii_bsp.a(alt_remap_cached.o)
                0x00832c20                alt_remap_cached
 .text          0x00832c58       0x40 ../fir_bsp/\libucosii_bsp.a(alt_remap_uncached.o)
                0x00832c58                alt_remap_uncached
 .text          0x00832c98      0x1a8 ../fir_bsp/\libucosii_bsp.a(alt_tick.o)
                0x00832c98                alt_alarm_stop
                0x00832d30                alt_tick
 .text          0x00832e40      0x180 ../fir_bsp/\libucosii_bsp.a(alt_write.o)
                0x00832e40                alt_write
 .text          0x00832fc0       0x20 ../fir_bsp/\libucosii_bsp.a(altera_nios2_qsys_irq.o)
                0x00832fc0                altera_nios2_qsys_irq_init
 .text          0x00832fe0       0xd0 ../fir_bsp/\libucosii_bsp.a(os_cpu_a.o)
                0x00832fe0                OSCtxSw
                0x00832fe0                OSIntCtxSw
                0x0083306c                OSStartHighRdy
                0x0083308c                OSStartTsk
 .text          0x008330b0      0x424 ../fir_bsp/\libucosii_bsp.a(os_cpu_c.o)
                0x008330b0                OSTaskStkInit
                0x008333c0                OSTaskCreateHook
                0x008333e0                OSTaskDelHook
                0x00833400                OSTaskSwHook
                0x0083341c                OSTaskStatHook
                0x00833438                OSTimeTickHook
                0x00833460                OSInitHookBegin
                0x0083347c                OSInitHookEnd
                0x00833498                OSTaskIdleHook
                0x008334b4                OSTCBInitHook
 .text          0x008334d4      0x460 ../fir_bsp/\libucosii_bsp.a(altera_avalon_cfi_flash_amd.o)
                0x008334d4                alt_program_amd
                0x0083353c                alt_erase_block_amd
 .text          0x00833934      0x460 ../fir_bsp/\libucosii_bsp.a(altera_avalon_cfi_flash_intel.o)
                0x00833934                alt_program_intel
                0x008339b8                alt_erase_block_intel
 .text          0x00833d94      0x238 ../fir_bsp/\libucosii_bsp.a(altera_avalon_spi.o)
                0x00833d94                alt_avalon_spi_command
 .text          0x00833fcc      0x444 ../fir_bsp/\libucosii_bsp.a(allports.o)
                0x00833fcc                netmain_init
                0x008340c8                icmp_port_du
                0x00834150                station_state
                0x008342b4                sysuptime
                0x00834348                packet_check
                0x00834394                mcastlist
                0x008343b8                prep_modules
 .text          0x00834410       0xa4 ../fir_bsp/\libucosii_bsp.a(tk_misc.o)
                0x00834410                create_apptasks
                0x00834434                task_stats
 .text          0x008344b4       0xb0 ../fir_bsp/\libucosii_bsp.a(alt_iniche_fcntl.o)
                0x008344b4                fcntl
 .text          0x00834564     0x15b0 ../fir_bsp/\libucosii_bsp.a(et_arp.o)
                0x00834564                etainit
                0x008345b8                et_send
                0x00834734                arp_free_pending
                0x008347bc                arp_send_pending
                0x00834830                send_arp
                0x00834cc8                find_oldest_arp
                0x00834ec4                make_arp_entry
                0x00834fd8                arpReply
                0x0083526c                arprcv
                0x008354cc                send_via_arp
                0x0083569c                cb_arpent_tmo
                0x00835848                grat_arp
 .text          0x00835b14      0x298 ../fir_bsp/\libucosii_bsp.a(iface.o)
                0x00835b14                if_getbynum
                0x00835b98                isbcast
                0x00835c78                reg_type
                0x00835d14                if_killsocks
 .text          0x00835dac     0x22a4 ../fir_bsp/\libucosii_bsp.a(ip.o)
                0x00835dac                ip_init
                0x00835ea8                ip_bldhead
                0x0083604c                ip_write_internal
                0x008367cc                ip_write
                0x00836a14                ip_write2
                0x00836dc4                ip_raw_write
                0x00836e9c                ip_fragment_lc
                0x00837324                ip_fragment
                0x00837948                ip_mymach
                0x008379f4                ip_dump
                0x00837cac                iproute
                0x00837f18                ip_copypkt
 .text          0x00838050      0xe3c ../fir_bsp/\libucosii_bsp.a(ipdemux.o)
                0x00838050                ip_rcv
                0x00838450                ip_rcv_phase2
                0x00838a5c                ip_demux
 .text          0x00838e8c      0x2f0 ../fir_bsp/\libucosii_bsp.a(ipmc.o)
                0x00838e8c                in_addmulti
                0x00838ff4                in_delmulti
                0x0083910c                lookup_mcast
 .text          0x0083917c       0xe4 ../fir_bsp/\libucosii_bsp.a(ipport.o)
                0x0083917c                prep_ifaces
                0x00839210                netexit
                0x00839238                evtmap_setup
 .text          0x00839260      0x550 ../fir_bsp/\libucosii_bsp.a(ipraw.o)
                0x00839260                ip_raw_open
                0x00839350                ip_raw_close
                0x00839410                ip_raw_input
                0x00839648                ip_raw_alloc
                0x00839714                ip_raw_free
                0x00839754                ip_raw_maxalloc
 .text          0x008397b0      0x6f0 ../fir_bsp/\libucosii_bsp.a(iproute.o)
                0x008397b0                rt_lookup
                0x00839934                add_route
                0x00839d5c                del_route
 .text          0x00839ea0      0xe3c ../fir_bsp/\libucosii_bsp.a(udp.o)
                0x00839ea0                udpdemux
                0x0083a6f8                udp_send
                0x0083a9b0                udpswap
                0x0083aae0                udp_socket
                0x0083abb0                udp_alloc
                0x0083ac70                udp_maxalloc
                0x0083ac9c                udp_free
 .text          0x0083acdc      0x2e8 ../fir_bsp/\libucosii_bsp.a(igmp.o)
                0x0083acdc                igmpv1_input
 .text          0x0083afc4      0x7c0 ../fir_bsp/\libucosii_bsp.a(igmp2.o)
                0x0083afc4                igmpv2_input
                0x0083b124                igmpv2_process_report
                0x0083b270                igmpv2_process_query
                0x0083b4bc                igmpv2_chk_set_timer
                0x0083b614                igmpv2_chk4_rtr_alert_opt
 .text          0x0083b784      0x8fc ../fir_bsp/\libucosii_bsp.a(ipopt.o)
                0x0083b784                IPADDR_TO_NETP
                0x0083b8cc                ip_setmoptions
                0x0083bebc                ip_getmoptions
                0x0083bffc                ip_freemoptions
 .text          0x0083c080      0x6e8 ../fir_bsp/\libucosii_bsp.a(u_mctest.o)
                0x0083c080                u_mctest_init
                0x0083c0b0                u_mctest_run
 .text          0x0083c768      0x3d0 ../fir_bsp/\libucosii_bsp.a(dhcsetup.o)
                0x0083c768                dhc_setup
                0x0083ca34                dhc_main_ipset
 .text          0x0083cb38      0x40c ../fir_bsp/\libucosii_bsp.a(memdev.o)
                0x0083cb38                init_memdev
                0x0083cbb0                md_fopen
                0x0083cbd8                md_fclose
                0x0083cbf8                md_fread
                0x0083cd78                md_fwrite
                0x0083cdf8                md_fseek
                0x0083ce24                md_ftell
                0x0083ce48                md_fgetc
                0x0083cf20                md_unlink
 .text          0x0083cf44      0x1c8 ../fir_bsp/\libucosii_bsp.a(netmain.o)
                0x0083cf44                netmain
                0x0083d038                tk_netmain
                0x0083d0c0                tk_nettick
 .text          0x0083d10c      0x1cc ../fir_bsp/\libucosii_bsp.a(tcpcksum.o)
                0x0083d10c                tcp_cksum
 .text          0x0083d2d8     0x3294 ../fir_bsp/\libucosii_bsp.a(dhcpclnt.o)
                0x0083d2d8                dhc_get_srv_ipaddr
                0x0083d368                dhc_init
                0x0083d424                dhc_set_callback
                0x0083d468                dhc_upcall
                0x0083dc98                dhc_buildheader
                0x0083deb4                dhc_discover
                0x0083e3cc                dhc_rx_offer
                0x0083e4d0                dhc_request
                0x0083f00c                dhc_setip
                0x0083f28c                dhc_resetip
                0x0083f370                dhc_decline
                0x0083f554                dhc_extract_opts
                0x0083f810                dhc_second
                0x00840100                dhc_halt
                0x00840188                dhc_reclaim
                0x00840358                dhc_state_init
                0x008403b8                dhc_alldone
                0x00840448                dhc_ifacedone
                0x008404bc                dhc_set_state
 .text          0x0084056c       0xcc ../fir_bsp/\libucosii_bsp.a(dhcputil.o)
                0x0084056c                find_opt
 .text          0x00840638      0x31c ../fir_bsp/\libucosii_bsp.a(udp_open.o)
                0x00840638                udp_open
                0x00840870                udp_close
 .text          0x00840954      0x900 ../fir_bsp/\libucosii_bsp.a(in_pcb.o)
                0x00840954                in_pcballoc
                0x008409e8                in_pcbdetach
                0x00840a3c                in_pcbbind
                0x00840c90                in_pcbconnect
                0x00840ea0                in_pcbdisconnect
                0x00840f00                in_setsockaddr
                0x00840f7c                in_setpeeraddr
                0x00840ff8                in_pcblookup
 .text          0x00841254     0x1a74 ../fir_bsp/\libucosii_bsp.a(vfsfiles.o)
                0x00841254                set_vfopen_error
                0x0084127c                get_vfopen_error
                0x0084129c                vf_alloc_and_link_vop
                0x00841318                vf_alloc_buffer
                0x008413f0                vf_free_buffer
                0x00841440                vfopen_locked
                0x008417a8                vfopen
                0x008417f8                vfclose_locked
                0x008419a0                vfclose
                0x008419e0                vfflush
                0x00841a28                vfgets
                0x00841b0c                vfeof
                0x00841b64                vunlink_flag_open_files
                0x00841bc0                vunlink
                0x00841de0                vfread
                0x00841f8c                vfwrite_locked
                0x00842374                vfwrite
                0x008423d4                vfseek
                0x00842550                vftell
                0x00842684                vgetc_locked
                0x008427a4                vgetc
                0x008427ec                vfslookup_locked
                0x00842924                vfslookup
                0x0084296c                strippath
                0x00842b54                isvfile_locked
                0x00842bb8                isvfile
                0x00842c00                vferror
                0x00842c6c                vclearerr
 .text          0x00842cc8       0x24 ../fir_bsp/\libucosii_bsp.a(vfsport.o)
                0x00842cc8                prep_vfs
 .text          0x00842cec        0x0 ../fir_bsp/\libucosii_bsp.a(alt_exception_entry.o)
 .text          0x00842cec      0x1b4 ../fir_bsp/\libucosii_bsp.a(alt_fcntl.o)
                0x00842cec                alt_fcntl
 .text          0x00842ea0      0x120 ../fir_bsp/\libucosii_bsp.a(alt_find_file.o)
                0x00842ea0                alt_find_file
 .text          0x00842fc0       0xf4 ../fir_bsp/\libucosii_bsp.a(alt_get_fd.o)
                0x00842fc0                alt_get_fd
 .text          0x008430b4      0x580 ../fir_bsp/\libucosii_bsp.a(timeouts.o)
                0x008430b4                inet_timer
                0x008433b4                in_timerset
                0x0084358c                in_timerkill
 .text          0x00843634     0x130c ../fir_bsp/\libucosii_bsp.a(icmp.o)
                0x00843634                icmprcv
                0x00844268                icmp_destun
                0x008445b8                icmp_timex
                0x008448ec                icmp_du
 .text          0x00844940     0x1e08 ../fir_bsp/\libucosii_bsp.a(ip_reasm.o)
                0x00844940                ip_reasm_match_frag_with_ire
                0x00844a10                ip_reasm_determine_type_of_frag
                0x00844afc                ip_reasm_check_mem_useage
                0x00844b94                ip_reasm_incr_mem_useage
                0x00844c3c                ip_reasm_decr_mem_useage
                0x00844cdc                ip_reasm_process_first_fragment
                0x00844fbc                ip_reassm
                0x0084505c                ip_reasm_compute_overlap
                0x008455ec                ip_reasm_process_subsequent_fragments
                0x00845b80                ip_reasm_find_ire
                0x00845be4                ip_reasm_copy_queued_fragments_into_reassy_buffer
                0x00845f40                ip_reasm_process_timer_tick
                0x00846060                ip_reasm_delete_ire
                0x00846228                ip_reasm_mark_compact_rfq
                0x00846370                ipr_stats
                0x008466f4                ip_reasm_send_icmp_timex
 .text          0x00846748       0x14 d:/altera/13.0sp1/nios2eds/bin/gnu/h-i686-mingw32/bin/../lib/gcc/nios2-elf/4.1.2/../../../../nios2-elf/lib\libc.a(lib_a-atexit.o)
                0x00846748                atexit
 .text          0x0084675c       0x18 d:/altera/13.0sp1/nios2eds/bin/gnu/h-i686-mingw32/bin/../lib/gcc/nios2-elf/4.1.2/../../../../nios2-elf/lib\libc.a(lib_a-atoi.o)
                0x0084675c                _atoi_r
                0x00846768                atoi
 .text          0x00846774       0x1c d:/altera/13.0sp1/nios2eds/bin/gnu/h-i686-mingw32/bin/../lib/gcc/nios2-elf/4.1.2/../../../../nios2-elf/lib\libc.a(lib_a-calloc.o)
                0x00846774                calloc
 .text          0x00846790       0x74 d:/altera/13.0sp1/nios2eds/bin/gnu/h-i686-mingw32/bin/../lib/gcc/nios2-elf/4.1.2/../../../../nios2-elf/lib\libc.a(lib_a-memcmp.o)
                0x00846790                memcmp
 .text          0x00846804       0xd4 d:/altera/13.0sp1/nios2eds/bin/gnu/h-i686-mingw32/bin/../lib/gcc/nios2-elf/4.1.2/../../../../nios2-elf/lib\libc.a(lib_a-sprintf.o)
                0x00846804                sprintf
                0x00846878                _sprintf_r
 .text          0x008468d8       0x8c d:/altera/13.0sp1/nios2eds/bin/gnu/h-i686-mingw32/bin/../lib/gcc/nios2-elf/4.1.2/../../../../nios2-elf/lib\libc.a(lib_a-strcpy.o)
                0x008468d8                strcpy
 .text          0x00846964       0xf0 d:/altera/13.0sp1/nios2eds/bin/gnu/h-i686-mingw32/bin/../lib/gcc/nios2-elf/4.1.2/../../../../nios2-elf/lib\libc.a(lib_a-strncmp.o)
                0x00846964                strncmp
 .text          0x00846a54       0xbc d:/altera/13.0sp1/nios2eds/bin/gnu/h-i686-mingw32/bin/../lib/gcc/nios2-elf/4.1.2/../../../../nios2-elf/lib\libc.a(lib_a-strncpy.o)
                0x00846a54                strncpy
 .text          0x00846b10      0x268 d:/altera/13.0sp1/nios2eds/bin/gnu/h-i686-mingw32/bin/../lib/gcc/nios2-elf/4.1.2/../../../../nios2-elf/lib\libc.a(lib_a-strtol.o)
                0x00846b10                _strtol_r
                0x00846d54                strtol
 .text          0x00846d78       0x34 d:/altera/13.0sp1/nios2eds/bin/gnu/h-i686-mingw32/bin/../lib/gcc/nios2-elf/4.1.2/../../../../nios2-elf/lib\libc.a(lib_a-vprintf.o)
                0x00846d78                _vprintf_r
                0x00846d8c                vprintf
 .text          0x00846dac       0x74 d:/altera/13.0sp1/nios2eds/bin/gnu/h-i686-mingw32/bin/../lib/gcc/nios2-elf/4.1.2/../../../../nios2-elf/lib\libc.a(lib_a-vsprintf.o)
                0x00846dac                _vsprintf_r
                0x00846dfc                vsprintf
 .text          0x00846e20      0x134 d:/altera/13.0sp1/nios2eds/bin/gnu/h-i686-mingw32/bin/../lib/gcc/nios2-elf/4.1.2/../../../../nios2-elf/lib\libc.a(lib_a-__atexit.o)
                0x00846e20                __register_exitproc
 *(.gnu.warning.*)
 *(.fini)
                0x00846f54                PROVIDE (__etext, ABSOLUTE (.))
                0x00846f54                PROVIDE (_etext, ABSOLUTE (.))
                0x00846f54                PROVIDE (etext, ABSOLUTE (.))
 *(.eh_frame_hdr)
                0x00846f54                . = ALIGN (0x4)
                0x00846f54                PROVIDE (__preinit_array_start, ABSOLUTE (.))
 *(.preinit_array)
                0x00846f54                PROVIDE (__preinit_array_end, ABSOLUTE (.))
                0x00846f54                PROVIDE (__init_array_start, ABSOLUTE (.))
 *(.init_array)
                0x00846f54                PROVIDE (__init_array_end, ABSOLUTE (.))
                0x00846f54                PROVIDE (__fini_array_start, ABSOLUTE (.))
 *(.fini_array)
                0x00846f54                PROVIDE (__fini_array_end, ABSOLUTE (.))
 *(.eh_frame)
 *(.gcc_except_table)
 *(.dynamic)
                0x00846f54                PROVIDE (__CTOR_LIST__, ABSOLUTE (.))
 *(.ctors)
 *(SORT(.ctors.*))
 .ctors.65535   0x00846f54        0x4 d:/altera/13.0sp1/nios2eds/bin/gnu/h-i686-mingw32/bin/../lib/gcc/nios2-elf/4.1.2/../../../../nios2-elf/lib\libc.a(lib_a-__call_atexit.o)
                0x00846f58                PROVIDE (__CTOR_END__, ABSOLUTE (.))
                0x00846f58                PROVIDE (__DTOR_LIST__, ABSOLUTE (.))
 *(.dtors)
 *(SORT(.dtors.*))
                0x00846f58                PROVIDE (__DTOR_END__, ABSOLUTE (.))
 *(.jcr)
                0x00846f58                . = ALIGN (0x4)

.rodata         0x00846f58     0x4330
                0x00846f58                PROVIDE (__ram_rodata_start, ABSOLUTE (.))
                0x00846f58                . = ALIGN (0x4)
 *(.rodata .rodata.* .gnu.linkonce.r.*)
 .rodata        0x00846f58       0x60 obj/default/LCD.o
 .rodata        0x00846fb8       0xa8 obj/default/SSS_DE2_115.o
 .rodata        0x00847060      0xba4 obj/default/alt_error_handler.o
 .rodata        0x00847c04       0x64 obj/default/dm9000a.o
 .rodata        0x00847c68      0x214 obj/default/iniche_init.o
 .rodata        0x00847e7c      0x234 obj/default/network_utilities.o
 .rodata        0x008480b0      0x2e0 obj/default/simple_socket_server.o
 .rodata        0x00848390       0x14 d:/altera/13.0sp1/nios2eds/bin/gnu/h-i686-mingw32/bin/../lib/gcc/nios2-elf/4.1.2\libgcc.a(_thenan_df.o)
                0x00848390                __thenan_df
 .rodata        0x008483a4      0x100 d:/altera/13.0sp1/nios2eds/bin/gnu/h-i686-mingw32/bin/../lib/gcc/nios2-elf/4.1.2\libgcc.a(_clz.o)
                0x008483a4                __clz_tab
 .rodata        0x008484a4      0x281 d:/altera/13.0sp1/nios2eds/bin/gnu/h-i686-mingw32/bin/../lib/gcc/nios2-elf/4.1.2/../../../../nios2-elf/lib\libc.a(lib_a-ctype_.o)
                0x008484a4                _ctype_
 *fill*         0x00848725        0x3 00
 .rodata.str1.4
                0x00848728        0x2 d:/altera/13.0sp1/nios2eds/bin/gnu/h-i686-mingw32/bin/../lib/gcc/nios2-elf/4.1.2/../../../../nios2-elf/lib\libc.a(lib_a-impure.o)
                                  0x4 (size before relaxing)
 *fill*         0x0084872a        0x2 00
 .rodata.str1.4
                0x0084872c        0x3 d:/altera/13.0sp1/nios2eds/bin/gnu/h-i686-mingw32/bin/../lib/gcc/nios2-elf/4.1.2/../../../../nios2-elf/lib\libc.a(lib_a-perror.o)
                                  0x4 (size before relaxing)
 *fill*         0x0084872f        0x1 00
 .rodata.str1.4
                0x00848730        0x2 d:/altera/13.0sp1/nios2eds/bin/gnu/h-i686-mingw32/bin/../lib/gcc/nios2-elf/4.1.2/../../../../nios2-elf/lib\libc.a(lib_a-puts.o)
                                  0x4 (size before relaxing)
 *fill*         0x00848732        0x2 00
 .rodata.str1.4
                0x00848734      0x7a2 d:/altera/13.0sp1/nios2eds/bin/gnu/h-i686-mingw32/bin/../lib/gcc/nios2-elf/4.1.2/../../../../nios2-elf/lib\libc.a(lib_a-strerror.o)
                                0x7a8 (size before relaxing)
 *fill*         0x00848ed6        0x2 00
 .rodata.str1.4
                0x00848ed8       0x5e d:/altera/13.0sp1/nios2eds/bin/gnu/h-i686-mingw32/bin/../lib/gcc/nios2-elf/4.1.2/../../../../nios2-elf/lib\libc.a(lib_a-vfprintf.o)
                                 0x60 (size before relaxing)
 .rodata        0x00848f36       0x20 d:/altera/13.0sp1/nios2eds/bin/gnu/h-i686-mingw32/bin/../lib/gcc/nios2-elf/4.1.2/../../../../nios2-elf/lib\libc.a(lib_a-vfprintf.o)
 *fill*         0x00848f56        0x2 00
 .rodata.str1.4
                0x00848f58       0x10 d:/altera/13.0sp1/nios2eds/bin/gnu/h-i686-mingw32/bin/../lib/gcc/nios2-elf/4.1.2/../../../../nios2-elf/lib\libc.a(lib_a-dtoa.o)
                                 0x14 (size before relaxing)
 .rodata.str1.4
                0x00848f68       0x10 d:/altera/13.0sp1/nios2eds/bin/gnu/h-i686-mingw32/bin/../lib/gcc/nios2-elf/4.1.2/../../../../nios2-elf/lib\libc.a(lib_a-locale.o)
                                 0x18 (size before relaxing)
 .rodata        0x00848f78       0x30 d:/altera/13.0sp1/nios2eds/bin/gnu/h-i686-mingw32/bin/../lib/gcc/nios2-elf/4.1.2/../../../../nios2-elf/lib\libc.a(lib_a-locale.o)
 .rodata        0x00848fa8      0x124 d:/altera/13.0sp1/nios2eds/bin/gnu/h-i686-mingw32/bin/../lib/gcc/nios2-elf/4.1.2/../../../../nios2-elf/lib\libc.a(lib_a-mprec.o)
                0x00848fa8                __mprec_tens
                0x00849070                __mprec_bigtens
                0x00849098                __mprec_tinytens
 .rodata        0x008490cc       0x14 ../fir_bsp/\libucosii_bsp.a(alt_main.o)
 .rodata        0x008490e0      0x120 ../fir_bsp/\libucosii_bsp.a(os_core.o)
                0x008490e0                OSUnMapTbl
 .rodata        0x00849200       0x60 ../fir_bsp/\libucosii_bsp.a(alt_sys_init.o)
 .rodata        0x00849260       0xd8 ../fir_bsp/\libucosii_bsp.a(ipnet.o)
 .rodata        0x00849338       0xec ../fir_bsp/\libucosii_bsp.a(ipstart.o)
 .rodata        0x00849424      0x54c ../fir_bsp/\libucosii_bsp.a(igmp_cmn.o)
 .rodata        0x00849970       0xb8 ../fir_bsp/\libucosii_bsp.a(in_utils.o)
 .rodata        0x00849a28       0x94 ../fir_bsp/\libucosii_bsp.a(parseip.o)
 .rodata        0x00849abc      0x1a8 ../fir_bsp/\libucosii_bsp.a(tk_crnos.o)
 .rodata        0x00849c64      0x118 ../fir_bsp/\libucosii_bsp.a(pktalloc.o)
 .rodata        0x00849d7c       0x2c ../fir_bsp/\libucosii_bsp.a(brdutils.o)
 .rodata        0x00849da8      0x26c ../fir_bsp/\libucosii_bsp.a(osportco.o)
 .rodata        0x0084a014       0xa0 ../fir_bsp/\libucosii_bsp.a(targnios.o)
 .rodata        0x0084a0b4       0x90 ../fir_bsp/\libucosii_bsp.a(nptcp.o)
 .rodata        0x0084a144        0x8 ../fir_bsp/\libucosii_bsp.a(sockcall.o)
 .rodata        0x0084a14c       0x50 ../fir_bsp/\libucosii_bsp.a(socket.o)
 .rodata        0x0084a19c       0x40 ../fir_bsp/\libucosii_bsp.a(socket2.o)
 .rodata        0x0084a1dc       0x20 ../fir_bsp/\libucosii_bsp.a(tcp_in.o)
 .rodata        0x0084a1fc       0x40 ../fir_bsp/\libucosii_bsp.a(tcp_out.o)
 .rodata        0x0084a23c       0x24 ../fir_bsp/\libucosii_bsp.a(tcp_subr.o)
 .rodata        0x0084a260       0x2c ../fir_bsp/\libucosii_bsp.a(tcp_usr.o)
 .rodata        0x0084a28c        0xc ../fir_bsp/\libucosii_bsp.a(alt_dev.o)
 .rodata        0x0084a298        0x4 ../fir_bsp/\libucosii_bsp.a(os_cpu_c.o)
 .rodata        0x0084a29c      0x1d4 ../fir_bsp/\libucosii_bsp.a(allports.o)
 .rodata        0x0084a470       0x34 ../fir_bsp/\libucosii_bsp.a(tk_misc.o)
 .rodata        0x0084a4a4       0x44 ../fir_bsp/\libucosii_bsp.a(et_arp.o)
 .rodata        0x0084a4e8      0x1dc ../fir_bsp/\libucosii_bsp.a(ip.o)
 .rodata        0x0084a6c4      0x120 ../fir_bsp/\libucosii_bsp.a(ipdemux.o)
 .rodata        0x0084a7e4       0x34 ../fir_bsp/\libucosii_bsp.a(ipport.o)
 .rodata        0x0084a818       0x24 ../fir_bsp/\libucosii_bsp.a(ipraw.o)
 .rodata        0x0084a83c       0x38 ../fir_bsp/\libucosii_bsp.a(iproute.o)
 .rodata        0x0084a874       0xe8 ../fir_bsp/\libucosii_bsp.a(udp.o)
 .rodata        0x0084a95c      0x2d0 ../fir_bsp/\libucosii_bsp.a(u_mctest.o)
 .rodata        0x0084ac2c       0xf8 ../fir_bsp/\libucosii_bsp.a(dhcsetup.o)
 .rodata        0x0084ad24       0x34 ../fir_bsp/\libucosii_bsp.a(netmain.o)
 .rodata        0x0084ad58        0x8 ../fir_bsp/\libucosii_bsp.a(dhcpclnt.o)
 .rodata        0x0084ad60       0x84 ../fir_bsp/\libucosii_bsp.a(udp_open.o)
 .rodata        0x0084ade4       0x34 ../fir_bsp/\libucosii_bsp.a(vfsfiles.o)
 .rodata        0x0084ae18      0x318 ../fir_bsp/\libucosii_bsp.a(icmp.o)
 .rodata        0x0084b130      0x158 ../fir_bsp/\libucosii_bsp.a(ip_reasm.o)
 *(.rodata1)
                0x0084b288                . = ALIGN (0x4)
                0x0084b288                PROVIDE (__ram_rodata_end, ABSOLUTE (.))
                0x00846f58                PROVIDE (__flash_rodata_start, LOADADDR (.rodata))

.rwdata         0x0084b288     0x213c
                0x0084b288                PROVIDE (__ram_rwdata_start, ABSOLUTE (.))
                0x0084b288                . = ALIGN (0x4)
 *(.got.plt)
 *(.got)
 *(.data1)
 *(.data .data.* .gnu.linkonce.d.*)
 .data          0x0084b288        0x0 ../fir_bsp//obj/HAL/src/crt0.o
 .data          0x0084b288        0x0 obj/default/LCD.o
 .data          0x0084b288        0x0 obj/default/SSS_DE2_115.o
 .data          0x0084b288        0x0 obj/default/alt_error_handler.o
 .data          0x0084b288        0x0 obj/default/dm9000a.o
 .data          0x0084b288       0x18 obj/default/iniche_init.o
                0x0084b288                ssstask
 .data          0x0084b2a0        0x0 obj/default/led.o
 .data          0x0084b2a0        0x0 obj/default/network_utilities.o
 .data          0x0084b2a0        0x0 obj/default/simple_socket_server.o
 .data          0x0084b2a0        0x0 obj/default/tse_my_system.o
 .data          0x0084b2a0        0x0 d:/altera/13.0sp1/nios2eds/bin/gnu/h-i686-mingw32/bin/../lib/gcc/nios2-elf/4.1.2\libgcc.a(_fixunsdfsi.o)
 .data          0x0084b2a0        0x0 d:/altera/13.0sp1/nios2eds/bin/gnu/h-i686-mingw32/bin/../lib/gcc/nios2-elf/4.1.2\libgcc.a(_addsub_df.o)
 .data          0x0084b2a0        0x0 d:/altera/13.0sp1/nios2eds/bin/gnu/h-i686-mingw32/bin/../lib/gcc/nios2-elf/4.1.2\libgcc.a(_mul_df.o)
 .data          0x0084b2a0        0x0 d:/altera/13.0sp1/nios2eds/bin/gnu/h-i686-mingw32/bin/../lib/gcc/nios2-elf/4.1.2\libgcc.a(_ge_df.o)
 .data          0x0084b2a0        0x0 d:/altera/13.0sp1/nios2eds/bin/gnu/h-i686-mingw32/bin/../lib/gcc/nios2-elf/4.1.2\libgcc.a(_df_to_si.o)
 .data          0x0084b2a0        0x0 d:/altera/13.0sp1/nios2eds/bin/gnu/h-i686-mingw32/bin/../lib/gcc/nios2-elf/4.1.2\libgcc.a(_thenan_df.o)
 .data          0x0084b2a0        0x0 d:/altera/13.0sp1/nios2eds/bin/gnu/h-i686-mingw32/bin/../lib/gcc/nios2-elf/4.1.2\libgcc.a(_usi_to_df.o)
 .data          0x0084b2a0        0x0 d:/altera/13.0sp1/nios2eds/bin/gnu/h-i686-mingw32/bin/../lib/gcc/nios2-elf/4.1.2\libgcc.a(_muldi3.o)
 .data          0x0084b2a0        0x0 d:/altera/13.0sp1/nios2eds/bin/gnu/h-i686-mingw32/bin/../lib/gcc/nios2-elf/4.1.2\libgcc.a(_clzsi2.o)
 .data          0x0084b2a0        0x0 d:/altera/13.0sp1/nios2eds/bin/gnu/h-i686-mingw32/bin/../lib/gcc/nios2-elf/4.1.2\libgcc.a(_pack_df.o)
 .data          0x0084b2a0        0x0 d:/altera/13.0sp1/nios2eds/bin/gnu/h-i686-mingw32/bin/../lib/gcc/nios2-elf/4.1.2\libgcc.a(_unpack_df.o)
 .data          0x0084b2a0        0x0 d:/altera/13.0sp1/nios2eds/bin/gnu/h-i686-mingw32/bin/../lib/gcc/nios2-elf/4.1.2\libgcc.a(_fpcmp_parts_df.o)
 .data          0x0084b2a0        0x0 d:/altera/13.0sp1/nios2eds/bin/gnu/h-i686-mingw32/bin/../lib/gcc/nios2-elf/4.1.2\libgcc.a(_clz.o)
 .data          0x0084b2a0        0x0 d:/altera/13.0sp1/nios2eds/bin/gnu/h-i686-mingw32/bin/../lib/gcc/nios2-elf/4.1.2/../../../../nios2-elf/lib\libc.a(lib_a-ctype_.o)
 .data          0x0084b2a0        0x0 d:/altera/13.0sp1/nios2eds/bin/gnu/h-i686-mingw32/bin/../lib/gcc/nios2-elf/4.1.2/../../../../nios2-elf/lib\libc.a(lib_a-exit.o)
 .data          0x0084b2a0        0x0 d:/altera/13.0sp1/nios2eds/bin/gnu/h-i686-mingw32/bin/../lib/gcc/nios2-elf/4.1.2/../../../../nios2-elf/lib\libc.a(lib_a-fprintf.o)
 .data          0x0084b2a0        0x0 d:/altera/13.0sp1/nios2eds/bin/gnu/h-i686-mingw32/bin/../lib/gcc/nios2-elf/4.1.2/../../../../nios2-elf/lib\libc.a(lib_a-fwrite.o)
 .data          0x0084b2a0        0x0 d:/altera/13.0sp1/nios2eds/bin/gnu/h-i686-mingw32/bin/../lib/gcc/nios2-elf/4.1.2/../../../../nios2-elf/lib\libc.a(lib_a-getc.o)
 .data          0x0084b2a0      0x400 d:/altera/13.0sp1/nios2eds/bin/gnu/h-i686-mingw32/bin/../lib/gcc/nios2-elf/4.1.2/../../../../nios2-elf/lib\libc.a(lib_a-impure.o)
 .data          0x0084b6a0        0x0 d:/altera/13.0sp1/nios2eds/bin/gnu/h-i686-mingw32/bin/../lib/gcc/nios2-elf/4.1.2/../../../../nios2-elf/lib\libc.a(lib_a-malloc.o)
 .data          0x0084b6a0      0x408 d:/altera/13.0sp1/nios2eds/bin/gnu/h-i686-mingw32/bin/../lib/gcc/nios2-elf/4.1.2/../../../../nios2-elf/lib\libc.a(lib_a-mallocr.o)
                0x0084b6a0                __malloc_av_
 .data          0x0084baa8        0x0 d:/altera/13.0sp1/nios2eds/bin/gnu/h-i686-mingw32/bin/../lib/gcc/nios2-elf/4.1.2/../../../../nios2-elf/lib\libc.a(lib_a-memcpy.o)
 .data          0x0084baa8        0x0 d:/altera/13.0sp1/nios2eds/bin/gnu/h-i686-mingw32/bin/../lib/gcc/nios2-elf/4.1.2/../../../../nios2-elf/lib\libc.a(lib_a-memmove.o)
 .data          0x0084baa8        0x0 d:/altera/13.0sp1/nios2eds/bin/gnu/h-i686-mingw32/bin/../lib/gcc/nios2-elf/4.1.2/../../../../nios2-elf/lib\libc.a(lib_a-memset.o)
 .data          0x0084baa8        0x0 d:/altera/13.0sp1/nios2eds/bin/gnu/h-i686-mingw32/bin/../lib/gcc/nios2-elf/4.1.2/../../../../nios2-elf/lib\libc.a(lib_a-perror.o)
 .data          0x0084baa8        0x0 d:/altera/13.0sp1/nios2eds/bin/gnu/h-i686-mingw32/bin/../lib/gcc/nios2-elf/4.1.2/../../../../nios2-elf/lib\libc.a(lib_a-printf.o)
 .data          0x0084baa8        0x0 d:/altera/13.0sp1/nios2eds/bin/gnu/h-i686-mingw32/bin/../lib/gcc/nios2-elf/4.1.2/../../../../nios2-elf/lib\libc.a(lib_a-putc.o)
 .data          0x0084baa8        0x0 d:/altera/13.0sp1/nios2eds/bin/gnu/h-i686-mingw32/bin/../lib/gcc/nios2-elf/4.1.2/../../../../nios2-elf/lib\libc.a(lib_a-putchar.o)
 .data          0x0084baa8        0x0 d:/altera/13.0sp1/nios2eds/bin/gnu/h-i686-mingw32/bin/../lib/gcc/nios2-elf/4.1.2/../../../../nios2-elf/lib\libc.a(lib_a-puts.o)
 .data          0x0084baa8        0x0 d:/altera/13.0sp1/nios2eds/bin/gnu/h-i686-mingw32/bin/../lib/gcc/nios2-elf/4.1.2/../../../../nios2-elf/lib\libc.a(lib_a-rget.o)
 .data          0x0084baa8        0x0 d:/altera/13.0sp1/nios2eds/bin/gnu/h-i686-mingw32/bin/../lib/gcc/nios2-elf/4.1.2/../../../../nios2-elf/lib\libc.a(lib_a-sbrkr.o)
 .data          0x0084baa8        0x0 d:/altera/13.0sp1/nios2eds/bin/gnu/h-i686-mingw32/bin/../lib/gcc/nios2-elf/4.1.2/../../../../nios2-elf/lib\libc.a(lib_a-strchr.o)
 .data          0x0084baa8        0x0 d:/altera/13.0sp1/nios2eds/bin/gnu/h-i686-mingw32/bin/../lib/gcc/nios2-elf/4.1.2/../../../../nios2-elf/lib\libc.a(lib_a-strerror.o)
 .data          0x0084baa8        0x0 d:/altera/13.0sp1/nios2eds/bin/gnu/h-i686-mingw32/bin/../lib/gcc/nios2-elf/4.1.2/../../../../nios2-elf/lib\libc.a(lib_a-strlen.o)
 .data          0x0084baa8        0x0 d:/altera/13.0sp1/nios2eds/bin/gnu/h-i686-mingw32/bin/../lib/gcc/nios2-elf/4.1.2/../../../../nios2-elf/lib\libc.a(lib_a-u_strerr.o)
 .data          0x0084baa8        0x0 d:/altera/13.0sp1/nios2eds/bin/gnu/h-i686-mingw32/bin/../lib/gcc/nios2-elf/4.1.2/../../../../nios2-elf/lib\libc.a(lib_a-vfprintf.o)
 .data          0x0084baa8        0x0 d:/altera/13.0sp1/nios2eds/bin/gnu/h-i686-mingw32/bin/../lib/gcc/nios2-elf/4.1.2/../../../../nios2-elf/lib\libc.a(lib_a-wbuf.o)
 .data          0x0084baa8        0x0 d:/altera/13.0sp1/nios2eds/bin/gnu/h-i686-mingw32/bin/../lib/gcc/nios2-elf/4.1.2/../../../../nios2-elf/lib\libc.a(lib_a-wsetup.o)
 .data          0x0084baa8        0x0 d:/altera/13.0sp1/nios2eds/bin/gnu/h-i686-mingw32/bin/../lib/gcc/nios2-elf/4.1.2/../../../../nios2-elf/lib\libc.a(lib_a-__call_atexit.o)
 .data          0x0084baa8        0x0 d:/altera/13.0sp1/nios2eds/bin/gnu/h-i686-mingw32/bin/../lib/gcc/nios2-elf/4.1.2/../../../../nios2-elf/lib\libc.a(lib_a-dtoa.o)
 .data          0x0084baa8        0x0 d:/altera/13.0sp1/nios2eds/bin/gnu/h-i686-mingw32/bin/../lib/gcc/nios2-elf/4.1.2/../../../../nios2-elf/lib\libc.a(lib_a-fflush.o)
 .data          0x0084baa8        0x0 d:/altera/13.0sp1/nios2eds/bin/gnu/h-i686-mingw32/bin/../lib/gcc/nios2-elf/4.1.2/../../../../nios2-elf/lib\libc.a(lib_a-findfp.o)
 .data          0x0084baa8        0x0 d:/altera/13.0sp1/nios2eds/bin/gnu/h-i686-mingw32/bin/../lib/gcc/nios2-elf/4.1.2/../../../../nios2-elf/lib\libc.a(lib_a-fputc.o)
 .data          0x0084baa8        0x0 d:/altera/13.0sp1/nios2eds/bin/gnu/h-i686-mingw32/bin/../lib/gcc/nios2-elf/4.1.2/../../../../nios2-elf/lib\libc.a(lib_a-fputs.o)
 .data          0x0084baa8        0x0 d:/altera/13.0sp1/nios2eds/bin/gnu/h-i686-mingw32/bin/../lib/gcc/nios2-elf/4.1.2/../../../../nios2-elf/lib\libc.a(lib_a-freer.o)
 .data          0x0084baa8        0x0 d:/altera/13.0sp1/nios2eds/bin/gnu/h-i686-mingw32/bin/../lib/gcc/nios2-elf/4.1.2/../../../../nios2-elf/lib\libc.a(lib_a-fvwrite.o)
 .data          0x0084baa8        0x0 d:/altera/13.0sp1/nios2eds/bin/gnu/h-i686-mingw32/bin/../lib/gcc/nios2-elf/4.1.2/../../../../nios2-elf/lib\libc.a(lib_a-fwalk.o)
 .data          0x0084baa8        0x0 d:/altera/13.0sp1/nios2eds/bin/gnu/h-i686-mingw32/bin/../lib/gcc/nios2-elf/4.1.2/../../../../nios2-elf/lib\libc.a(lib_a-int_errno.o)
 .data          0x0084baa8        0xc d:/altera/13.0sp1/nios2eds/bin/gnu/h-i686-mingw32/bin/../lib/gcc/nios2-elf/4.1.2/../../../../nios2-elf/lib\libc.a(lib_a-locale.o)
                0x0084baa8                __lc_ctype
 .data          0x0084bab4        0x0 d:/altera/13.0sp1/nios2eds/bin/gnu/h-i686-mingw32/bin/../lib/gcc/nios2-elf/4.1.2/../../../../nios2-elf/lib\libc.a(lib_a-makebuf.o)
 .data          0x0084bab4        0x0 d:/altera/13.0sp1/nios2eds/bin/gnu/h-i686-mingw32/bin/../lib/gcc/nios2-elf/4.1.2/../../../../nios2-elf/lib\libc.a(lib_a-memchr.o)
 .data          0x0084bab4        0x0 d:/altera/13.0sp1/nios2eds/bin/gnu/h-i686-mingw32/bin/../lib/gcc/nios2-elf/4.1.2/../../../../nios2-elf/lib\libc.a(lib_a-mprec.o)
 .data          0x0084bab4        0x0 d:/altera/13.0sp1/nios2eds/bin/gnu/h-i686-mingw32/bin/../lib/gcc/nios2-elf/4.1.2/../../../../nios2-elf/lib\libc.a(lib_a-reallocr.o)
 .data          0x0084bab4        0x0 d:/altera/13.0sp1/nios2eds/bin/gnu/h-i686-mingw32/bin/../lib/gcc/nios2-elf/4.1.2/../../../../nios2-elf/lib\libc.a(lib_a-refill.o)
 .data          0x0084bab4        0x0 d:/altera/13.0sp1/nios2eds/bin/gnu/h-i686-mingw32/bin/../lib/gcc/nios2-elf/4.1.2/../../../../nios2-elf/lib\libc.a(lib_a-s_isinfd.o)
 .data          0x0084bab4        0x0 d:/altera/13.0sp1/nios2eds/bin/gnu/h-i686-mingw32/bin/../lib/gcc/nios2-elf/4.1.2/../../../../nios2-elf/lib\libc.a(lib_a-s_isnand.o)
 .data          0x0084bab4        0x0 d:/altera/13.0sp1/nios2eds/bin/gnu/h-i686-mingw32/bin/../lib/gcc/nios2-elf/4.1.2/../../../../nios2-elf/lib\libc.a(lib_a-stdio.o)
 .data          0x0084bab4        0x0 d:/altera/13.0sp1/nios2eds/bin/gnu/h-i686-mingw32/bin/../lib/gcc/nios2-elf/4.1.2/../../../../nios2-elf/lib\libc.a(lib_a-strcmp.o)
 .data          0x0084bab4        0x0 d:/altera/13.0sp1/nios2eds/bin/gnu/h-i686-mingw32/bin/../lib/gcc/nios2-elf/4.1.2/../../../../nios2-elf/lib\libc.a(lib_a-writer.o)
 .data          0x0084bab4        0x0 d:/altera/13.0sp1/nios2eds/bin/gnu/h-i686-mingw32/bin/../lib/gcc/nios2-elf/4.1.2/../../../../nios2-elf/lib\libc.a(lib_a-callocr.o)
 .data          0x0084bab4        0x0 d:/altera/13.0sp1/nios2eds/bin/gnu/h-i686-mingw32/bin/../lib/gcc/nios2-elf/4.1.2/../../../../nios2-elf/lib\libc.a(lib_a-closer.o)
 .data          0x0084bab4        0x0 d:/altera/13.0sp1/nios2eds/bin/gnu/h-i686-mingw32/bin/../lib/gcc/nios2-elf/4.1.2/../../../../nios2-elf/lib\libc.a(lib_a-fclose.o)
 .data          0x0084bab4        0x0 d:/altera/13.0sp1/nios2eds/bin/gnu/h-i686-mingw32/bin/../lib/gcc/nios2-elf/4.1.2/../../../../nios2-elf/lib\libc.a(lib_a-fstatr.o)
 .data          0x0084bab4        0x0 d:/altera/13.0sp1/nios2eds/bin/gnu/h-i686-mingw32/bin/../lib/gcc/nios2-elf/4.1.2/../../../../nios2-elf/lib\libc.a(lib_a-isattyr.o)
 .data          0x0084bab4        0x0 d:/altera/13.0sp1/nios2eds/bin/gnu/h-i686-mingw32/bin/../lib/gcc/nios2-elf/4.1.2/../../../../nios2-elf/lib\libc.a(lib_a-lseekr.o)
 .data          0x0084bab4        0x0 d:/altera/13.0sp1/nios2eds/bin/gnu/h-i686-mingw32/bin/../lib/gcc/nios2-elf/4.1.2/../../../../nios2-elf/lib\libc.a(lib_a-readr.o)
 .data          0x0084bab4        0x0 d:/altera/13.0sp1/nios2eds/bin/gnu/h-i686-mingw32/bin/../lib/gcc/nios2-elf/4.1.2\libgcc.a(_udivdi3.o)
 .data          0x0084bab4        0x0 d:/altera/13.0sp1/nios2eds/bin/gnu/h-i686-mingw32/bin/../lib/gcc/nios2-elf/4.1.2\libgcc.a(_umoddi3.o)