Archive member included because of file (symbol)

d:/altera/13.0sp1/nios2eds/bin/gnu/h-i686-mingw32/bin/../lib/gcc/nios2-elf/4.1.2\libgcc.a(_fixunsdfsi.o)
                              obj/default/dm9000a.o (__fixunsdfsi)
d:/altera/13.0sp1/nios2eds/bin/gnu/h-i686-mingw32/bin/../lib/gcc/nios2-elf/4.1.2\libgcc.a(_addsub_df.o)
                              d:/altera/13.0sp1/nios2eds/bin/gnu/h-i686-mingw32/bin/../lib/gcc/nios2-elf/4.1.2\libgcc.a(_fixunsdfsi.o) (__subdf3)
d:/altera/13.0sp1/nios2eds/bin/gnu/h-i686-mingw32/bin/../lib/gcc/nios2-elf/4.1.2\libgcc.a(_mul_df.o)
                              obj/default/dm9000a.o (__muldf3)
d:/altera/13.0sp1/nios2eds/bin/gnu/h-i686-mingw32/bin/../lib/gcc/nios2-elf/4.1.2\libgcc.a(_ge_df.o)
                              d:/altera/13.0sp1/nios2eds/bin/gnu/h-i686-mingw32/bin/../lib/gcc/nios2-elf/4.1.2\libgcc.a(_fixunsdfsi.o) (__gedf2)
d:/altera/13.0sp1/nios2eds/bin/gnu/h-i686-mingw32/bin/../lib/gcc/nios2-elf/4.1.2\libgcc.a(_df_to_si.o)
                              d:/altera/13.0sp1/nios2eds/bin/gnu/h-i686-mingw32/bin/../lib/gcc/nios2-elf/4.1.2\libgcc.a(_fixunsdfsi.o) (__fixdfsi)
d:/altera/13.0sp1/nios2eds/bin/gnu/h-i686-mingw32/bin/../lib/gcc/nios2-elf/4.1.2\libgcc.a(_thenan_df.o)
                              d:/altera/13.0sp1/nios2eds/bin/gnu/h-i686-mingw32/bin/../lib/gcc/nios2-elf/4.1.2\libgcc.a(_addsub_df.o) (__thenan_df)
d:/altera/13.0sp1/nios2eds/bin/gnu/h-i686-mingw32/bin/../lib/gcc/nios2-elf/4.1.2\libgcc.a(_usi_to_df.o)
                              obj/default/dm9000a.o (__floatunsidf)
d:/altera/13.0sp1/nios2eds/bin/gnu/h-i686-mingw32/bin/../lib/gcc/nios2-elf/4.1.2\libgcc.a(_muldi3.o)
                              d:/altera/13.0sp1/nios2eds/bin/gnu/h-i686-mingw32/bin/../lib/gcc/nios2-elf/4.1.2\libgcc.a(_mul_df.o) (__muldi3)
d:/altera/13.0sp1/nios2eds/bin/gnu/h-i686-mingw32/bin/../lib/gcc/nios2-elf/4.1.2\libgcc.a(_clzsi2.o)
                              d:/altera/13.0sp1/nios2eds/bin/gnu/h-i686-mingw32/bin/../lib/gcc/nios2-elf/4.1.2\libgcc.a(_usi_to_df.o) (__clzsi2)
d:/altera/13.0sp1/nios2eds/bin/gnu/h-i686-mingw32/bin/../lib/gcc/nios2-elf/4.1.2\libgcc.a(_pack_df.o)
                              d:/altera/13.0sp1/nios2eds/bin/gnu/h-i686-mingw32/bin/../lib/gcc/nios2-elf/4.1.2\libgcc.a(_addsub_df.o) (__pack_d)
d:/altera/13.0sp1/nios2eds/bin/gnu/h-i686-mingw32/bin/../lib/gcc/nios2-elf/4.1.2\libgcc.a(_unpack_df.o)
                              d:/altera/13.0sp1/nios2eds/bin/gnu/h-i686-mingw32/bin/../lib/gcc/nios2-elf/4.1.2\libgcc.a(_addsub_df.o) (__unpack_d)
d:/altera/13.0sp1/nios2eds/bin/gnu/h-i686-mingw32/bin/../lib/gcc/nios2-elf/4.1.2\libgcc.a(_fpcmp_parts_df.o)
                              d:/altera/13.0sp1/nios2eds/bin/gnu/h-i686-mingw32/bin/../lib/gcc/nios2-elf/4.1.2\libgcc.a(_ge_df.o) (__fpcmp_parts_d)
d:/altera/13.0sp1/nios2eds/bin/gnu/h-i686-mingw32/bin/../lib/gcc/nios2-elf/4.1.2\libgcc.a(_clz.o)
                              d:/altera/13.0sp1/nios2eds/bin/gnu/h-i686-mingw32/bin/../lib/gcc/nios2-elf/4.1.2\libgcc.a(_clzsi2.o) (__clz_tab)
d:/altera/13.0sp1/nios2eds/bin/gnu/h-i686-mingw32/bin/../lib/gcc/nios2-elf/4.1.2/../../../../nios2-elf/lib\libc.a(lib_a-ctype_.o)
                              obj/default/network_utilities.o (__ctype_ptr)
d:/altera/13.0sp1/nios2eds/bin/gnu/h-i686-mingw32/bin/../lib/gcc/nios2-elf/4.1.2/../../../../nios2-elf/lib\libc.a(lib_a-exit.o)
                              obj/default/iniche_init.o (exit)
d:/altera/13.0sp1/nios2eds/bin/gnu/h-i686-mingw32/bin/../lib/gcc/nios2-elf/4.1.2/../../../../nios2-elf/lib\libc.a(lib_a-fprintf.o)
                              obj/default/alt_error_handler.o (fprintf)
d:/altera/13.0sp1/nios2eds/bin/gnu/h-i686-mingw32/bin/../lib/gcc/nios2-elf/4.1.2/../../../../nios2-elf/lib\libc.a(lib_a-fwrite.o)
                              obj/default/alt_error_handler.o (fwrite)
d:/altera/13.0sp1/nios2eds/bin/gnu/h-i686-mingw32/bin/../lib/gcc/nios2-elf/4.1.2/../../../../nios2-elf/lib\libc.a(lib_a-getc.o)
                              obj/default/network_utilities.o (getc)
d:/altera/13.0sp1/nios2eds/bin/gnu/h-i686-mingw32/bin/../lib/gcc/nios2-elf/4.1.2/../../../../nios2-elf/lib\libc.a(lib_a-impure.o)
                              obj/default/alt_error_handler.o (_impure_ptr)
d:/altera/13.0sp1/nios2eds/bin/gnu/h-i686-mingw32/bin/../lib/gcc/nios2-elf/4.1.2/../../../../nios2-elf/lib\libc.a(lib_a-malloc.o)
                              obj/default/iniche_init.o (malloc)
d:/altera/13.0sp1/nios2eds/bin/gnu/h-i686-mingw32/bin/../lib/gcc/nios2-elf/4.1.2/../../../../nios2-elf/lib\libc.a(lib_a-mallocr.o)
                              d:/altera/13.0sp1/nios2eds/bin/gnu/h-i686-mingw32/bin/../lib/gcc/nios2-elf/4.1.2/../../../../nios2-elf/lib\libc.a(lib_a-malloc.o) (_malloc_r)
d:/altera/13.0sp1/nios2eds/bin/gnu/h-i686-mingw32/bin/../lib/gcc/nios2-elf/4.1.2/../../../../nios2-elf/lib\libc.a(lib_a-memcpy.o)
                              obj/default/simple_socket_server.o (memcpy)
[...]
Memory Configuration

Name             Origin             Length             Attributes
sdram_0_BEFORE_EXCEPTION 0x00800000         0x00000020
sdram_0          0x00800020         0x007fffe0
reset            0x01400000         0x00000020
cfi_flash_0      0x01400020         0x003fffe0
sram_0           0x01a00000         0x00080000
epcs_controller  0x01a81800         0x00000800
*default*        0x00000000         0xffffffff

Linker script and memory map

LOAD ../fir_bsp//obj/HAL/src/crt0.o
LOAD obj/default/LCD.o
LOAD obj/default/SSS_DE2_115.o
LOAD obj/default/alt_error_handler.o
LOAD obj/default/dm9000a.o
LOAD obj/default/iniche_init.o
LOAD obj/default/led.o
LOAD obj/default/network_utilities.o
LOAD obj/default/simple_socket_server.o
LOAD obj/default/tse_my_system.o
LOAD d:/altera/13.0sp1/nios2eds/bin/gnu/h-i686-mingw32/bin/../lib/gcc/nios2-elf/4.1.2/../../../../nios2-elf/lib\libstdc++.a
LOAD d:/altera/13.0sp1/nios2eds/bin/gnu/h-i686-mingw32/bin/../lib/gcc/nios2-elf/4.1.2/../../../../nios2-elf/lib\libm.a
LOAD d:/altera/13.0sp1/nios2eds/bin/gnu/h-i686-mingw32/bin/../lib/gcc/nios2-elf/4.1.2\libgcc.a
START GROUP
LOAD d:/altera/13.0sp1/nios2eds/bin/gnu/h-i686-mingw32/bin/../lib/gcc/nios2-elf/4.1.2/../../../../nios2-elf/lib\libc.a
LOAD d:/altera/13.0sp1/nios2eds/bin/gnu/h-i686-mingw32/bin/../lib/gcc/nios2-elf/4.1.2\libgcc.a
LOAD ../fir_bsp/\libucosii_bsp.a
END GROUP
LOAD d:/altera/13.0sp1/nios2eds/bin/gnu/h-i686-mingw32/bin/../lib/gcc/nios2-elf/4.1.2\libgcc.a
                0x00800000                __alt_mem_sdram_0 = 0x800000
                0x01400000                __alt_mem_cfi_flash_0 = 0x1400000
                0x01a00000                __alt_mem_sram_0 = 0x1a00000
                0x01a81800                __alt_mem_epcs_controller = 0x1a81800

.entry          0x01400000        0x0
 *(.entry)
 .entry         0x01400000        0x0 ../fir_bsp//obj/HAL/src/crt0.o
                0x01400000                __reset

.exceptions     0x00800020      0x19c
                0x00800020                PROVIDE (__ram_exceptions_start, ABSOLUTE (.))
                0x00800020                . = ALIGN (0x20)
 *(.irq)
 *(.exceptions.entry.label)
 .exceptions.entry.label
                0x00800020        0x0 ../fir_bsp/\libucosii_bsp.a(alt_irq_entry.o)
                0x00800020                alt_irq_entry
 .exceptions.entry.label
                0x00800020        0x0 ../fir_bsp/\libucosii_bsp.a(alt_exception_entry.o)
                0x00800020                alt_exception
 *(.exceptions.entry.user)
 *(.exceptions.entry)
 .exceptions.entry
                0x00800020       0x54 ../fir_bsp/\libucosii_bsp.a(alt_exception_entry.o)
 *(.exceptions.irqtest.user)
 *(.exceptions.irqtest)
 .exceptions.irqtest
                0x00800074       0x10 ../fir_bsp/\libucosii_bsp.a(alt_irq_entry.o)
 *(.exceptions.irqhandler.user)
 *(.exceptions.irqhandler)
 .exceptions.irqhandler
                0x00800084        0x4 ../fir_bsp/\libucosii_bsp.a(alt_irq_entry.o)
 *(.exceptions.irqreturn.user)
 *(.exceptions.irqreturn)
 .exceptions.irqreturn
                0x00800088        0x4 ../fir_bsp/\libucosii_bsp.a(alt_irq_entry.o)
 *(.exceptions.notirq.label)
 .exceptions.notirq.label
                0x0080008c        0x0 ../fir_bsp/\libucosii_bsp.a(alt_irq_entry.o)
 *(.exceptions.notirq.user)
 *(.exceptions.notirq)
 .exceptions.notirq
                0x0080008c        0x8 ../fir_bsp/\libucosii_bsp.a(alt_exception_entry.o)
 *(.exceptions.soft.user)
 *(.exceptions.soft)
 *(.exceptions.unknown.user)
 *(.exceptions.unknown)
 .exceptions.unknown
                0x00800094        0x4 ../fir_bsp/\libucosii_bsp.a(alt_exception_entry.o)
 *(.exceptions.exit.label)
 .exceptions.exit.label
                0x00800098        0x0 ../fir_bsp/\libucosii_bsp.a(alt_irq_entry.o)
 .exceptions.exit.label
                0x00800098        0x0 ../fir_bsp/\libucosii_bsp.a(alt_exception_entry.o)
 *(.exceptions.exit.user)
 *(.exceptions.exit)
 .exceptions.exit
                0x00800098       0x54 ../fir_bsp/\libucosii_bsp.a(alt_exception_entry.o)
 *(.exceptions)
 .exceptions    0x008000ec       0xd0 ../fir_bsp/\libucosii_bsp.a(alt_irq_handler.o)
                0x008000ec                alt_irq_handler
                0x008001bc                PROVIDE (__ram_exceptions_end, ABSOLUTE (.))
                0x00800020                PROVIDE (__flash_exceptions_start, LOADADDR (.exceptions))

.text           0x008001bc    0x46fa0
                0x008001bc                PROVIDE (stext, ABSOLUTE (.))
 *(.interp)
 *(.hash)
 *(.dynsym)
 *(.dynstr)
 *(.gnu.version)
 *(.gnu.version_d)
 *(.gnu.version_r)
 *(.rel.init)
 *(.rela.init)
 *(.rel.text .rel.text.* .rel.gnu.linkonce.t.*)
 *(.rela.text .rela.text.* .rela.gnu.linkonce.t.*)
 *(.rel.fini)
 *(.rela.fini)
 *(.rel.rodata .rel.rodata.* .rel.gnu.linkonce.r.*)
 *(.rela.rodata .rela.rodata.* .rela.gnu.linkonce.r.*)
 *(.rel.data .rel.data.* .rel.gnu.linkonce.d.*)
 *(.rela.data .rela.data.* .rela.gnu.linkonce.d.*)
 *(.rel.tdata .rel.tdata.* .rel.gnu.linkonce.td.*)
 *(.rela.tdata .rela.tdata.* .rela.gnu.linkonce.td.*)
 *(.rel.tbss .rel.tbss.* .rel.gnu.linkonce.tb.*)
 *(.rela.tbss .rela.tbss.* .rela.gnu.linkonce.tb.*)
 *(.rel.ctors)
 *(.rela.ctors)
 *(.rel.dtors)
 *(.rela.dtors)
 *(.rel.got)
 *(.rela.got)
 *(.rel.sdata .rel.sdata.* .rel.gnu.linkonce.s.*)
 *(.rela.sdata .rela.sdata.* .rela.gnu.linkonce.s.*)
 *(.rel.sbss .rel.sbss.* .rel.gnu.linkonce.sb.*)
 *(.rela.sbss .rela.sbss.* .rela.gnu.linkonce.sb.*)
 *(.rel.sdata2 .rel.sdata2.* .rel.gnu.linkonce.s2.*)
 *(.rela.sdata2 .rela.sdata2.* .rela.gnu.linkonce.s2.*)
 *(.rel.sbss2 .rel.sbss2.* .rel.gnu.linkonce.sb2.*)
 *(.rela.sbss2 .rela.sbss2.* .rela.gnu.linkonce.sb2.*)
 *(.rel.bss .rel.bss.* .rel.gnu.linkonce.b.*)
 *(.rela.bss .rela.bss.* .rela.gnu.linkonce.b.*)
 *(.rel.plt)
 *(.rela.plt)
 *(.rel.dyn)
 *(.init)
 *(.plt)
 *(.text .stub .text.* .gnu.linkonce.t.*)
 .text          0x008001bc       0x48 ../fir_bsp//obj/HAL/src/crt0.o
                0x008001bc                _start
 .text          0x00800204      0x31c obj/default/LCD.o
                0x00800204                LCD_Init
                0x008002a0                LCD_Show_Text
                0x00800328                LCD_Line2
                0x00800364                LCD_Line1
                0x008003a0                LCD_Clear
                0x008003dc                LCD_Test
 .text          0x00800520      0x2ec obj/default/SSS_DE2_115.o
                0x00800520                get_DE2_115_mac_addr
                0x008006c8                FindLastFlashSectorOffset
 .text          0x0080080c      0xba8 obj/default/alt_error_handler.o
                0x0080080c                alt_uCOSIIErrorHandler
                0x00800e30                alt_NetworkErrorHandler
                0x008010c8                alt_SSSErrorHandler
 .text          0x008013b4      0xe48 obj/default/dm9000a.o
                0x008013b4                dm9000a_iow
                0x00801408                dm9000a_ior
                0x00801454                phy_write
                0x008014f0                dm9000a_reset
                0x008016b4                TransmitPacket
                0x008017d0                prep_dm9000a
                0x008019ec                dm9000a_init
                0x00801e3c                dm9Ka_isr_wrap
                0x00801e7c                dm9ka_init
                0x00801f74                dm9ka_close
                0x00802084                dm9ka_stats
                0x008020e0                dm9ka_pkt_send
 .text          0x008021fc      0x690 obj/default/iniche_init.o
                0x008021fc                SSSInitialTask
                0x008024e0                main
                0x008025dc                str_length
                0x0080263c                binaryTodecimal
                0x008026e0                decimal_to_binary
                0x008027cc                disp_7seg
 .text          0x0080288c      0x324 obj/default/led.o
                0x0080288c                led_bit_toggle
                0x00802958                LED7SegLightshowTask
                0x008029cc                LEDManagementTask
 .text          0x00802bb0      0x73c obj/default/network_utilities.o
                0x00802bb0                get_mac_addr
                0x00802c08                get_ip_addr
                0x00802c74                get_serial_number
                0x00802e50                generate_and_store_mac_addr
                0x0080301c                generate_mac_addr
                0x00803158                get_board_mac_addr
 .text          0x008032ec      0x9f8 obj/default/simple_socket_server.o
                0x008032ec                SSSCreateOSDataStructs
                0x00803394                SSSCreateTasks
                0x00803458                sss_reset_connection
                0x008034c8                sss_send_menu
                0x00803658                sss_handle_accept
                0x00803718                sss_exec_command
                0x0080388c                sss_handle_receive
                0x00803a78                SSSSimpleSocketServerTask
 .text          0x00803ce4        0x0 obj/default/tse_my_system.o
 .text          0x00803ce4       0xa4 d:/altera/13.0sp1/nios2eds/bin/gnu/h-i686-mingw32/bin/../lib/gcc/nios2-elf/4.1.2\libgcc.a(_fixunsdfsi.o)
                0x00803ce4                __fixunsdfsi
 .text          0x00803d88      0x504 d:/altera/13.0sp1/nios2eds/bin/gnu/h-i686-mingw32/bin/../lib/gcc/nios2-elf/4.1.2\libgcc.a(_addsub_df.o)
                0x00804198                __subdf3
                0x00804218                __adddf3
 .text          0x0080428c      0x3c4 d:/altera/13.0sp1/nios2eds/bin/gnu/h-i686-mingw32/bin/../lib/gcc/nios2-elf/4.1.2\libgcc.a(_mul_df.o)
                0x0080428c                __muldf3
 .text          0x00804650       0x88 d:/altera/13.0sp1/nios2eds/bin/gnu/h-i686-mingw32/bin/../lib/gcc/nios2-elf/4.1.2\libgcc.a(_ge_df.o)
                0x00804650                __gedf2
 .text          0x008046d8       0xd8 d:/altera/13.0sp1/nios2eds/bin/gnu/h-i686-mingw32/bin/../lib/gcc/nios2-elf/4.1.2\libgcc.a(_df_to_si.o)
                0x008046d8                __fixdfsi
 .text          0x008047b0        0x0 d:/altera/13.0sp1/nios2eds/bin/gnu/h-i686-mingw32/bin/../lib/gcc/nios2-elf/4.1.2\libgcc.a(_thenan_df.o)
 .text          0x008047b0      0x194 d:/altera/13.0sp1/nios2eds/bin/gnu/h-i686-mingw32/bin/../lib/gcc/nios2-elf/4.1.2\libgcc.a(_usi_to_df.o)
                0x008047b0                __floatunsidf
 .text          0x00804944       0x98 d:/altera/13.0sp1/nios2eds/bin/gnu/h-i686-mingw32/bin/../lib/gcc/nios2-elf/4.1.2\libgcc.a(_muldi3.o)
                0x00804944                __muldi3
 .text          0x008049dc       0x80 d:/altera/13.0sp1/nios2eds/bin/gnu/h-i686-mingw32/bin/../lib/gcc/nios2-elf/4.1.2\libgcc.a(_clzsi2.o)
                0x008049dc                __clzsi2
 .text          0x00804a5c      0x314 d:/altera/13.0sp1/nios2eds/bin/gnu/h-i686-mingw32/bin/../lib/gcc/nios2-elf/4.1.2\libgcc.a(_pack_df.o)
                0x00804a5c                __pack_d
 .text          0x00804d70      0x138 d:/altera/13.0sp1/nios2eds/bin/gnu/h-i686-mingw32/bin/../lib/gcc/nios2-elf/4.1.2\libgcc.a(_unpack_df.o)
                0x00804d70                __unpack_d
 .text          0x00804ea8       0xc8 d:/altera/13.0sp1/nios2eds/bin/gnu/h-i686-mingw32/bin/../lib/gcc/nios2-elf/4.1.2\libgcc.a(_fpcmp_parts_df.o)
                0x00804ea8                __fpcmp_parts_d
 .text          0x00804f70        0x0 d:/altera/13.0sp1/nios2eds/bin/gnu/h-i686-mingw32/bin/../lib/gcc/nios2-elf/4.1.2\libgcc.a(_clz.o)
 .text          0x00804f70        0x0 d:/altera/13.0sp1/nios2eds/bin/gnu/h-i686-mingw32/bin/../lib/gcc/nios2-elf/4.1.2/../../../../nios2-elf/lib\libc.a(lib_a-ctype_.o)
 .text          0x00804f70       0x38 d:/altera/13.0sp1/nios2eds/bin/gnu/h-i686-mingw32/bin/../lib/gcc/nios2-elf/4.1.2/../../../../nios2-elf/lib\libc.a(lib_a-exit.o)
                0x00804f70                exit
 .text          0x00804fa8       0x60 d:/altera/13.0sp1/nios2eds/bin/gnu/h-i686-mingw32/bin/../lib/gcc/nios2-elf/4.1.2/../../../../nios2-elf/lib\libc.a(lib_a-fprintf.o)
                0x00804fa8                fprintf
                0x00804fd4                _fprintf_r
 .text          0x00805008       0xdc d:/altera/13.0sp1/nios2eds/bin/gnu/h-i686-mingw32/bin/../lib/gcc/nios2-elf/4.1.2/../../../../nios2-elf/lib\libc.a(lib_a-fwrite.o)
                0x00805008                _fwrite_r
                0x008050a4                fwrite
 .text          0x008050e4      0x128 d:/altera/13.0sp1/nios2eds/bin/gnu/h-i686-mingw32/bin/../lib/gcc/nios2-elf/4.1.2/../../../../nios2-elf/lib\libc.a(lib_a-getc.o)
                0x008050e4                getc
                0x0080517c                _getc_r
 .text          0x0080520c        0x0 d:/altera/13.0sp1/nios2eds/bin/gnu/h-i686-mingw32/bin/../lib/gcc/nios2-elf/4.1.2/../../../../nios2-elf/lib\libc.a(lib_a-impure.o)
 .text          0x0080520c       0x28 d:/altera/13.0sp1/nios2eds/bin/gnu/h-i686-mingw32/bin/../lib/gcc/nios2-elf/4.1.2/../../../../nios2-elf/lib\libc.a(lib_a-malloc.o)
                0x0080520c                free
                0x00805220                malloc
 .text          0x00805234      0x740 d:/altera/13.0sp1/nios2eds/bin/gnu/h-i686-mingw32/bin/../lib/gcc/nios2-elf/4.1.2/../../../../nios2-elf/lib\libc.a(lib_a-mallocr.o)
                0x00805234                _malloc_r
 .text          0x00805974       0xa0 d:/altera/13.0sp1/nios2eds/bin/gnu/h-i686-mingw32/bin/../lib/gcc/nios2-elf/4.1.2/../../../../nios2-elf/lib\libc.a(lib_a-memcpy.o)
                0x00805974                memcpy
 .text          0x00805a14       0xe0 d:/altera/13.0sp1/nios2eds/bin/gnu/h-i686-mingw32/bin/../lib/gcc/nios2-elf/4.1.2/../../../../nios2-elf/lib\libc.a(lib_a-memmove.o)
                0x00805a14                memmove
 .text          0x00805af4       0x98 d:/altera/13.0sp1/nios2eds/bin/gnu/h-i686-mingw32/bin/../lib/gcc/nios2-elf/4.1.2/../../../../nios2-elf/lib\libc.a(lib_a-memset.o)
                0x00805af4                memset
 .text          0x00805b8c       0x80 d:/altera/13.0sp1/nios2eds/bin/gnu/h-i686-mingw32/bin/../lib/gcc/nios2-elf/4.1.2/../../../../nios2-elf/lib\libc.a(lib_a-perror.o)
                0x00805b8c                _perror_r
                0x00805bf8                perror
 .text          0x00805c0c       0x78 d:/altera/13.0sp1/nios2eds/bin/gnu/h-i686-mingw32/bin/../lib/gcc/nios2-elf/4.1.2/../../../../nios2-elf/lib\libc.a(lib_a-printf.o)
                0x00805c0c                printf
                0x00805c50                _printf_r
 .text          0x00805c84      0x1ec d:/altera/13.0sp1/nios2eds/bin/gnu/h-i686-mingw32/bin/../lib/gcc/nios2-elf/4.1.2/../../../../nios2-elf/lib\libc.a(lib_a-putc.o)
                0x00805c84                putc
                0x00805d88                _putc_r
 .text          0x00805e70       0x24 d:/altera/13.0sp1/nios2eds/bin/gnu/h-i686-mingw32/bin/../lib/gcc/nios2-elf/4.1.2/../../../../nios2-elf/lib\libc.a(lib_a-putchar.o)
                0x00805e70                putchar
                0x00805e8c                _putchar_r
 .text          0x00805e94       0xb4 d:/altera/13.0sp1/nios2eds/bin/gnu/h-i686-mingw32/bin/../lib/gcc/nios2-elf/4.1.2/../../../../nios2-elf/lib\libc.a(lib_a-puts.o)
                0x00805e94                _puts_r
                0x00805f34                puts
 .text          0x00805f48       0x60 d:/altera/13.0sp1/nios2eds/bin/gnu/h-i686-mingw32/bin/../lib/gcc/nios2-elf/4.1.2/../../../../nios2-elf/lib\libc.a(lib_a-rget.o)
                0x00805f48                __srget_r
                0x00805f94                __srget
 .text          0x00805fa8       0x70 d:/altera/13.0sp1/nios2eds/bin/gnu/h-i686-mingw32/bin/../lib/gcc/nios2-elf/4.1.2/../../../../nios2-elf/lib\libc.a(lib_a-sbrkr.o)
                0x00805fa8                _sbrk_r
 .text          0x00806018       0xd4 d:/altera/13.0sp1/nios2eds/bin/gnu/h-i686-mingw32/bin/../lib/gcc/nios2-elf/4.1.2/../../../../nios2-elf/lib\libc.a(lib_a-sprintf.o)
                0x00806018                sprintf
                0x0080608c                _sprintf_r
 .text          0x008060ec       0xe0 d:/altera/13.0sp1/nios2eds/bin/gnu/h-i686-mingw32/bin/../lib/gcc/nios2-elf/4.1.2/../../../../nios2-elf/lib\libc.a(lib_a-strchr.o)
                0x008060ec                strchr
 .text          0x008061cc      0x674 d:/altera/13.0sp1/nios2eds/bin/gnu/h-i686-mingw32/bin/../lib/gcc/nios2-elf/4.1.2/../../../../nios2-elf/lib\libc.a(lib_a-strerror.o)
                0x008061cc                strerror
 .text          0x00806840       0x74 d:/altera/13.0sp1/nios2eds/bin/gnu/h-i686-mingw32/bin/../lib/gcc/nios2-elf/4.1.2/../../../../nios2-elf/lib\libc.a(lib_a-strlen.o)
                0x00806840                strlen
 .text          0x008068b4      0x268 d:/altera/13.0sp1/nios2eds/bin/gnu/h-i686-mingw32/bin/../lib/gcc/nios2-elf/4.1.2/../../../../nios2-elf/lib\libc.a(lib_a-strtol.o)
                0x008068b4                _strtol_r
                0x00806af8                strtol
 .text          0x00806b1c        0x8 d:/altera/13.0sp1/nios2eds/bin/gnu/h-i686-mingw32/bin/../lib/gcc/nios2-elf/4.1.2/../../../../nios2-elf/lib\libc.a(lib_a-u_strerr.o)
                0x00806b1c                _user_strerror
 .text          0x00806b24     0x1f28 d:/altera/13.0sp1/nios2eds/bin/gnu/h-i686-mingw32/bin/../lib/gcc/nios2-elf/4.1.2/../../../../nios2-elf/lib\libc.a(lib_a-vfprintf.o)
                0x00806b7c                ___vfprintf_internal_r
                0x00808a28                __vfprintf_internal
 .text          0x00808a4c      0x14c d:/altera/13.0sp1/nios2eds/bin/gnu/h-i686-mingw32/bin/../lib/gcc/nios2-elf/4.1.2/../../../../nios2-elf/lib\libc.a(lib_a-wbuf.o)
                0x00808a4c                __swbuf_r
                0x00808b7c                __swbuf
 .text          0x00808b98      0x13c d:/altera/13.0sp1/nios2eds/bin/gnu/h-i686-mingw32/bin/../lib/gcc/nios2-elf/4.1.2/../../../../nios2-elf/lib\libc.a(lib_a-wsetup.o)
                0x00808b98                __swsetup_r
 .text          0x00808cd4      0x1b4 d:/altera/13.0sp1/nios2eds/bin/gnu/h-i686-mingw32/bin/../lib/gcc/nios2-elf/4.1.2/../../../../nios2-elf/lib\libc.a(lib_a-__call_atexit.o)
                0x00808cd8                __call_exitprocs
 .text          0x00808e88     0x17cc d:/altera/13.0sp1/nios2eds/bin/gnu/h-i686-mingw32/bin/../lib/gcc/nios2-elf/4.1.2/../../../../nios2-elf/lib\libc.a(lib_a-dtoa.o)
                0x008090a0                _dtoa_r
 .text          0x0080a654      0x230 d:/altera/13.0sp1/nios2eds/bin/gnu/h-i686-mingw32/bin/../lib/gcc/nios2-elf/4.1.2/../../../../nios2-elf/lib\libc.a(lib_a-fflush.o)
                0x0080a654                _fflush_r
                0x0080a850                fflush
 .text          0x0080a884      0x2c0 d:/altera/13.0sp1/nios2eds/bin/gnu/h-i686-mingw32/bin/../lib/gcc/nios2-elf/4.1.2/../../../../nios2-elf/lib\libc.a(lib_a-findfp.o)
                0x0080a8dc                __sfp_lock_acquire
                0x0080a8e0                __sfp_lock_release
                0x0080a8e4                __sinit_lock_acquire
                0x0080a8e8                __sinit_lock_release
                0x0080a8ec                __sinit
                0x0080a9a0                __fp_unlock_all
                0x0080a9b8                __fp_lock_all
                0x0080a9d0                _cleanup_r
                0x0080a9dc                _cleanup
                0x0080a9ec                __sfmoreglue
                0x0080aa54                __sfp
 .text          0x0080ab44       0xbc d:/altera/13.0sp1/nios2eds/bin/gnu/h-i686-mingw32/bin/../lib/gcc/nios2-elf/4.1.2/../../../../nios2-elf/lib\libc.a(lib_a-fputc.o)
                0x0080ab44                fputc
                0x0080aba8                _fputc_r
 .text          0x0080ac00       0x90 d:/altera/13.0sp1/nios2eds/bin/gnu/h-i686-mingw32/bin/../lib/gcc/nios2-elf/4.1.2/../../../../nios2-elf/lib\libc.a(lib_a-fputs.o)
                0x0080ac00                _fputs_r
                0x0080ac74                fputs
 .text          0x0080ac90      0x440 d:/altera/13.0sp1/nios2eds/bin/gnu/h-i686-mingw32/bin/../lib/gcc/nios2-elf/4.1.2/../../../../nios2-elf/lib\libc.a(lib_a-freer.o)
                0x0080ac90                _malloc_trim_r
                0x0080adbc                _free_r
 .text          0x0080b0d0      0x49c d:/altera/13.0sp1/nios2eds/bin/gnu/h-i686-mingw32/bin/../lib/gcc/nios2-elf/4.1.2/../../../../nios2-elf/lib\libc.a(lib_a-fvwrite.o)
                0x0080b0d0                __sfvwrite_r
 .text          0x0080b56c      0x180 d:/altera/13.0sp1/nios2eds/bin/gnu/h-i686-mingw32/bin/../lib/gcc/nios2-elf/4.1.2/../../../../nios2-elf/lib\libc.a(lib_a-fwalk.o)
                0x0080b56c                _fwalk_reent
                0x0080b634                _fwalk
 .text          0x0080b6ec        0x0 d:/altera/13.0sp1/nios2eds/bin/gnu/h-i686-mingw32/bin/../lib/gcc/nios2-elf/4.1.2/../../../../nios2-elf/lib\libc.a(lib_a-int_errno.o)
 .text          0x0080b6ec       0xc4 d:/altera/13.0sp1/nios2eds/bin/gnu/h-i686-mingw32/bin/../lib/gcc/nios2-elf/4.1.2/../../../../nios2-elf/lib\libc.a(lib_a-locale.o)
                0x0080b6ec                __locale_charset
                0x0080b6f4                _localeconv_r
                0x0080b700                localeconv
                0x0080b710                _setlocale_r
                0x0080b794                setlocale
 .text          0x0080b7b0      0x194 d:/altera/13.0sp1/nios2eds/bin/gnu/h-i686-mingw32/bin/../lib/gcc/nios2-elf/4.1.2/../../../../nios2-elf/lib\libc.a(lib_a-makebuf.o)
                0x0080b7b0                __smakebuf_r
 .text          0x0080b944       0xe4 d:/altera/13.0sp1/nios2eds/bin/gnu/h-i686-mingw32/bin/../lib/gcc/nios2-elf/4.1.2/../../../../nios2-elf/lib\libc.a(lib_a-memchr.o)
                0x0080b944                memchr
 .text          0x0080ba28      0xff4 d:/altera/13.0sp1/nios2eds/bin/gnu/h-i686-mingw32/bin/../lib/gcc/nios2-elf/4.1.2/../../../../nios2-elf/lib\libc.a(lib_a-mprec.o)
                0x0080ba28                _Bfree
                0x0080ba50                __hi0bits
                0x0080bac0                __lo0bits
                0x0080bb84                __mcmp
                0x0080bbe4                __ulp
                0x0080bc64                __b2d
                0x0080bd84                __ratio
                0x0080be34                _mprec_log10
                0x0080bec8                __copybits
                0x0080bf20                __any_on
                0x0080bfa8                _Balloc
                0x0080c064                __d2b
                0x0080c1e0                __mdiff
                0x0080c36c                __lshift
                0x0080c4b8                __multiply
                0x0080c6a0                __i2b
                0x0080c6dc                __multadd
                0x0080c7dc                __pow5mult
                0x0080c8fc                __s2b
 .text          0x0080ca1c      0x5f4 d:/altera/13.0sp1/nios2eds/bin/gnu/h-i686-mingw32/bin/../lib/gcc/nios2-elf/4.1.2/../../../../nios2-elf/lib\libc.a(lib_a-reallocr.o)
                0x0080ca1c                _realloc_r
 .text          0x0080d010      0x1e0 d:/altera/13.0sp1/nios2eds/bin/gnu/h-i686-mingw32/bin/../lib/gcc/nios2-elf/4.1.2/../../../../nios2-elf/lib\libc.a(lib_a-refill.o)
                0x0080d010                __srefill_r
 .text          0x0080d1f0       0x40 d:/altera/13.0sp1/nios2eds/bin/gnu/h-i686-mingw32/bin/../lib/gcc/nios2-elf/4.1.2/../../../../nios2-elf/lib\libc.a(lib_a-s_isinfd.o)
                0x0080d1f0                __isinfd
 .text          0x0080d230       0x30 d:/altera/13.0sp1/nios2eds/bin/gnu/h-i686-mingw32/bin/../lib/gcc/nios2-elf/4.1.2/../../../../nios2-elf/lib\libc.a(lib_a-s_isnand.o)
                0x0080d230                __isnand
 .text          0x0080d260      0x14c d:/altera/13.0sp1/nios2eds/bin/gnu/h-i686-mingw32/bin/../lib/gcc/nios2-elf/4.1.2/../../../../nios2-elf/lib\libc.a(lib_a-stdio.o)
                0x0080d260                __sclose
                0x0080d268                __sseek
                0x0080d2d0                __swrite
                0x0080d34c                __sread
 .text          0x0080d3ac       0xbc d:/altera/13.0sp1/nios2eds/bin/gnu/h-i686-mingw32/bin/../lib/gcc/nios2-elf/4.1.2/../../../../nios2-elf/lib\libc.a(lib_a-strcmp.o)
                0x0080d3ac                strcmp
 .text          0x0080d468       0x78 d:/altera/13.0sp1/nios2eds/bin/gnu/h-i686-mingw32/bin/../lib/gcc/nios2-elf/4.1.2/../../../../nios2-elf/lib\libc.a(lib_a-writer.o)
                0x0080d468                _write_r
 .text          0x0080d4e0       0xb4 d:/altera/13.0sp1/nios2eds/bin/gnu/h-i686-mingw32/bin/../lib/gcc/nios2-elf/4.1.2/../../../../nios2-elf/lib\libc.a(lib_a-callocr.o)
                0x0080d4e0                _calloc_r
 .text          0x0080d594       0x70 d:/altera/13.0sp1/nios2eds/bin/gnu/h-i686-mingw32/bin/../lib/gcc/nios2-elf/4.1.2/../../../../nios2-elf/lib\libc.a(lib_a-closer.o)
                0x0080d594                _close_r
 .text          0x0080d604      0x124 d:/altera/13.0sp1/nios2eds/bin/gnu/h-i686-mingw32/bin/../lib/gcc/nios2-elf/4.1.2/../../../../nios2-elf/lib\libc.a(lib_a-fclose.o)
                0x0080d604                _fclose_r
                0x0080d714                fclose
 .text          0x0080d728       0x74 d:/altera/13.0sp1/nios2eds/bin/gnu/h-i686-mingw32/bin/../lib/gcc/nios2-elf/4.1.2/../../../../nios2-elf/lib\libc.a(lib_a-fstatr.o)
                0x0080d728                _fstat_r
 .text          0x0080d79c       0x70 d:/altera/13.0sp1/nios2eds/bin/gnu/h-i686-mingw32/bin/../lib/gcc/nios2-elf/4.1.2/../../../../nios2-elf/lib\libc.a(lib_a-isattyr.o)
                0x0080d79c                _isatty_r
 .text          0x0080d80c       0x78 d:/altera/13.0sp1/nios2eds/bin/gnu/h-i686-mingw32/bin/../lib/gcc/nios2-elf/4.1.2/../../../../nios2-elf/lib\libc.a(lib_a-lseekr.o)
                0x0080d80c                _lseek_r
 .text          0x0080d884       0x78 d:/altera/13.0sp1/nios2eds/bin/gnu/h-i686-mingw32/bin/../lib/gcc/nios2-elf/4.1.2/../../../../nios2-elf/lib\libc.a(lib_a-readr.o)
                0x0080d884                _read_r
 .text          0x0080d8fc      0x5dc d:/altera/13.0sp1/nios2eds/bin/gnu/h-i686-mingw32/bin/../lib/gcc/nios2-elf/4.1.2\libgcc.a(_udivdi3.o)
                0x0080d8fc                __udivdi3
 .text          0x0080ded8      0x5b0 d:/altera/13.0sp1/nios2eds/bin/gnu/h-i686-mingw32/bin/../lib/gcc/nios2-elf/4.1.2\libgcc.a(_umoddi3.o)
                0x0080ded8                __umoddi3
 .text          0x0080e488      0x258 d:/altera/13.0sp1/nios2eds/bin/gnu/h-i686-mingw32/bin/../lib/gcc/nios2-elf/4.1.2\libgcc.a(_div_df.o)
                0x0080e488                __divdf3
 .text          0x0080e6e0       0x88 d:/altera/13.0sp1/nios2eds/bin/gnu/h-i686-mingw32/bin/../lib/gcc/nios2-elf/4.1.2\libgcc.a(_eq_df.o)
                0x0080e6e0                __eqdf2
 .text          0x0080e768       0x88 d:/altera/13.0sp1/nios2eds/bin/gnu/h-i686-mingw32/bin/../lib/gcc/nios2-elf/4.1.2\libgcc.a(_ne_df.o)
                0x0080e768                __nedf2
 .text          0x0080e7f0       0x88 d:/altera/13.0sp1/nios2eds/bin/gnu/h-i686-mingw32/bin/../lib/gcc/nios2-elf/4.1.2\libgcc.a(_gt_df.o)
                0x0080e7f0                __gtdf2
 .text          0x0080e878       0x88 d:/altera/13.0sp1/nios2eds/bin/gnu/h-i686-mingw32/bin/../lib/gcc/nios2-elf/4.1.2\libgcc.a(_lt_df.o)
                0x0080e878                __ltdf2
 .text          0x0080e900       0xf8 d:/altera/13.0sp1/nios2eds/bin/gnu/h-i686-mingw32/bin/../lib/gcc/nios2-elf/4.1.2\libgcc.a(_si_to_df.o)
                0x0080e900                __floatsidf
 .text          0x0080e9f8      0x14c d:/altera/13.0sp1/nios2eds/bin/gnu/h-i686-mingw32/bin/../lib/gcc/nios2-elf/4.1.2\libgcc.a(lib2-divmod.o)
                0x0080ea74                __divsi3
                0x0080ead4                __modsi3
                0x0080eb34                __udivsi3
                0x0080eb3c                __umodsi3
 .text          0x0080eb44       0x6c ../fir_bsp/\libucosii_bsp.a(alt_exit.o)
                0x0080eb84                _exit
 .text          0x0080ebb0       0xd0 ../fir_bsp/\libucosii_bsp.a(alt_flash_dev.o)
                0x0080ebb0                alt_flash_open_dev
                0x0080ec2c                alt_flash_close_dev
 .text          0x0080ec80      0x134 ../fir_bsp/\libucosii_bsp.a(alt_fstat.o)
                0x0080ec80                fstat
 .text          0x0080edb4      0x1c0 ../fir_bsp/\libucosii_bsp.a(alt_irq_register.o)
                0x0080edb4                alt_irq_register
 .text          0x0080ef74        0x0 ../fir_bsp/\libucosii_bsp.a(alt_irq_vars.o)
 .text          0x0080ef74      0x120 ../fir_bsp/\libucosii_bsp.a(alt_isatty.o)
                0x0080ef74                isatty
 .text          0x0080f094      0x150 ../fir_bsp/\libucosii_bsp.a(alt_lseek.o)
                0x0080f094                lseek
 .text          0x0080f1e4       0xc8 ../fir_bsp/\libucosii_bsp.a(alt_main.o)
                0x0080f1e4                alt_main
 .text          0x0080f2ac       0xbc ../fir_bsp/\libucosii_bsp.a(alt_sbrk.o)
                0x0080f2ac                sbrk
 .text          0x0080f368      0x118 ../fir_bsp/\libucosii_bsp.a(alt_usleep.o)
                0x0080f368                usleep
 .text          0x0080f480      0x108 ../fir_bsp/\libucosii_bsp.a(alt_env_lock.o)
                0x0080f480                __env_lock
                0x0080f52c                __env_unlock
 .text          0x0080f588      0x1d8 ../fir_bsp/\libucosii_bsp.a(alt_malloc_lock.o)
                0x0080f588                __malloc_lock
                0x0080f690                __malloc_unlock
 .text          0x0080f760     0x2128 ../fir_bsp/\libucosii_bsp.a(os_core.o)
                0x0080f760                OSEventNameGet
                0x0080f890                OSEventNameSet
                0x0080f9d4                OSEventPendMulti
                0x00810088                OSInit
                0x008100dc                OSIntEnter
                0x00810158                OSIntExit
                0x00810258                OSSchedLock
                0x008102e4                OSSchedUnlock
                0x008103c8                OSStart
                0x00810438                OSStatInit
                0x008104e4                OSTimeTick
                0x00810724                OSVersion
                0x00810744                OS_Dummy
                0x00810760                OS_EventTaskRdy
                0x008108f4                OS_EventTaskWait
                0x00810a04                OS_EventTaskWaitMulti
                0x00810b58                OS_EventTaskRemove
                0x00810c10                OS_EventTaskRemoveMulti
                0x00810d14                OS_EventWaitListInit
                0x008110e0                OS_MemClr
                0x00811134                OS_MemCopy
                0x008111a0                OS_Sched
                0x008112e4                OS_StrCopy
                0x00811364                OS_StrLen
                0x008113bc                OS_TaskIdle
                0x00811418                OS_TaskStat
                0x008114e0                OS_TaskStatStkChk
                0x008115a8                OS_TCBInit
 .text          0x00811888      0x18c ../fir_bsp/\libucosii_bsp.a(os_dbg.o)
                0x00811888                OSDebugInit
 .text          0x00811a14     0x193c ../fir_bsp/\libucosii_bsp.a(os_flag.o)
                0x00811a14                OSFlagAccept
                0x00811d48                OSFlagCreate
                0x00811e84                OSFlagDel
                0x0081212c                OSFlagNameGet
                0x00812270                OSFlagNameSet
                0x008123c4                OSFlagPend
                0x00812a08                OSFlagPendGetFlagsRdy
                0x00812a70                OSFlagPost
                0x00812e18                OSFlagQuery
                0x008130b0                OS_FlagInit
                0x008132a4                OS_FlagUnlink
 .text          0x00813350      0x808 ../fir_bsp/\libucosii_bsp.a(os_mem.o)
                0x00813350                OSMemCreate
                0x0081356c                OSMemGet
                0x00813670                OSMemNameGet
                0x0081377c                OSMemNameSet
                0x0081389c                OSMemPut
                0x0081398c                OSMemQuery
                0x00813a88                OS_MemInit
 .text          0x00813b58     0x1334 ../fir_bsp/\libucosii_bsp.a(os_q.o)
                0x00813b58                OSQAccept
                0x00813cac                OSQCreate
                0x00813ec0                OSQDel
                0x008141c0                OSQFlush
                0x00814288                OSQPend
                0x008145a8                OSQPendAbort
                0x00814724                OSQPost
                0x008148a4                OSQPostFront
                0x00814a2c                OSQPostOpt
                0x00814c60                OSQQuery
                0x00814de0                OS_QInit
 .text          0x00814e8c      0xbc8 ../fir_bsp/\libucosii_bsp.a(os_sem.o)
                0x00814e8c                OSSemAccept
                0x00814f4c                OSSemCreate
                0x00815060                OSSemDel
                0x00815300                OSSemPend
                0x0081557c                OSSemPendAbort
                0x008156f8                OSSemPost
                0x00815820                OSSemQuery
                0x00815950                OSSemSet
 .text          0x00815a54     0x1a40 ../fir_bsp/\libucosii_bsp.a(os_task.o)
                0x00815a54                OSTaskChangePrio
                0x00815fc8                OSTaskCreate
                0x0081619c                OSTaskCreateExt
                0x0081639c                OSTaskDel
                0x008167a8                OSTaskDelReq
                0x00816918                OSTaskNameGet
                0x00816ad0                OSTaskNameSet
                0x00816c94                OSTaskResume
                0x00816eac                OSTaskStkChk
                0x008170a8                OSTaskSuspend
                0x008172d4                OSTaskQuery
                0x00817418                OS_TaskStkClr
 .text          0x00817494      0x670 ../fir_bsp/\libucosii_bsp.a(os_time.o)
                0x00817494                OSTimeDly
                0x008175e0                OSTimeDlyHMSM
                0x0081782c                OSTimeDlyResume
                0x00817a3c                OSTimeGet
                0x00817aa0                OSTimeSet
 .text          0x00817b04      0x118 ../fir_bsp/\libucosii_bsp.a(alt_sys_init.o)
                0x00817b04                alt_irq_init
                0x00817b38                alt_sys_init
 .text          0x00817c1c      0x8c8 ../fir_bsp/\libucosii_bsp.a(altera_avalon_cfi_flash.o)
                0x00817c1c                alt_flash_cfi_init
                0x00817cf0                alt_flash_cfi_write
                0x00817fb0                alt_flash_cfi_get_info
                0x00818040                alt_flash_cfi_read
                0x008180a8                alt_write_value_to_flash
                0x0081820c                alt_flash_program_block
 .text          0x008184e4     0x14a8 ../fir_bsp/\libucosii_bsp.a(altera_avalon_cfi_flash_table.o)
                0x008184e4                alt_read_query_entry_8bit
                0x00818524                alt_read_query_entry_16bit
                0x00818568                alt_read_query_entry_32bit
                0x008185b0                alt_write_flash_command_8bit_device_8bit_mode
                0x008185ec                alt_write_flash_command_16bit_device_8bit_mode
                0x00818668                alt_write_flash_command_32bit_device_8bit_mode
                0x008186b0                alt_write_flash_command_16bit_device_16bit_mode
                0x008186f4                alt_write_flash_command_32bit_device_16bit_mode
                0x0081873c                alt_write_flash_command_32bit_device_32bit_mode
                0x00818784                alt_write_native_8bit
                0x008187b8                alt_write_native_16bit
                0x008187ec                alt_write_native_32bit
                0x0081881c                alt_set_flash_width_func
                0x008189fc                alt_set_flash_algorithm_func
                0x00818b24                alt_read_cfi_table
                0x00819104                alt_read_cfi_width
                0x008198b0                alt_check_primary_table
 .text          0x0081998c      0x9e4 ../fir_bsp/\libucosii_bsp.a(altera_avalon_epcs_flash_controller.o)
                0x0081998c                alt_epcs_flash_init
                0x00819da8                alt_epcs_flash_write
                0x0081a028                alt_epcs_flash_get_info
                0x0081a0b8                alt_epcs_flash_erase_block
                0x0081a1bc                alt_epcs_flash_write_block
                0x0081a2d8                alt_epcs_flash_read
 .text          0x0081a370      0x148 ../fir_bsp/\libucosii_bsp.a(altera_avalon_jtag_uart_fd.o)
                0x0081a370                altera_avalon_jtag_uart_read_fd
                0x0081a3c8                altera_avalon_jtag_uart_write_fd
                0x0081a420                altera_avalon_jtag_uart_close_fd
                0x0081a468                altera_avalon_jtag_uart_ioctl_fd
 .text          0x0081a4b8      0x584 ../fir_bsp/\libucosii_bsp.a(altera_avalon_jtag_uart_init.o)
                0x0081a4b8                altera_avalon_jtag_uart_init
                0x0081a9c8                altera_avalon_jtag_uart_close
 .text          0x0081aa3c       0xf4 ../fir_bsp/\libucosii_bsp.a(altera_avalon_jtag_uart_ioctl.o)
                0x0081aa3c                altera_avalon_jtag_uart_ioctl
 .text          0x0081ab30      0x2c0 ../fir_bsp/\libucosii_bsp.a(altera_avalon_jtag_uart_read.o)
                0x0081ab30                altera_avalon_jtag_uart_read
 .text          0x0081adf0      0x2dc ../fir_bsp/\libucosii_bsp.a(altera_avalon_jtag_uart_write.o)
                0x0081adf0                altera_avalon_jtag_uart_write
 .text          0x0081b0cc      0xf3c ../fir_bsp/\libucosii_bsp.a(altera_avalon_lcd_16207.o)
                0x0081b8a0                altera_avalon_lcd_16207_write
                0x0081bea4                altera_avalon_lcd_16207_init
 .text          0x0081c008       0x58 ../fir_bsp/\libucosii_bsp.a(altera_avalon_lcd_16207_fd.o)
                0x0081c008                altera_avalon_lcd_16207_write_fd
 .text          0x0081c060      0x100 ../fir_bsp/\libucosii_bsp.a(altera_avalon_timer_sc.o)
                0x0081c0d0                alt_avalon_timer_sc_init
 .text          0x0081c160       0xf8 ../fir_bsp/\libucosii_bsp.a(altera_avalon_uart_fd.o)
                0x0081c160                altera_avalon_uart_read_fd
                0x0081c1b8                altera_avalon_uart_write_fd
                0x0081c210                altera_avalon_uart_close_fd
 .text          0x0081c258      0x57c ../fir_bsp/\libucosii_bsp.a(altera_avalon_uart_init.o)
                0x0081c258                altera_avalon_uart_init
                0x0081c774                altera_avalon_uart_close
 .text          0x0081c7d4      0x310 ../fir_bsp/\libucosii_bsp.a(altera_avalon_uart_read.o)
                0x0081c7d4                altera_avalon_uart_read
 .text          0x0081cae4      0x2a8 ../fir_bsp/\libucosii_bsp.a(altera_avalon_uart_write.o)
                0x0081cae4                altera_avalon_uart_write
 .text          0x0081cd8c      0x6d4 ../fir_bsp/\libucosii_bsp.a(epcs_commands.o)
                0x0081cd8c                epcs_read_status_register
                0x0081cdec                epcs_sector_erase
                0x0081cf54                epcs_read_buffer
                0x0081d0a0                epcs_write_enable
                0x0081d0f0                epcs_write_status_register
                0x0081d154                epcs_write_buffer
                0x0081d2c4                epcs_read_electronic_signature
                0x0081d330                epcs_read_device_id
                0x0081d3b0                epcs_enter_4_bytes_mode
                0x0081d408                epcs_exit_4_bytes_mode
 .text          0x0081d460       0x54 ../fir_bsp/\libucosii_bsp.a(alt_iniche_close.o)
                0x0081d460                close
 .text          0x0081d4b4      0x144 ../fir_bsp/\libucosii_bsp.a(alt_iniche_dev.o)
                0x0081d4b4                iniche_devices_init
 .text          0x0081d5f8       0x78 ../fir_bsp/\libucosii_bsp.a(alt_iniche_read.o)
                0x0081d5f8                read
 .text          0x0081d670       0x70 ../fir_bsp/\libucosii_bsp.a(alt_iniche_write.o)
                0x0081d670                write
 .text          0x0081d6e0      0xedc ../fir_bsp/\libucosii_bsp.a(ipnet.o)
                0x0081d6e0                Netinit
                0x0081dd2c                fixup_subnet_mask
                0x0081de8c                netclose
                0x0081df74                pktdemux
                0x0081e348                c_older
                0x0081e418                ip2mac
 .text          0x0081e5bc      0x4b0 ../fir_bsp/\libucosii_bsp.a(ipstart.o)
                0x0081e5bc                ip_startup
                0x0081e8a0                exit_hook
                0x0081e90c                ip_exit
                0x0081e9dc                if_netnumber
 .text          0x0081ea6c     0x10e8 ../fir_bsp/\libucosii_bsp.a(igmp_cmn.o)
                0x0081ea6c                igmp_init
                0x0081eb5c                igmp_input
                0x0081ec54                igmp_fasttimo
                0x0081ee88                igmp_send
                0x0081f130                igmp_joingroup
                0x0081f39c                igmp_leavegroup
                0x0081f418                igmp_validate
                0x0081f774                igmp_print_stats
 .text          0x0081fb54      0xbc8 ../fir_bsp/\libucosii_bsp.a(bsdsock.o)
                0x0081fb54                bsd_accept
                0x0081fc8c                bsd_getpeername
                0x0081fdb8                bsd_getsockname
                0x0081fee4                bsd_i_sockoptlen
                0x0082009c                bsd_getsockopt
                0x008201bc                bsd_ioctl
                0x008202c0                bsd_inet_ntoa
                0x008202f0                bsd_recvfrom
                0x00820450                bsd_select
                0x00820630                bsd_setsockopt
 .text          0x0082071c      0x118 ../fir_bsp/\libucosii_bsp.a(cksum.o)
                0x0082071c                ccksum
                0x008207cc                cksum
 .text          0x00820834      0xa9c ../fir_bsp/\libucosii_bsp.a(in_utils.o)
                0x00820834                do_trap
                0x00820860                nextarg
                0x008208dc                hexdump
                0x00820a24                print_ipad
                0x00820a98                print_uptime
                0x00820bc4                panic
                0x00820c08                print_eth
                0x00820d6c                uslash
                0x00820dec                ns_printf
                0x00820f70                std_out
                0x00820fb4                con_page
                0x008210a4                parse_args
 .text          0x008212d0      0x1c8 ../fir_bsp/\libucosii_bsp.a(netmain.o)
                0x008212d0                netmain
                0x008213c4                tk_netmain
                0x0082144c                tk_nettick
 .text          0x00821498      0x810 ../fir_bsp/\libucosii_bsp.a(parseip.o)
                0x00821498                parse_ipad
                0x008217b4                inet_addr
                0x0082181c                hextoa
                0x0082188c                inet_pton
                0x00821938                inet_ntop
                0x008219c4                print46_addr
                0x00821a24                inet46_addr
                0x00821ae8                inet_setport
                0x00821b5c                convert_ip
 .text          0x00821ca8      0x5e8 ../fir_bsp/\libucosii_bsp.a(tk_crnos.o)
                0x00821ca8                TK_OSTimeDly
                0x00821cd4                TK_OSTaskResume
                0x00821d44                tcp_sleep
                0x00821ee4                tcp_wakeup
                0x00821fe8                TK_OSTaskQuery
                0x0082205c                tk_yield
                0x00822088                tk_stats
 .text          0x00822290     0x3294 ../fir_bsp/\libucosii_bsp.a(dhcpclnt.o)
                0x00822290                dhc_get_srv_ipaddr
                0x00822320                dhc_init
                0x008223dc                dhc_set_callback
                0x00822420                dhc_upcall
                0x00822c50                dhc_buildheader
                0x00822e6c                dhc_discover
                0x00823384                dhc_rx_offer
                0x00823488                dhc_request
                0x00823fc4                dhc_setip
                0x00824244                dhc_resetip
                0x00824328                dhc_decline
                0x0082450c                dhc_extract_opts
                0x008247c8                dhc_second
                0x008250b8                dhc_halt
                0x00825140                dhc_reclaim
                0x00825310                dhc_state_init
                0x00825370                dhc_alldone
                0x00825400                dhc_ifacedone
                0x00825474                dhc_set_state
 .text          0x00825524       0xcc ../fir_bsp/\libucosii_bsp.a(dhcputil.o)
                0x00825524                find_opt
 .text          0x008255f0      0x79c ../fir_bsp/\libucosii_bsp.a(pktalloc.o)
                0x008255f0                pk_init
                0x00825880                pk_alloc
                0x0082595c                pk_validate
                0x00825c14                pk_free
                0x00825cc0                pk_get_max_intrsafe_buf_len
                0x00825ce0                dump_buf_estats
 .text          0x00825d8c      0x288 ../fir_bsp/\libucosii_bsp.a(q.o)
                0x00825d8c                getq
                0x00825e54                putq
                0x00825f04                qdel
 .text          0x00826014      0x31c ../fir_bsp/\libucosii_bsp.a(udp_open.o)
                0x00826014                udp_open
                0x0082624c                udp_close
 .text          0x00826330      0x194 ../fir_bsp/\libucosii_bsp.a(asm_cksum.o)
                0x00826330                asm_cksum
 .text          0x008264c4      0x2e4 ../fir_bsp/\libucosii_bsp.a(brdutils.o)
                0x008264c4                dtrap
                0x008264f4                kbhit
                0x008265a0                getch
                0x00826600                clock_init
                0x0082663c                clock_c
                0x00826658                cticks_hook
                0x00826708                irq_Mask
                0x00826764                irq_Unmask
 .text          0x008267a8      0x488 ../fir_bsp/\libucosii_bsp.a(osportco.o)
                0x008267a8                LOCK_NET_RESOURCE
                0x00826868                UNLOCK_NET_RESOURCE
                0x008268f0                TK_NEWTASK
                0x00826b04                wait_app_sem
                0x00826bb8                post_app_sem
 .text          0x00826c30      0x568 ../fir_bsp/\libucosii_bsp.a(targnios.o)
                0x00826c30                alt_iniche_init
                0x00826e4c                pre_task_setup
                0x00826ec0                post_task_setup
                0x00826ee0                prep_armintcp
                0x00826f18                calloc2
                0x00826f4c                npalloc
                0x00827040                npfree
                0x008270f8                ncpalloc
                0x0082714c                ncpfree
 .text          0x00827198     0x19b8 ../fir_bsp/\libucosii_bsp.a(nptcp.o)
                0x00827198                pffindtype
                0x00827238                pffindproto
                0x00827308                m_getnbuf
                0x008274b0                m_free
                0x008275e4                m_freem
                0x00827628                m_copy
                0x0082794c                m_adj
                0x00827b1c                mbuf_len
                0x00827b74                dtom
                0x00827c1c                remque
                0x00827c8c                insque
                0x00827d08                nptcp_init
                0x00827e2c                tcp_rcv
                0x00828018                ip_output
                0x00828610                in_broadcast
                0x00828650                np_stripoptions
                0x00828738                so_icmpdu
                0x00828a90                tcp_tick
 .text          0x00828b50      0xa2c ../fir_bsp/\libucosii_bsp.a(rawsock.o)
                0x00828b50                rawip_lookup
                0x00828bc0                rawip_soinput
                0x00828d94                rawip_usrreq
 .text          0x0082957c     0x17fc ../fir_bsp/\libucosii_bsp.a(sockcall.o)
                0x0082957c                DOMAIN_CHECK
                0x008295c8                t_socket
                0x00829658                t_bind
                0x008297d4                t_listen
                0x008298b8                t_accept
                0x00829b50                t_connect
                0x00829df8                t_getpeername
                0x00829e3c                t_getsockname
                0x0082a07c                t_setsockopt
                0x0082a258                t_getsockopt
                0x0082a3fc                t_recv
                0x0082a4ec                t_recvfrom
                0x0082a63c                t_sendto
                0x0082a868                t_send
                0x0082aa90                t_shutdown
                0x0082ab74                t_socketclose
                0x0082acdc                t_errno
 .text          0x0082ad78     0x23ec ../fir_bsp/\libucosii_bsp.a(socket.o)
                0x0082ad78                socreate
                0x0082af44                sobind
                0x0082afa0                solisten
                0x0082b090                sofree
                0x0082b1c0                soclose
                0x0082b52c                soabort
                0x0082b57c                soaccept
                0x0082b618                soconnect
                0x0082b6ec                sodisconnect
                0x0082b78c                sosend
                0x0082bd94                soreceive
                0x0082c578                soshutdown
                0x0082c620                sorflush
                0x0082c720                sosetopt
                0x0082cbe0                sogetopt
                0x0082d120                sohasoutofband
 .text          0x0082d164     0x1318 ../fir_bsp/\libucosii_bsp.a(socket2.o)
                0x0082d164                soisconnecting
                0x0082d1d0                soisconnected
                0x0082d2cc                soisdisconnecting
                0x0082d358                soisdisconnected
                0x0082d414                sonewconn
                0x0082d630                soqinsque
                0x0082d6dc                soqremque
                0x0082d7fc                socantsendmore
                0x0082d84c                socantrcvmore
                0x0082d89c                sbselqueue
                0x0082d8d4                sbwait
                0x0082d93c                sbwakeup
                0x0082d9d8                soreserve
                0x0082da58                sbreserve
                0x0082dab8                sbrelease
                0x0082db00                sbappend
                0x0082dba8                sbappendrecord
                0x0082dc88                sbappendaddr
                0x0082de90                sbcompress
                0x0082e078                sbflush
                0x0082e108                sbdrop
                0x0082e2d8                sbdropend
                0x0082e3e8                sbdroprecord
 .text          0x0082e47c      0x914 ../fir_bsp/\libucosii_bsp.a(soselect.o)
                0x0082e47c                t_select
                0x0082e69c                sock_selscan
                0x0082e7f4                sock_select
                0x0082ea08                in_pcbnotify
                0x0082ead4                tcp_notify
                0x0082eb3c                ifd_clr
                0x0082ec2c                ifd_set
                0x0082eca0                ifd_isset
                0x0082ed20                ifd_get
 .text          0x0082ed90     0x3020 ../fir_bsp/\libucosii_bsp.a(tcp_in.o)
                0x0082ed90                tcp_reass
                0x0082f198                tcp_input
                0x008316ec                tcp_dooptions
                0x0083187c                tcp_pulloutofband
                0x008319a8                tcp_xmit_timer
                0x00831c4c                ip4_tcpmss
                0x00831c94                tcp_mss
 .text          0x00831db0     0x1360 ../fir_bsp/\libucosii_bsp.a(tcp_out.o)
                0x00831db0                tcp_output
                0x00832f2c                tcp_setpersist
 .text          0x00833110      0x9e8 ../fir_bsp/\libucosii_bsp.a(tcp_subr.o)
                0x00833110                tcp_init
                0x00833168                tcp_template
                0x00833280                tcp_respond
                0x00833708                tcp_newtcpcb
                0x00833820                tcp_drop
                0x008338cc                tcp_close
                0x008339b4                tcp_quench
                0x00833a00                tcp_putseq
                0x00833a80                tcp_getseq
 .text          0x00833af8      0x798 ../fir_bsp/\libucosii_bsp.a(tcp_timr.o)
                0x00833af8                tcp_slowtimo
                0x00833d98                tcp_canceltimers
                0x00833df4                tcp_timers
 .text          0x00834290      0x9ec ../fir_bsp/\libucosii_bsp.a(tcp_usr.o)
                0x00834290                tcp_usrreq
                0x00834994                tcp_attach
                0x00834ac8                tcp_disconnect
                0x00834b9c                tcp_usrclosed
 .text          0x00834c7c       0x4c ../fir_bsp/\libucosii_bsp.a(tcpport.o)
                0x00834c7c                tcpinit
 .text          0x00834cc8      0xd20 ../fir_bsp/\libucosii_bsp.a(udpsock.o)
                0x00834cc8                udp_lookup
                0x00834d38                udp_soinput
                0x00834ef0                udp_usrreq
                0x00835174                udp4_sockbind
                0x008354b0                udp4_socksend
                0x0083588c                udp4_sockaddr
 .text          0x008359e8      0x154 ../fir_bsp/\libucosii_bsp.a(alt_alarm_start.o)
                0x008359e8                alt_alarm_start
 .text          0x00835b3c      0x14c ../fir_bsp/\libucosii_bsp.a(alt_busy_sleep.o)
                0x00835b3c                alt_busy_sleep
 .text          0x00835c88      0x15c ../fir_bsp/\libucosii_bsp.a(alt_close.o)
                0x00835c88                alt_close
 .text          0x00835de4       0x78 ../fir_bsp/\libucosii_bsp.a(alt_dcache_flush.o)
                0x00835de4                alt_dcache_flush
 .text          0x00835e5c       0x2c ../fir_bsp/\libucosii_bsp.a(alt_dev.o)
 .text          0x00835e88      0x114 ../fir_bsp/\libucosii_bsp.a(alt_dev_llist_insert.o)
                0x00835e88                alt_dev_llist_insert
 .text          0x00835f9c       0x64 ../fir_bsp/\libucosii_bsp.a(alt_do_ctors.o)
                0x00835f9c                _do_ctors
 .text          0x00836000       0x64 ../fir_bsp/\libucosii_bsp.a(alt_do_dtors.o)
                0x00836000                _do_dtors
 .text          0x00836064        0x0 ../fir_bsp/\libucosii_bsp.a(alt_errno.o)
 .text          0x00836064       0x94 ../fir_bsp/\libucosii_bsp.a(alt_find_dev.o)
                0x00836064                alt_find_dev
 .text          0x008360f8      0x1d4 ../fir_bsp/\libucosii_bsp.a(alt_iic.o)
                0x008360f8                alt_ic_isr_register
                0x00836148                alt_ic_irq_enable
                0x008361e4                alt_ic_irq_disable
                0x00836284                alt_ic_irq_enabled
 .text          0x008362cc       0xf8 ../fir_bsp/\libucosii_bsp.a(alt_iic_isr_register.o)
                0x008362cc                alt_iic_isr_register
 .text          0x008363c4      0x13c ../fir_bsp/\libucosii_bsp.a(alt_io_redirect.o)
                0x00836488                alt_io_redirect
 .text          0x00836500        0x0 ../fir_bsp/\libucosii_bsp.a(alt_irq_entry.o)
 .text          0x00836500        0x0 ../fir_bsp/\libucosii_bsp.a(alt_irq_handler.o)
 .text          0x00836500      0x2c4 ../fir_bsp/\libucosii_bsp.a(alt_open.o)
                0x008365dc                open
 .text          0x008367c4      0x180 ../fir_bsp/\libucosii_bsp.a(alt_read.o)
                0x008367c4                alt_read
 .text          0x00836944       0x60 ../fir_bsp/\libucosii_bsp.a(alt_release_fd.o)
                0x00836944                alt_release_fd
 .text          0x008369a4       0x38 ../fir_bsp/\libucosii_bsp.a(alt_remap_cached.o)
                0x008369a4                alt_remap_cached
 .text          0x008369dc       0x40 ../fir_bsp/\libucosii_bsp.a(alt_remap_uncached.o)
                0x008369dc                alt_remap_uncached
 .text          0x00836a1c      0x1a8 ../fir_bsp/\libucosii_bsp.a(alt_tick.o)
                0x00836a1c                alt_alarm_stop
                0x00836ab4                alt_tick
 .text          0x00836bc4      0x180 ../fir_bsp/\libucosii_bsp.a(alt_write.o)
                0x00836bc4                alt_write
 .text          0x00836d44       0x20 ../fir_bsp/\libucosii_bsp.a(altera_nios2_qsys_irq.o)
                0x00836d44                altera_nios2_qsys_irq_init
 .text          0x00836d64       0xd0 ../fir_bsp/\libucosii_bsp.a(os_cpu_a.o)
                0x00836d64                OSCtxSw
                0x00836d64                OSIntCtxSw
                0x00836df0                OSStartHighRdy
                0x00836e10                OSStartTsk
 .text          0x00836e34      0x424 ../fir_bsp/\libucosii_bsp.a(os_cpu_c.o)
                0x00836e34                OSTaskStkInit
                0x00837144                OSTaskCreateHook
                0x00837164                OSTaskDelHook
                0x00837184                OSTaskSwHook
                0x008371a0                OSTaskStatHook
                0x008371bc                OSTimeTickHook
                0x008371e4                OSInitHookBegin
                0x00837200                OSInitHookEnd
                0x0083721c                OSTaskIdleHook
                0x00837238                OSTCBInitHook
 .text          0x00837258      0x460 ../fir_bsp/\libucosii_bsp.a(altera_avalon_cfi_flash_amd.o)
                0x00837258                alt_program_amd
                0x008372c0                alt_erase_block_amd
 .text          0x008376b8      0x460 ../fir_bsp/\libucosii_bsp.a(altera_avalon_cfi_flash_intel.o)
                0x008376b8                alt_program_intel
                0x0083773c                alt_erase_block_intel
 .text          0x00837b18      0x238 ../fir_bsp/\libucosii_bsp.a(altera_avalon_spi.o)
                0x00837b18                alt_avalon_spi_command
 .text          0x00837d50      0x444 ../fir_bsp/\libucosii_bsp.a(allports.o)
                0x00837d50                netmain_init
                0x00837e4c                icmp_port_du
                0x00837ed4                station_state
                0x00838038                sysuptime
                0x008380cc                packet_check
                0x00838118                mcastlist
                0x0083813c                prep_modules
 .text          0x00838194      0x580 ../fir_bsp/\libucosii_bsp.a(timeouts.o)
                0x00838194                inet_timer
                0x00838494                in_timerset
                0x0083866c                in_timerkill
 .text          0x00838714       0xa4 ../fir_bsp/\libucosii_bsp.a(tk_misc.o)
                0x00838714                create_apptasks
                0x00838738                task_stats
 .text          0x008387b8       0xb0 ../fir_bsp/\libucosii_bsp.a(alt_iniche_fcntl.o)
                0x008387b8                fcntl
 .text          0x00838868     0x15b0 ../fir_bsp/\libucosii_bsp.a(et_arp.o)
                0x00838868                etainit
                0x008388bc                et_send
                0x00838a38                arp_free_pending
                0x00838ac0                arp_send_pending
                0x00838b34                send_arp
                0x00838fcc                find_oldest_arp
                0x008391c8                make_arp_entry
                0x008392dc                arpReply
                0x00839570                arprcv
                0x008397d0                send_via_arp
                0x008399a0                cb_arpent_tmo
                0x00839b4c                grat_arp
 .text          0x00839e18      0x298 ../fir_bsp/\libucosii_bsp.a(iface.o)
                0x00839e18                if_getbynum
                0x00839e9c                isbcast
                0x00839f7c                reg_type
                0x0083a018                if_killsocks
 .text          0x0083a0b0     0x22a4 ../fir_bsp/\libucosii_bsp.a(ip.o)
                0x0083a0b0                ip_init
                0x0083a1ac                ip_bldhead
                0x0083a350                ip_write_internal
                0x0083aad0                ip_write
                0x0083ad18                ip_write2
                0x0083b0c8                ip_raw_write
                0x0083b1a0                ip_fragment_lc
                0x0083b628                ip_fragment
                0x0083bc4c                ip_mymach
                0x0083bcf8                ip_dump
                0x0083bfb0                iproute
                0x0083c21c                ip_copypkt
 .text          0x0083c354     0x1e08 ../fir_bsp/\libucosii_bsp.a(ip_reasm.o)
                0x0083c354                ip_reasm_match_frag_with_ire
                0x0083c424                ip_reasm_determine_type_of_frag
                0x0083c510                ip_reasm_check_mem_useage
                0x0083c5a8                ip_reasm_incr_mem_useage
                0x0083c650                ip_reasm_decr_mem_useage
                0x0083c6f0                ip_reasm_process_first_fragment
                0x0083c9d0                ip_reassm
                0x0083ca70                ip_reasm_compute_overlap
                0x0083d000                ip_reasm_process_subsequent_fragments
                0x0083d594                ip_reasm_find_ire
                0x0083d5f8                ip_reasm_copy_queued_fragments_into_reassy_buffer
                0x0083d954                ip_reasm_process_timer_tick
                0x0083da74                ip_reasm_delete_ire
                0x0083dc3c                ip_reasm_mark_compact_rfq
                0x0083dd84                ipr_stats
                0x0083e108                ip_reasm_send_icmp_timex
 .text          0x0083e15c      0xe3c ../fir_bsp/\libucosii_bsp.a(ipdemux.o)
                0x0083e15c                ip_rcv
                0x0083e55c                ip_rcv_phase2
                0x0083eb68                ip_demux
 .text          0x0083ef98      0x2f0 ../fir_bsp/\libucosii_bsp.a(ipmc.o)
                0x0083ef98                in_addmulti
                0x0083f100                in_delmulti
                0x0083f218                lookup_mcast
 .text          0x0083f288       0xe4 ../fir_bsp/\libucosii_bsp.a(ipport.o)
                0x0083f288                prep_ifaces
                0x0083f31c                netexit
                0x0083f344                evtmap_setup
 .text          0x0083f36c      0x550 ../fir_bsp/\libucosii_bsp.a(ipraw.o)
                0x0083f36c                ip_raw_open
                0x0083f45c                ip_raw_close
                0x0083f51c                ip_raw_input
                0x0083f754                ip_raw_alloc
                0x0083f820                ip_raw_free
                0x0083f860                ip_raw_maxalloc
 .text          0x0083f8bc      0x6f0 ../fir_bsp/\libucosii_bsp.a(iproute.o)
                0x0083f8bc                rt_lookup
                0x0083fa40                add_route
                0x0083fe68                del_route
 .text          0x0083ffac      0xe3c ../fir_bsp/\libucosii_bsp.a(udp.o)
                0x0083ffac                udpdemux
                0x00840804                udp_send
                0x00840abc                udpswap
                0x00840bec                udp_socket
                0x00840cbc                udp_alloc
                0x00840d7c                udp_maxalloc
                0x00840da8                udp_free
 .text          0x00840de8      0x2e8 ../fir_bsp/\libucosii_bsp.a(igmp.o)
                0x00840de8                igmpv1_input
 .text          0x008410d0      0x7c0 ../fir_bsp/\libucosii_bsp.a(igmp2.o)
                0x008410d0                igmpv2_input
                0x00841230                igmpv2_process_report
                0x0084137c                igmpv2_process_query
                0x008415c8                igmpv2_chk_set_timer
                0x00841720                igmpv2_chk4_rtr_alert_opt
 .text          0x00841890      0x8fc ../fir_bsp/\libucosii_bsp.a(ipopt.o)
                0x00841890                IPADDR_TO_NETP
                0x008419d8                ip_setmoptions
                0x00841fc8                ip_getmoptions
                0x00842108                ip_freemoptions
 .text          0x0084218c      0x6e8 ../fir_bsp/\libucosii_bsp.a(u_mctest.o)
                0x0084218c                u_mctest_init
                0x008421bc                u_mctest_run
 .text          0x00842874      0x3d0 ../fir_bsp/\libucosii_bsp.a(dhcsetup.o)
                0x00842874                dhc_setup
                0x00842b40                dhc_main_ipset
 .text          0x00842c44      0x40c ../fir_bsp/\libucosii_bsp.a(memdev.o)
                0x00842c44                init_memdev
                0x00842cbc                md_fopen
                0x00842ce4                md_fclose
                0x00842d04                md_fread
                0x00842e84                md_fwrite
                0x00842f04                md_fseek
                0x00842f30                md_ftell
                0x00842f54                md_fgetc
                0x0084302c                md_unlink
 .text          0x00843050      0x1cc ../fir_bsp/\libucosii_bsp.a(tcpcksum.o)
                0x00843050                tcp_cksum
 .text          0x0084321c      0x900 ../fir_bsp/\libucosii_bsp.a(in_pcb.o)
                0x0084321c                in_pcballoc
                0x008432b0                in_pcbdetach
                0x00843304                in_pcbbind
                0x00843558                in_pcbconnect
                0x00843768                in_pcbdisconnect
                0x008437c8                in_setsockaddr
                0x00843844                in_setpeeraddr
                0x008438c0                in_pcblookup
 .text          0x00843b1c     0x1a74 ../fir_bsp/\libucosii_bsp.a(vfsfiles.o)
                0x00843b1c                set_vfopen_error
                0x00843b44                get_vfopen_error
                0x00843b64                vf_alloc_and_link_vop
                0x00843be0                vf_alloc_buffer
                0x00843cb8                vf_free_buffer
                0x00843d08                vfopen_locked
                0x00844070                vfopen
                0x008440c0                vfclose_locked
                0x00844268                vfclose
                0x008442a8                vfflush
                0x008442f0                vfgets
                0x008443d4                vfeof
                0x0084442c                vunlink_flag_open_files
                0x00844488                vunlink
                0x008446a8                vfread
                0x00844854                vfwrite_locked
                0x00844c3c                vfwrite
                0x00844c9c                vfseek
                0x00844e18                vftell
                0x00844f4c                vgetc_locked
                0x0084506c                vgetc
                0x008450b4                vfslookup_locked
                0x008451ec                vfslookup
                0x00845234                strippath
                0x0084541c                isvfile_locked
                0x00845480                isvfile
                0x008454c8                vferror
                0x00845534                vclearerr
 .text          0x00845590       0x24 ../fir_bsp/\libucosii_bsp.a(vfsport.o)
                0x00845590                prep_vfs
 .text          0x008455b4        0x0 ../fir_bsp/\libucosii_bsp.a(alt_exception_entry.o)
 .text          0x008455b4      0x1b4 ../fir_bsp/\libucosii_bsp.a(alt_fcntl.o)
                0x008455b4                alt_fcntl
 .text          0x00845768      0x120 ../fir_bsp/\libucosii_bsp.a(alt_find_file.o)
                0x00845768                alt_find_file
 .text          0x00845888       0xf4 ../fir_bsp/\libucosii_bsp.a(alt_get_fd.o)
                0x00845888                alt_get_fd
 .text          0x0084597c     0x130c ../fir_bsp/\libucosii_bsp.a(icmp.o)
                0x0084597c                icmprcv
                0x008465b0                icmp_destun
                0x00846900                icmp_timex
                0x00846c34                icmp_du
 .text          0x00846c88       0x14 d:/altera/13.0sp1/nios2eds/bin/gnu/h-i686-mingw32/bin/../lib/gcc/nios2-elf/4.1.2/../../../../nios2-elf/lib\libc.a(lib_a-atexit.o)
                0x00846c88                atexit
 .text          0x00846c9c       0x18 d:/altera/13.0sp1/nios2eds/bin/gnu/h-i686-mingw32/bin/../lib/gcc/nios2-elf/4.1.2/../../../../nios2-elf/lib\libc.a(lib_a-atoi.o)
                0x00846c9c                _atoi_r
                0x00846ca8                atoi
 .text          0x00846cb4       0x1c d:/altera/13.0sp1/nios2eds/bin/gnu/h-i686-mingw32/bin/../lib/gcc/nios2-elf/4.1.2/../../../../nios2-elf/lib\libc.a(lib_a-calloc.o)
                0x00846cb4                calloc
 .text          0x00846cd0       0x74 d:/altera/13.0sp1/nios2eds/bin/gnu/h-i686-mingw32/bin/../lib/gcc/nios2-elf/4.1.2/../../../../nios2-elf/lib\libc.a(lib_a-memcmp.o)
                0x00846cd0                memcmp
 .text          0x00846d44       0x8c d:/altera/13.0sp1/nios2eds/bin/gnu/h-i686-mingw32/bin/../lib/gcc/nios2-elf/4.1.2/../../../../nios2-elf/lib\libc.a(lib_a-strcpy.o)
                0x00846d44                strcpy
 .text          0x00846dd0       0xf0 d:/altera/13.0sp1/nios2eds/bin/gnu/h-i686-mingw32/bin/../lib/gcc/nios2-elf/4.1.2/../../../../nios2-elf/lib\libc.a(lib_a-strncmp.o)
                0x00846dd0                strncmp
 .text          0x00846ec0       0xbc d:/altera/13.0sp1/nios2eds/bin/gnu/h-i686-mingw32/bin/../lib/gcc/nios2-elf/4.1.2/../../../../nios2-elf/lib\libc.a(lib_a-strncpy.o)
                0x00846ec0                strncpy
 .text          0x00846f7c       0x34 d:/altera/13.0sp1/nios2eds/bin/gnu/h-i686-mingw32/bin/../lib/gcc/nios2-elf/4.1.2/../../../../nios2-elf/lib\libc.a(lib_a-vprintf.o)
                0x00846f7c                _vprintf_r
                0x00846f90                vprintf
 .text          0x00846fb0       0x74 d:/altera/13.0sp1/nios2eds/bin/gnu/h-i686-mingw32/bin/../lib/gcc/nios2-elf/4.1.2/../../../../nios2-elf/lib\libc.a(lib_a-vsprintf.o)
                0x00846fb0                _vsprintf_r
                0x00847000                vsprintf
 .text          0x00847024      0x134 d:/altera/13.0sp1/nios2eds/bin/gnu/h-i686-mingw32/bin/../lib/gcc/nios2-elf/4.1.2/../../../../nios2-elf/lib\libc.a(lib_a-__atexit.o)
                0x00847024                __register_exitproc
 *(.gnu.warning.*)
 *(.fini)
                0x00847158                PROVIDE (__etext, ABSOLUTE (.))
                0x00847158                PROVIDE (_etext, ABSOLUTE (.))
                0x00847158                PROVIDE (etext, ABSOLUTE (.))
 *(.eh_frame_hdr)
                0x00847158                . = ALIGN (0x4)
                0x00847158                PROVIDE (__preinit_array_start, ABSOLUTE (.))
 *(.preinit_array)
                0x00847158                PROVIDE (__preinit_array_end, ABSOLUTE (.))
                0x00847158                PROVIDE (__init_array_start, ABSOLUTE (.))
 *(.init_array)
                0x00847158                PROVIDE (__init_array_end, ABSOLUTE (.))
                0x00847158                PROVIDE (__fini_array_start, ABSOLUTE (.))
 *(.fini_array)
                0x00847158                PROVIDE (__fini_array_end, ABSOLUTE (.))
 *(.eh_frame)
 *(.gcc_except_table)
 *(.dynamic)
                0x00847158                PROVIDE (__CTOR_LIST__, ABSOLUTE (.))
 *(.ctors)
 *(SORT(.ctors.*))
 .ctors.65535   0x00847158        0x4 d:/altera/13.0sp1/nios2eds/bin/gnu/h-i686-mingw32/bin/../lib/gcc/nios2-elf/4.1.2/../../../../nios2-elf/lib\libc.a(lib_a-__call_atexit.o)
                0x0084715c                PROVIDE (__CTOR_END__, ABSOLUTE (.))
                0x0084715c                PROVIDE (__DTOR_LIST__, ABSOLUTE (.))
 *(.dtors)
 *(SORT(.dtors.*))
                0x0084715c                PROVIDE (__DTOR_END__, ABSOLUTE (.))
 *(.jcr)
                0x0084715c                . = ALIGN (0x4)

.rodata         0x0084715c     0x4230
                0x0084715c                PROVIDE (__ram_rodata_start, ABSOLUTE (.))
                0x0084715c                . = ALIGN (0x4)
 *(.rodata .rodata.* .gnu.linkonce.r.*)
 .rodata        0x0084715c       0x60 obj/default/LCD.o
 .rodata        0x008471bc       0xa8 obj/default/SSS_DE2_115.o
 .rodata        0x00847264      0xba4 obj/default/alt_error_handler.o
 .rodata        0x00847e08       0x64 obj/default/dm9000a.o
 .rodata        0x00847e6c      0x114 obj/default/iniche_init.o
 .rodata        0x00847f80      0x234 obj/default/network_utilities.o
 .rodata        0x008481b4      0x2e0 obj/default/simple_socket_server.o
 .rodata        0x00848494       0x14 d:/altera/13.0sp1/nios2eds/bin/gnu/h-i686-mingw32/bin/../lib/gcc/nios2-elf/4.1.2\libgcc.a(_thenan_df.o)
                0x00848494                __thenan_df
 .rodata        0x008484a8      0x100 d:/altera/13.0sp1/nios2eds/bin/gnu/h-i686-mingw32/bin/../lib/gcc/nios2-elf/4.1.2\libgcc.a(_clz.o)
                0x008484a8                __clz_tab
 .rodata        0x008485a8      0x281 d:/altera/13.0sp1/nios2eds/bin/gnu/h-i686-mingw32/bin/../lib/gcc/nios2-elf/4.1.2/../../../../nios2-elf/lib\libc.a(lib_a-ctype_.o)
                0x008485a8                _ctype_
 *fill*         0x00848829        0x3 00
 .rodata.str1.4
                0x0084882c        0x2 d:/altera/13.0sp1/nios2eds/bin/gnu/h-i686-mingw32/bin/../lib/gcc/nios2-elf/4.1.2/../../../../nios2-elf/lib\libc.a(lib_a-impure.o)
                                  0x4 (size before relaxing)
 *fill*         0x0084882e        0x2 00
 .rodata.str1.4
                0x00848830        0x3 d:/altera/13.0sp1/nios2eds/bin/gnu/h-i686-mingw32/bin/../lib/gcc/nios2-elf/4.1.2/../../../../nios2-elf/lib\libc.a(lib_a-perror.o)
                                  0x4 (size before relaxing)
 *fill*         0x00848833        0x1 00
 .rodata.str1.4
                0x00848834        0x2 d:/altera/13.0sp1/nios2eds/bin/gnu/h-i686-mingw32/bin/../lib/gcc/nios2-elf/4.1.2/../../../../nios2-elf/lib\libc.a(lib_a-puts.o)
                                  0x4 (size before relaxing)
 *fill*         0x00848836        0x2 00
 .rodata.str1.4
                0x00848838      0x7a2 d:/altera/13.0sp1/nios2eds/bin/gnu/h-i686-mingw32/bin/../lib/gcc/nios2-elf/4.1.2/../../../../nios2-elf/lib\libc.a(lib_a-strerror.o)
                                0x7a8 (size before relaxing)
 *fill*         0x00848fda        0x2 00
 .rodata.str1.4
                0x00848fdc       0x5e d:/altera/13.0sp1/nios2eds/bin/gnu/h-i686-mingw32/bin/../lib/gcc/nios2-elf/4.1.2/../../../../nios2-elf/lib\libc.a(lib_a-vfprintf.o)
                                 0x60 (size before relaxing)
 .rodata        0x0084903a       0x20 d:/altera/13.0sp1/nios2eds/bin/gnu/h-i686-mingw32/bin/../lib/gcc/nios2-elf/4.1.2/../../../../nios2-elf/lib\libc.a(lib_a-vfprintf.o)
 *fill*         0x0084905a        0x2 00
 .rodata.str1.4
                0x0084905c       0x10 d:/altera/13.0sp1/nios2eds/bin/gnu/h-i686-mingw32/bin/../lib/gcc/nios2-elf/4.1.2/../../../../nios2-elf/lib\libc.a(lib_a-dtoa.o)
                                 0x14 (size before relaxing)
 .rodata.str1.4
                0x0084906c       0x10 d:/altera/13.0sp1/nios2eds/bin/gnu/h-i686-mingw32/bin/../lib/gcc/nios2-elf/4.1.2/../../../../nios2-elf/lib\libc.a(lib_a-locale.o)
                                 0x18 (size before relaxing)
 .rodata        0x0084907c       0x30 d:/altera/13.0sp1/nios2eds/bin/gnu/h-i686-mingw32/bin/../lib/gcc/nios2-elf/4.1.2/../../../../nios2-elf/lib\libc.a(lib_a-locale.o)
 .rodata        0x008490ac      0x124 d:/altera/13.0sp1/nios2eds/bin/gnu/h-i686-mingw32/bin/../lib/gcc/nios2-elf/4.1.2/../../../../nios2-elf/lib\libc.a(lib_a-mprec.o)
                0x008490ac                __mprec_tens
                0x00849174                __mprec_bigtens
                0x0084919c                __mprec_tinytens
 .rodata        0x008491d0       0x14 ../fir_bsp/\libucosii_bsp.a(alt_main.o)
 .rodata        0x008491e4      0x120 ../fir_bsp/\libucosii_bsp.a(os_core.o)
                0x008491e4                OSUnMapTbl
 .rodata        0x00849304       0x60 ../fir_bsp/\libucosii_bsp.a(alt_sys_init.o)
 .rodata        0x00849364       0xd8 ../fir_bsp/\libucosii_bsp.a(ipnet.o)
 .rodata        0x0084943c       0xec ../fir_bsp/\libucosii_bsp.a(ipstart.o)
 .rodata        0x00849528      0x54c ../fir_bsp/\libucosii_bsp.a(igmp_cmn.o)
 .rodata        0x00849a74       0xb8 ../fir_bsp/\libucosii_bsp.a(in_utils.o)
 .rodata        0x00849b2c       0x34 ../fir_bsp/\libucosii_bsp.a(netmain.o)
 .rodata        0x00849b60       0x94 ../fir_bsp/\libucosii_bsp.a(parseip.o)
 .rodata        0x00849bf4      0x1a8 ../fir_bsp/\libucosii_bsp.a(tk_crnos.o)
 .rodata        0x00849d9c        0x8 ../fir_bsp/\libucosii_bsp.a(dhcpclnt.o)
 .rodata        0x00849da4      0x118 ../fir_bsp/\libucosii_bsp.a(pktalloc.o)
 .rodata        0x00849ebc       0x84 ../fir_bsp/\libucosii_bsp.a(udp_open.o)
 .rodata        0x00849f40       0x2c ../fir_bsp/\libucosii_bsp.a(brdutils.o)
 .rodata        0x00849f6c      0x26c ../fir_bsp/\libucosii_bsp.a(osportco.o)
 .rodata        0x0084a1d8       0xa0 ../fir_bsp/\libucosii_bsp.a(targnios.o)
 .rodata        0x0084a278       0x90 ../fir_bsp/\libucosii_bsp.a(nptcp.o)
 .rodata        0x0084a308        0x8 ../fir_bsp/\libucosii_bsp.a(sockcall.o)
 .rodata        0x0084a310       0x50 ../fir_bsp/\libucosii_bsp.a(socket.o)
 .rodata        0x0084a360       0x40 ../fir_bsp/\libucosii_bsp.a(socket2.o)
 .rodata        0x0084a3a0       0x20 ../fir_bsp/\libucosii_bsp.a(tcp_in.o)
 .rodata        0x0084a3c0       0x40 ../fir_bsp/\libucosii_bsp.a(tcp_out.o)
 .rodata        0x0084a400       0x24 ../fir_bsp/\libucosii_bsp.a(tcp_subr.o)
 .rodata        0x0084a424       0x2c ../fir_bsp/\libucosii_bsp.a(tcp_usr.o)
 .rodata        0x0084a450        0xc ../fir_bsp/\libucosii_bsp.a(alt_dev.o)
 .rodata        0x0084a45c        0x4 ../fir_bsp/\libucosii_bsp.a(os_cpu_c.o)
 .rodata        0x0084a460      0x1d4 ../fir_bsp/\libucosii_bsp.a(allports.o)
 .rodata        0x0084a634       0x34 ../fir_bsp/\libucosii_bsp.a(tk_misc.o)
 .rodata        0x0084a668       0x44 ../fir_bsp/\libucosii_bsp.a(et_arp.o)
 .rodata        0x0084a6ac      0x1dc ../fir_bsp/\libucosii_bsp.a(ip.o)
 .rodata        0x0084a888      0x158 ../fir_bsp/\libucosii_bsp.a(ip_reasm.o)
 .rodata        0x0084a9e0      0x120 ../fir_bsp/\libucosii_bsp.a(ipdemux.o)
 .rodata        0x0084ab00       0x34 ../fir_bsp/\libucosii_bsp.a(ipport.o)
 .rodata        0x0084ab34       0x24 ../fir_bsp/\libucosii_bsp.a(ipraw.o)
 .rodata        0x0084ab58       0x38 ../fir_bsp/\libucosii_bsp.a(iproute.o)
 .rodata        0x0084ab90       0xe8 ../fir_bsp/\libucosii_bsp.a(udp.o)
 .rodata        0x0084ac78      0x2d0 ../fir_bsp/\libucosii_bsp.a(u_mctest.o)
 .rodata        0x0084af48       0xf8 ../fir_bsp/\libucosii_bsp.a(dhcsetup.o)
 .rodata        0x0084b040       0x34 ../fir_bsp/\libucosii_bsp.a(vfsfiles.o)
 .rodata        0x0084b074      0x318 ../fir_bsp/\libucosii_bsp.a(icmp.o)
 *(.rodata1)
                0x0084b38c                . = ALIGN (0x4)
                0x0084b38c                PROVIDE (__ram_rodata_end, ABSOLUTE (.))
                0x0084715c                PROVIDE (__flash_rodata_start, LOADADDR (.rodata))

.rwdata         0x0084b38c     0x213c
                0x0084b38c                PROVIDE (__ram_rwdata_start, ABSOLUTE (.))
                0x0084b38c                . = ALIGN (0x4)
 *(.got.plt)
 *(.got)
 *(.data1)
 *(.data .data.* .gnu.linkonce.d.*)
 .data          0x0084b38c        0x0 ../fir_bsp//obj/HAL/src/crt0.o
 .data          0x0084b38c        0x0 obj/default/LCD.o
 .data          0x0084b38c        0x0 obj/default/SSS_DE2_115.o
 .data          0x0084b38c        0x0 obj/default/alt_error_handler.o
 .data          0x0084b38c        0x0 obj/default/dm9000a.o
 .data          0x0084b38c       0x18 obj/default/iniche_init.o
                0x0084b38c                ssstask
 .data          0x0084b3a4        0x0 obj/default/led.o
 .data          0x0084b3a4        0x0 obj/default/network_utilities.o
 .data          0x0084b3a4        0x0 obj/default/simple_socket_server.o
 .data          0x0084b3a4        0x0 obj/default/tse_my_system.o
 .data          0x0084b3a4        0x0 d:/altera/13.0sp1/nios2eds/bin/gnu/h-i686-mingw32/bin/../lib/gcc/nios2-elf/4.1.2\libgcc.a(_fixunsdfsi.o)
 .data          0x0084b3a4        0x0 d:/altera/13.0sp1/nios2eds/bin/gnu/h-i686-mingw32/bin/../lib/gcc/nios2-elf/4.1.2\libgcc.a(_addsub_df.o)
 .data          0x0084b3a4        0x0 d:/altera/13.0sp1/nios2eds/bin/gnu/h-i686-mingw32/bin/../lib/gcc/nios2-elf/4.1.2\libgcc.a(_mul_df.o)
 .data          0x0084b3a4        0x0 d:/altera/13.0sp1/nios2eds/bin/gnu/h-i686-mingw32/bin/../lib/gcc/nios2-elf/4.1.2\libgcc.a(_ge_df.o)
 .data          0x0084b3a4        0x0 d:/altera/13.0sp1/nios2eds/bin/gnu/h-i686-mingw32/bin/../lib/gcc/nios2-elf/4.1.2\libgcc.a(_df_to_si.o)
 .data          0x0084b3a4        0x0 d:/altera/13.0sp1/nios2eds/bin/gnu/h-i686-mingw32/bin/../lib/gcc/nios2-elf/4.1.2\libgcc.a(_thenan_df.o)
 .data          0x0084b3a4        0x0 d:/altera/13.0sp1/nios2eds/bin/gnu/h-i686-mingw32/bin/../lib/gcc/nios2-elf/4.1.2\libgcc.a(_usi_to_df.o)
 .data          0x0084b3a4        0x0 d:/altera/13.0sp1/nios2eds/bin/gnu/h-i686-mingw32/bin/../lib/gcc/nios2-elf/4.1.2\libgcc.a(_muldi3.o)
 .data          0x0084b3a4        0x0 d:/altera/13.0sp1/nios2eds/bin/gnu/h-i686-mingw32/bin/../lib/gcc/nios2-elf/4.1.2\libgcc.a(_clzsi2.o)
 .data          0x0084b3a4        0x0 d:/altera/13.0sp1/nios2eds/bin/gnu/h-i686-mingw32/bin/../lib/gcc/nios2-elf/4.1.2\libgcc.a(_pack_df.o)
 .data          0x0084b3a4        0x0 d:/altera/13.0sp1/nios2eds/bin/gnu/h-i686-mingw32/bin/../lib/gcc/nios2-elf/4.1.2\libgcc.a(_unpack_df.o)
 .data          0x0084b3a4        0x0 d:/altera/13.0sp1/nios2eds/bin/gnu/h-i686-mingw32/bin/../lib/gcc/nios2-elf/4.1.2\libgcc.a(_fpcmp_parts_df.o)
 .data          0x0084b3a4        0x0 d:/altera/13.0sp1/nios2eds/bin/gnu/h-i686-mingw32/bin/../lib/gcc/nios2-elf/4.1.2\libgcc.a(_clz.o)
 .data          0x0084b3a4        0x0 d:/altera/13.0sp1/nios2eds/bin/gnu/h-i686-mingw32/bin/../lib/gcc/nios2-elf/4.1.2/../../../../nios2-elf/lib\libc.a(lib_a-ctype_.o)
 .data          0x0084b3a4        0x0 d:/altera/13.0sp1/nios2eds/bin/gnu/h-i686-mingw32/bin/../lib/gcc/nios2-elf/4.1.2/../../../../nios2-elf/lib\libc.a(lib_a-exit.o)
 .data          0x0084b3a4        0x0 d:/altera/13.0sp1/nios2eds/bin/gnu/h-i686-mingw32/bin/../lib/gcc/nios2-elf/4.1.2/../../../../nios2-elf/lib\libc.a(lib_a-fprintf.o)
 .data          0x0084b3a4        0x0 d:/altera/13.0sp1/nios2eds/bin/gnu/h-i686-mingw32/bin/../lib/gcc/nios2-elf/4.1.2/../../../../nios2-elf/lib\libc.a(lib_a-fwrite.o)
 .data          0x0084b3a4        0x0 d:/altera/13.0sp1/nios2eds/bin/gnu/h-i686-mingw32/bin/../lib/gcc/nios2-elf/4.1.2/../../../../nios2-elf/lib\libc.a(lib_a-getc.o)
 .data          0x0084b3a4      0x400 d:/altera/13.0sp1/nios2eds/bin/gnu/h-i686-mingw32/bin/../lib/gcc/nios2-elf/4.1.2/../../../../nios2-elf/lib\libc.a(lib_a-impure.o)
 .data          0x0084b7a4        0x0 d:/altera/13.0sp1/nios2eds/bin/gnu/h-i686-mingw32/bin/../lib/gcc/nios2-elf/4.1.2/../../../../nios2-elf/lib\libc.a(lib_a-malloc.o)
 .data          0x0084b7a4      0x408 d:/altera/13.0sp1/nios2eds/bin/gnu/h-i686-mingw32/bin/../lib/gcc/nios2-elf/4.1.2/../../../../nios2-elf/lib\libc.a(lib_a-mallocr.o)
                0x0084b7a4                __malloc_av_
 .data          0x0084bbac        0x0 d:/altera/13.0sp1/nios2eds/bin/gnu/h-i686-mingw32/bin/../lib/gcc/nios2-elf/4.1.2/../../../../nios2-elf/lib\libc.a(lib_a-memcpy.o)
 .data          0x0084bbac        0x0 d:/altera/13.0sp1/nios2eds/bin/gnu/h-i686-mingw32/bin/../lib/gcc/nios2-elf/4.1.2/../../../../nios2-elf/lib\libc.a(lib_a-memmove.o)
 .data          0x0084bbac        0x0 d:/altera/13.0sp1/nios2eds/bin/gnu/h-i686-mingw32/bin/../lib/gcc/nios2-elf/4.1.2/../../../../nios2-elf/lib\libc.a(lib_a-memset.o)
 .data          0x0084bbac        0x0 d:/altera/13.0sp1/nios2eds/bin/gnu/h-i686-mingw32/bin/../lib/gcc/nios2-elf/4.1.2/../../../../nios2-elf/lib\libc.a(lib_a-perror.o)
 .data          0x0084bbac        0x0 d:/altera/13.0sp1/nios2eds/bin/gnu/h-i686-mingw32/bin/../lib/gcc/nios2-elf/4.1.2/../../../../nios2-elf/lib\libc.a(lib_a-printf.o)
 .data          0x0084bbac        0x0 d:/altera/13.0sp1/nios2eds/bin/gnu/h-i686-mingw32/bin/../lib/gcc/nios2-elf/4.1.2/../../../../nios2-elf/lib\libc.a(lib_a-putc.o)
 .data          0x0084bbac        0x0 d:/altera/13.0sp1/nios2eds/bin/gnu/h-i686-mingw32/bin/../lib/gcc/nios2-elf/4.1.2/../../../../nios2-elf/lib\libc.a(lib_a-putchar.o)
 .data          0x0084bbac        0x0 d:/altera/13.0sp1/nios2eds/bin/gnu/h-i686-mingw32/bin/../lib/gcc/nios2-elf/4.1.2/../../../../nios2-elf/lib\libc.a(lib_a-puts.o)
 .data          0x0084bbac        0x0 d:/altera/13.0sp1/nios2eds/bin/gnu/h-i686-mingw32/bin/../lib/gcc/nios2-elf/4.1.2/../../../../nios2-elf/lib\libc.a(lib_a-rget.o)
 .data          0x0084bbac        0x0 d:/altera/13.0sp1/nios2eds/bin/gnu/h-i686-mingw32/bin/../lib/gcc/nios2-elf/4.1.2/../../../../nios2-elf/lib\libc.a(lib_a-sbrkr.o)
 .data          0x0084bbac        0x0 d:/altera/13.0sp1/nios2eds/bin/gnu/h-i686-mingw32/bin/../lib/gcc/nios2-elf/4.1.2/../../../../nios2-elf/lib\libc.a(lib_a-sprintf.o)
 .data          0x0084bbac        0x0 d:/altera/13.0sp1/nios2eds/bin/gnu/h-i686-mingw32/bin/../lib/gcc/nios2-elf/4.1.2/../../../../nios2-elf/lib\libc.a(lib_a-strchr.o)
 .data          0x0084bbac        0x0 d:/altera/13.0sp1/nios2eds/bin/gnu/h-i686-mingw32/bin/../lib/gcc/nios2-elf/4.1.2/../../../../nios2-elf/lib\libc.a(lib_a-strerror.o)
 .data          0x0084bbac        0x0 d:/altera/13.0sp1/nios2eds/bin/gnu/h-i686-mingw32/bin/../lib/gcc/nios2-elf/4.1.2/../../../../nios2-elf/lib\libc.a(lib_a-strlen.o)
 .data          0x0084bbac        0x0 d:/altera/13.0sp1/nios2eds/bin/gnu/h-i686-mingw32/bin/../lib/gcc/nios2-elf/4.1.2/../../../../nios2-elf/lib\libc.a(lib_a-strtol.o)
 .data          0x0084bbac        0x0 d:/altera/13.0sp1/nios2eds/bin/gnu/h-i686-mingw32/bin/../lib/gcc/nios2-elf/4.1.2/../../../../nios2-elf/lib\libc.a(lib_a-u_strerr.o)
 .data          0x0084bbac        0x0 d:/altera/13.0sp1/nios2eds/bin/gnu/h-i686-mingw32/bin/../lib/gcc/nios2-elf/4.1.2/../../../../nios2-elf/lib\libc.a(lib_a-vfprintf.o)
 .data          0x0084bbac        0x0 d:/altera/13.0sp1/nios2eds/bin/gnu/h-i686-mingw32/bin/../lib/gcc/nios2-elf/4.1.2/../../../../nios2-elf/lib\libc.a(lib_a-wbuf.o)
 .data          0x0084bbac        0x0 d:/altera/13.0sp1/nios2eds/bin/gnu/h-i686-mingw32/bin/../lib/gcc/nios2-elf/4.1.2/../../../../nios2-elf/lib\libc.a(lib_a-wsetup.o)
 .data          0x0084bbac        0x0 d:/altera/13.0sp1/nios2eds/bin/gnu/h-i686-mingw32/bin/../lib/gcc/nios2-elf/4.1.2/../../../../nios2-elf/lib\libc.a(lib_a-__call_atexit.o)
 .data          0x0084bbac        0x0 d:/altera/13.0sp1/nios2eds/bin/gnu/h-i686-mingw32/bin/../lib/gcc/nios2-elf/4.1.2/../../../../nios2-elf/lib\libc.a(lib_a-dtoa.o)
 .data          0x0084bbac        0x0 d:/altera/13.0sp1/nios2eds/bin/gnu/h-i686-mingw32/bin/../lib/gcc/nios2-elf/4.1.2/../../../../nios2-elf/lib\libc.a(lib_a-fflush.o)
 .data          0x0084bbac        0x0 d:/altera/13.0sp1/nios2eds/bin/gnu/h-i686-mingw32/bin/../lib/gcc/nios2-elf/4.1.2/../../../../nios2-elf/lib\libc.a(lib_a-findfp.o)
 .data          0x0084bbac        0x0 d:/altera/13.0sp1/nios2eds/bin/gnu/h-i686-mingw32/bin/../lib/gcc/nios2-elf/4.1.2/../../../../nios2-elf/lib\libc.a(lib_a-fputc.o)
 .data          0x0084bbac        0x0 d:/altera/13.0sp1/nios2eds/bin/gnu/h-i686-mingw32/bin/../lib/gcc/nios2-elf/4.1.2/../../../../nios2-elf/lib\libc.a(lib_a-fputs.o)
 .data          0x0084bbac        0x0 d:/altera/13.0sp1/nios2eds/bin/gnu/h-i686-mingw32/bin/../lib/gcc/nios2-elf/4.1.2/../../../../nios2-elf/lib\libc.a(lib_a-freer.o)
 .data          0x0084bbac        0x0 d:/altera/13.0sp1/nios2eds/bin/gnu/h-i686-mingw32/bin/../lib/gcc/nios2-elf/4.1.2/../../../../nios2-elf/lib\libc.a(lib_a-fvwrite.o)
 .data          0x0084bbac        0x0 d:/altera/13.0sp1/nios2eds/bin/gnu/h-i686-mingw32/bin/../lib/gcc/nios2-elf/4.1.2/../../../../nios2-elf/lib\libc.a(lib_a-fwalk.o)
 .data          0x0084bbac        0x0 d:/altera/13.0sp1/nios2eds/bin/gnu/h-i686-mingw32/bin/../lib/gcc/nios2-elf/4.1.2/../../../../nios2-elf/lib\libc.a(lib_a-int_errno.o)
 .data          0x0084bbac        0xc d:/altera/13.0sp1/nios2eds/bin/gnu/h-i686-mingw32/bin/../lib/gcc/nios2-elf/4.1.2/../../../../nios2-elf/lib\libc.a(lib_a-locale.o)
                0x0084bbac                __lc_ctype
 .data          0x0084bbb8        0x0 d:/altera/13.0sp1/nios2eds/bin/gnu/h-i686-mingw32/bin/../lib/gcc/nios2-elf/4.1.2/../../../../nios2-elf/lib\libc.a(lib_a-makebuf.o)
 .data          0x0084bbb8        0x0 d:/altera/13.0sp1/nios2eds/bin/gnu/h-i686-mingw32/bin/../lib/gcc/nios2-elf/4.1.2/../../../../nios2-elf/lib\libc.a(lib_a-memchr.o)
 .data          0x0084bbb8        0x0 d:/altera/13.0sp1/nios2eds/bin/gnu/h-i686-mingw32/bin/../lib/gcc/nios2-elf/4.1.2/../../../../nios2-elf/lib\libc.a(lib_a-mprec.o)
 .data          0x0084bbb8        0x0 d:/altera/13.0sp1/nios2eds/bin/gnu/h-i686-mingw32/bin/../lib/gcc/nios2-elf/4.1.2/../../../../nios2-elf/lib\libc.a(lib_a-reallocr.o)
 .data          0x0084bbb8        0x0 d:/altera/13.0sp1/nios2eds/bin/gnu/h-i686-mingw32/bin/../lib/gcc/nios2-elf/4.1.2/../../../../nios2-elf/lib\libc.a(lib_a-refill.o)
 .data          0x0084bbb8        0x0 d:/altera/13.0sp1/nios2eds/bin/gnu/h-i686-mingw32/bin/../lib/gcc/nios2-elf/4.1.2/../../../../nios2-elf/lib\libc.a(lib_a-s_isinfd.o)
 .data          0x0084bbb8        0x0 d:/altera/13.0sp1/nios2eds/bin/gnu/h-i686-mingw32/bin/../lib/gcc/nios2-elf/4.1.2/../../../../nios2-elf/lib\libc.a(lib_a-s_isnand.o)
 .data          0x0084bbb8        0x0 d:/altera/13.0sp1/nios2eds/bin/gnu/h-i686-mingw32/bin/../lib/gcc/nios2-elf/4.1.2/../../../../nios2-elf/lib\libc.a(lib_a-stdio.o)
 .data          0x0084bbb8        0x0 d:/altera/13.0sp1/nios2eds/bin/gnu/h-i686-mingw32/bin/../lib/gcc/nios2-elf/4.1.2/../../../../nios2-elf/lib\libc.a(lib_a-strcmp.o)
 .data          0x0084bbb8        0x0 d:/altera/13.0sp1/nios2eds/bin/gnu/h-i686-mingw32/bin/../lib/gcc/nios2-elf/4.1.2/../../../../nios2-elf/lib\libc.a(lib_a-writer.o)
 .data          0x0084bbb8        0x0 d:/altera/13.0sp1/nios2eds/bin/gnu/h-i686-mingw32/bin/../lib/gcc/nios2-elf/4.1.2/../../../../nios2-elf/lib\libc.a(lib_a-callocr.o)
 .data          0x0084bbb8        0x0 d:/altera/13.0sp1/nios2eds/bin/gnu/h-i686-mingw32/bin/../lib/gcc/nios2-elf/4.1.2/../../../../nios2-elf/lib\libc.a(lib_a-closer.o)
 .data          0x0084bbb8        0x0 d:/altera/13.0sp1/nios2eds/bin/gnu/h-i686-mingw32/bin/../lib/gcc/nios2-elf/4.1.2/../../../../nios2-elf/lib\libc.a(lib_a-fclose.o)
 .data          0x0084bbb8        0x0 d:/altera/13.0sp1/nios2eds/bin/gnu/h-i686-mingw32/bin/../lib/gcc/nios2-elf/4.1.2/../../../../nios2-elf/lib\libc.a(lib_a-fstatr.o)
 .data          0x0084bbb8        0x0 d:/altera/13.0sp1/nios2eds/bin/gnu/h-i686-mingw32/bin/../lib/gcc/nios2-elf/4.1.2/../../../../nios2-elf/lib\libc.a(lib_a-isattyr.o)
 .data          0x0084bbb8        0x0 d:/altera/13.0sp1/nios2eds/bin/gnu/h-i686-mingw32/bin/../lib/gcc/nios2-elf/4.1.2/../../../../nios2-elf/lib\libc.a(lib_a-lseekr.o)
 .data          0x0084bbb8        0x0 d:/altera/13.0sp1/nios2eds/bin/gnu/h-i686-mingw32/bin/../lib/gcc/nios2-elf/4.1.2/../../../../nios2-elf/lib\libc.a(lib_a-readr.o)