Archive member included because of file (symbol)

d:/altera/13.0sp1/nios2eds/bin/gnu/h-i686-mingw32/bin/../lib/gcc/nios2-elf/4.1.2\libgcc.a(_fixunsdfsi.o)
                              obj/default/dm9000a.o (__fixunsdfsi)
d:/altera/13.0sp1/nios2eds/bin/gnu/h-i686-mingw32/bin/../lib/gcc/nios2-elf/4.1.2\libgcc.a(_addsub_df.o)
                              d:/altera/13.0sp1/nios2eds/bin/gnu/h-i686-mingw32/bin/../lib/gcc/nios2-elf/4.1.2\libgcc.a(_fixunsdfsi.o) (__subdf3)
d:/altera/13.0sp1/nios2eds/bin/gnu/h-i686-mingw32/bin/../lib/gcc/nios2-elf/4.1.2\libgcc.a(_mul_df.o)
                              obj/default/dm9000a.o (__muldf3)
d:/altera/13.0sp1/nios2eds/bin/gnu/h-i686-mingw32/bin/../lib/gcc/nios2-elf/4.1.2\libgcc.a(_ge_df.o)
                              d:/altera/13.0sp1/nios2eds/bin/gnu/h-i686-mingw32/bin/../lib/gcc/nios2-elf/4.1.2\libgcc.a(_fixunsdfsi.o) (__gedf2)
d:/altera/13.0sp1/nios2eds/bin/gnu/h-i686-mingw32/bin/../lib/gcc/nios2-elf/4.1.2\libgcc.a(_df_to_si.o)
                              d:/altera/13.0sp1/nios2eds/bin/gnu/h-i686-mingw32/bin/../lib/gcc/nios2-elf/4.1.2\libgcc.a(_fixunsdfsi.o) (__fixdfsi)
d:/altera/13.0sp1/nios2eds/bin/gnu/h-i686-mingw32/bin/../lib/gcc/nios2-elf/4.1.2\libgcc.a(_thenan_df.o)
                              d:/altera/13.0sp1/nios2eds/bin/gnu/h-i686-mingw32/bin/../lib/gcc/nios2-elf/4.1.2\libgcc.a(_addsub_df.o) (__thenan_df)
d:/altera/13.0sp1/nios2eds/bin/gnu/h-i686-mingw32/bin/../lib/gcc/nios2-elf/4.1.2\libgcc.a(_usi_to_df.o)
                              obj/default/dm9000a.o (__floatunsidf)
d:/altera/13.0sp1/nios2eds/bin/gnu/h-i686-mingw32/bin/../lib/gcc/nios2-elf/4.1.2\libgcc.a(_muldi3.o)
                              d:/altera/13.0sp1/nios2eds/bin/gnu/h-i686-mingw32/bin/../lib/gcc/nios2-elf/4.1.2\libgcc.a(_mul_df.o) (__muldi3)
d:/altera/13.0sp1/nios2eds/bin/gnu/h-i686-mingw32/bin/../lib/gcc/nios2-elf/4.1.2\libgcc.a(_clzsi2.o)
                              d:/altera/13.0sp1/nios2eds/bin/gnu/h-i686-mingw32/bin/../lib/gcc/nios2-elf/4.1.2\libgcc.a(_usi_to_df.o) (__clzsi2)
d:/altera/13.0sp1/nios2eds/bin/gnu/h-i686-mingw32/bin/../lib/gcc/nios2-elf/4.1.2\libgcc.a(_pack_df.o)
                              d:/altera/13.0sp1/nios2eds/bin/gnu/h-i686-mingw32/bin/../lib/gcc/nios2-elf/4.1.2\libgcc.a(_addsub_df.o) (__pack_d)
d:/altera/13.0sp1/nios2eds/bin/gnu/h-i686-mingw32/bin/../lib/gcc/nios2-elf/4.1.2\libgcc.a(_unpack_df.o)
                              d:/altera/13.0sp1/nios2eds/bin/gnu/h-i686-mingw32/bin/../lib/gcc/nios2-elf/4.1.2\libgcc.a(_addsub_df.o) (__unpack_d)
d:/altera/13.0sp1/nios2eds/bin/gnu/h-i686-mingw32/bin/../lib/gcc/nios2-elf/4.1.2\libgcc.a(_fpcmp_parts_df.o)
                              d:/altera/13.0sp1/nios2eds/bin/gnu/h-i686-mingw32/bin/../lib/gcc/nios2-elf/4.1.2\libgcc.a(_ge_df.o) (__fpcmp_parts_d)
d:/altera/13.0sp1/nios2eds/bin/gnu/h-i686-mingw32/bin/../lib/gcc/nios2-elf/4.1.2\libgcc.a(_clz.o)
                              d:/altera/13.0sp1/nios2eds/bin/gnu/h-i686-mingw32/bin/../lib/gcc/nios2-elf/4.1.2\libgcc.a(_clzsi2.o) (__clz_tab)
d:/altera/13.0sp1/nios2eds/bin/gnu/h-i686-mingw32/bin/../lib/gcc/nios2-elf/4.1.2/../../../../nios2-elf/lib\libc.a(lib_a-ctype_.o)
                              obj/default/network_utilities.o (__ctype_ptr)
d:/altera/13.0sp1/nios2eds/bin/gnu/h-i686-mingw32/bin/../lib/gcc/nios2-elf/4.1.2/../../../../nios2-elf/lib\libc.a(lib_a-exit.o)
                              obj/default/iniche_init.o (exit)
d:/altera/13.0sp1/nios2eds/bin/gnu/h-i686-mingw32/bin/../lib/gcc/nios2-elf/4.1.2/../../../../nios2-elf/lib\libc.a(lib_a-fprintf.o)
                              obj/default/alt_error_handler.o (fprintf)
d:/altera/13.0sp1/nios2eds/bin/gnu/h-i686-mingw32/bin/../lib/gcc/nios2-elf/4.1.2/../../../../nios2-elf/lib\libc.a(lib_a-fwrite.o)
                              obj/default/alt_error_handler.o (fwrite)
d:/altera/13.0sp1/nios2eds/bin/gnu/h-i686-mingw32/bin/../lib/gcc/nios2-elf/4.1.2/../../../../nios2-elf/lib\libc.a(lib_a-getc.o)
                              obj/default/network_utilities.o (getc)
d:/altera/13.0sp1/nios2eds/bin/gnu/h-i686-mingw32/bin/../lib/gcc/nios2-elf/4.1.2/../../../../nios2-elf/lib\libc.a(lib_a-impure.o)
                              obj/default/alt_error_handler.o (_impure_ptr)
d:/altera/13.0sp1/nios2eds/bin/gnu/h-i686-mingw32/bin/../lib/gcc/nios2-elf/4.1.2/../../../../nios2-elf/lib\libc.a(lib_a-malloc.o)
                              obj/default/iniche_init.o (malloc)
d:/altera/13.0sp1/nios2eds/bin/gnu/h-i686-mingw32/bin/../lib/gcc/nios2-elf/4.1.2/../../../../nios2-elf/lib\libc.a(lib_a-mallocr.o)
                              d:/altera/13.0sp1/nios2eds/bin/gnu/h-i686-mingw32/bin/../lib/gcc/nios2-elf/4.1.2/../../../../nios2-elf/lib\libc.a(lib_a-malloc.o) (_malloc_r)
d:/altera/13.0sp1/nios2eds/bin/gnu/h-i686-mingw32/bin/../lib/gcc/nios2-elf/4.1.2/../../../../nios2-elf/lib\libc.a(lib_a-memcpy.o)
                              obj/default/iniche_init.o (memcpy)
[...]
Memory Configuration

Name             Origin             Length             Attributes
sdram_0_BEFORE_EXCEPTION 0x00800000         0x00000020
sdram_0          0x00800020         0x007fffe0
reset            0x01400000         0x00000020
cfi_flash_0      0x01400020         0x003fffe0
epcs_controller  0x01a81800         0x00000800
*default*        0x00000000         0xffffffff

Linker script and memory map

LOAD ../fir_bsp//obj/HAL/src/crt0.o
LOAD obj/default/LCD.o
LOAD obj/default/SSS_DE2_115.o
LOAD obj/default/alt_error_handler.o
LOAD obj/default/dm9000a.o
LOAD obj/default/iniche_init.o
LOAD obj/default/led.o
LOAD obj/default/network_utilities.o
LOAD obj/default/simple_socket_server.o
LOAD obj/default/tse_my_system.o
LOAD d:/altera/13.0sp1/nios2eds/bin/gnu/h-i686-mingw32/bin/../lib/gcc/nios2-elf/4.1.2/../../../../nios2-elf/lib\libstdc++.a
LOAD d:/altera/13.0sp1/nios2eds/bin/gnu/h-i686-mingw32/bin/../lib/gcc/nios2-elf/4.1.2/../../../../nios2-elf/lib\libm.a
LOAD d:/altera/13.0sp1/nios2eds/bin/gnu/h-i686-mingw32/bin/../lib/gcc/nios2-elf/4.1.2\libgcc.a
START GROUP
LOAD d:/altera/13.0sp1/nios2eds/bin/gnu/h-i686-mingw32/bin/../lib/gcc/nios2-elf/4.1.2/../../../../nios2-elf/lib\libc.a
LOAD d:/altera/13.0sp1/nios2eds/bin/gnu/h-i686-mingw32/bin/../lib/gcc/nios2-elf/4.1.2\libgcc.a
LOAD ../fir_bsp/\libucosii_bsp.a
END GROUP
LOAD d:/altera/13.0sp1/nios2eds/bin/gnu/h-i686-mingw32/bin/../lib/gcc/nios2-elf/4.1.2\libgcc.a
                0x00800000                __alt_mem_sdram_0 = 0x800000
                0x01400000                __alt_mem_cfi_flash_0 = 0x1400000
                0x01a81800                __alt_mem_epcs_controller = 0x1a81800

.entry          0x01400000        0x0
 *(.entry)
 .entry         0x01400000        0x0 ../fir_bsp//obj/HAL/src/crt0.o
                0x01400000                __reset

.exceptions     0x00800020      0x19c
                0x00800020                PROVIDE (__ram_exceptions_start, ABSOLUTE (.))
                0x00800020                . = ALIGN (0x20)
 *(.irq)
 *(.exceptions.entry.label)
 .exceptions.entry.label
                0x00800020        0x0 ../fir_bsp/\libucosii_bsp.a(alt_irq_entry.o)
                0x00800020                alt_irq_entry
 .exceptions.entry.label
                0x00800020        0x0 ../fir_bsp/\libucosii_bsp.a(alt_exception_entry.o)
                0x00800020                alt_exception
 *(.exceptions.entry.user)
 *(.exceptions.entry)
 .exceptions.entry
                0x00800020       0x54 ../fir_bsp/\libucosii_bsp.a(alt_exception_entry.o)
 *(.exceptions.irqtest.user)
 *(.exceptions.irqtest)
 .exceptions.irqtest
                0x00800074       0x10 ../fir_bsp/\libucosii_bsp.a(alt_irq_entry.o)
 *(.exceptions.irqhandler.user)
 *(.exceptions.irqhandler)
 .exceptions.irqhandler
                0x00800084        0x4 ../fir_bsp/\libucosii_bsp.a(alt_irq_entry.o)
 *(.exceptions.irqreturn.user)
 *(.exceptions.irqreturn)
 .exceptions.irqreturn
                0x00800088        0x4 ../fir_bsp/\libucosii_bsp.a(alt_irq_entry.o)
 *(.exceptions.notirq.label)
 .exceptions.notirq.label
                0x0080008c        0x0 ../fir_bsp/\libucosii_bsp.a(alt_irq_entry.o)
 *(.exceptions.notirq.user)
 *(.exceptions.notirq)
 .exceptions.notirq
                0x0080008c        0x8 ../fir_bsp/\libucosii_bsp.a(alt_exception_entry.o)
 *(.exceptions.soft.user)
 *(.exceptions.soft)
 *(.exceptions.unknown.user)
 *(.exceptions.unknown)
 .exceptions.unknown
                0x00800094        0x4 ../fir_bsp/\libucosii_bsp.a(alt_exception_entry.o)
 *(.exceptions.exit.label)
 .exceptions.exit.label
                0x00800098        0x0 ../fir_bsp/\libucosii_bsp.a(alt_irq_entry.o)
 .exceptions.exit.label
                0x00800098        0x0 ../fir_bsp/\libucosii_bsp.a(alt_exception_entry.o)
 *(.exceptions.exit.user)
 *(.exceptions.exit)
 .exceptions.exit
                0x00800098       0x54 ../fir_bsp/\libucosii_bsp.a(alt_exception_entry.o)
 *(.exceptions)
 .exceptions    0x008000ec       0xd0 ../fir_bsp/\libucosii_bsp.a(alt_irq_handler.o)
                0x008000ec                alt_irq_handler
                0x008001bc                PROVIDE (__ram_exceptions_end, ABSOLUTE (.))
                0x00800020                PROVIDE (__flash_exceptions_start, LOADADDR (.exceptions))

.text           0x008001bc    0x4705c
                0x008001bc                PROVIDE (stext, ABSOLUTE (.))
 *(.interp)
 *(.hash)
 *(.dynsym)
 *(.dynstr)
 *(.gnu.version)
 *(.gnu.version_d)
 *(.gnu.version_r)
 *(.rel.init)
 *(.rela.init)
 *(.rel.text .rel.text.* .rel.gnu.linkonce.t.*)
 *(.rela.text .rela.text.* .rela.gnu.linkonce.t.*)
 *(.rel.fini)
 *(.rela.fini)
 *(.rel.rodata .rel.rodata.* .rel.gnu.linkonce.r.*)
 *(.rela.rodata .rela.rodata.* .rela.gnu.linkonce.r.*)
 *(.rel.data .rel.data.* .rel.gnu.linkonce.d.*)
 *(.rela.data .rela.data.* .rela.gnu.linkonce.d.*)
 *(.rel.tdata .rel.tdata.* .rel.gnu.linkonce.td.*)
 *(.rela.tdata .rela.tdata.* .rela.gnu.linkonce.td.*)
 *(.rel.tbss .rel.tbss.* .rel.gnu.linkonce.tb.*)
 *(.rela.tbss .rela.tbss.* .rela.gnu.linkonce.tb.*)
 *(.rel.ctors)
 *(.rela.ctors)
 *(.rel.dtors)
 *(.rela.dtors)
 *(.rel.got)
 *(.rela.got)
 *(.rel.sdata .rel.sdata.* .rel.gnu.linkonce.s.*)
 *(.rela.sdata .rela.sdata.* .rela.gnu.linkonce.s.*)
 *(.rel.sbss .rel.sbss.* .rel.gnu.linkonce.sb.*)
 *(.rela.sbss .rela.sbss.* .rela.gnu.linkonce.sb.*)
 *(.rel.sdata2 .rel.sdata2.* .rel.gnu.linkonce.s2.*)
 *(.rela.sdata2 .rela.sdata2.* .rela.gnu.linkonce.s2.*)
 *(.rel.sbss2 .rel.sbss2.* .rel.gnu.linkonce.sb2.*)
 *(.rela.sbss2 .rela.sbss2.* .rela.gnu.linkonce.sb2.*)
 *(.rel.bss .rel.bss.* .rel.gnu.linkonce.b.*)
 *(.rela.bss .rela.bss.* .rela.gnu.linkonce.b.*)
 *(.rel.plt)
 *(.rela.plt)
 *(.rel.dyn)
 *(.init)
 *(.plt)
 *(.text .stub .text.* .gnu.linkonce.t.*)
 .text          0x008001bc       0x48 ../fir_bsp//obj/HAL/src/crt0.o
                0x008001bc                _start
 .text          0x00800204      0x31c obj/default/LCD.o
                0x00800204                LCD_Init
                0x008002a0                LCD_Show_Text
                0x00800328                LCD_Line2
                0x00800364                LCD_Line1
                0x008003a0                LCD_Clear
                0x008003dc                LCD_Test
 .text          0x00800520      0x2ec obj/default/SSS_DE2_115.o
                0x00800520                get_DE2_115_mac_addr
                0x008006c8                FindLastFlashSectorOffset
 .text          0x0080080c      0xba8 obj/default/alt_error_handler.o
                0x0080080c                alt_uCOSIIErrorHandler
                0x00800e30                alt_NetworkErrorHandler
                0x008010c8                alt_SSSErrorHandler
 .text          0x008013b4      0xe48 obj/default/dm9000a.o
                0x008013b4                dm9000a_iow
                0x00801408                dm9000a_ior
                0x00801454                phy_write
                0x008014f0                dm9000a_reset
                0x008016b4                TransmitPacket
                0x008017d0                prep_dm9000a
                0x008019ec                dm9000a_init
                0x00801e3c                dm9Ka_isr_wrap
                0x00801e7c                dm9ka_init
                0x00801f74                dm9ka_close
                0x00802084                dm9ka_stats
                0x008020e0                dm9ka_pkt_send
 .text          0x008021fc      0x74c obj/default/iniche_init.o
                0x008021fc                SSSInitialTask
                0x0080259c                main
                0x00802698                str_length
                0x008026f8                binaryTodecimal
                0x0080279c                decimal_to_binary
                0x00802888                disp_7seg
 .text          0x00802948      0x324 obj/default/led.o
                0x00802948                led_bit_toggle
                0x00802a14                LED7SegLightshowTask
                0x00802a88                LEDManagementTask
 .text          0x00802c6c      0x73c obj/default/network_utilities.o
                0x00802c6c                get_mac_addr
                0x00802cc4                get_ip_addr
                0x00802d30                get_serial_number
                0x00802f0c                generate_and_store_mac_addr
                0x008030d8                generate_mac_addr
                0x00803214                get_board_mac_addr
 .text          0x008033a8      0x9f8 obj/default/simple_socket_server.o
                0x008033a8                SSSCreateOSDataStructs
                0x00803450                SSSCreateTasks
                0x00803514                sss_reset_connection
                0x00803584                sss_send_menu
                0x00803714                sss_handle_accept
                0x008037d4                sss_exec_command
                0x00803948                sss_handle_receive
                0x00803b34                SSSSimpleSocketServerTask
 .text          0x00803da0        0x0 obj/default/tse_my_system.o
 .text          0x00803da0       0xa4 d:/altera/13.0sp1/nios2eds/bin/gnu/h-i686-mingw32/bin/../lib/gcc/nios2-elf/4.1.2\libgcc.a(_fixunsdfsi.o)
                0x00803da0                __fixunsdfsi
 .text          0x00803e44      0x504 d:/altera/13.0sp1/nios2eds/bin/gnu/h-i686-mingw32/bin/../lib/gcc/nios2-elf/4.1.2\libgcc.a(_addsub_df.o)
                0x00804254                __subdf3
                0x008042d4                __adddf3
 .text          0x00804348      0x3c4 d:/altera/13.0sp1/nios2eds/bin/gnu/h-i686-mingw32/bin/../lib/gcc/nios2-elf/4.1.2\libgcc.a(_mul_df.o)
                0x00804348                __muldf3
 .text          0x0080470c       0x88 d:/altera/13.0sp1/nios2eds/bin/gnu/h-i686-mingw32/bin/../lib/gcc/nios2-elf/4.1.2\libgcc.a(_ge_df.o)
                0x0080470c                __gedf2
 .text          0x00804794       0xd8 d:/altera/13.0sp1/nios2eds/bin/gnu/h-i686-mingw32/bin/../lib/gcc/nios2-elf/4.1.2\libgcc.a(_df_to_si.o)
                0x00804794                __fixdfsi
 .text          0x0080486c        0x0 d:/altera/13.0sp1/nios2eds/bin/gnu/h-i686-mingw32/bin/../lib/gcc/nios2-elf/4.1.2\libgcc.a(_thenan_df.o)
 .text          0x0080486c      0x194 d:/altera/13.0sp1/nios2eds/bin/gnu/h-i686-mingw32/bin/../lib/gcc/nios2-elf/4.1.2\libgcc.a(_usi_to_df.o)
                0x0080486c                __floatunsidf
 .text          0x00804a00       0x98 d:/altera/13.0sp1/nios2eds/bin/gnu/h-i686-mingw32/bin/../lib/gcc/nios2-elf/4.1.2\libgcc.a(_muldi3.o)
                0x00804a00                __muldi3
 .text          0x00804a98       0x80 d:/altera/13.0sp1/nios2eds/bin/gnu/h-i686-mingw32/bin/../lib/gcc/nios2-elf/4.1.2\libgcc.a(_clzsi2.o)
                0x00804a98                __clzsi2
 .text          0x00804b18      0x314 d:/altera/13.0sp1/nios2eds/bin/gnu/h-i686-mingw32/bin/../lib/gcc/nios2-elf/4.1.2\libgcc.a(_pack_df.o)
                0x00804b18                __pack_d
 .text          0x00804e2c      0x138 d:/altera/13.0sp1/nios2eds/bin/gnu/h-i686-mingw32/bin/../lib/gcc/nios2-elf/4.1.2\libgcc.a(_unpack_df.o)
                0x00804e2c                __unpack_d
 .text          0x00804f64       0xc8 d:/altera/13.0sp1/nios2eds/bin/gnu/h-i686-mingw32/bin/../lib/gcc/nios2-elf/4.1.2\libgcc.a(_fpcmp_parts_df.o)
                0x00804f64                __fpcmp_parts_d
 .text          0x0080502c        0x0 d:/altera/13.0sp1/nios2eds/bin/gnu/h-i686-mingw32/bin/../lib/gcc/nios2-elf/4.1.2\libgcc.a(_clz.o)
 .text          0x0080502c        0x0 d:/altera/13.0sp1/nios2eds/bin/gnu/h-i686-mingw32/bin/../lib/gcc/nios2-elf/4.1.2/../../../../nios2-elf/lib\libc.a(lib_a-ctype_.o)
 .text          0x0080502c       0x38 d:/altera/13.0sp1/nios2eds/bin/gnu/h-i686-mingw32/bin/../lib/gcc/nios2-elf/4.1.2/../../../../nios2-elf/lib\libc.a(lib_a-exit.o)
                0x0080502c                exit
 .text          0x00805064       0x60 d:/altera/13.0sp1/nios2eds/bin/gnu/h-i686-mingw32/bin/../lib/gcc/nios2-elf/4.1.2/../../../../nios2-elf/lib\libc.a(lib_a-fprintf.o)
                0x00805064                fprintf
                0x00805090                _fprintf_r
 .text          0x008050c4       0xdc d:/altera/13.0sp1/nios2eds/bin/gnu/h-i686-mingw32/bin/../lib/gcc/nios2-elf/4.1.2/../../../../nios2-elf/lib\libc.a(lib_a-fwrite.o)
                0x008050c4                _fwrite_r
                0x00805160                fwrite
 .text          0x008051a0      0x128 d:/altera/13.0sp1/nios2eds/bin/gnu/h-i686-mingw32/bin/../lib/gcc/nios2-elf/4.1.2/../../../../nios2-elf/lib\libc.a(lib_a-getc.o)
                0x008051a0                getc
                0x00805238                _getc_r
 .text          0x008052c8        0x0 d:/altera/13.0sp1/nios2eds/bin/gnu/h-i686-mingw32/bin/../lib/gcc/nios2-elf/4.1.2/../../../../nios2-elf/lib\libc.a(lib_a-impure.o)
 .text          0x008052c8       0x28 d:/altera/13.0sp1/nios2eds/bin/gnu/h-i686-mingw32/bin/../lib/gcc/nios2-elf/4.1.2/../../../../nios2-elf/lib\libc.a(lib_a-malloc.o)
                0x008052c8                free
                0x008052dc                malloc
 .text          0x008052f0      0x740 d:/altera/13.0sp1/nios2eds/bin/gnu/h-i686-mingw32/bin/../lib/gcc/nios2-elf/4.1.2/../../../../nios2-elf/lib\libc.a(lib_a-mallocr.o)
                0x008052f0                _malloc_r
 .text          0x00805a30       0xa0 d:/altera/13.0sp1/nios2eds/bin/gnu/h-i686-mingw32/bin/../lib/gcc/nios2-elf/4.1.2/../../../../nios2-elf/lib\libc.a(lib_a-memcpy.o)
                0x00805a30                memcpy
 .text          0x00805ad0       0xe0 d:/altera/13.0sp1/nios2eds/bin/gnu/h-i686-mingw32/bin/../lib/gcc/nios2-elf/4.1.2/../../../../nios2-elf/lib\libc.a(lib_a-memmove.o)
                0x00805ad0                memmove
 .text          0x00805bb0       0x98 d:/altera/13.0sp1/nios2eds/bin/gnu/h-i686-mingw32/bin/../lib/gcc/nios2-elf/4.1.2/../../../../nios2-elf/lib\libc.a(lib_a-memset.o)
                0x00805bb0                memset
 .text          0x00805c48       0x80 d:/altera/13.0sp1/nios2eds/bin/gnu/h-i686-mingw32/bin/../lib/gcc/nios2-elf/4.1.2/../../../../nios2-elf/lib\libc.a(lib_a-perror.o)
                0x00805c48                _perror_r
                0x00805cb4                perror
 .text          0x00805cc8       0x78 d:/altera/13.0sp1/nios2eds/bin/gnu/h-i686-mingw32/bin/../lib/gcc/nios2-elf/4.1.2/../../../../nios2-elf/lib\libc.a(lib_a-printf.o)
                0x00805cc8                printf
                0x00805d0c                _printf_r
 .text          0x00805d40      0x1ec d:/altera/13.0sp1/nios2eds/bin/gnu/h-i686-mingw32/bin/../lib/gcc/nios2-elf/4.1.2/../../../../nios2-elf/lib\libc.a(lib_a-putc.o)
                0x00805d40                putc
                0x00805e44                _putc_r
 .text          0x00805f2c       0x24 d:/altera/13.0sp1/nios2eds/bin/gnu/h-i686-mingw32/bin/../lib/gcc/nios2-elf/4.1.2/../../../../nios2-elf/lib\libc.a(lib_a-putchar.o)
                0x00805f2c                putchar
                0x00805f48                _putchar_r
 .text          0x00805f50       0xb4 d:/altera/13.0sp1/nios2eds/bin/gnu/h-i686-mingw32/bin/../lib/gcc/nios2-elf/4.1.2/../../../../nios2-elf/lib\libc.a(lib_a-puts.o)
                0x00805f50                _puts_r
                0x00805ff0                puts
 .text          0x00806004       0x60 d:/altera/13.0sp1/nios2eds/bin/gnu/h-i686-mingw32/bin/../lib/gcc/nios2-elf/4.1.2/../../../../nios2-elf/lib\libc.a(lib_a-rget.o)
                0x00806004                __srget_r
                0x00806050                __srget
 .text          0x00806064       0x70 d:/altera/13.0sp1/nios2eds/bin/gnu/h-i686-mingw32/bin/../lib/gcc/nios2-elf/4.1.2/../../../../nios2-elf/lib\libc.a(lib_a-sbrkr.o)
                0x00806064                _sbrk_r
 .text          0x008060d4       0xd4 d:/altera/13.0sp1/nios2eds/bin/gnu/h-i686-mingw32/bin/../lib/gcc/nios2-elf/4.1.2/../../../../nios2-elf/lib\libc.a(lib_a-sprintf.o)
                0x008060d4                sprintf
                0x00806148                _sprintf_r
 .text          0x008061a8       0xe0 d:/altera/13.0sp1/nios2eds/bin/gnu/h-i686-mingw32/bin/../lib/gcc/nios2-elf/4.1.2/../../../../nios2-elf/lib\libc.a(lib_a-strchr.o)
                0x008061a8                strchr
 .text          0x00806288      0x674 d:/altera/13.0sp1/nios2eds/bin/gnu/h-i686-mingw32/bin/../lib/gcc/nios2-elf/4.1.2/../../../../nios2-elf/lib\libc.a(lib_a-strerror.o)
                0x00806288                strerror
 .text          0x008068fc       0x74 d:/altera/13.0sp1/nios2eds/bin/gnu/h-i686-mingw32/bin/../lib/gcc/nios2-elf/4.1.2/../../../../nios2-elf/lib\libc.a(lib_a-strlen.o)
                0x008068fc                strlen
 .text          0x00806970       0xbc d:/altera/13.0sp1/nios2eds/bin/gnu/h-i686-mingw32/bin/../lib/gcc/nios2-elf/4.1.2/../../../../nios2-elf/lib\libc.a(lib_a-strncpy.o)
                0x00806970                strncpy
 .text          0x00806a2c        0x8 d:/altera/13.0sp1/nios2eds/bin/gnu/h-i686-mingw32/bin/../lib/gcc/nios2-elf/4.1.2/../../../../nios2-elf/lib\libc.a(lib_a-u_strerr.o)
                0x00806a2c                _user_strerror
 .text          0x00806a34     0x1f28 d:/altera/13.0sp1/nios2eds/bin/gnu/h-i686-mingw32/bin/../lib/gcc/nios2-elf/4.1.2/../../../../nios2-elf/lib\libc.a(lib_a-vfprintf.o)
                0x00806a8c                ___vfprintf_internal_r
                0x00808938                __vfprintf_internal
 .text          0x0080895c      0x14c d:/altera/13.0sp1/nios2eds/bin/gnu/h-i686-mingw32/bin/../lib/gcc/nios2-elf/4.1.2/../../../../nios2-elf/lib\libc.a(lib_a-wbuf.o)
                0x0080895c                __swbuf_r
                0x00808a8c                __swbuf
 .text          0x00808aa8      0x13c d:/altera/13.0sp1/nios2eds/bin/gnu/h-i686-mingw32/bin/../lib/gcc/nios2-elf/4.1.2/../../../../nios2-elf/lib\libc.a(lib_a-wsetup.o)
                0x00808aa8                __swsetup_r
 .text          0x00808be4      0x1b4 d:/altera/13.0sp1/nios2eds/bin/gnu/h-i686-mingw32/bin/../lib/gcc/nios2-elf/4.1.2/../../../../nios2-elf/lib\libc.a(lib_a-__call_atexit.o)
                0x00808be8                __call_exitprocs
 .text          0x00808d98     0x17cc d:/altera/13.0sp1/nios2eds/bin/gnu/h-i686-mingw32/bin/../lib/gcc/nios2-elf/4.1.2/../../../../nios2-elf/lib\libc.a(lib_a-dtoa.o)
                0x00808fb0                _dtoa_r
 .text          0x0080a564      0x230 d:/altera/13.0sp1/nios2eds/bin/gnu/h-i686-mingw32/bin/../lib/gcc/nios2-elf/4.1.2/../../../../nios2-elf/lib\libc.a(lib_a-fflush.o)
                0x0080a564                _fflush_r
                0x0080a760                fflush
 .text          0x0080a794      0x2c0 d:/altera/13.0sp1/nios2eds/bin/gnu/h-i686-mingw32/bin/../lib/gcc/nios2-elf/4.1.2/../../../../nios2-elf/lib\libc.a(lib_a-findfp.o)
                0x0080a7ec                __sfp_lock_acquire
                0x0080a7f0                __sfp_lock_release
                0x0080a7f4                __sinit_lock_acquire
                0x0080a7f8                __sinit_lock_release
                0x0080a7fc                __sinit
                0x0080a8b0                __fp_unlock_all
                0x0080a8c8                __fp_lock_all
                0x0080a8e0                _cleanup_r
                0x0080a8ec                _cleanup
                0x0080a8fc                __sfmoreglue
                0x0080a964                __sfp
 .text          0x0080aa54       0xbc d:/altera/13.0sp1/nios2eds/bin/gnu/h-i686-mingw32/bin/../lib/gcc/nios2-elf/4.1.2/../../../../nios2-elf/lib\libc.a(lib_a-fputc.o)
                0x0080aa54                fputc
                0x0080aab8                _fputc_r
 .text          0x0080ab10       0x90 d:/altera/13.0sp1/nios2eds/bin/gnu/h-i686-mingw32/bin/../lib/gcc/nios2-elf/4.1.2/../../../../nios2-elf/lib\libc.a(lib_a-fputs.o)
                0x0080ab10                _fputs_r
                0x0080ab84                fputs
 .text          0x0080aba0      0x440 d:/altera/13.0sp1/nios2eds/bin/gnu/h-i686-mingw32/bin/../lib/gcc/nios2-elf/4.1.2/../../../../nios2-elf/lib\libc.a(lib_a-freer.o)
                0x0080aba0                _malloc_trim_r
                0x0080accc                _free_r
 .text          0x0080afe0      0x49c d:/altera/13.0sp1/nios2eds/bin/gnu/h-i686-mingw32/bin/../lib/gcc/nios2-elf/4.1.2/../../../../nios2-elf/lib\libc.a(lib_a-fvwrite.o)
                0x0080afe0                __sfvwrite_r
 .text          0x0080b47c      0x180 d:/altera/13.0sp1/nios2eds/bin/gnu/h-i686-mingw32/bin/../lib/gcc/nios2-elf/4.1.2/../../../../nios2-elf/lib\libc.a(lib_a-fwalk.o)
                0x0080b47c                _fwalk_reent
                0x0080b544                _fwalk
 .text          0x0080b5fc        0x0 d:/altera/13.0sp1/nios2eds/bin/gnu/h-i686-mingw32/bin/../lib/gcc/nios2-elf/4.1.2/../../../../nios2-elf/lib\libc.a(lib_a-int_errno.o)
 .text          0x0080b5fc       0xc4 d:/altera/13.0sp1/nios2eds/bin/gnu/h-i686-mingw32/bin/../lib/gcc/nios2-elf/4.1.2/../../../../nios2-elf/lib\libc.a(lib_a-locale.o)
                0x0080b5fc                __locale_charset
                0x0080b604                _localeconv_r
                0x0080b610                localeconv
                0x0080b620                _setlocale_r
                0x0080b6a4                setlocale
 .text          0x0080b6c0      0x194 d:/altera/13.0sp1/nios2eds/bin/gnu/h-i686-mingw32/bin/../lib/gcc/nios2-elf/4.1.2/../../../../nios2-elf/lib\libc.a(lib_a-makebuf.o)
                0x0080b6c0                __smakebuf_r
 .text          0x0080b854       0xe4 d:/altera/13.0sp1/nios2eds/bin/gnu/h-i686-mingw32/bin/../lib/gcc/nios2-elf/4.1.2/../../../../nios2-elf/lib\libc.a(lib_a-memchr.o)
                0x0080b854                memchr
 .text          0x0080b938      0xff4 d:/altera/13.0sp1/nios2eds/bin/gnu/h-i686-mingw32/bin/../lib/gcc/nios2-elf/4.1.2/../../../../nios2-elf/lib\libc.a(lib_a-mprec.o)
                0x0080b938                _Bfree
                0x0080b960                __hi0bits
                0x0080b9d0                __lo0bits
                0x0080ba94                __mcmp
                0x0080baf4                __ulp
                0x0080bb74                __b2d
                0x0080bc94                __ratio
                0x0080bd44                _mprec_log10
                0x0080bdd8                __copybits
                0x0080be30                __any_on
                0x0080beb8                _Balloc
                0x0080bf74                __d2b
                0x0080c0f0                __mdiff
                0x0080c27c                __lshift
                0x0080c3c8                __multiply
                0x0080c5b0                __i2b
                0x0080c5ec                __multadd
                0x0080c6ec                __pow5mult
                0x0080c80c                __s2b
 .text          0x0080c92c      0x5f4 d:/altera/13.0sp1/nios2eds/bin/gnu/h-i686-mingw32/bin/../lib/gcc/nios2-elf/4.1.2/../../../../nios2-elf/lib\libc.a(lib_a-reallocr.o)
                0x0080c92c                _realloc_r
 .text          0x0080cf20      0x1e0 d:/altera/13.0sp1/nios2eds/bin/gnu/h-i686-mingw32/bin/../lib/gcc/nios2-elf/4.1.2/../../../../nios2-elf/lib\libc.a(lib_a-refill.o)
                0x0080cf20                __srefill_r
 .text          0x0080d100       0x40 d:/altera/13.0sp1/nios2eds/bin/gnu/h-i686-mingw32/bin/../lib/gcc/nios2-elf/4.1.2/../../../../nios2-elf/lib\libc.a(lib_a-s_isinfd.o)
                0x0080d100                __isinfd
 .text          0x0080d140       0x30 d:/altera/13.0sp1/nios2eds/bin/gnu/h-i686-mingw32/bin/../lib/gcc/nios2-elf/4.1.2/../../../../nios2-elf/lib\libc.a(lib_a-s_isnand.o)
                0x0080d140                __isnand
 .text          0x0080d170      0x14c d:/altera/13.0sp1/nios2eds/bin/gnu/h-i686-mingw32/bin/../lib/gcc/nios2-elf/4.1.2/../../../../nios2-elf/lib\libc.a(lib_a-stdio.o)
                0x0080d170                __sclose
                0x0080d178                __sseek
                0x0080d1e0                __swrite
                0x0080d25c                __sread
 .text          0x0080d2bc       0xbc d:/altera/13.0sp1/nios2eds/bin/gnu/h-i686-mingw32/bin/../lib/gcc/nios2-elf/4.1.2/../../../../nios2-elf/lib\libc.a(lib_a-strcmp.o)
                0x0080d2bc                strcmp
 .text          0x0080d378       0x78 d:/altera/13.0sp1/nios2eds/bin/gnu/h-i686-mingw32/bin/../lib/gcc/nios2-elf/4.1.2/../../../../nios2-elf/lib\libc.a(lib_a-writer.o)
                0x0080d378                _write_r
 .text          0x0080d3f0       0xb4 d:/altera/13.0sp1/nios2eds/bin/gnu/h-i686-mingw32/bin/../lib/gcc/nios2-elf/4.1.2/../../../../nios2-elf/lib\libc.a(lib_a-callocr.o)
                0x0080d3f0                _calloc_r
 .text          0x0080d4a4       0x70 d:/altera/13.0sp1/nios2eds/bin/gnu/h-i686-mingw32/bin/../lib/gcc/nios2-elf/4.1.2/../../../../nios2-elf/lib\libc.a(lib_a-closer.o)
                0x0080d4a4                _close_r
 .text          0x0080d514      0x124 d:/altera/13.0sp1/nios2eds/bin/gnu/h-i686-mingw32/bin/../lib/gcc/nios2-elf/4.1.2/../../../../nios2-elf/lib\libc.a(lib_a-fclose.o)
                0x0080d514                _fclose_r
                0x0080d624                fclose
 .text          0x0080d638       0x74 d:/altera/13.0sp1/nios2eds/bin/gnu/h-i686-mingw32/bin/../lib/gcc/nios2-elf/4.1.2/../../../../nios2-elf/lib\libc.a(lib_a-fstatr.o)
                0x0080d638                _fstat_r
 .text          0x0080d6ac       0x70 d:/altera/13.0sp1/nios2eds/bin/gnu/h-i686-mingw32/bin/../lib/gcc/nios2-elf/4.1.2/../../../../nios2-elf/lib\libc.a(lib_a-isattyr.o)
                0x0080d6ac                _isatty_r
 .text          0x0080d71c       0x78 d:/altera/13.0sp1/nios2eds/bin/gnu/h-i686-mingw32/bin/../lib/gcc/nios2-elf/4.1.2/../../../../nios2-elf/lib\libc.a(lib_a-lseekr.o)
                0x0080d71c                _lseek_r
 .text          0x0080d794       0x78 d:/altera/13.0sp1/nios2eds/bin/gnu/h-i686-mingw32/bin/../lib/gcc/nios2-elf/4.1.2/../../../../nios2-elf/lib\libc.a(lib_a-readr.o)
                0x0080d794                _read_r
 .text          0x0080d80c      0x5dc d:/altera/13.0sp1/nios2eds/bin/gnu/h-i686-mingw32/bin/../lib/gcc/nios2-elf/4.1.2\libgcc.a(_udivdi3.o)
                0x0080d80c                __udivdi3
 .text          0x0080dde8      0x5b0 d:/altera/13.0sp1/nios2eds/bin/gnu/h-i686-mingw32/bin/../lib/gcc/nios2-elf/4.1.2\libgcc.a(_umoddi3.o)
                0x0080dde8                __umoddi3
 .text          0x0080e398      0x258 d:/altera/13.0sp1/nios2eds/bin/gnu/h-i686-mingw32/bin/../lib/gcc/nios2-elf/4.1.2\libgcc.a(_div_df.o)
                0x0080e398                __divdf3
 .text          0x0080e5f0       0x88 d:/altera/13.0sp1/nios2eds/bin/gnu/h-i686-mingw32/bin/../lib/gcc/nios2-elf/4.1.2\libgcc.a(_eq_df.o)
                0x0080e5f0                __eqdf2
 .text          0x0080e678       0x88 d:/altera/13.0sp1/nios2eds/bin/gnu/h-i686-mingw32/bin/../lib/gcc/nios2-elf/4.1.2\libgcc.a(_ne_df.o)
                0x0080e678                __nedf2
 .text          0x0080e700       0x88 d:/altera/13.0sp1/nios2eds/bin/gnu/h-i686-mingw32/bin/../lib/gcc/nios2-elf/4.1.2\libgcc.a(_gt_df.o)
                0x0080e700                __gtdf2
 .text          0x0080e788       0x88 d:/altera/13.0sp1/nios2eds/bin/gnu/h-i686-mingw32/bin/../lib/gcc/nios2-elf/4.1.2\libgcc.a(_lt_df.o)
                0x0080e788                __ltdf2
 .text          0x0080e810       0xf8 d:/altera/13.0sp1/nios2eds/bin/gnu/h-i686-mingw32/bin/../lib/gcc/nios2-elf/4.1.2\libgcc.a(_si_to_df.o)
                0x0080e810                __floatsidf
 .text          0x0080e908      0x14c d:/altera/13.0sp1/nios2eds/bin/gnu/h-i686-mingw32/bin/../lib/gcc/nios2-elf/4.1.2\libgcc.a(lib2-divmod.o)
                0x0080e984                __divsi3
                0x0080e9e4                __modsi3
                0x0080ea44                __udivsi3
                0x0080ea4c                __umodsi3
 .text          0x0080ea54       0x6c ../fir_bsp/\libucosii_bsp.a(alt_exit.o)
                0x0080ea94                _exit
 .text          0x0080eac0       0xd0 ../fir_bsp/\libucosii_bsp.a(alt_flash_dev.o)
                0x0080eac0                alt_flash_open_dev
                0x0080eb3c                alt_flash_close_dev
 .text          0x0080eb90      0x134 ../fir_bsp/\libucosii_bsp.a(alt_fstat.o)
                0x0080eb90                fstat
 .text          0x0080ecc4      0x1c0 ../fir_bsp/\libucosii_bsp.a(alt_irq_register.o)
                0x0080ecc4                alt_irq_register
 .text          0x0080ee84        0x0 ../fir_bsp/\libucosii_bsp.a(alt_irq_vars.o)
 .text          0x0080ee84      0x120 ../fir_bsp/\libucosii_bsp.a(alt_isatty.o)
                0x0080ee84                isatty
 .text          0x0080efa4      0x150 ../fir_bsp/\libucosii_bsp.a(alt_lseek.o)
                0x0080efa4                lseek
 .text          0x0080f0f4       0xc8 ../fir_bsp/\libucosii_bsp.a(alt_main.o)
                0x0080f0f4                alt_main
 .text          0x0080f1bc       0xbc ../fir_bsp/\libucosii_bsp.a(alt_sbrk.o)
                0x0080f1bc                sbrk
 .text          0x0080f278      0x118 ../fir_bsp/\libucosii_bsp.a(alt_usleep.o)
                0x0080f278                usleep
 .text          0x0080f390      0x108 ../fir_bsp/\libucosii_bsp.a(alt_env_lock.o)
                0x0080f390                __env_lock
                0x0080f43c                __env_unlock
 .text          0x0080f498      0x1d8 ../fir_bsp/\libucosii_bsp.a(alt_malloc_lock.o)
                0x0080f498                __malloc_lock
                0x0080f5a0                __malloc_unlock
 .text          0x0080f670     0x2128 ../fir_bsp/\libucosii_bsp.a(os_core.o)
                0x0080f670                OSEventNameGet
                0x0080f7a0                OSEventNameSet
                0x0080f8e4                OSEventPendMulti
                0x0080ff98                OSInit
                0x0080ffec                OSIntEnter
                0x00810068                OSIntExit
                0x00810168                OSSchedLock
                0x008101f4                OSSchedUnlock
                0x008102d8                OSStart
                0x00810348                OSStatInit
                0x008103f4                OSTimeTick
                0x00810634                OSVersion
                0x00810654                OS_Dummy
                0x00810670                OS_EventTaskRdy
                0x00810804                OS_EventTaskWait
                0x00810914                OS_EventTaskWaitMulti
                0x00810a68                OS_EventTaskRemove
                0x00810b20                OS_EventTaskRemoveMulti
                0x00810c24                OS_EventWaitListInit
                0x00810ff0                OS_MemClr
                0x00811044                OS_MemCopy
                0x008110b0                OS_Sched
                0x008111f4                OS_StrCopy
                0x00811274                OS_StrLen
                0x008112cc                OS_TaskIdle
                0x00811328                OS_TaskStat
                0x008113f0                OS_TaskStatStkChk
                0x008114b8                OS_TCBInit
 .text          0x00811798      0x18c ../fir_bsp/\libucosii_bsp.a(os_dbg.o)
                0x00811798                OSDebugInit
 .text          0x00811924     0x193c ../fir_bsp/\libucosii_bsp.a(os_flag.o)
                0x00811924                OSFlagAccept
                0x00811c58                OSFlagCreate
                0x00811d94                OSFlagDel
                0x0081203c                OSFlagNameGet
                0x00812180                OSFlagNameSet
                0x008122d4                OSFlagPend
                0x00812918                OSFlagPendGetFlagsRdy
                0x00812980                OSFlagPost
                0x00812d28                OSFlagQuery
                0x00812fc0                OS_FlagInit
                0x008131b4                OS_FlagUnlink
 .text          0x00813260      0x808 ../fir_bsp/\libucosii_bsp.a(os_mem.o)
                0x00813260                OSMemCreate
                0x0081347c                OSMemGet
                0x00813580                OSMemNameGet
                0x0081368c                OSMemNameSet
                0x008137ac                OSMemPut
                0x0081389c                OSMemQuery
                0x00813998                OS_MemInit
 .text          0x00813a68     0x1334 ../fir_bsp/\libucosii_bsp.a(os_q.o)
                0x00813a68                OSQAccept
                0x00813bbc                OSQCreate
                0x00813dd0                OSQDel
                0x008140d0                OSQFlush
                0x00814198                OSQPend
                0x008144b8                OSQPendAbort
                0x00814634                OSQPost
                0x008147b4                OSQPostFront
                0x0081493c                OSQPostOpt
                0x00814b70                OSQQuery
                0x00814cf0                OS_QInit
 .text          0x00814d9c      0xbc8 ../fir_bsp/\libucosii_bsp.a(os_sem.o)
                0x00814d9c                OSSemAccept
                0x00814e5c                OSSemCreate
                0x00814f70                OSSemDel
                0x00815210                OSSemPend
                0x0081548c                OSSemPendAbort
                0x00815608                OSSemPost
                0x00815730                OSSemQuery
                0x00815860                OSSemSet
 .text          0x00815964     0x1a40 ../fir_bsp/\libucosii_bsp.a(os_task.o)
                0x00815964                OSTaskChangePrio
                0x00815ed8                OSTaskCreate
                0x008160ac                OSTaskCreateExt
                0x008162ac                OSTaskDel
                0x008166b8                OSTaskDelReq
                0x00816828                OSTaskNameGet
                0x008169e0                OSTaskNameSet
                0x00816ba4                OSTaskResume
                0x00816dbc                OSTaskStkChk
                0x00816fb8                OSTaskSuspend
                0x008171e4                OSTaskQuery
                0x00817328                OS_TaskStkClr
 .text          0x008173a4      0x670 ../fir_bsp/\libucosii_bsp.a(os_time.o)
                0x008173a4                OSTimeDly
                0x008174f0                OSTimeDlyHMSM
                0x0081773c                OSTimeDlyResume
                0x0081794c                OSTimeGet
                0x008179b0                OSTimeSet
 .text          0x00817a14      0x118 ../fir_bsp/\libucosii_bsp.a(alt_sys_init.o)
                0x00817a14                alt_irq_init
                0x00817a48                alt_sys_init
 .text          0x00817b2c      0x8c8 ../fir_bsp/\libucosii_bsp.a(altera_avalon_cfi_flash.o)
                0x00817b2c                alt_flash_cfi_init
                0x00817c00                alt_flash_cfi_write
                0x00817ec0                alt_flash_cfi_get_info
                0x00817f50                alt_flash_cfi_read
                0x00817fb8                alt_write_value_to_flash
                0x0081811c                alt_flash_program_block
 .text          0x008183f4     0x14a8 ../fir_bsp/\libucosii_bsp.a(altera_avalon_cfi_flash_table.o)
                0x008183f4                alt_read_query_entry_8bit
                0x00818434                alt_read_query_entry_16bit
                0x00818478                alt_read_query_entry_32bit
                0x008184c0                alt_write_flash_command_8bit_device_8bit_mode
                0x008184fc                alt_write_flash_command_16bit_device_8bit_mode
                0x00818578                alt_write_flash_command_32bit_device_8bit_mode
                0x008185c0                alt_write_flash_command_16bit_device_16bit_mode
                0x00818604                alt_write_flash_command_32bit_device_16bit_mode
                0x0081864c                alt_write_flash_command_32bit_device_32bit_mode
                0x00818694                alt_write_native_8bit
                0x008186c8                alt_write_native_16bit
                0x008186fc                alt_write_native_32bit
                0x0081872c                alt_set_flash_width_func
                0x0081890c                alt_set_flash_algorithm_func
                0x00818a34                alt_read_cfi_table
                0x00819014                alt_read_cfi_width
                0x008197c0                alt_check_primary_table
 .text          0x0081989c      0x9e4 ../fir_bsp/\libucosii_bsp.a(altera_avalon_epcs_flash_controller.o)
                0x0081989c                alt_epcs_flash_init
                0x00819cb8                alt_epcs_flash_write
                0x00819f38                alt_epcs_flash_get_info
                0x00819fc8                alt_epcs_flash_erase_block
                0x0081a0cc                alt_epcs_flash_write_block
                0x0081a1e8                alt_epcs_flash_read
 .text          0x0081a280      0x148 ../fir_bsp/\libucosii_bsp.a(altera_avalon_jtag_uart_fd.o)
                0x0081a280                altera_avalon_jtag_uart_read_fd
                0x0081a2d8                altera_avalon_jtag_uart_write_fd
                0x0081a330                altera_avalon_jtag_uart_close_fd
                0x0081a378                altera_avalon_jtag_uart_ioctl_fd
 .text          0x0081a3c8      0x584 ../fir_bsp/\libucosii_bsp.a(altera_avalon_jtag_uart_init.o)
                0x0081a3c8                altera_avalon_jtag_uart_init
                0x0081a8d8                altera_avalon_jtag_uart_close
 .text          0x0081a94c       0xf4 ../fir_bsp/\libucosii_bsp.a(altera_avalon_jtag_uart_ioctl.o)
                0x0081a94c                altera_avalon_jtag_uart_ioctl
 .text          0x0081aa40      0x2c0 ../fir_bsp/\libucosii_bsp.a(altera_avalon_jtag_uart_read.o)
                0x0081aa40                altera_avalon_jtag_uart_read
 .text          0x0081ad00      0x2dc ../fir_bsp/\libucosii_bsp.a(altera_avalon_jtag_uart_write.o)
                0x0081ad00                altera_avalon_jtag_uart_write
 .text          0x0081afdc      0xf3c ../fir_bsp/\libucosii_bsp.a(altera_avalon_lcd_16207.o)
                0x0081b7b0                altera_avalon_lcd_16207_write
                0x0081bdb4                altera_avalon_lcd_16207_init
 .text          0x0081bf18       0x58 ../fir_bsp/\libucosii_bsp.a(altera_avalon_lcd_16207_fd.o)
                0x0081bf18                altera_avalon_lcd_16207_write_fd
 .text          0x0081bf70      0x100 ../fir_bsp/\libucosii_bsp.a(altera_avalon_timer_sc.o)
                0x0081bfe0                alt_avalon_timer_sc_init
 .text          0x0081c070       0xf8 ../fir_bsp/\libucosii_bsp.a(altera_avalon_uart_fd.o)
                0x0081c070                altera_avalon_uart_read_fd
                0x0081c0c8                altera_avalon_uart_write_fd
                0x0081c120                altera_avalon_uart_close_fd
 .text          0x0081c168      0x57c ../fir_bsp/\libucosii_bsp.a(altera_avalon_uart_init.o)
                0x0081c168                altera_avalon_uart_init
                0x0081c684                altera_avalon_uart_close
 .text          0x0081c6e4      0x310 ../fir_bsp/\libucosii_bsp.a(altera_avalon_uart_read.o)
                0x0081c6e4                altera_avalon_uart_read
 .text          0x0081c9f4      0x2a8 ../fir_bsp/\libucosii_bsp.a(altera_avalon_uart_write.o)
                0x0081c9f4                altera_avalon_uart_write
 .text          0x0081cc9c      0x6d4 ../fir_bsp/\libucosii_bsp.a(epcs_commands.o)
                0x0081cc9c                epcs_read_status_register
                0x0081ccfc                epcs_sector_erase
                0x0081ce64                epcs_read_buffer
                0x0081cfb0                epcs_write_enable
                0x0081d000                epcs_write_status_register
                0x0081d064                epcs_write_buffer
                0x0081d1d4                epcs_read_electronic_signature
                0x0081d240                epcs_read_device_id
                0x0081d2c0                epcs_enter_4_bytes_mode
                0x0081d318                epcs_exit_4_bytes_mode
 .text          0x0081d370       0x54 ../fir_bsp/\libucosii_bsp.a(alt_iniche_close.o)
                0x0081d370                close
 .text          0x0081d3c4      0x144 ../fir_bsp/\libucosii_bsp.a(alt_iniche_dev.o)
                0x0081d3c4                iniche_devices_init
 .text          0x0081d508       0x78 ../fir_bsp/\libucosii_bsp.a(alt_iniche_read.o)
                0x0081d508                read
 .text          0x0081d580       0x70 ../fir_bsp/\libucosii_bsp.a(alt_iniche_write.o)
                0x0081d580                write
 .text          0x0081d5f0      0xedc ../fir_bsp/\libucosii_bsp.a(ipnet.o)
                0x0081d5f0                Netinit
                0x0081dc3c                fixup_subnet_mask
                0x0081dd9c                netclose
                0x0081de84                pktdemux
                0x0081e258                c_older
                0x0081e328                ip2mac
 .text          0x0081e4cc      0x4b0 ../fir_bsp/\libucosii_bsp.a(ipstart.o)
                0x0081e4cc                ip_startup
                0x0081e7b0                exit_hook
                0x0081e81c                ip_exit
                0x0081e8ec                if_netnumber
 .text          0x0081e97c     0x10e8 ../fir_bsp/\libucosii_bsp.a(igmp_cmn.o)
                0x0081e97c                igmp_init
                0x0081ea6c                igmp_input
                0x0081eb64                igmp_fasttimo
                0x0081ed98                igmp_send
                0x0081f040                igmp_joingroup
                0x0081f2ac                igmp_leavegroup
                0x0081f328                igmp_validate
                0x0081f684                igmp_print_stats
 .text          0x0081fa64      0xbc8 ../fir_bsp/\libucosii_bsp.a(bsdsock.o)
                0x0081fa64                bsd_accept
                0x0081fb9c                bsd_getpeername
                0x0081fcc8                bsd_getsockname
                0x0081fdf4                bsd_i_sockoptlen
                0x0081ffac                bsd_getsockopt
                0x008200cc                bsd_ioctl
                0x008201d0                bsd_inet_ntoa
                0x00820200                bsd_recvfrom
                0x00820360                bsd_select
                0x00820540                bsd_setsockopt
 .text          0x0082062c      0x118 ../fir_bsp/\libucosii_bsp.a(cksum.o)
                0x0082062c                ccksum
                0x008206dc                cksum
 .text          0x00820744      0xa9c ../fir_bsp/\libucosii_bsp.a(in_utils.o)
                0x00820744                do_trap
                0x00820770                nextarg
                0x008207ec                hexdump
                0x00820934                print_ipad
                0x008209a8                print_uptime
                0x00820ad4                panic
                0x00820b18                print_eth
                0x00820c7c                uslash
                0x00820cfc                ns_printf
                0x00820e80                std_out
                0x00820ec4                con_page
                0x00820fb4                parse_args
 .text          0x008211e0      0x1c8 ../fir_bsp/\libucosii_bsp.a(netmain.o)
                0x008211e0                netmain
                0x008212d4                tk_netmain
                0x0082135c                tk_nettick
 .text          0x008213a8      0x810 ../fir_bsp/\libucosii_bsp.a(parseip.o)
                0x008213a8                parse_ipad
                0x008216c4                inet_addr
                0x0082172c                hextoa
                0x0082179c                inet_pton
                0x00821848                inet_ntop
                0x008218d4                print46_addr
                0x00821934                inet46_addr
                0x008219f8                inet_setport
                0x00821a6c                convert_ip
 .text          0x00821bb8      0x5e8 ../fir_bsp/\libucosii_bsp.a(tk_crnos.o)
                0x00821bb8                TK_OSTimeDly
                0x00821be4                TK_OSTaskResume
                0x00821c54                tcp_sleep
                0x00821df4                tcp_wakeup
                0x00821ef8                TK_OSTaskQuery
                0x00821f6c                tk_yield
                0x00821f98                tk_stats
 .text          0x008221a0     0x3294 ../fir_bsp/\libucosii_bsp.a(dhcpclnt.o)
                0x008221a0                dhc_get_srv_ipaddr
                0x00822230                dhc_init
                0x008222ec                dhc_set_callback
                0x00822330                dhc_upcall
                0x00822b60                dhc_buildheader
                0x00822d7c                dhc_discover
                0x00823294                dhc_rx_offer
                0x00823398                dhc_request
                0x00823ed4                dhc_setip
                0x00824154                dhc_resetip
                0x00824238                dhc_decline
                0x0082441c                dhc_extract_opts
                0x008246d8                dhc_second
                0x00824fc8                dhc_halt
                0x00825050                dhc_reclaim
                0x00825220                dhc_state_init
                0x00825280                dhc_alldone
                0x00825310                dhc_ifacedone
                0x00825384                dhc_set_state
 .text          0x00825434       0xcc ../fir_bsp/\libucosii_bsp.a(dhcputil.o)
                0x00825434                find_opt
 .text          0x00825500      0x79c ../fir_bsp/\libucosii_bsp.a(pktalloc.o)
                0x00825500                pk_init
                0x00825790                pk_alloc
                0x0082586c                pk_validate
                0x00825b24                pk_free
                0x00825bd0                pk_get_max_intrsafe_buf_len
                0x00825bf0                dump_buf_estats
 .text          0x00825c9c      0x288 ../fir_bsp/\libucosii_bsp.a(q.o)
                0x00825c9c                getq
                0x00825d64                putq
                0x00825e14                qdel
 .text          0x00825f24      0x31c ../fir_bsp/\libucosii_bsp.a(udp_open.o)
                0x00825f24                udp_open
                0x0082615c                udp_close
 .text          0x00826240      0x194 ../fir_bsp/\libucosii_bsp.a(asm_cksum.o)
                0x00826240                asm_cksum
 .text          0x008263d4      0x2e4 ../fir_bsp/\libucosii_bsp.a(brdutils.o)
                0x008263d4                dtrap
                0x00826404                kbhit
                0x008264b0                getch
                0x00826510                clock_init
                0x0082654c                clock_c
                0x00826568                cticks_hook
                0x00826618                irq_Mask
                0x00826674                irq_Unmask
 .text          0x008266b8      0x488 ../fir_bsp/\libucosii_bsp.a(osportco.o)
                0x008266b8                LOCK_NET_RESOURCE
                0x00826778                UNLOCK_NET_RESOURCE
                0x00826800                TK_NEWTASK
                0x00826a14                wait_app_sem
                0x00826ac8                post_app_sem
 .text          0x00826b40      0x568 ../fir_bsp/\libucosii_bsp.a(targnios.o)
                0x00826b40                alt_iniche_init
                0x00826d5c                pre_task_setup
                0x00826dd0                post_task_setup
                0x00826df0                prep_armintcp
                0x00826e28                calloc2
                0x00826e5c                npalloc
                0x00826f50                npfree
                0x00827008                ncpalloc
                0x0082705c                ncpfree
 .text          0x008270a8     0x19b8 ../fir_bsp/\libucosii_bsp.a(nptcp.o)
                0x008270a8                pffindtype
                0x00827148                pffindproto
                0x00827218                m_getnbuf
                0x008273c0                m_free
                0x008274f4                m_freem
                0x00827538                m_copy
                0x0082785c                m_adj
                0x00827a2c                mbuf_len
                0x00827a84                dtom
                0x00827b2c                remque
                0x00827b9c                insque
                0x00827c18                nptcp_init
                0x00827d3c                tcp_rcv
                0x00827f28                ip_output
                0x00828520                in_broadcast
                0x00828560                np_stripoptions
                0x00828648                so_icmpdu
                0x008289a0                tcp_tick
 .text          0x00828a60      0xa2c ../fir_bsp/\libucosii_bsp.a(rawsock.o)
                0x00828a60                rawip_lookup
                0x00828ad0                rawip_soinput
                0x00828ca4                rawip_usrreq
 .text          0x0082948c     0x17fc ../fir_bsp/\libucosii_bsp.a(sockcall.o)
                0x0082948c                DOMAIN_CHECK
                0x008294d8                t_socket
                0x00829568                t_bind
                0x008296e4                t_listen
                0x008297c8                t_accept
                0x00829a60                t_connect
                0x00829d08                t_getpeername
                0x00829d4c                t_getsockname
                0x00829f8c                t_setsockopt
                0x0082a168                t_getsockopt
                0x0082a30c                t_recv
                0x0082a3fc                t_recvfrom
                0x0082a54c                t_sendto
                0x0082a778                t_send
                0x0082a9a0                t_shutdown
                0x0082aa84                t_socketclose
                0x0082abec                t_errno
 .text          0x0082ac88     0x23ec ../fir_bsp/\libucosii_bsp.a(socket.o)
                0x0082ac88                socreate
                0x0082ae54                sobind
                0x0082aeb0                solisten
                0x0082afa0                sofree
                0x0082b0d0                soclose
                0x0082b43c                soabort
                0x0082b48c                soaccept
                0x0082b528                soconnect
                0x0082b5fc                sodisconnect
                0x0082b69c                sosend
                0x0082bca4                soreceive
                0x0082c488                soshutdown
                0x0082c530                sorflush
                0x0082c630                sosetopt
                0x0082caf0                sogetopt
                0x0082d030                sohasoutofband
 .text          0x0082d074     0x1318 ../fir_bsp/\libucosii_bsp.a(socket2.o)
                0x0082d074                soisconnecting
                0x0082d0e0                soisconnected
                0x0082d1dc                soisdisconnecting
                0x0082d268                soisdisconnected
                0x0082d324                sonewconn
                0x0082d540                soqinsque
                0x0082d5ec                soqremque
                0x0082d70c                socantsendmore
                0x0082d75c                socantrcvmore
                0x0082d7ac                sbselqueue
                0x0082d7e4                sbwait
                0x0082d84c                sbwakeup
                0x0082d8e8                soreserve
                0x0082d968                sbreserve
                0x0082d9c8                sbrelease
                0x0082da10                sbappend
                0x0082dab8                sbappendrecord
                0x0082db98                sbappendaddr
                0x0082dda0                sbcompress
                0x0082df88                sbflush
                0x0082e018                sbdrop
                0x0082e1e8                sbdropend
                0x0082e2f8                sbdroprecord
 .text          0x0082e38c      0x914 ../fir_bsp/\libucosii_bsp.a(soselect.o)
                0x0082e38c                t_select
                0x0082e5ac                sock_selscan
                0x0082e704                sock_select
                0x0082e918                in_pcbnotify
                0x0082e9e4                tcp_notify
                0x0082ea4c                ifd_clr
                0x0082eb3c                ifd_set
                0x0082ebb0                ifd_isset
                0x0082ec30                ifd_get
 .text          0x0082eca0     0x3020 ../fir_bsp/\libucosii_bsp.a(tcp_in.o)
                0x0082eca0                tcp_reass
                0x0082f0a8                tcp_input
                0x008315fc                tcp_dooptions
                0x0083178c                tcp_pulloutofband
                0x008318b8                tcp_xmit_timer
                0x00831b5c                ip4_tcpmss
                0x00831ba4                tcp_mss
 .text          0x00831cc0     0x1360 ../fir_bsp/\libucosii_bsp.a(tcp_out.o)
                0x00831cc0                tcp_output
                0x00832e3c                tcp_setpersist
 .text          0x00833020      0x9e8 ../fir_bsp/\libucosii_bsp.a(tcp_subr.o)
                0x00833020                tcp_init
                0x00833078                tcp_template
                0x00833190                tcp_respond
                0x00833618                tcp_newtcpcb
                0x00833730                tcp_drop
                0x008337dc                tcp_close
                0x008338c4                tcp_quench
                0x00833910                tcp_putseq
                0x00833990                tcp_getseq
 .text          0x00833a08      0x798 ../fir_bsp/\libucosii_bsp.a(tcp_timr.o)
                0x00833a08                tcp_slowtimo
                0x00833ca8                tcp_canceltimers
                0x00833d04                tcp_timers
 .text          0x008341a0      0x9ec ../fir_bsp/\libucosii_bsp.a(tcp_usr.o)
                0x008341a0                tcp_usrreq
                0x008348a4                tcp_attach
                0x008349d8                tcp_disconnect
                0x00834aac                tcp_usrclosed
 .text          0x00834b8c       0x4c ../fir_bsp/\libucosii_bsp.a(tcpport.o)
                0x00834b8c                tcpinit
 .text          0x00834bd8      0xd20 ../fir_bsp/\libucosii_bsp.a(udpsock.o)
                0x00834bd8                udp_lookup
                0x00834c48                udp_soinput
                0x00834e00                udp_usrreq
                0x00835084                udp4_sockbind
                0x008353c0                udp4_socksend
                0x0083579c                udp4_sockaddr
 .text          0x008358f8      0x154 ../fir_bsp/\libucosii_bsp.a(alt_alarm_start.o)
                0x008358f8                alt_alarm_start
 .text          0x00835a4c      0x14c ../fir_bsp/\libucosii_bsp.a(alt_busy_sleep.o)
                0x00835a4c                alt_busy_sleep
 .text          0x00835b98      0x15c ../fir_bsp/\libucosii_bsp.a(alt_close.o)
                0x00835b98                alt_close
 .text          0x00835cf4       0x78 ../fir_bsp/\libucosii_bsp.a(alt_dcache_flush.o)
                0x00835cf4                alt_dcache_flush
 .text          0x00835d6c       0x2c ../fir_bsp/\libucosii_bsp.a(alt_dev.o)
 .text          0x00835d98      0x114 ../fir_bsp/\libucosii_bsp.a(alt_dev_llist_insert.o)
                0x00835d98                alt_dev_llist_insert
 .text          0x00835eac       0x64 ../fir_bsp/\libucosii_bsp.a(alt_do_ctors.o)
                0x00835eac                _do_ctors
 .text          0x00835f10       0x64 ../fir_bsp/\libucosii_bsp.a(alt_do_dtors.o)
                0x00835f10                _do_dtors
 .text          0x00835f74        0x0 ../fir_bsp/\libucosii_bsp.a(alt_errno.o)
 .text          0x00835f74       0x94 ../fir_bsp/\libucosii_bsp.a(alt_find_dev.o)
                0x00835f74                alt_find_dev
 .text          0x00836008      0x1d4 ../fir_bsp/\libucosii_bsp.a(alt_iic.o)
                0x00836008                alt_ic_isr_register
                0x00836058                alt_ic_irq_enable
                0x008360f4                alt_ic_irq_disable
                0x00836194                alt_ic_irq_enabled
 .text          0x008361dc       0xf8 ../fir_bsp/\libucosii_bsp.a(alt_iic_isr_register.o)
                0x008361dc                alt_iic_isr_register
 .text          0x008362d4      0x13c ../fir_bsp/\libucosii_bsp.a(alt_io_redirect.o)
                0x00836398                alt_io_redirect
 .text          0x00836410        0x0 ../fir_bsp/\libucosii_bsp.a(alt_irq_entry.o)
 .text          0x00836410        0x0 ../fir_bsp/\libucosii_bsp.a(alt_irq_handler.o)
 .text          0x00836410      0x2c4 ../fir_bsp/\libucosii_bsp.a(alt_open.o)
                0x008364ec                open
 .text          0x008366d4      0x180 ../fir_bsp/\libucosii_bsp.a(alt_read.o)
                0x008366d4                alt_read
 .text          0x00836854       0x60 ../fir_bsp/\libucosii_bsp.a(alt_release_fd.o)
                0x00836854                alt_release_fd
 .text          0x008368b4       0x38 ../fir_bsp/\libucosii_bsp.a(alt_remap_cached.o)
                0x008368b4                alt_remap_cached
 .text          0x008368ec       0x40 ../fir_bsp/\libucosii_bsp.a(alt_remap_uncached.o)
                0x008368ec                alt_remap_uncached
 .text          0x0083692c      0x1a8 ../fir_bsp/\libucosii_bsp.a(alt_tick.o)
                0x0083692c                alt_alarm_stop
                0x008369c4                alt_tick
 .text          0x00836ad4      0x180 ../fir_bsp/\libucosii_bsp.a(alt_write.o)
                0x00836ad4                alt_write
 .text          0x00836c54       0x20 ../fir_bsp/\libucosii_bsp.a(altera_nios2_qsys_irq.o)
                0x00836c54                altera_nios2_qsys_irq_init
 .text          0x00836c74       0xd0 ../fir_bsp/\libucosii_bsp.a(os_cpu_a.o)
                0x00836c74                OSCtxSw
                0x00836c74                OSIntCtxSw
                0x00836d00                OSStartHighRdy
                0x00836d20                OSStartTsk
 .text          0x00836d44      0x424 ../fir_bsp/\libucosii_bsp.a(os_cpu_c.o)
                0x00836d44                OSTaskStkInit
                0x00837054                OSTaskCreateHook
                0x00837074                OSTaskDelHook
                0x00837094                OSTaskSwHook
                0x008370b0                OSTaskStatHook
                0x008370cc                OSTimeTickHook
                0x008370f4                OSInitHookBegin
                0x00837110                OSInitHookEnd
                0x0083712c                OSTaskIdleHook
                0x00837148                OSTCBInitHook
 .text          0x00837168      0x460 ../fir_bsp/\libucosii_bsp.a(altera_avalon_cfi_flash_amd.o)
                0x00837168                alt_program_amd
                0x008371d0                alt_erase_block_amd
 .text          0x008375c8      0x460 ../fir_bsp/\libucosii_bsp.a(altera_avalon_cfi_flash_intel.o)
                0x008375c8                alt_program_intel
                0x0083764c                alt_erase_block_intel
 .text          0x00837a28      0x238 ../fir_bsp/\libucosii_bsp.a(altera_avalon_spi.o)
                0x00837a28                alt_avalon_spi_command
 .text          0x00837c60      0x444 ../fir_bsp/\libucosii_bsp.a(allports.o)
                0x00837c60                netmain_init
                0x00837d5c                icmp_port_du
                0x00837de4                station_state
                0x00837f48                sysuptime
                0x00837fdc                packet_check
                0x00838028                mcastlist
                0x0083804c                prep_modules
 .text          0x008380a4      0x580 ../fir_bsp/\libucosii_bsp.a(timeouts.o)
                0x008380a4                inet_timer
                0x008383a4                in_timerset
                0x0083857c                in_timerkill
 .text          0x00838624       0xa4 ../fir_bsp/\libucosii_bsp.a(tk_misc.o)
                0x00838624                create_apptasks
                0x00838648                task_stats
 .text          0x008386c8       0xb0 ../fir_bsp/\libucosii_bsp.a(alt_iniche_fcntl.o)
                0x008386c8                fcntl
 .text          0x00838778     0x15b0 ../fir_bsp/\libucosii_bsp.a(et_arp.o)
                0x00838778                etainit
                0x008387cc                et_send
                0x00838948                arp_free_pending
                0x008389d0                arp_send_pending
                0x00838a44                send_arp
                0x00838edc                find_oldest_arp
                0x008390d8                make_arp_entry
                0x008391ec                arpReply
                0x00839480                arprcv
                0x008396e0                send_via_arp
                0x008398b0                cb_arpent_tmo
                0x00839a5c                grat_arp
 .text          0x00839d28      0x298 ../fir_bsp/\libucosii_bsp.a(iface.o)
                0x00839d28                if_getbynum
                0x00839dac                isbcast
                0x00839e8c                reg_type
                0x00839f28                if_killsocks
 .text          0x00839fc0     0x22a4 ../fir_bsp/\libucosii_bsp.a(ip.o)
                0x00839fc0                ip_init
                0x0083a0bc                ip_bldhead
                0x0083a260                ip_write_internal
                0x0083a9e0                ip_write
                0x0083ac28                ip_write2
                0x0083afd8                ip_raw_write
                0x0083b0b0                ip_fragment_lc
                0x0083b538                ip_fragment
                0x0083bb5c                ip_mymach
                0x0083bc08                ip_dump
                0x0083bec0                iproute
                0x0083c12c                ip_copypkt
 .text          0x0083c264     0x1e08 ../fir_bsp/\libucosii_bsp.a(ip_reasm.o)
                0x0083c264                ip_reasm_match_frag_with_ire
                0x0083c334                ip_reasm_determine_type_of_frag
                0x0083c420                ip_reasm_check_mem_useage
                0x0083c4b8                ip_reasm_incr_mem_useage
                0x0083c560                ip_reasm_decr_mem_useage
                0x0083c600                ip_reasm_process_first_fragment
                0x0083c8e0                ip_reassm
                0x0083c980                ip_reasm_compute_overlap
                0x0083cf10                ip_reasm_process_subsequent_fragments
                0x0083d4a4                ip_reasm_find_ire
                0x0083d508                ip_reasm_copy_queued_fragments_into_reassy_buffer
                0x0083d864                ip_reasm_process_timer_tick
                0x0083d984                ip_reasm_delete_ire
                0x0083db4c                ip_reasm_mark_compact_rfq
                0x0083dc94                ipr_stats
                0x0083e018                ip_reasm_send_icmp_timex
 .text          0x0083e06c      0xe3c ../fir_bsp/\libucosii_bsp.a(ipdemux.o)
                0x0083e06c                ip_rcv
                0x0083e46c                ip_rcv_phase2
                0x0083ea78                ip_demux
 .text          0x0083eea8      0x2f0 ../fir_bsp/\libucosii_bsp.a(ipmc.o)
                0x0083eea8                in_addmulti
                0x0083f010                in_delmulti
                0x0083f128                lookup_mcast
 .text          0x0083f198       0xe4 ../fir_bsp/\libucosii_bsp.a(ipport.o)
                0x0083f198                prep_ifaces
                0x0083f22c                netexit
                0x0083f254                evtmap_setup
 .text          0x0083f27c      0x550 ../fir_bsp/\libucosii_bsp.a(ipraw.o)
                0x0083f27c                ip_raw_open
                0x0083f36c                ip_raw_close
                0x0083f42c                ip_raw_input
                0x0083f664                ip_raw_alloc
                0x0083f730                ip_raw_free
                0x0083f770                ip_raw_maxalloc
 .text          0x0083f7cc      0x6f0 ../fir_bsp/\libucosii_bsp.a(iproute.o)
                0x0083f7cc                rt_lookup
                0x0083f950                add_route
                0x0083fd78                del_route
 .text          0x0083febc      0xe3c ../fir_bsp/\libucosii_bsp.a(udp.o)
                0x0083febc                udpdemux
                0x00840714                udp_send
                0x008409cc                udpswap
                0x00840afc                udp_socket
                0x00840bcc                udp_alloc
                0x00840c8c                udp_maxalloc
                0x00840cb8                udp_free
 .text          0x00840cf8      0x2e8 ../fir_bsp/\libucosii_bsp.a(igmp.o)
                0x00840cf8                igmpv1_input
 .text          0x00840fe0      0x7c0 ../fir_bsp/\libucosii_bsp.a(igmp2.o)
                0x00840fe0                igmpv2_input
                0x00841140                igmpv2_process_report
                0x0084128c                igmpv2_process_query
                0x008414d8                igmpv2_chk_set_timer
                0x00841630                igmpv2_chk4_rtr_alert_opt
 .text          0x008417a0      0x8fc ../fir_bsp/\libucosii_bsp.a(ipopt.o)
                0x008417a0                IPADDR_TO_NETP
                0x008418e8                ip_setmoptions
                0x00841ed8                ip_getmoptions
                0x00842018                ip_freemoptions
 .text          0x0084209c      0x6e8 ../fir_bsp/\libucosii_bsp.a(u_mctest.o)
                0x0084209c                u_mctest_init
                0x008420cc                u_mctest_run
 .text          0x00842784      0x3d0 ../fir_bsp/\libucosii_bsp.a(dhcsetup.o)
                0x00842784                dhc_setup
                0x00842a50                dhc_main_ipset
 .text          0x00842b54      0x40c ../fir_bsp/\libucosii_bsp.a(memdev.o)
                0x00842b54                init_memdev
                0x00842bcc                md_fopen
                0x00842bf4                md_fclose
                0x00842c14                md_fread
                0x00842d94                md_fwrite
                0x00842e14                md_fseek
                0x00842e40                md_ftell
                0x00842e64                md_fgetc
                0x00842f3c                md_unlink
 .text          0x00842f60      0x1cc ../fir_bsp/\libucosii_bsp.a(tcpcksum.o)
                0x00842f60                tcp_cksum
 .text          0x0084312c      0x900 ../fir_bsp/\libucosii_bsp.a(in_pcb.o)
                0x0084312c                in_pcballoc
                0x008431c0                in_pcbdetach
                0x00843214                in_pcbbind
                0x00843468                in_pcbconnect
                0x00843678                in_pcbdisconnect
                0x008436d8                in_setsockaddr
                0x00843754                in_setpeeraddr
                0x008437d0                in_pcblookup
 .text          0x00843a2c     0x1a74 ../fir_bsp/\libucosii_bsp.a(vfsfiles.o)
                0x00843a2c                set_vfopen_error
                0x00843a54                get_vfopen_error
                0x00843a74                vf_alloc_and_link_vop
                0x00843af0                vf_alloc_buffer
                0x00843bc8                vf_free_buffer
                0x00843c18                vfopen_locked
                0x00843f80                vfopen
                0x00843fd0                vfclose_locked
                0x00844178                vfclose
                0x008441b8                vfflush
                0x00844200                vfgets
                0x008442e4                vfeof
                0x0084433c                vunlink_flag_open_files
                0x00844398                vunlink
                0x008445b8                vfread
                0x00844764                vfwrite_locked
                0x00844b4c                vfwrite
                0x00844bac                vfseek
                0x00844d28                vftell
                0x00844e5c                vgetc_locked
                0x00844f7c                vgetc
                0x00844fc4                vfslookup_locked
                0x008450fc                vfslookup
                0x00845144                strippath
                0x0084532c                isvfile_locked
                0x00845390                isvfile
                0x008453d8                vferror
                0x00845444                vclearerr
 .text          0x008454a0       0x24 ../fir_bsp/\libucosii_bsp.a(vfsport.o)
                0x008454a0                prep_vfs
 .text          0x008454c4        0x0 ../fir_bsp/\libucosii_bsp.a(alt_exception_entry.o)
 .text          0x008454c4      0x1b4 ../fir_bsp/\libucosii_bsp.a(alt_fcntl.o)
                0x008454c4                alt_fcntl
 .text          0x00845678      0x120 ../fir_bsp/\libucosii_bsp.a(alt_find_file.o)
                0x00845678                alt_find_file
 .text          0x00845798       0xf4 ../fir_bsp/\libucosii_bsp.a(alt_get_fd.o)
                0x00845798                alt_get_fd
 .text          0x0084588c     0x130c ../fir_bsp/\libucosii_bsp.a(icmp.o)
                0x0084588c                icmprcv
                0x008464c0                icmp_destun
                0x00846810                icmp_timex
                0x00846b44                icmp_du
 .text          0x00846b98       0x14 d:/altera/13.0sp1/nios2eds/bin/gnu/h-i686-mingw32/bin/../lib/gcc/nios2-elf/4.1.2/../../../../nios2-elf/lib\libc.a(lib_a-atexit.o)
                0x00846b98                atexit
 .text          0x00846bac       0x18 d:/altera/13.0sp1/nios2eds/bin/gnu/h-i686-mingw32/bin/../lib/gcc/nios2-elf/4.1.2/../../../../nios2-elf/lib\libc.a(lib_a-atoi.o)
                0x00846bac                _atoi_r
                0x00846bb8                atoi
 .text          0x00846bc4       0x1c d:/altera/13.0sp1/nios2eds/bin/gnu/h-i686-mingw32/bin/../lib/gcc/nios2-elf/4.1.2/../../../../nios2-elf/lib\libc.a(lib_a-calloc.o)
                0x00846bc4                calloc
 .text          0x00846be0       0x74 d:/altera/13.0sp1/nios2eds/bin/gnu/h-i686-mingw32/bin/../lib/gcc/nios2-elf/4.1.2/../../../../nios2-elf/lib\libc.a(lib_a-memcmp.o)
                0x00846be0                memcmp
 .text          0x00846c54       0x8c d:/altera/13.0sp1/nios2eds/bin/gnu/h-i686-mingw32/bin/../lib/gcc/nios2-elf/4.1.2/../../../../nios2-elf/lib\libc.a(lib_a-strcpy.o)
                0x00846c54                strcpy
 .text          0x00846ce0       0xf0 d:/altera/13.0sp1/nios2eds/bin/gnu/h-i686-mingw32/bin/../lib/gcc/nios2-elf/4.1.2/../../../../nios2-elf/lib\libc.a(lib_a-strncmp.o)
                0x00846ce0                strncmp
 .text          0x00846dd0      0x268 d:/altera/13.0sp1/nios2eds/bin/gnu/h-i686-mingw32/bin/../lib/gcc/nios2-elf/4.1.2/../../../../nios2-elf/lib\libc.a(lib_a-strtol.o)
                0x00846dd0                _strtol_r
                0x00847014                strtol
 .text          0x00847038       0x34 d:/altera/13.0sp1/nios2eds/bin/gnu/h-i686-mingw32/bin/../lib/gcc/nios2-elf/4.1.2/../../../../nios2-elf/lib\libc.a(lib_a-vprintf.o)
                0x00847038                _vprintf_r
                0x0084704c                vprintf
 .text          0x0084706c       0x74 d:/altera/13.0sp1/nios2eds/bin/gnu/h-i686-mingw32/bin/../lib/gcc/nios2-elf/4.1.2/../../../../nios2-elf/lib\libc.a(lib_a-vsprintf.o)
                0x0084706c                _vsprintf_r
                0x008470bc                vsprintf
 .text          0x008470e0      0x134 d:/altera/13.0sp1/nios2eds/bin/gnu/h-i686-mingw32/bin/../lib/gcc/nios2-elf/4.1.2/../../../../nios2-elf/lib\libc.a(lib_a-__atexit.o)
                0x008470e0                __register_exitproc
 *(.gnu.warning.*)
 *(.fini)
                0x00847214                PROVIDE (__etext, ABSOLUTE (.))
                0x00847214                PROVIDE (_etext, ABSOLUTE (.))
                0x00847214                PROVIDE (etext, ABSOLUTE (.))
 *(.eh_frame_hdr)
                0x00847214                . = ALIGN (0x4)
                0x00847214                PROVIDE (__preinit_array_start, ABSOLUTE (.))
 *(.preinit_array)
                0x00847214                PROVIDE (__preinit_array_end, ABSOLUTE (.))
                0x00847214                PROVIDE (__init_array_start, ABSOLUTE (.))
 *(.init_array)
                0x00847214                PROVIDE (__init_array_end, ABSOLUTE (.))
                0x00847214                PROVIDE (__fini_array_start, ABSOLUTE (.))
 *(.fini_array)
                0x00847214                PROVIDE (__fini_array_end, ABSOLUTE (.))
 *(.eh_frame)
 *(.gcc_except_table)
 *(.dynamic)
                0x00847214                PROVIDE (__CTOR_LIST__, ABSOLUTE (.))
 *(.ctors)
 *(SORT(.ctors.*))
 .ctors.65535   0x00847214        0x4 d:/altera/13.0sp1/nios2eds/bin/gnu/h-i686-mingw32/bin/../lib/gcc/nios2-elf/4.1.2/../../../../nios2-elf/lib\libc.a(lib_a-__call_atexit.o)
                0x00847218                PROVIDE (__CTOR_END__, ABSOLUTE (.))
                0x00847218                PROVIDE (__DTOR_LIST__, ABSOLUTE (.))
 *(.dtors)
 *(SORT(.dtors.*))
                0x00847218                PROVIDE (__DTOR_END__, ABSOLUTE (.))
 *(.jcr)
                0x00847218                . = ALIGN (0x4)

.rodata         0x00847218     0x42dc
                0x00847218                PROVIDE (__ram_rodata_start, ABSOLUTE (.))
                0x00847218                . = ALIGN (0x4)
 *(.rodata .rodata.* .gnu.linkonce.r.*)
 .rodata        0x00847218       0x60 obj/default/LCD.o
 .rodata        0x00847278       0xa8 obj/default/SSS_DE2_115.o
 .rodata        0x00847320      0xba4 obj/default/alt_error_handler.o
 .rodata        0x00847ec4       0x64 obj/default/dm9000a.o
 .rodata        0x00847f28      0x1c0 obj/default/iniche_init.o
 .rodata        0x008480e8      0x234 obj/default/network_utilities.o
 .rodata        0x0084831c      0x2e0 obj/default/simple_socket_server.o
 .rodata        0x008485fc       0x14 d:/altera/13.0sp1/nios2eds/bin/gnu/h-i686-mingw32/bin/../lib/gcc/nios2-elf/4.1.2\libgcc.a(_thenan_df.o)
                0x008485fc                __thenan_df
 .rodata        0x00848610      0x100 d:/altera/13.0sp1/nios2eds/bin/gnu/h-i686-mingw32/bin/../lib/gcc/nios2-elf/4.1.2\libgcc.a(_clz.o)
                0x00848610                __clz_tab
 .rodata        0x00848710      0x281 d:/altera/13.0sp1/nios2eds/bin/gnu/h-i686-mingw32/bin/../lib/gcc/nios2-elf/4.1.2/../../../../nios2-elf/lib\libc.a(lib_a-ctype_.o)
                0x00848710                _ctype_
 *fill*         0x00848991        0x3 00
 .rodata.str1.4
                0x00848994        0x2 d:/altera/13.0sp1/nios2eds/bin/gnu/h-i686-mingw32/bin/../lib/gcc/nios2-elf/4.1.2/../../../../nios2-elf/lib\libc.a(lib_a-impure.o)
                                  0x4 (size before relaxing)
 *fill*         0x00848996        0x2 00
 .rodata.str1.4
                0x00848998        0x3 d:/altera/13.0sp1/nios2eds/bin/gnu/h-i686-mingw32/bin/../lib/gcc/nios2-elf/4.1.2/../../../../nios2-elf/lib\libc.a(lib_a-perror.o)
                                  0x4 (size before relaxing)
 *fill*         0x0084899b        0x1 00
 .rodata.str1.4
                0x0084899c        0x2 d:/altera/13.0sp1/nios2eds/bin/gnu/h-i686-mingw32/bin/../lib/gcc/nios2-elf/4.1.2/../../../../nios2-elf/lib\libc.a(lib_a-puts.o)
                                  0x4 (size before relaxing)
 *fill*         0x0084899e        0x2 00
 .rodata.str1.4
                0x008489a0      0x7a2 d:/altera/13.0sp1/nios2eds/bin/gnu/h-i686-mingw32/bin/../lib/gcc/nios2-elf/4.1.2/../../../../nios2-elf/lib\libc.a(lib_a-strerror.o)
                                0x7a8 (size before relaxing)
 *fill*         0x00849142        0x2 00
 .rodata.str1.4
                0x00849144       0x5e d:/altera/13.0sp1/nios2eds/bin/gnu/h-i686-mingw32/bin/../lib/gcc/nios2-elf/4.1.2/../../../../nios2-elf/lib\libc.a(lib_a-vfprintf.o)
                                 0x60 (size before relaxing)
 .rodata        0x008491a2       0x20 d:/altera/13.0sp1/nios2eds/bin/gnu/h-i686-mingw32/bin/../lib/gcc/nios2-elf/4.1.2/../../../../nios2-elf/lib\libc.a(lib_a-vfprintf.o)
 *fill*         0x008491c2        0x2 00
 .rodata.str1.4
                0x008491c4       0x10 d:/altera/13.0sp1/nios2eds/bin/gnu/h-i686-mingw32/bin/../lib/gcc/nios2-elf/4.1.2/../../../../nios2-elf/lib\libc.a(lib_a-dtoa.o)
                                 0x14 (size before relaxing)
 .rodata.str1.4
                0x008491d4       0x10 d:/altera/13.0sp1/nios2eds/bin/gnu/h-i686-mingw32/bin/../lib/gcc/nios2-elf/4.1.2/../../../../nios2-elf/lib\libc.a(lib_a-locale.o)
                                 0x18 (size before relaxing)
 .rodata        0x008491e4       0x30 d:/altera/13.0sp1/nios2eds/bin/gnu/h-i686-mingw32/bin/../lib/gcc/nios2-elf/4.1.2/../../../../nios2-elf/lib\libc.a(lib_a-locale.o)
 .rodata        0x00849214      0x124 d:/altera/13.0sp1/nios2eds/bin/gnu/h-i686-mingw32/bin/../lib/gcc/nios2-elf/4.1.2/../../../../nios2-elf/lib\libc.a(lib_a-mprec.o)
                0x00849214                __mprec_tens
                0x008492dc                __mprec_bigtens
                0x00849304                __mprec_tinytens
 .rodata        0x00849338       0x14 ../fir_bsp/\libucosii_bsp.a(alt_main.o)
 .rodata        0x0084934c      0x120 ../fir_bsp/\libucosii_bsp.a(os_core.o)
                0x0084934c                OSUnMapTbl
 .rodata        0x0084946c       0x60 ../fir_bsp/\libucosii_bsp.a(alt_sys_init.o)
 .rodata        0x008494cc       0xd8 ../fir_bsp/\libucosii_bsp.a(ipnet.o)
 .rodata        0x008495a4       0xec ../fir_bsp/\libucosii_bsp.a(ipstart.o)
 .rodata        0x00849690      0x54c ../fir_bsp/\libucosii_bsp.a(igmp_cmn.o)
 .rodata        0x00849bdc       0xb8 ../fir_bsp/\libucosii_bsp.a(in_utils.o)
 .rodata        0x00849c94       0x34 ../fir_bsp/\libucosii_bsp.a(netmain.o)
 .rodata        0x00849cc8       0x94 ../fir_bsp/\libucosii_bsp.a(parseip.o)
 .rodata        0x00849d5c      0x1a8 ../fir_bsp/\libucosii_bsp.a(tk_crnos.o)
 .rodata        0x00849f04        0x8 ../fir_bsp/\libucosii_bsp.a(dhcpclnt.o)
 .rodata        0x00849f0c      0x118 ../fir_bsp/\libucosii_bsp.a(pktalloc.o)
 .rodata        0x0084a024       0x84 ../fir_bsp/\libucosii_bsp.a(udp_open.o)
 .rodata        0x0084a0a8       0x2c ../fir_bsp/\libucosii_bsp.a(brdutils.o)
 .rodata        0x0084a0d4      0x26c ../fir_bsp/\libucosii_bsp.a(osportco.o)
 .rodata        0x0084a340       0xa0 ../fir_bsp/\libucosii_bsp.a(targnios.o)
 .rodata        0x0084a3e0       0x90 ../fir_bsp/\libucosii_bsp.a(nptcp.o)
 .rodata        0x0084a470        0x8 ../fir_bsp/\libucosii_bsp.a(sockcall.o)
 .rodata        0x0084a478       0x50 ../fir_bsp/\libucosii_bsp.a(socket.o)
 .rodata        0x0084a4c8       0x40 ../fir_bsp/\libucosii_bsp.a(socket2.o)
 .rodata        0x0084a508       0x20 ../fir_bsp/\libucosii_bsp.a(tcp_in.o)
 .rodata        0x0084a528       0x40 ../fir_bsp/\libucosii_bsp.a(tcp_out.o)
 .rodata        0x0084a568       0x24 ../fir_bsp/\libucosii_bsp.a(tcp_subr.o)
 .rodata        0x0084a58c       0x2c ../fir_bsp/\libucosii_bsp.a(tcp_usr.o)
 .rodata        0x0084a5b8        0xc ../fir_bsp/\libucosii_bsp.a(alt_dev.o)
 .rodata        0x0084a5c4        0x4 ../fir_bsp/\libucosii_bsp.a(os_cpu_c.o)
 .rodata        0x0084a5c8      0x1d4 ../fir_bsp/\libucosii_bsp.a(allports.o)
 .rodata        0x0084a79c       0x34 ../fir_bsp/\libucosii_bsp.a(tk_misc.o)
 .rodata        0x0084a7d0       0x44 ../fir_bsp/\libucosii_bsp.a(et_arp.o)
 .rodata        0x0084a814      0x1dc ../fir_bsp/\libucosii_bsp.a(ip.o)
 .rodata        0x0084a9f0      0x158 ../fir_bsp/\libucosii_bsp.a(ip_reasm.o)
 .rodata        0x0084ab48      0x120 ../fir_bsp/\libucosii_bsp.a(ipdemux.o)
 .rodata        0x0084ac68       0x34 ../fir_bsp/\libucosii_bsp.a(ipport.o)
 .rodata        0x0084ac9c       0x24 ../fir_bsp/\libucosii_bsp.a(ipraw.o)
 .rodata        0x0084acc0       0x38 ../fir_bsp/\libucosii_bsp.a(iproute.o)
 .rodata        0x0084acf8       0xe8 ../fir_bsp/\libucosii_bsp.a(udp.o)
 .rodata        0x0084ade0      0x2d0 ../fir_bsp/\libucosii_bsp.a(u_mctest.o)
 .rodata        0x0084b0b0       0xf8 ../fir_bsp/\libucosii_bsp.a(dhcsetup.o)
 .rodata        0x0084b1a8       0x34 ../fir_bsp/\libucosii_bsp.a(vfsfiles.o)
 .rodata        0x0084b1dc      0x318 ../fir_bsp/\libucosii_bsp.a(icmp.o)
 *(.rodata1)
                0x0084b4f4                . = ALIGN (0x4)
                0x0084b4f4                PROVIDE (__ram_rodata_end, ABSOLUTE (.))
                0x00847218                PROVIDE (__flash_rodata_start, LOADADDR (.rodata))

.rwdata         0x0084b4f4     0x213c
                0x0084b4f4                PROVIDE (__ram_rwdata_start, ABSOLUTE (.))
                0x0084b4f4                . = ALIGN (0x4)
 *(.got.plt)
 *(.got)
 *(.data1)
 *(.data .data.* .gnu.linkonce.d.*)
 .data          0x0084b4f4        0x0 ../fir_bsp//obj/HAL/src/crt0.o
 .data          0x0084b4f4        0x0 obj/default/LCD.o
 .data          0x0084b4f4        0x0 obj/default/SSS_DE2_115.o
 .data          0x0084b4f4        0x0 obj/default/alt_error_handler.o
 .data          0x0084b4f4        0x0 obj/default/dm9000a.o
 .data          0x0084b4f4       0x18 obj/default/iniche_init.o
                0x0084b4f4                ssstask
 .data          0x0084b50c        0x0 obj/default/led.o
 .data          0x0084b50c        0x0 obj/default/network_utilities.o
 .data          0x0084b50c        0x0 obj/default/simple_socket_server.o
 .data          0x0084b50c        0x0 obj/default/tse_my_system.o
 .data          0x0084b50c        0x0 d:/altera/13.0sp1/nios2eds/bin/gnu/h-i686-mingw32/bin/../lib/gcc/nios2-elf/4.1.2\libgcc.a(_fixunsdfsi.o)
 .data          0x0084b50c        0x0 d:/altera/13.0sp1/nios2eds/bin/gnu/h-i686-mingw32/bin/../lib/gcc/nios2-elf/4.1.2\libgcc.a(_addsub_df.o)
 .data          0x0084b50c        0x0 d:/altera/13.0sp1/nios2eds/bin/gnu/h-i686-mingw32/bin/../lib/gcc/nios2-elf/4.1.2\libgcc.a(_mul_df.o)
 .data          0x0084b50c        0x0 d:/altera/13.0sp1/nios2eds/bin/gnu/h-i686-mingw32/bin/../lib/gcc/nios2-elf/4.1.2\libgcc.a(_ge_df.o)
 .data          0x0084b50c        0x0 d:/altera/13.0sp1/nios2eds/bin/gnu/h-i686-mingw32/bin/../lib/gcc/nios2-elf/4.1.2\libgcc.a(_df_to_si.o)
 .data          0x0084b50c        0x0 d:/altera/13.0sp1/nios2eds/bin/gnu/h-i686-mingw32/bin/../lib/gcc/nios2-elf/4.1.2\libgcc.a(_thenan_df.o)
 .data          0x0084b50c        0x0 d:/altera/13.0sp1/nios2eds/bin/gnu/h-i686-mingw32/bin/../lib/gcc/nios2-elf/4.1.2\libgcc.a(_usi_to_df.o)
 .data          0x0084b50c        0x0 d:/altera/13.0sp1/nios2eds/bin/gnu/h-i686-mingw32/bin/../lib/gcc/nios2-elf/4.1.2\libgcc.a(_muldi3.o)
 .data          0x0084b50c        0x0 d:/altera/13.0sp1/nios2eds/bin/gnu/h-i686-mingw32/bin/../lib/gcc/nios2-elf/4.1.2\libgcc.a(_clzsi2.o)
 .data          0x0084b50c        0x0 d:/altera/13.0sp1/nios2eds/bin/gnu/h-i686-mingw32/bin/../lib/gcc/nios2-elf/4.1.2\libgcc.a(_pack_df.o)
 .data          0x0084b50c        0x0 d:/altera/13.0sp1/nios2eds/bin/gnu/h-i686-mingw32/bin/../lib/gcc/nios2-elf/4.1.2\libgcc.a(_unpack_df.o)
 .data          0x0084b50c        0x0 d:/altera/13.0sp1/nios2eds/bin/gnu/h-i686-mingw32/bin/../lib/gcc/nios2-elf/4.1.2\libgcc.a(_fpcmp_parts_df.o)
 .data          0x0084b50c        0x0 d:/altera/13.0sp1/nios2eds/bin/gnu/h-i686-mingw32/bin/../lib/gcc/nios2-elf/4.1.2\libgcc.a(_clz.o)
 .data          0x0084b50c        0x0 d:/altera/13.0sp1/nios2eds/bin/gnu/h-i686-mingw32/bin/../lib/gcc/nios2-elf/4.1.2/../../../../nios2-elf/lib\libc.a(lib_a-ctype_.o)
 .data          0x0084b50c        0x0 d:/altera/13.0sp1/nios2eds/bin/gnu/h-i686-mingw32/bin/../lib/gcc/nios2-elf/4.1.2/../../../../nios2-elf/lib\libc.a(lib_a-exit.o)
 .data          0x0084b50c        0x0 d:/altera/13.0sp1/nios2eds/bin/gnu/h-i686-mingw32/bin/../lib/gcc/nios2-elf/4.1.2/../../../../nios2-elf/lib\libc.a(lib_a-fprintf.o)
 .data          0x0084b50c        0x0 d:/altera/13.0sp1/nios2eds/bin/gnu/h-i686-mingw32/bin/../lib/gcc/nios2-elf/4.1.2/../../../../nios2-elf/lib\libc.a(lib_a-fwrite.o)
 .data          0x0084b50c        0x0 d:/altera/13.0sp1/nios2eds/bin/gnu/h-i686-mingw32/bin/../lib/gcc/nios2-elf/4.1.2/../../../../nios2-elf/lib\libc.a(lib_a-getc.o)
 .data          0x0084b50c      0x400 d:/altera/13.0sp1/nios2eds/bin/gnu/h-i686-mingw32/bin/../lib/gcc/nios2-elf/4.1.2/../../../../nios2-elf/lib\libc.a(lib_a-impure.o)
 .data          0x0084b90c        0x0 d:/altera/13.0sp1/nios2eds/bin/gnu/h-i686-mingw32/bin/../lib/gcc/nios2-elf/4.1.2/../../../../nios2-elf/lib\libc.a(lib_a-malloc.o)
 .data          0x0084b90c      0x408 d:/altera/13.0sp1/nios2eds/bin/gnu/h-i686-mingw32/bin/../lib/gcc/nios2-elf/4.1.2/../../../../nios2-elf/lib\libc.a(lib_a-mallocr.o)
                0x0084b90c                __malloc_av_
 .data          0x0084bd14        0x0 d:/altera/13.0sp1/nios2eds/bin/gnu/h-i686-mingw32/bin/../lib/gcc/nios2-elf/4.1.2/../../../../nios2-elf/lib\libc.a(lib_a-memcpy.o)
 .data          0x0084bd14        0x0 d:/altera/13.0sp1/nios2eds/bin/gnu/h-i686-mingw32/bin/../lib/gcc/nios2-elf/4.1.2/../../../../nios2-elf/lib\libc.a(lib_a-memmove.o)
 .data          0x0084bd14        0x0 d:/altera/13.0sp1/nios2eds/bin/gnu/h-i686-mingw32/bin/../lib/gcc/nios2-elf/4.1.2/../../../../nios2-elf/lib\libc.a(lib_a-memset.o)
 .data          0x0084bd14        0x0 d:/altera/13.0sp1/nios2eds/bin/gnu/h-i686-mingw32/bin/../lib/gcc/nios2-elf/4.1.2/../../../../nios2-elf/lib\libc.a(lib_a-perror.o)
 .data          0x0084bd14        0x0 d:/altera/13.0sp1/nios2eds/bin/gnu/h-i686-mingw32/bin/../lib/gcc/nios2-elf/4.1.2/../../../../nios2-elf/lib\libc.a(lib_a-printf.o)
 .data          0x0084bd14        0x0 d:/altera/13.0sp1/nios2eds/bin/gnu/h-i686-mingw32/bin/../lib/gcc/nios2-elf/4.1.2/../../../../nios2-elf/lib\libc.a(lib_a-putc.o)
 .data          0x0084bd14        0x0 d:/altera/13.0sp1/nios2eds/bin/gnu/h-i686-mingw32/bin/../lib/gcc/nios2-elf/4.1.2/../../../../nios2-elf/lib\libc.a(lib_a-putchar.o)
 .data          0x0084bd14        0x0 d:/altera/13.0sp1/nios2eds/bin/gnu/h-i686-mingw32/bin/../lib/gcc/nios2-elf/4.1.2/../../../../nios2-elf/lib\libc.a(lib_a-puts.o)
 .data          0x0084bd14        0x0 d:/altera/13.0sp1/nios2eds/bin/gnu/h-i686-mingw32/bin/../lib/gcc/nios2-elf/4.1.2/../../../../nios2-elf/lib\libc.a(lib_a-rget.o)
 .data          0x0084bd14        0x0 d:/altera/13.0sp1/nios2eds/bin/gnu/h-i686-mingw32/bin/../lib/gcc/nios2-elf/4.1.2/../../../../nios2-elf/lib\libc.a(lib_a-sbrkr.o)
 .data          0x0084bd14        0x0 d:/altera/13.0sp1/nios2eds/bin/gnu/h-i686-mingw32/bin/../lib/gcc/nios2-elf/4.1.2/../../../../nios2-elf/lib\libc.a(lib_a-sprintf.o)
 .data          0x0084bd14        0x0 d:/altera/13.0sp1/nios2eds/bin/gnu/h-i686-mingw32/bin/../lib/gcc/nios2-elf/4.1.2/../../../../nios2-elf/lib\libc.a(lib_a-strchr.o)
 .data          0x0084bd14        0x0 d:/altera/13.0sp1/nios2eds/bin/gnu/h-i686-mingw32/bin/../lib/gcc/nios2-elf/4.1.2/../../../../nios2-elf/lib\libc.a(lib_a-strerror.o)
 .data          0x0084bd14        0x0 d:/altera/13.0sp1/nios2eds/bin/gnu/h-i686-mingw32/bin/../lib/gcc/nios2-elf/4.1.2/../../../../nios2-elf/lib\libc.a(lib_a-strlen.o)
 .data          0x0084bd14        0x0 d:/altera/13.0sp1/nios2eds/bin/gnu/h-i686-mingw32/bin/../lib/gcc/nios2-elf/4.1.2/../../../../nios2-elf/lib\libc.a(lib_a-strncpy.o)
 .data          0x0084bd14        0x0 d:/altera/13.0sp1/nios2eds/bin/gnu/h-i686-mingw32/bin/../lib/gcc/nios2-elf/4.1.2/../../../../nios2-elf/lib\libc.a(lib_a-u_strerr.o)
 .data          0x0084bd14        0x0 d:/altera/13.0sp1/nios2eds/bin/gnu/h-i686-mingw32/bin/../lib/gcc/nios2-elf/4.1.2/../../../../nios2-elf/lib\libc.a(lib_a-vfprintf.o)
 .data          0x0084bd14        0x0 d:/altera/13.0sp1/nios2eds/bin/gnu/h-i686-mingw32/bin/../lib/gcc/nios2-elf/4.1.2/../../../../nios2-elf/lib\libc.a(lib_a-wbuf.o)
 .data          0x0084bd14        0x0 d:/altera/13.0sp1/nios2eds/bin/gnu/h-i686-mingw32/bin/../lib/gcc/nios2-elf/4.1.2/../../../../nios2-elf/lib\libc.a(lib_a-wsetup.o)
 .data          0x0084bd14        0x0 d:/altera/13.0sp1/nios2eds/bin/gnu/h-i686-mingw32/bin/../lib/gcc/nios2-elf/4.1.2/../../../../nios2-elf/lib\libc.a(lib_a-__call_atexit.o)
 .data          0x0084bd14        0x0 d:/altera/13.0sp1/nios2eds/bin/gnu/h-i686-mingw32/bin/../lib/gcc/nios2-elf/4.1.2/../../../../nios2-elf/lib\libc.a(lib_a-dtoa.o)
 .data          0x0084bd14        0x0 d:/altera/13.0sp1/nios2eds/bin/gnu/h-i686-mingw32/bin/../lib/gcc/nios2-elf/4.1.2/../../../../nios2-elf/lib\libc.a(lib_a-fflush.o)
 .data          0x0084bd14        0x0 d:/altera/13.0sp1/nios2eds/bin/gnu/h-i686-mingw32/bin/../lib/gcc/nios2-elf/4.1.2/../../../../nios2-elf/lib\libc.a(lib_a-findfp.o)
 .data          0x0084bd14        0x0 d:/altera/13.0sp1/nios2eds/bin/gnu/h-i686-mingw32/bin/../lib/gcc/nios2-elf/4.1.2/../../../../nios2-elf/lib\libc.a(lib_a-fputc.o)
 .data          0x0084bd14        0x0 d:/altera/13.0sp1/nios2eds/bin/gnu/h-i686-mingw32/bin/../lib/gcc/nios2-elf/4.1.2/../../../../nios2-elf/lib\libc.a(lib_a-fputs.o)
 .data          0x0084bd14        0x0 d:/altera/13.0sp1/nios2eds/bin/gnu/h-i686-mingw32/bin/../lib/gcc/nios2-elf/4.1.2/../../../../nios2-elf/lib\libc.a(lib_a-freer.o)
 .data          0x0084bd14        0x0 d:/altera/13.0sp1/nios2eds/bin/gnu/h-i686-mingw32/bin/../lib/gcc/nios2-elf/4.1.2/../../../../nios2-elf/lib\libc.a(lib_a-fvwrite.o)
 .data          0x0084bd14        0x0 d:/altera/13.0sp1/nios2eds/bin/gnu/h-i686-mingw32/bin/../lib/gcc/nios2-elf/4.1.2/../../../../nios2-elf/lib\libc.a(lib_a-fwalk.o)
 .data          0x0084bd14        0x0 d:/altera/13.0sp1/nios2eds/bin/gnu/h-i686-mingw32/bin/../lib/gcc/nios2-elf/4.1.2/../../../../nios2-elf/lib\libc.a(lib_a-int_errno.o)
 .data          0x0084bd14        0xc d:/altera/13.0sp1/nios2eds/bin/gnu/h-i686-mingw32/bin/../lib/gcc/nios2-elf/4.1.2/../../../../nios2-elf/lib\libc.a(lib_a-locale.o)
                0x0084bd14                __lc_ctype
 .data          0x0084bd20        0x0 d:/altera/13.0sp1/nios2eds/bin/gnu/h-i686-mingw32/bin/../lib/gcc/nios2-elf/4.1.2/../../../../nios2-elf/lib\libc.a(lib_a-makebuf.o)
 .data          0x0084bd20        0x0 d:/altera/13.0sp1/nios2eds/bin/gnu/h-i686-mingw32/bin/../lib/gcc/nios2-elf/4.1.2/../../../../nios2-elf/lib\libc.a(lib_a-memchr.o)
 .data          0x0084bd20        0x0 d:/altera/13.0sp1/nios2eds/bin/gnu/h-i686-mingw32/bin/../lib/gcc/nios2-elf/4.1.2/../../../../nios2-elf/lib\libc.a(lib_a-mprec.o)
 .data          0x0084bd20        0x0 d:/altera/13.0sp1/nios2eds/bin/gnu/h-i686-mingw32/bin/../lib/gcc/nios2-elf/4.1.2/../../../../nios2-elf/lib\libc.a(lib_a-reallocr.o)
 .data          0x0084bd20        0x0 d:/altera/13.0sp1/nios2eds/bin/gnu/h-i686-mingw32/bin/../lib/gcc/nios2-elf/4.1.2/../../../../nios2-elf/lib\libc.a(lib_a-refill.o)
 .data          0x0084bd20        0x0 d:/altera/13.0sp1/nios2eds/bin/gnu/h-i686-mingw32/bin/../lib/gcc/nios2-elf/4.1.2/../../../../nios2-elf/lib\libc.a(lib_a-s_isinfd.o)
 .data          0x0084bd20        0x0 d:/altera/13.0sp1/nios2eds/bin/gnu/h-i686-mingw32/bin/../lib/gcc/nios2-elf/4.1.2/../../../../nios2-elf/lib\libc.a(lib_a-s_isnand.o)
 .data          0x0084bd20        0x0 d:/altera/13.0sp1/nios2eds/bin/gnu/h-i686-mingw32/bin/../lib/gcc/nios2-elf/4.1.2/../../../../nios2-elf/lib\libc.a(lib_a-stdio.o)
 .data          0x0084bd20        0x0 d:/altera/13.0sp1/nios2eds/bin/gnu/h-i686-mingw32/bin/../lib/gcc/nios2-elf/4.1.2/../../../../nios2-elf/lib\libc.a(lib_a-strcmp.o)
 .data          0x0084bd20        0x0 d:/altera/13.0sp1/nios2eds/bin/gnu/h-i686-mingw32/bin/../lib/gcc/nios2-elf/4.1.2/../../../../nios2-elf/lib\libc.a(lib_a-writer.o)
 .data          0x0084bd20        0x0 d:/altera/13.0sp1/nios2eds/bin/gnu/h-i686-mingw32/bin/../lib/gcc/nios2-elf/4.1.2/../../../../nios2-elf/lib\libc.a(lib_a-callocr.o)
 .data          0x0084bd20        0x0 d:/altera/13.0sp1/nios2eds/bin/gnu/h-i686-mingw32/bin/../lib/gcc/nios2-elf/4.1.2/../../../../nios2-elf/lib\libc.a(lib_a-closer.o)
 .data          0x0084bd20        0x0 d:/altera/13.0sp1/nios2eds/bin/gnu/h-i686-mingw32/bin/../lib/gcc/nios2-elf/4.1.2/../../../../nios2-elf/lib\libc.a(lib_a-fclose.o)
 .data          0x0084bd20        0x0 d:/altera/13.0sp1/nios2eds/bin/gnu/h-i686-mingw32/bin/../lib/gcc/nios2-elf/4.1.2/../../../../nios2-elf/lib\libc.a(lib_a-fstatr.o)
 .data          0x0084bd20        0x0 d:/altera/13.0sp1/nios2eds/bin/gnu/h-i686-mingw32/bin/../lib/gcc/nios2-elf/4.1.2/../../../../nios2-elf/lib\libc.a(lib_a-isattyr.o)
 .data          0x0084bd20        0x0 d:/altera/13.0sp1/nios2eds/bin/gnu/h-i686-mingw32/bin/../lib/gcc/nios2-elf/4.1.2/../../../../nios2-elf/lib\libc.a(lib_a-lseekr.o)
 .data          0x0084bd20        0x0 d:/altera/13.0sp1/nios2eds/bin/gnu/h-i686-mingw32/bin/../lib/gcc/nios2-elf/4.1.2/../../../../nios2-elf/lib\libc.a(lib_a-readr.o)
 .data          0x0084bd20        0x0 d:/altera/13.0sp1/nios2eds/bin/gnu/h-i686-mingw32/bin/../lib/gcc/nios2-elf/4.1.2\libgcc.a(_udivdi3.o)