Archive member included because of file (symbol)

d:/altera/13.0sp1/nios2eds/bin/gnu/h-i686-mingw32/bin/../lib/gcc/nios2-elf/4.1.2\libgcc.a(_fixunsdfsi.o)
                              obj/default/dm9000a.o (__fixunsdfsi)
d:/altera/13.0sp1/nios2eds/bin/gnu/h-i686-mingw32/bin/../lib/gcc/nios2-elf/4.1.2\libgcc.a(_addsub_df.o)
                              d:/altera/13.0sp1/nios2eds/bin/gnu/h-i686-mingw32/bin/../lib/gcc/nios2-elf/4.1.2\libgcc.a(_fixunsdfsi.o) (__subdf3)
d:/altera/13.0sp1/nios2eds/bin/gnu/h-i686-mingw32/bin/../lib/gcc/nios2-elf/4.1.2\libgcc.a(_mul_df.o)
                              obj/default/dm9000a.o (__muldf3)
d:/altera/13.0sp1/nios2eds/bin/gnu/h-i686-mingw32/bin/../lib/gcc/nios2-elf/4.1.2\libgcc.a(_ge_df.o)
                              d:/altera/13.0sp1/nios2eds/bin/gnu/h-i686-mingw32/bin/../lib/gcc/nios2-elf/4.1.2\libgcc.a(_fixunsdfsi.o) (__gedf2)
d:/altera/13.0sp1/nios2eds/bin/gnu/h-i686-mingw32/bin/../lib/gcc/nios2-elf/4.1.2\libgcc.a(_df_to_si.o)
                              d:/altera/13.0sp1/nios2eds/bin/gnu/h-i686-mingw32/bin/../lib/gcc/nios2-elf/4.1.2\libgcc.a(_fixunsdfsi.o) (__fixdfsi)
d:/altera/13.0sp1/nios2eds/bin/gnu/h-i686-mingw32/bin/../lib/gcc/nios2-elf/4.1.2\libgcc.a(_thenan_df.o)
                              d:/altera/13.0sp1/nios2eds/bin/gnu/h-i686-mingw32/bin/../lib/gcc/nios2-elf/4.1.2\libgcc.a(_addsub_df.o) (__thenan_df)
d:/altera/13.0sp1/nios2eds/bin/gnu/h-i686-mingw32/bin/../lib/gcc/nios2-elf/4.1.2\libgcc.a(_usi_to_df.o)
                              obj/default/dm9000a.o (__floatunsidf)
d:/altera/13.0sp1/nios2eds/bin/gnu/h-i686-mingw32/bin/../lib/gcc/nios2-elf/4.1.2\libgcc.a(_muldi3.o)
                              d:/altera/13.0sp1/nios2eds/bin/gnu/h-i686-mingw32/bin/../lib/gcc/nios2-elf/4.1.2\libgcc.a(_mul_df.o) (__muldi3)
d:/altera/13.0sp1/nios2eds/bin/gnu/h-i686-mingw32/bin/../lib/gcc/nios2-elf/4.1.2\libgcc.a(_clzsi2.o)
                              d:/altera/13.0sp1/nios2eds/bin/gnu/h-i686-mingw32/bin/../lib/gcc/nios2-elf/4.1.2\libgcc.a(_usi_to_df.o) (__clzsi2)
d:/altera/13.0sp1/nios2eds/bin/gnu/h-i686-mingw32/bin/../lib/gcc/nios2-elf/4.1.2\libgcc.a(_pack_df.o)
                              d:/altera/13.0sp1/nios2eds/bin/gnu/h-i686-mingw32/bin/../lib/gcc/nios2-elf/4.1.2\libgcc.a(_addsub_df.o) (__pack_d)
d:/altera/13.0sp1/nios2eds/bin/gnu/h-i686-mingw32/bin/../lib/gcc/nios2-elf/4.1.2\libgcc.a(_unpack_df.o)
                              d:/altera/13.0sp1/nios2eds/bin/gnu/h-i686-mingw32/bin/../lib/gcc/nios2-elf/4.1.2\libgcc.a(_addsub_df.o) (__unpack_d)
d:/altera/13.0sp1/nios2eds/bin/gnu/h-i686-mingw32/bin/../lib/gcc/nios2-elf/4.1.2\libgcc.a(_fpcmp_parts_df.o)
                              d:/altera/13.0sp1/nios2eds/bin/gnu/h-i686-mingw32/bin/../lib/gcc/nios2-elf/4.1.2\libgcc.a(_ge_df.o) (__fpcmp_parts_d)
d:/altera/13.0sp1/nios2eds/bin/gnu/h-i686-mingw32/bin/../lib/gcc/nios2-elf/4.1.2\libgcc.a(_clz.o)
                              d:/altera/13.0sp1/nios2eds/bin/gnu/h-i686-mingw32/bin/../lib/gcc/nios2-elf/4.1.2\libgcc.a(_clzsi2.o) (__clz_tab)
d:/altera/13.0sp1/nios2eds/bin/gnu/h-i686-mingw32/bin/../lib/gcc/nios2-elf/4.1.2/../../../../nios2-elf/lib\libc.a(lib_a-ctype_.o)
                              obj/default/network_utilities.o (__ctype_ptr)
d:/altera/13.0sp1/nios2eds/bin/gnu/h-i686-mingw32/bin/../lib/gcc/nios2-elf/4.1.2/../../../../nios2-elf/lib\libc.a(lib_a-exit.o)
                              obj/default/iniche_init.o (exit)
d:/altera/13.0sp1/nios2eds/bin/gnu/h-i686-mingw32/bin/../lib/gcc/nios2-elf/4.1.2/../../../../nios2-elf/lib\libc.a(lib_a-fprintf.o)
                              obj/default/alt_error_handler.o (fprintf)
d:/altera/13.0sp1/nios2eds/bin/gnu/h-i686-mingw32/bin/../lib/gcc/nios2-elf/4.1.2/../../../../nios2-elf/lib\libc.a(lib_a-fwrite.o)
                              obj/default/alt_error_handler.o (fwrite)
d:/altera/13.0sp1/nios2eds/bin/gnu/h-i686-mingw32/bin/../lib/gcc/nios2-elf/4.1.2/../../../../nios2-elf/lib\libc.a(lib_a-getc.o)
                              obj/default/network_utilities.o (getc)
d:/altera/13.0sp1/nios2eds/bin/gnu/h-i686-mingw32/bin/../lib/gcc/nios2-elf/4.1.2/../../../../nios2-elf/lib\libc.a(lib_a-impure.o)
                              obj/default/alt_error_handler.o (_impure_ptr)
d:/altera/13.0sp1/nios2eds/bin/gnu/h-i686-mingw32/bin/../lib/gcc/nios2-elf/4.1.2/../../../../nios2-elf/lib\libc.a(lib_a-malloc.o)
                              obj/default/iniche_init.o (malloc)
d:/altera/13.0sp1/nios2eds/bin/gnu/h-i686-mingw32/bin/../lib/gcc/nios2-elf/4.1.2/../../../../nios2-elf/lib\libc.a(lib_a-mallocr.o)
                              d:/altera/13.0sp1/nios2eds/bin/gnu/h-i686-mingw32/bin/../lib/gcc/nios2-elf/4.1.2/../../../../nios2-elf/lib\libc.a(lib_a-malloc.o) (_malloc_r)
d:/altera/13.0sp1/nios2eds/bin/gnu/h-i686-mingw32/bin/../lib/gcc/nios2-elf/4.1.2/../../../../nios2-elf/lib\libc.a(lib_a-memcpy.o)
                              obj/default/iniche_init.o (memcpy)
[...]
Memory Configuration

Name             Origin             Length             Attributes
sdram_0_BEFORE_EXCEPTION 0x00800000         0x00000020
sdram_0          0x00800020         0x007fffe0
reset            0x01400000         0x00000020
cfi_flash_0      0x01400020         0x003fffe0
sram_0           0x01a00000         0x00080000
epcs_controller  0x01a81800         0x00000800
*default*        0x00000000         0xffffffff

Linker script and memory map

LOAD ../fir_bsp//obj/HAL/src/crt0.o
LOAD obj/default/LCD.o
LOAD obj/default/SSS_DE2_115.o
LOAD obj/default/alt_error_handler.o
LOAD obj/default/dm9000a.o
LOAD obj/default/iniche_init.o
LOAD obj/default/led.o
LOAD obj/default/network_utilities.o
LOAD obj/default/simple_socket_server.o
LOAD obj/default/tse_my_system.o
LOAD d:/altera/13.0sp1/nios2eds/bin/gnu/h-i686-mingw32/bin/../lib/gcc/nios2-elf/4.1.2/../../../../nios2-elf/lib\libstdc++.a
LOAD d:/altera/13.0sp1/nios2eds/bin/gnu/h-i686-mingw32/bin/../lib/gcc/nios2-elf/4.1.2/../../../../nios2-elf/lib\libm.a
LOAD d:/altera/13.0sp1/nios2eds/bin/gnu/h-i686-mingw32/bin/../lib/gcc/nios2-elf/4.1.2\libgcc.a
START GROUP
LOAD d:/altera/13.0sp1/nios2eds/bin/gnu/h-i686-mingw32/bin/../lib/gcc/nios2-elf/4.1.2/../../../../nios2-elf/lib\libc.a
LOAD d:/altera/13.0sp1/nios2eds/bin/gnu/h-i686-mingw32/bin/../lib/gcc/nios2-elf/4.1.2\libgcc.a
LOAD ../fir_bsp/\libucosii_bsp.a
END GROUP
LOAD d:/altera/13.0sp1/nios2eds/bin/gnu/h-i686-mingw32/bin/../lib/gcc/nios2-elf/4.1.2\libgcc.a
                0x00800000                __alt_mem_sdram_0 = 0x800000
                0x01400000                __alt_mem_cfi_flash_0 = 0x1400000
                0x01a00000                __alt_mem_sram_0 = 0x1a00000
                0x01a81800                __alt_mem_epcs_controller = 0x1a81800

.entry          0x01400000        0x0
 *(.entry)
 .entry         0x01400000        0x0 ../fir_bsp//obj/HAL/src/crt0.o
                0x01400000                __reset

.exceptions     0x00800020      0x19c
                0x00800020                PROVIDE (__ram_exceptions_start, ABSOLUTE (.))
                0x00800020                . = ALIGN (0x20)
 *(.irq)
 *(.exceptions.entry.label)
 .exceptions.entry.label
                0x00800020        0x0 ../fir_bsp/\libucosii_bsp.a(alt_irq_entry.o)
                0x00800020                alt_irq_entry
 .exceptions.entry.label
                0x00800020        0x0 ../fir_bsp/\libucosii_bsp.a(alt_exception_entry.o)
                0x00800020                alt_exception
 *(.exceptions.entry.user)
 *(.exceptions.entry)
 .exceptions.entry
                0x00800020       0x54 ../fir_bsp/\libucosii_bsp.a(alt_exception_entry.o)
 *(.exceptions.irqtest.user)
 *(.exceptions.irqtest)
 .exceptions.irqtest
                0x00800074       0x10 ../fir_bsp/\libucosii_bsp.a(alt_irq_entry.o)
 *(.exceptions.irqhandler.user)
 *(.exceptions.irqhandler)
 .exceptions.irqhandler
                0x00800084        0x4 ../fir_bsp/\libucosii_bsp.a(alt_irq_entry.o)
 *(.exceptions.irqreturn.user)
 *(.exceptions.irqreturn)
 .exceptions.irqreturn
                0x00800088        0x4 ../fir_bsp/\libucosii_bsp.a(alt_irq_entry.o)
 *(.exceptions.notirq.label)
 .exceptions.notirq.label
                0x0080008c        0x0 ../fir_bsp/\libucosii_bsp.a(alt_irq_entry.o)
 *(.exceptions.notirq.user)
 *(.exceptions.notirq)
 .exceptions.notirq
                0x0080008c        0x8 ../fir_bsp/\libucosii_bsp.a(alt_exception_entry.o)
 *(.exceptions.soft.user)
 *(.exceptions.soft)
 *(.exceptions.unknown.user)
 *(.exceptions.unknown)
 .exceptions.unknown
                0x00800094        0x4 ../fir_bsp/\libucosii_bsp.a(alt_exception_entry.o)
 *(.exceptions.exit.label)
 .exceptions.exit.label
                0x00800098        0x0 ../fir_bsp/\libucosii_bsp.a(alt_irq_entry.o)
 .exceptions.exit.label
                0x00800098        0x0 ../fir_bsp/\libucosii_bsp.a(alt_exception_entry.o)
 *(.exceptions.exit.user)
 *(.exceptions.exit)
 .exceptions.exit
                0x00800098       0x54 ../fir_bsp/\libucosii_bsp.a(alt_exception_entry.o)
 *(.exceptions)
 .exceptions    0x008000ec       0xd0 ../fir_bsp/\libucosii_bsp.a(alt_irq_handler.o)
                0x008000ec                alt_irq_handler
                0x008001bc                PROVIDE (__ram_exceptions_end, ABSOLUTE (.))
                0x00800020                PROVIDE (__flash_exceptions_start, LOADADDR (.exceptions))

.text           0x008001bc    0x46d98
                0x008001bc                PROVIDE (stext, ABSOLUTE (.))
 *(.interp)
 *(.hash)
 *(.dynsym)
 *(.dynstr)
 *(.gnu.version)
 *(.gnu.version_d)
 *(.gnu.version_r)
 *(.rel.init)
 *(.rela.init)
 *(.rel.text .rel.text.* .rel.gnu.linkonce.t.*)
 *(.rela.text .rela.text.* .rela.gnu.linkonce.t.*)
 *(.rel.fini)
 *(.rela.fini)
 *(.rel.rodata .rel.rodata.* .rel.gnu.linkonce.r.*)
 *(.rela.rodata .rela.rodata.* .rela.gnu.linkonce.r.*)
 *(.rel.data .rel.data.* .rel.gnu.linkonce.d.*)
 *(.rela.data .rela.data.* .rela.gnu.linkonce.d.*)
 *(.rel.tdata .rel.tdata.* .rel.gnu.linkonce.td.*)
 *(.rela.tdata .rela.tdata.* .rela.gnu.linkonce.td.*)
 *(.rel.tbss .rel.tbss.* .rel.gnu.linkonce.tb.*)
 *(.rela.tbss .rela.tbss.* .rela.gnu.linkonce.tb.*)
 *(.rel.ctors)
 *(.rela.ctors)
 *(.rel.dtors)
 *(.rela.dtors)
 *(.rel.got)
 *(.rela.got)
 *(.rel.sdata .rel.sdata.* .rel.gnu.linkonce.s.*)
 *(.rela.sdata .rela.sdata.* .rela.gnu.linkonce.s.*)
 *(.rel.sbss .rel.sbss.* .rel.gnu.linkonce.sb.*)
 *(.rela.sbss .rela.sbss.* .rela.gnu.linkonce.sb.*)
 *(.rel.sdata2 .rel.sdata2.* .rel.gnu.linkonce.s2.*)
 *(.rela.sdata2 .rela.sdata2.* .rela.gnu.linkonce.s2.*)
 *(.rel.sbss2 .rel.sbss2.* .rel.gnu.linkonce.sb2.*)
 *(.rela.sbss2 .rela.sbss2.* .rela.gnu.linkonce.sb2.*)
 *(.rel.bss .rel.bss.* .rel.gnu.linkonce.b.*)
 *(.rela.bss .rela.bss.* .rela.gnu.linkonce.b.*)
 *(.rel.plt)
 *(.rela.plt)
 *(.rel.dyn)
 *(.init)
 *(.plt)
 *(.text .stub .text.* .gnu.linkonce.t.*)
 .text          0x008001bc       0x48 ../fir_bsp//obj/HAL/src/crt0.o
                0x008001bc                _start
 .text          0x00800204      0x31c obj/default/LCD.o
                0x00800204                LCD_Init
                0x008002a0                LCD_Show_Text
                0x00800328                LCD_Line2
                0x00800364                LCD_Line1
                0x008003a0                LCD_Clear
                0x008003dc                LCD_Test
 .text          0x00800520      0x2ec obj/default/SSS_DE2_115.o
                0x00800520                get_DE2_115_mac_addr
                0x008006c8                FindLastFlashSectorOffset
 .text          0x0080080c      0xba8 obj/default/alt_error_handler.o
                0x0080080c                alt_uCOSIIErrorHandler
                0x00800e30                alt_NetworkErrorHandler
                0x008010c8                alt_SSSErrorHandler
 .text          0x008013b4      0xe48 obj/default/dm9000a.o
                0x008013b4                dm9000a_iow
                0x00801408                dm9000a_ior
                0x00801454                phy_write
                0x008014f0                dm9000a_reset
                0x008016b4                TransmitPacket
                0x008017d0                prep_dm9000a
                0x008019ec                dm9000a_init
                0x00801e3c                dm9Ka_isr_wrap
                0x00801e7c                dm9ka_init
                0x00801f74                dm9ka_close
                0x00802084                dm9ka_stats
                0x008020e0                dm9ka_pkt_send
 .text          0x008021fc      0x488 obj/default/iniche_init.o
                0x008021fc                SSSInitialTask
                0x008022d8                main
                0x008023d4                str_length
                0x00802434                binaryTodecimal
                0x008024d8                decimal_to_binary
                0x008025c4                disp_7seg
 .text          0x00802684      0x324 obj/default/led.o
                0x00802684                led_bit_toggle
                0x00802750                LED7SegLightshowTask
                0x008027c4                LEDManagementTask
 .text          0x008029a8      0x73c obj/default/network_utilities.o
                0x008029a8                get_mac_addr
                0x00802a00                get_ip_addr
                0x00802a6c                get_serial_number
                0x00802c48                generate_and_store_mac_addr
                0x00802e14                generate_mac_addr
                0x00802f50                get_board_mac_addr
 .text          0x008030e4      0x9f8 obj/default/simple_socket_server.o
                0x008030e4                SSSCreateOSDataStructs
                0x0080318c                SSSCreateTasks
                0x00803250                sss_reset_connection
                0x008032c0                sss_send_menu
                0x00803450                sss_handle_accept
                0x00803510                sss_exec_command
                0x00803684                sss_handle_receive
                0x00803870                SSSSimpleSocketServerTask
 .text          0x00803adc        0x0 obj/default/tse_my_system.o
 .text          0x00803adc       0xa4 d:/altera/13.0sp1/nios2eds/bin/gnu/h-i686-mingw32/bin/../lib/gcc/nios2-elf/4.1.2\libgcc.a(_fixunsdfsi.o)
                0x00803adc                __fixunsdfsi
 .text          0x00803b80      0x504 d:/altera/13.0sp1/nios2eds/bin/gnu/h-i686-mingw32/bin/../lib/gcc/nios2-elf/4.1.2\libgcc.a(_addsub_df.o)
                0x00803f90                __subdf3
                0x00804010                __adddf3
 .text          0x00804084      0x3c4 d:/altera/13.0sp1/nios2eds/bin/gnu/h-i686-mingw32/bin/../lib/gcc/nios2-elf/4.1.2\libgcc.a(_mul_df.o)
                0x00804084                __muldf3
 .text          0x00804448       0x88 d:/altera/13.0sp1/nios2eds/bin/gnu/h-i686-mingw32/bin/../lib/gcc/nios2-elf/4.1.2\libgcc.a(_ge_df.o)
                0x00804448                __gedf2
 .text          0x008044d0       0xd8 d:/altera/13.0sp1/nios2eds/bin/gnu/h-i686-mingw32/bin/../lib/gcc/nios2-elf/4.1.2\libgcc.a(_df_to_si.o)
                0x008044d0                __fixdfsi
 .text          0x008045a8        0x0 d:/altera/13.0sp1/nios2eds/bin/gnu/h-i686-mingw32/bin/../lib/gcc/nios2-elf/4.1.2\libgcc.a(_thenan_df.o)
 .text          0x008045a8      0x194 d:/altera/13.0sp1/nios2eds/bin/gnu/h-i686-mingw32/bin/../lib/gcc/nios2-elf/4.1.2\libgcc.a(_usi_to_df.o)
                0x008045a8                __floatunsidf
 .text          0x0080473c       0x98 d:/altera/13.0sp1/nios2eds/bin/gnu/h-i686-mingw32/bin/../lib/gcc/nios2-elf/4.1.2\libgcc.a(_muldi3.o)
                0x0080473c                __muldi3
 .text          0x008047d4       0x80 d:/altera/13.0sp1/nios2eds/bin/gnu/h-i686-mingw32/bin/../lib/gcc/nios2-elf/4.1.2\libgcc.a(_clzsi2.o)
                0x008047d4                __clzsi2
 .text          0x00804854      0x314 d:/altera/13.0sp1/nios2eds/bin/gnu/h-i686-mingw32/bin/../lib/gcc/nios2-elf/4.1.2\libgcc.a(_pack_df.o)
                0x00804854                __pack_d
 .text          0x00804b68      0x138 d:/altera/13.0sp1/nios2eds/bin/gnu/h-i686-mingw32/bin/../lib/gcc/nios2-elf/4.1.2\libgcc.a(_unpack_df.o)
                0x00804b68                __unpack_d
 .text          0x00804ca0       0xc8 d:/altera/13.0sp1/nios2eds/bin/gnu/h-i686-mingw32/bin/../lib/gcc/nios2-elf/4.1.2\libgcc.a(_fpcmp_parts_df.o)
                0x00804ca0                __fpcmp_parts_d
 .text          0x00804d68        0x0 d:/altera/13.0sp1/nios2eds/bin/gnu/h-i686-mingw32/bin/../lib/gcc/nios2-elf/4.1.2\libgcc.a(_clz.o)
 .text          0x00804d68        0x0 d:/altera/13.0sp1/nios2eds/bin/gnu/h-i686-mingw32/bin/../lib/gcc/nios2-elf/4.1.2/../../../../nios2-elf/lib\libc.a(lib_a-ctype_.o)
 .text          0x00804d68       0x38 d:/altera/13.0sp1/nios2eds/bin/gnu/h-i686-mingw32/bin/../lib/gcc/nios2-elf/4.1.2/../../../../nios2-elf/lib\libc.a(lib_a-exit.o)
                0x00804d68                exit
 .text          0x00804da0       0x60 d:/altera/13.0sp1/nios2eds/bin/gnu/h-i686-mingw32/bin/../lib/gcc/nios2-elf/4.1.2/../../../../nios2-elf/lib\libc.a(lib_a-fprintf.o)
                0x00804da0                fprintf
                0x00804dcc                _fprintf_r
 .text          0x00804e00       0xdc d:/altera/13.0sp1/nios2eds/bin/gnu/h-i686-mingw32/bin/../lib/gcc/nios2-elf/4.1.2/../../../../nios2-elf/lib\libc.a(lib_a-fwrite.o)
                0x00804e00                _fwrite_r
                0x00804e9c                fwrite
 .text          0x00804edc      0x128 d:/altera/13.0sp1/nios2eds/bin/gnu/h-i686-mingw32/bin/../lib/gcc/nios2-elf/4.1.2/../../../../nios2-elf/lib\libc.a(lib_a-getc.o)
                0x00804edc                getc
                0x00804f74                _getc_r
 .text          0x00805004        0x0 d:/altera/13.0sp1/nios2eds/bin/gnu/h-i686-mingw32/bin/../lib/gcc/nios2-elf/4.1.2/../../../../nios2-elf/lib\libc.a(lib_a-impure.o)
 .text          0x00805004       0x28 d:/altera/13.0sp1/nios2eds/bin/gnu/h-i686-mingw32/bin/../lib/gcc/nios2-elf/4.1.2/../../../../nios2-elf/lib\libc.a(lib_a-malloc.o)
                0x00805004                free
                0x00805018                malloc
 .text          0x0080502c      0x740 d:/altera/13.0sp1/nios2eds/bin/gnu/h-i686-mingw32/bin/../lib/gcc/nios2-elf/4.1.2/../../../../nios2-elf/lib\libc.a(lib_a-mallocr.o)
                0x0080502c                _malloc_r
 .text          0x0080576c       0xa0 d:/altera/13.0sp1/nios2eds/bin/gnu/h-i686-mingw32/bin/../lib/gcc/nios2-elf/4.1.2/../../../../nios2-elf/lib\libc.a(lib_a-memcpy.o)
                0x0080576c                memcpy
 .text          0x0080580c       0xe0 d:/altera/13.0sp1/nios2eds/bin/gnu/h-i686-mingw32/bin/../lib/gcc/nios2-elf/4.1.2/../../../../nios2-elf/lib\libc.a(lib_a-memmove.o)
                0x0080580c                memmove
 .text          0x008058ec       0x98 d:/altera/13.0sp1/nios2eds/bin/gnu/h-i686-mingw32/bin/../lib/gcc/nios2-elf/4.1.2/../../../../nios2-elf/lib\libc.a(lib_a-memset.o)
                0x008058ec                memset
 .text          0x00805984       0x80 d:/altera/13.0sp1/nios2eds/bin/gnu/h-i686-mingw32/bin/../lib/gcc/nios2-elf/4.1.2/../../../../nios2-elf/lib\libc.a(lib_a-perror.o)
                0x00805984                _perror_r
                0x008059f0                perror
 .text          0x00805a04       0x78 d:/altera/13.0sp1/nios2eds/bin/gnu/h-i686-mingw32/bin/../lib/gcc/nios2-elf/4.1.2/../../../../nios2-elf/lib\libc.a(lib_a-printf.o)
                0x00805a04                printf
                0x00805a48                _printf_r
 .text          0x00805a7c      0x1ec d:/altera/13.0sp1/nios2eds/bin/gnu/h-i686-mingw32/bin/../lib/gcc/nios2-elf/4.1.2/../../../../nios2-elf/lib\libc.a(lib_a-putc.o)
                0x00805a7c                putc
                0x00805b80                _putc_r
 .text          0x00805c68       0x24 d:/altera/13.0sp1/nios2eds/bin/gnu/h-i686-mingw32/bin/../lib/gcc/nios2-elf/4.1.2/../../../../nios2-elf/lib\libc.a(lib_a-putchar.o)
                0x00805c68                putchar
                0x00805c84                _putchar_r
 .text          0x00805c8c       0xb4 d:/altera/13.0sp1/nios2eds/bin/gnu/h-i686-mingw32/bin/../lib/gcc/nios2-elf/4.1.2/../../../../nios2-elf/lib\libc.a(lib_a-puts.o)
                0x00805c8c                _puts_r
                0x00805d2c                puts
 .text          0x00805d40       0x60 d:/altera/13.0sp1/nios2eds/bin/gnu/h-i686-mingw32/bin/../lib/gcc/nios2-elf/4.1.2/../../../../nios2-elf/lib\libc.a(lib_a-rget.o)
                0x00805d40                __srget_r
                0x00805d8c                __srget
 .text          0x00805da0       0x70 d:/altera/13.0sp1/nios2eds/bin/gnu/h-i686-mingw32/bin/../lib/gcc/nios2-elf/4.1.2/../../../../nios2-elf/lib\libc.a(lib_a-sbrkr.o)
                0x00805da0                _sbrk_r
 .text          0x00805e10       0xe0 d:/altera/13.0sp1/nios2eds/bin/gnu/h-i686-mingw32/bin/../lib/gcc/nios2-elf/4.1.2/../../../../nios2-elf/lib\libc.a(lib_a-strchr.o)
                0x00805e10                strchr
 .text          0x00805ef0      0x674 d:/altera/13.0sp1/nios2eds/bin/gnu/h-i686-mingw32/bin/../lib/gcc/nios2-elf/4.1.2/../../../../nios2-elf/lib\libc.a(lib_a-strerror.o)
                0x00805ef0                strerror
 .text          0x00806564       0x74 d:/altera/13.0sp1/nios2eds/bin/gnu/h-i686-mingw32/bin/../lib/gcc/nios2-elf/4.1.2/../../../../nios2-elf/lib\libc.a(lib_a-strlen.o)
                0x00806564                strlen
 .text          0x008065d8        0x8 d:/altera/13.0sp1/nios2eds/bin/gnu/h-i686-mingw32/bin/../lib/gcc/nios2-elf/4.1.2/../../../../nios2-elf/lib\libc.a(lib_a-u_strerr.o)
                0x008065d8                _user_strerror
 .text          0x008065e0     0x1f28 d:/altera/13.0sp1/nios2eds/bin/gnu/h-i686-mingw32/bin/../lib/gcc/nios2-elf/4.1.2/../../../../nios2-elf/lib\libc.a(lib_a-vfprintf.o)
                0x00806638                ___vfprintf_internal_r
                0x008084e4                __vfprintf_internal
 .text          0x00808508      0x14c d:/altera/13.0sp1/nios2eds/bin/gnu/h-i686-mingw32/bin/../lib/gcc/nios2-elf/4.1.2/../../../../nios2-elf/lib\libc.a(lib_a-wbuf.o)
                0x00808508                __swbuf_r
                0x00808638                __swbuf
 .text          0x00808654      0x13c d:/altera/13.0sp1/nios2eds/bin/gnu/h-i686-mingw32/bin/../lib/gcc/nios2-elf/4.1.2/../../../../nios2-elf/lib\libc.a(lib_a-wsetup.o)
                0x00808654                __swsetup_r
 .text          0x00808790      0x1b4 d:/altera/13.0sp1/nios2eds/bin/gnu/h-i686-mingw32/bin/../lib/gcc/nios2-elf/4.1.2/../../../../nios2-elf/lib\libc.a(lib_a-__call_atexit.o)
                0x00808794                __call_exitprocs
 .text          0x00808944     0x17cc d:/altera/13.0sp1/nios2eds/bin/gnu/h-i686-mingw32/bin/../lib/gcc/nios2-elf/4.1.2/../../../../nios2-elf/lib\libc.a(lib_a-dtoa.o)
                0x00808b5c                _dtoa_r
 .text          0x0080a110      0x230 d:/altera/13.0sp1/nios2eds/bin/gnu/h-i686-mingw32/bin/../lib/gcc/nios2-elf/4.1.2/../../../../nios2-elf/lib\libc.a(lib_a-fflush.o)
                0x0080a110                _fflush_r
                0x0080a30c                fflush
 .text          0x0080a340      0x2c0 d:/altera/13.0sp1/nios2eds/bin/gnu/h-i686-mingw32/bin/../lib/gcc/nios2-elf/4.1.2/../../../../nios2-elf/lib\libc.a(lib_a-findfp.o)
                0x0080a398                __sfp_lock_acquire
                0x0080a39c                __sfp_lock_release
                0x0080a3a0                __sinit_lock_acquire
                0x0080a3a4                __sinit_lock_release
                0x0080a3a8                __sinit
                0x0080a45c                __fp_unlock_all
                0x0080a474                __fp_lock_all
                0x0080a48c                _cleanup_r
                0x0080a498                _cleanup
                0x0080a4a8                __sfmoreglue
                0x0080a510                __sfp
 .text          0x0080a600       0xbc d:/altera/13.0sp1/nios2eds/bin/gnu/h-i686-mingw32/bin/../lib/gcc/nios2-elf/4.1.2/../../../../nios2-elf/lib\libc.a(lib_a-fputc.o)
                0x0080a600                fputc
                0x0080a664                _fputc_r
 .text          0x0080a6bc       0x90 d:/altera/13.0sp1/nios2eds/bin/gnu/h-i686-mingw32/bin/../lib/gcc/nios2-elf/4.1.2/../../../../nios2-elf/lib\libc.a(lib_a-fputs.o)
                0x0080a6bc                _fputs_r
                0x0080a730                fputs
 .text          0x0080a74c      0x440 d:/altera/13.0sp1/nios2eds/bin/gnu/h-i686-mingw32/bin/../lib/gcc/nios2-elf/4.1.2/../../../../nios2-elf/lib\libc.a(lib_a-freer.o)
                0x0080a74c                _malloc_trim_r
                0x0080a878                _free_r
 .text          0x0080ab8c      0x49c d:/altera/13.0sp1/nios2eds/bin/gnu/h-i686-mingw32/bin/../lib/gcc/nios2-elf/4.1.2/../../../../nios2-elf/lib\libc.a(lib_a-fvwrite.o)
                0x0080ab8c                __sfvwrite_r
 .text          0x0080b028      0x180 d:/altera/13.0sp1/nios2eds/bin/gnu/h-i686-mingw32/bin/../lib/gcc/nios2-elf/4.1.2/../../../../nios2-elf/lib\libc.a(lib_a-fwalk.o)
                0x0080b028                _fwalk_reent
                0x0080b0f0                _fwalk
 .text          0x0080b1a8        0x0 d:/altera/13.0sp1/nios2eds/bin/gnu/h-i686-mingw32/bin/../lib/gcc/nios2-elf/4.1.2/../../../../nios2-elf/lib\libc.a(lib_a-int_errno.o)
 .text          0x0080b1a8       0xc4 d:/altera/13.0sp1/nios2eds/bin/gnu/h-i686-mingw32/bin/../lib/gcc/nios2-elf/4.1.2/../../../../nios2-elf/lib\libc.a(lib_a-locale.o)
                0x0080b1a8                __locale_charset
                0x0080b1b0                _localeconv_r
                0x0080b1bc                localeconv
                0x0080b1cc                _setlocale_r
                0x0080b250                setlocale
 .text          0x0080b26c      0x194 d:/altera/13.0sp1/nios2eds/bin/gnu/h-i686-mingw32/bin/../lib/gcc/nios2-elf/4.1.2/../../../../nios2-elf/lib\libc.a(lib_a-makebuf.o)
                0x0080b26c                __smakebuf_r
 .text          0x0080b400       0xe4 d:/altera/13.0sp1/nios2eds/bin/gnu/h-i686-mingw32/bin/../lib/gcc/nios2-elf/4.1.2/../../../../nios2-elf/lib\libc.a(lib_a-memchr.o)
                0x0080b400                memchr
 .text          0x0080b4e4      0xff4 d:/altera/13.0sp1/nios2eds/bin/gnu/h-i686-mingw32/bin/../lib/gcc/nios2-elf/4.1.2/../../../../nios2-elf/lib\libc.a(lib_a-mprec.o)
                0x0080b4e4                _Bfree
                0x0080b50c                __hi0bits
                0x0080b57c                __lo0bits
                0x0080b640                __mcmp
                0x0080b6a0                __ulp
                0x0080b720                __b2d
                0x0080b840                __ratio
                0x0080b8f0                _mprec_log10
                0x0080b984                __copybits
                0x0080b9dc                __any_on
                0x0080ba64                _Balloc
                0x0080bb20                __d2b
                0x0080bc9c                __mdiff
                0x0080be28                __lshift
                0x0080bf74                __multiply
                0x0080c15c                __i2b
                0x0080c198                __multadd
                0x0080c298                __pow5mult
                0x0080c3b8                __s2b
 .text          0x0080c4d8      0x5f4 d:/altera/13.0sp1/nios2eds/bin/gnu/h-i686-mingw32/bin/../lib/gcc/nios2-elf/4.1.2/../../../../nios2-elf/lib\libc.a(lib_a-reallocr.o)
                0x0080c4d8                _realloc_r
 .text          0x0080cacc      0x1e0 d:/altera/13.0sp1/nios2eds/bin/gnu/h-i686-mingw32/bin/../lib/gcc/nios2-elf/4.1.2/../../../../nios2-elf/lib\libc.a(lib_a-refill.o)
                0x0080cacc                __srefill_r
 .text          0x0080ccac       0x40 d:/altera/13.0sp1/nios2eds/bin/gnu/h-i686-mingw32/bin/../lib/gcc/nios2-elf/4.1.2/../../../../nios2-elf/lib\libc.a(lib_a-s_isinfd.o)
                0x0080ccac                __isinfd
 .text          0x0080ccec       0x30 d:/altera/13.0sp1/nios2eds/bin/gnu/h-i686-mingw32/bin/../lib/gcc/nios2-elf/4.1.2/../../../../nios2-elf/lib\libc.a(lib_a-s_isnand.o)
                0x0080ccec                __isnand
 .text          0x0080cd1c      0x14c d:/altera/13.0sp1/nios2eds/bin/gnu/h-i686-mingw32/bin/../lib/gcc/nios2-elf/4.1.2/../../../../nios2-elf/lib\libc.a(lib_a-stdio.o)
                0x0080cd1c                __sclose
                0x0080cd24                __sseek
                0x0080cd8c                __swrite
                0x0080ce08                __sread
 .text          0x0080ce68       0xbc d:/altera/13.0sp1/nios2eds/bin/gnu/h-i686-mingw32/bin/../lib/gcc/nios2-elf/4.1.2/../../../../nios2-elf/lib\libc.a(lib_a-strcmp.o)
                0x0080ce68                strcmp
 .text          0x0080cf24       0x78 d:/altera/13.0sp1/nios2eds/bin/gnu/h-i686-mingw32/bin/../lib/gcc/nios2-elf/4.1.2/../../../../nios2-elf/lib\libc.a(lib_a-writer.o)
                0x0080cf24                _write_r
 .text          0x0080cf9c       0xb4 d:/altera/13.0sp1/nios2eds/bin/gnu/h-i686-mingw32/bin/../lib/gcc/nios2-elf/4.1.2/../../../../nios2-elf/lib\libc.a(lib_a-callocr.o)
                0x0080cf9c                _calloc_r
 .text          0x0080d050       0x70 d:/altera/13.0sp1/nios2eds/bin/gnu/h-i686-mingw32/bin/../lib/gcc/nios2-elf/4.1.2/../../../../nios2-elf/lib\libc.a(lib_a-closer.o)
                0x0080d050                _close_r
 .text          0x0080d0c0      0x124 d:/altera/13.0sp1/nios2eds/bin/gnu/h-i686-mingw32/bin/../lib/gcc/nios2-elf/4.1.2/../../../../nios2-elf/lib\libc.a(lib_a-fclose.o)
                0x0080d0c0                _fclose_r
                0x0080d1d0                fclose
 .text          0x0080d1e4       0x74 d:/altera/13.0sp1/nios2eds/bin/gnu/h-i686-mingw32/bin/../lib/gcc/nios2-elf/4.1.2/../../../../nios2-elf/lib\libc.a(lib_a-fstatr.o)
                0x0080d1e4                _fstat_r
 .text          0x0080d258       0x70 d:/altera/13.0sp1/nios2eds/bin/gnu/h-i686-mingw32/bin/../lib/gcc/nios2-elf/4.1.2/../../../../nios2-elf/lib\libc.a(lib_a-isattyr.o)
                0x0080d258                _isatty_r
 .text          0x0080d2c8       0x78 d:/altera/13.0sp1/nios2eds/bin/gnu/h-i686-mingw32/bin/../lib/gcc/nios2-elf/4.1.2/../../../../nios2-elf/lib\libc.a(lib_a-lseekr.o)
                0x0080d2c8                _lseek_r
 .text          0x0080d340       0x78 d:/altera/13.0sp1/nios2eds/bin/gnu/h-i686-mingw32/bin/../lib/gcc/nios2-elf/4.1.2/../../../../nios2-elf/lib\libc.a(lib_a-readr.o)
                0x0080d340                _read_r
 .text          0x0080d3b8      0x5dc d:/altera/13.0sp1/nios2eds/bin/gnu/h-i686-mingw32/bin/../lib/gcc/nios2-elf/4.1.2\libgcc.a(_udivdi3.o)
                0x0080d3b8                __udivdi3
 .text          0x0080d994      0x5b0 d:/altera/13.0sp1/nios2eds/bin/gnu/h-i686-mingw32/bin/../lib/gcc/nios2-elf/4.1.2\libgcc.a(_umoddi3.o)
                0x0080d994                __umoddi3
 .text          0x0080df44      0x258 d:/altera/13.0sp1/nios2eds/bin/gnu/h-i686-mingw32/bin/../lib/gcc/nios2-elf/4.1.2\libgcc.a(_div_df.o)
                0x0080df44                __divdf3
 .text          0x0080e19c       0x88 d:/altera/13.0sp1/nios2eds/bin/gnu/h-i686-mingw32/bin/../lib/gcc/nios2-elf/4.1.2\libgcc.a(_eq_df.o)
                0x0080e19c                __eqdf2
 .text          0x0080e224       0x88 d:/altera/13.0sp1/nios2eds/bin/gnu/h-i686-mingw32/bin/../lib/gcc/nios2-elf/4.1.2\libgcc.a(_ne_df.o)
                0x0080e224                __nedf2
 .text          0x0080e2ac       0x88 d:/altera/13.0sp1/nios2eds/bin/gnu/h-i686-mingw32/bin/../lib/gcc/nios2-elf/4.1.2\libgcc.a(_gt_df.o)
                0x0080e2ac                __gtdf2
 .text          0x0080e334       0x88 d:/altera/13.0sp1/nios2eds/bin/gnu/h-i686-mingw32/bin/../lib/gcc/nios2-elf/4.1.2\libgcc.a(_lt_df.o)
                0x0080e334                __ltdf2
 .text          0x0080e3bc       0xf8 d:/altera/13.0sp1/nios2eds/bin/gnu/h-i686-mingw32/bin/../lib/gcc/nios2-elf/4.1.2\libgcc.a(_si_to_df.o)
                0x0080e3bc                __floatsidf
 .text          0x0080e4b4      0x14c d:/altera/13.0sp1/nios2eds/bin/gnu/h-i686-mingw32/bin/../lib/gcc/nios2-elf/4.1.2\libgcc.a(lib2-divmod.o)
                0x0080e530                __divsi3
                0x0080e590                __modsi3
                0x0080e5f0                __udivsi3
                0x0080e5f8                __umodsi3
 .text          0x0080e600       0x6c ../fir_bsp/\libucosii_bsp.a(alt_exit.o)
                0x0080e640                _exit
 .text          0x0080e66c       0xd0 ../fir_bsp/\libucosii_bsp.a(alt_flash_dev.o)
                0x0080e66c                alt_flash_open_dev
                0x0080e6e8                alt_flash_close_dev
 .text          0x0080e73c      0x134 ../fir_bsp/\libucosii_bsp.a(alt_fstat.o)
                0x0080e73c                fstat
 .text          0x0080e870      0x1c0 ../fir_bsp/\libucosii_bsp.a(alt_irq_register.o)
                0x0080e870                alt_irq_register
 .text          0x0080ea30        0x0 ../fir_bsp/\libucosii_bsp.a(alt_irq_vars.o)
 .text          0x0080ea30      0x120 ../fir_bsp/\libucosii_bsp.a(alt_isatty.o)
                0x0080ea30                isatty
 .text          0x0080eb50      0x150 ../fir_bsp/\libucosii_bsp.a(alt_lseek.o)
                0x0080eb50                lseek
 .text          0x0080eca0       0xc8 ../fir_bsp/\libucosii_bsp.a(alt_main.o)
                0x0080eca0                alt_main
 .text          0x0080ed68       0xbc ../fir_bsp/\libucosii_bsp.a(alt_sbrk.o)
                0x0080ed68                sbrk
 .text          0x0080ee24      0x118 ../fir_bsp/\libucosii_bsp.a(alt_usleep.o)
                0x0080ee24                usleep
 .text          0x0080ef3c      0x108 ../fir_bsp/\libucosii_bsp.a(alt_env_lock.o)
                0x0080ef3c                __env_lock
                0x0080efe8                __env_unlock
 .text          0x0080f044      0x1d8 ../fir_bsp/\libucosii_bsp.a(alt_malloc_lock.o)
                0x0080f044                __malloc_lock
                0x0080f14c                __malloc_unlock
 .text          0x0080f21c     0x2128 ../fir_bsp/\libucosii_bsp.a(os_core.o)
                0x0080f21c                OSEventNameGet
                0x0080f34c                OSEventNameSet
                0x0080f490                OSEventPendMulti
                0x0080fb44                OSInit
                0x0080fb98                OSIntEnter
                0x0080fc14                OSIntExit
                0x0080fd14                OSSchedLock
                0x0080fda0                OSSchedUnlock
                0x0080fe84                OSStart
                0x0080fef4                OSStatInit
                0x0080ffa0                OSTimeTick
                0x008101e0                OSVersion
                0x00810200                OS_Dummy
                0x0081021c                OS_EventTaskRdy
                0x008103b0                OS_EventTaskWait
                0x008104c0                OS_EventTaskWaitMulti
                0x00810614                OS_EventTaskRemove
                0x008106cc                OS_EventTaskRemoveMulti
                0x008107d0                OS_EventWaitListInit
                0x00810b9c                OS_MemClr
                0x00810bf0                OS_MemCopy
                0x00810c5c                OS_Sched
                0x00810da0                OS_StrCopy
                0x00810e20                OS_StrLen
                0x00810e78                OS_TaskIdle
                0x00810ed4                OS_TaskStat
                0x00810f9c                OS_TaskStatStkChk
                0x00811064                OS_TCBInit
 .text          0x00811344      0x18c ../fir_bsp/\libucosii_bsp.a(os_dbg.o)
                0x00811344                OSDebugInit
 .text          0x008114d0     0x193c ../fir_bsp/\libucosii_bsp.a(os_flag.o)
                0x008114d0                OSFlagAccept
                0x00811804                OSFlagCreate
                0x00811940                OSFlagDel
                0x00811be8                OSFlagNameGet
                0x00811d2c                OSFlagNameSet
                0x00811e80                OSFlagPend
                0x008124c4                OSFlagPendGetFlagsRdy
                0x0081252c                OSFlagPost
                0x008128d4                OSFlagQuery
                0x00812b6c                OS_FlagInit
                0x00812d60                OS_FlagUnlink
 .text          0x00812e0c      0x808 ../fir_bsp/\libucosii_bsp.a(os_mem.o)
                0x00812e0c                OSMemCreate
                0x00813028                OSMemGet
                0x0081312c                OSMemNameGet
                0x00813238                OSMemNameSet
                0x00813358                OSMemPut
                0x00813448                OSMemQuery
                0x00813544                OS_MemInit
 .text          0x00813614     0x1334 ../fir_bsp/\libucosii_bsp.a(os_q.o)
                0x00813614                OSQAccept
                0x00813768                OSQCreate
                0x0081397c                OSQDel
                0x00813c7c                OSQFlush
                0x00813d44                OSQPend
                0x00814064                OSQPendAbort
                0x008141e0                OSQPost
                0x00814360                OSQPostFront
                0x008144e8                OSQPostOpt
                0x0081471c                OSQQuery
                0x0081489c                OS_QInit
 .text          0x00814948      0xbc8 ../fir_bsp/\libucosii_bsp.a(os_sem.o)
                0x00814948                OSSemAccept
                0x00814a08                OSSemCreate
                0x00814b1c                OSSemDel
                0x00814dbc                OSSemPend
                0x00815038                OSSemPendAbort
                0x008151b4                OSSemPost
                0x008152dc                OSSemQuery
                0x0081540c                OSSemSet
 .text          0x00815510     0x1a40 ../fir_bsp/\libucosii_bsp.a(os_task.o)
                0x00815510                OSTaskChangePrio
                0x00815a84                OSTaskCreate
                0x00815c58                OSTaskCreateExt
                0x00815e58                OSTaskDel
                0x00816264                OSTaskDelReq
                0x008163d4                OSTaskNameGet
                0x0081658c                OSTaskNameSet
                0x00816750                OSTaskResume
                0x00816968                OSTaskStkChk
                0x00816b64                OSTaskSuspend
                0x00816d90                OSTaskQuery
                0x00816ed4                OS_TaskStkClr
 .text          0x00816f50      0x670 ../fir_bsp/\libucosii_bsp.a(os_time.o)
                0x00816f50                OSTimeDly
                0x0081709c                OSTimeDlyHMSM
                0x008172e8                OSTimeDlyResume
                0x008174f8                OSTimeGet
                0x0081755c                OSTimeSet
 .text          0x008175c0      0x118 ../fir_bsp/\libucosii_bsp.a(alt_sys_init.o)
                0x008175c0                alt_irq_init
                0x008175f4                alt_sys_init
 .text          0x008176d8      0x8c8 ../fir_bsp/\libucosii_bsp.a(altera_avalon_cfi_flash.o)
                0x008176d8                alt_flash_cfi_init
                0x008177ac                alt_flash_cfi_write
                0x00817a6c                alt_flash_cfi_get_info
                0x00817afc                alt_flash_cfi_read
                0x00817b64                alt_write_value_to_flash
                0x00817cc8                alt_flash_program_block
 .text          0x00817fa0     0x14a8 ../fir_bsp/\libucosii_bsp.a(altera_avalon_cfi_flash_table.o)
                0x00817fa0                alt_read_query_entry_8bit
                0x00817fe0                alt_read_query_entry_16bit
                0x00818024                alt_read_query_entry_32bit
                0x0081806c                alt_write_flash_command_8bit_device_8bit_mode
                0x008180a8                alt_write_flash_command_16bit_device_8bit_mode
                0x00818124                alt_write_flash_command_32bit_device_8bit_mode
                0x0081816c                alt_write_flash_command_16bit_device_16bit_mode
                0x008181b0                alt_write_flash_command_32bit_device_16bit_mode
                0x008181f8                alt_write_flash_command_32bit_device_32bit_mode
                0x00818240                alt_write_native_8bit
                0x00818274                alt_write_native_16bit
                0x008182a8                alt_write_native_32bit
                0x008182d8                alt_set_flash_width_func
                0x008184b8                alt_set_flash_algorithm_func
                0x008185e0                alt_read_cfi_table
                0x00818bc0                alt_read_cfi_width
                0x0081936c                alt_check_primary_table
 .text          0x00819448      0x9e4 ../fir_bsp/\libucosii_bsp.a(altera_avalon_epcs_flash_controller.o)
                0x00819448                alt_epcs_flash_init
                0x00819864                alt_epcs_flash_write
                0x00819ae4                alt_epcs_flash_get_info
                0x00819b74                alt_epcs_flash_erase_block
                0x00819c78                alt_epcs_flash_write_block
                0x00819d94                alt_epcs_flash_read
 .text          0x00819e2c      0x148 ../fir_bsp/\libucosii_bsp.a(altera_avalon_jtag_uart_fd.o)
                0x00819e2c                altera_avalon_jtag_uart_read_fd
                0x00819e84                altera_avalon_jtag_uart_write_fd
                0x00819edc                altera_avalon_jtag_uart_close_fd
                0x00819f24                altera_avalon_jtag_uart_ioctl_fd
 .text          0x00819f74      0x584 ../fir_bsp/\libucosii_bsp.a(altera_avalon_jtag_uart_init.o)
                0x00819f74                altera_avalon_jtag_uart_init
                0x0081a484                altera_avalon_jtag_uart_close
 .text          0x0081a4f8       0xf4 ../fir_bsp/\libucosii_bsp.a(altera_avalon_jtag_uart_ioctl.o)
                0x0081a4f8                altera_avalon_jtag_uart_ioctl
 .text          0x0081a5ec      0x2c0 ../fir_bsp/\libucosii_bsp.a(altera_avalon_jtag_uart_read.o)
                0x0081a5ec                altera_avalon_jtag_uart_read
 .text          0x0081a8ac      0x2dc ../fir_bsp/\libucosii_bsp.a(altera_avalon_jtag_uart_write.o)
                0x0081a8ac                altera_avalon_jtag_uart_write
 .text          0x0081ab88      0xf3c ../fir_bsp/\libucosii_bsp.a(altera_avalon_lcd_16207.o)
                0x0081b35c                altera_avalon_lcd_16207_write
                0x0081b960                altera_avalon_lcd_16207_init
 .text          0x0081bac4       0x58 ../fir_bsp/\libucosii_bsp.a(altera_avalon_lcd_16207_fd.o)
                0x0081bac4                altera_avalon_lcd_16207_write_fd
 .text          0x0081bb1c      0x100 ../fir_bsp/\libucosii_bsp.a(altera_avalon_timer_sc.o)
                0x0081bb8c                alt_avalon_timer_sc_init
 .text          0x0081bc1c       0xf8 ../fir_bsp/\libucosii_bsp.a(altera_avalon_uart_fd.o)
                0x0081bc1c                altera_avalon_uart_read_fd
                0x0081bc74                altera_avalon_uart_write_fd
                0x0081bccc                altera_avalon_uart_close_fd
 .text          0x0081bd14      0x57c ../fir_bsp/\libucosii_bsp.a(altera_avalon_uart_init.o)
                0x0081bd14                altera_avalon_uart_init
                0x0081c230                altera_avalon_uart_close
 .text          0x0081c290      0x310 ../fir_bsp/\libucosii_bsp.a(altera_avalon_uart_read.o)
                0x0081c290                altera_avalon_uart_read
 .text          0x0081c5a0      0x2a8 ../fir_bsp/\libucosii_bsp.a(altera_avalon_uart_write.o)
                0x0081c5a0                altera_avalon_uart_write
 .text          0x0081c848      0x6d4 ../fir_bsp/\libucosii_bsp.a(epcs_commands.o)
                0x0081c848                epcs_read_status_register
                0x0081c8a8                epcs_sector_erase
                0x0081ca10                epcs_read_buffer
                0x0081cb5c                epcs_write_enable
                0x0081cbac                epcs_write_status_register
                0x0081cc10                epcs_write_buffer
                0x0081cd80                epcs_read_electronic_signature
                0x0081cdec                epcs_read_device_id
                0x0081ce6c                epcs_enter_4_bytes_mode
                0x0081cec4                epcs_exit_4_bytes_mode
 .text          0x0081cf1c       0x54 ../fir_bsp/\libucosii_bsp.a(alt_iniche_close.o)
                0x0081cf1c                close
 .text          0x0081cf70      0x144 ../fir_bsp/\libucosii_bsp.a(alt_iniche_dev.o)
                0x0081cf70                iniche_devices_init
 .text          0x0081d0b4       0x78 ../fir_bsp/\libucosii_bsp.a(alt_iniche_read.o)
                0x0081d0b4                read
 .text          0x0081d12c       0x70 ../fir_bsp/\libucosii_bsp.a(alt_iniche_write.o)
                0x0081d12c                write
 .text          0x0081d19c      0xedc ../fir_bsp/\libucosii_bsp.a(ipnet.o)
                0x0081d19c                Netinit
                0x0081d7e8                fixup_subnet_mask
                0x0081d948                netclose
                0x0081da30                pktdemux
                0x0081de04                c_older
                0x0081ded4                ip2mac
 .text          0x0081e078      0x4b0 ../fir_bsp/\libucosii_bsp.a(ipstart.o)
                0x0081e078                ip_startup
                0x0081e35c                exit_hook
                0x0081e3c8                ip_exit
                0x0081e498                if_netnumber
 .text          0x0081e528     0x10e8 ../fir_bsp/\libucosii_bsp.a(igmp_cmn.o)
                0x0081e528                igmp_init
                0x0081e618                igmp_input
                0x0081e710                igmp_fasttimo
                0x0081e944                igmp_send
                0x0081ebec                igmp_joingroup
                0x0081ee58                igmp_leavegroup
                0x0081eed4                igmp_validate
                0x0081f230                igmp_print_stats
 .text          0x0081f610      0xbc8 ../fir_bsp/\libucosii_bsp.a(bsdsock.o)
                0x0081f610                bsd_accept
                0x0081f748                bsd_getpeername
                0x0081f874                bsd_getsockname
                0x0081f9a0                bsd_i_sockoptlen
                0x0081fb58                bsd_getsockopt
                0x0081fc78                bsd_ioctl
                0x0081fd7c                bsd_inet_ntoa
                0x0081fdac                bsd_recvfrom
                0x0081ff0c                bsd_select
                0x008200ec                bsd_setsockopt
 .text          0x008201d8      0x118 ../fir_bsp/\libucosii_bsp.a(cksum.o)
                0x008201d8                ccksum
                0x00820288                cksum
 .text          0x008202f0      0xa9c ../fir_bsp/\libucosii_bsp.a(in_utils.o)
                0x008202f0                do_trap
                0x0082031c                nextarg
                0x00820398                hexdump
                0x008204e0                print_ipad
                0x00820554                print_uptime
                0x00820680                panic
                0x008206c4                print_eth
                0x00820828                uslash
                0x008208a8                ns_printf
                0x00820a2c                std_out
                0x00820a70                con_page
                0x00820b60                parse_args
 .text          0x00820d8c      0x810 ../fir_bsp/\libucosii_bsp.a(parseip.o)
                0x00820d8c                parse_ipad
                0x008210a8                inet_addr
                0x00821110                hextoa
                0x00821180                inet_pton
                0x0082122c                inet_ntop
                0x008212b8                print46_addr
                0x00821318                inet46_addr
                0x008213dc                inet_setport
                0x00821450                convert_ip
 .text          0x0082159c      0x5e8 ../fir_bsp/\libucosii_bsp.a(tk_crnos.o)
                0x0082159c                TK_OSTimeDly
                0x008215c8                TK_OSTaskResume
                0x00821638                tcp_sleep
                0x008217d8                tcp_wakeup
                0x008218dc                TK_OSTaskQuery
                0x00821950                tk_yield
                0x0082197c                tk_stats
 .text          0x00821b84      0x79c ../fir_bsp/\libucosii_bsp.a(pktalloc.o)
                0x00821b84                pk_init
                0x00821e14                pk_alloc
                0x00821ef0                pk_validate
                0x008221a8                pk_free
                0x00822254                pk_get_max_intrsafe_buf_len
                0x00822274                dump_buf_estats
 .text          0x00822320      0x288 ../fir_bsp/\libucosii_bsp.a(q.o)
                0x00822320                getq
                0x008223e8                putq
                0x00822498                qdel
 .text          0x008225a8      0x194 ../fir_bsp/\libucosii_bsp.a(asm_cksum.o)
                0x008225a8                asm_cksum
 .text          0x0082273c      0x2e4 ../fir_bsp/\libucosii_bsp.a(brdutils.o)
                0x0082273c                dtrap
                0x0082276c                kbhit
                0x00822818                getch
                0x00822878                clock_init
                0x008228b4                clock_c
                0x008228d0                cticks_hook
                0x00822980                irq_Mask
                0x008229dc                irq_Unmask
 .text          0x00822a20      0x488 ../fir_bsp/\libucosii_bsp.a(osportco.o)
                0x00822a20                LOCK_NET_RESOURCE
                0x00822ae0                UNLOCK_NET_RESOURCE
                0x00822b68                TK_NEWTASK
                0x00822d7c                wait_app_sem
                0x00822e30                post_app_sem
 .text          0x00822ea8      0x568 ../fir_bsp/\libucosii_bsp.a(targnios.o)
                0x00822ea8                alt_iniche_init
                0x008230c4                pre_task_setup
                0x00823138                post_task_setup
                0x00823158                prep_armintcp
                0x00823190                calloc2
                0x008231c4                npalloc
                0x008232b8                npfree
                0x00823370                ncpalloc
                0x008233c4                ncpfree
 .text          0x00823410     0x19b8 ../fir_bsp/\libucosii_bsp.a(nptcp.o)
                0x00823410                pffindtype
                0x008234b0                pffindproto
                0x00823580                m_getnbuf
                0x00823728                m_free
                0x0082385c                m_freem
                0x008238a0                m_copy
                0x00823bc4                m_adj
                0x00823d94                mbuf_len
                0x00823dec                dtom
                0x00823e94                remque
                0x00823f04                insque
                0x00823f80                nptcp_init
                0x008240a4                tcp_rcv
                0x00824290                ip_output
                0x00824888                in_broadcast
                0x008248c8                np_stripoptions
                0x008249b0                so_icmpdu
                0x00824d08                tcp_tick
 .text          0x00824dc8      0xa2c ../fir_bsp/\libucosii_bsp.a(rawsock.o)
                0x00824dc8                rawip_lookup
                0x00824e38                rawip_soinput
                0x0082500c                rawip_usrreq
 .text          0x008257f4     0x17fc ../fir_bsp/\libucosii_bsp.a(sockcall.o)
                0x008257f4                DOMAIN_CHECK
                0x00825840                t_socket
                0x008258d0                t_bind
                0x00825a4c                t_listen
                0x00825b30                t_accept
                0x00825dc8                t_connect
                0x00826070                t_getpeername
                0x008260b4                t_getsockname
                0x008262f4                t_setsockopt
                0x008264d0                t_getsockopt
                0x00826674                t_recv
                0x00826764                t_recvfrom
                0x008268b4                t_sendto
                0x00826ae0                t_send
                0x00826d08                t_shutdown
                0x00826dec                t_socketclose
                0x00826f54                t_errno
 .text          0x00826ff0     0x23ec ../fir_bsp/\libucosii_bsp.a(socket.o)
                0x00826ff0                socreate
                0x008271bc                sobind
                0x00827218                solisten
                0x00827308                sofree
                0x00827438                soclose
                0x008277a4                soabort
                0x008277f4                soaccept
                0x00827890                soconnect
                0x00827964                sodisconnect
                0x00827a04                sosend
                0x0082800c                soreceive
                0x008287f0                soshutdown
                0x00828898                sorflush
                0x00828998                sosetopt
                0x00828e58                sogetopt
                0x00829398                sohasoutofband
 .text          0x008293dc     0x1318 ../fir_bsp/\libucosii_bsp.a(socket2.o)
                0x008293dc                soisconnecting
                0x00829448                soisconnected
                0x00829544                soisdisconnecting
                0x008295d0                soisdisconnected
                0x0082968c                sonewconn
                0x008298a8                soqinsque
                0x00829954                soqremque
                0x00829a74                socantsendmore
                0x00829ac4                socantrcvmore
                0x00829b14                sbselqueue
                0x00829b4c                sbwait
                0x00829bb4                sbwakeup
                0x00829c50                soreserve
                0x00829cd0                sbreserve
                0x00829d30                sbrelease
                0x00829d78                sbappend
                0x00829e20                sbappendrecord
                0x00829f00                sbappendaddr
                0x0082a108                sbcompress
                0x0082a2f0                sbflush
                0x0082a380                sbdrop
                0x0082a550                sbdropend
                0x0082a660                sbdroprecord
 .text          0x0082a6f4      0x914 ../fir_bsp/\libucosii_bsp.a(soselect.o)
                0x0082a6f4                t_select
                0x0082a914                sock_selscan
                0x0082aa6c                sock_select
                0x0082ac80                in_pcbnotify
                0x0082ad4c                tcp_notify
                0x0082adb4                ifd_clr
                0x0082aea4                ifd_set
                0x0082af18                ifd_isset
                0x0082af98                ifd_get
 .text          0x0082b008     0x3020 ../fir_bsp/\libucosii_bsp.a(tcp_in.o)
                0x0082b008                tcp_reass
                0x0082b410                tcp_input
                0x0082d964                tcp_dooptions
                0x0082daf4                tcp_pulloutofband
                0x0082dc20                tcp_xmit_timer
                0x0082dec4                ip4_tcpmss
                0x0082df0c                tcp_mss
 .text          0x0082e028     0x1360 ../fir_bsp/\libucosii_bsp.a(tcp_out.o)
                0x0082e028                tcp_output
                0x0082f1a4                tcp_setpersist
 .text          0x0082f388      0x9e8 ../fir_bsp/\libucosii_bsp.a(tcp_subr.o)
                0x0082f388                tcp_init
                0x0082f3e0                tcp_template
                0x0082f4f8                tcp_respond
                0x0082f980                tcp_newtcpcb
                0x0082fa98                tcp_drop
                0x0082fb44                tcp_close
                0x0082fc2c                tcp_quench
                0x0082fc78                tcp_putseq
                0x0082fcf8                tcp_getseq
 .text          0x0082fd70      0x798 ../fir_bsp/\libucosii_bsp.a(tcp_timr.o)
                0x0082fd70                tcp_slowtimo
                0x00830010                tcp_canceltimers
                0x0083006c                tcp_timers
 .text          0x00830508      0x9ec ../fir_bsp/\libucosii_bsp.a(tcp_usr.o)
                0x00830508                tcp_usrreq
                0x00830c0c                tcp_attach
                0x00830d40                tcp_disconnect
                0x00830e14                tcp_usrclosed
 .text          0x00830ef4       0x4c ../fir_bsp/\libucosii_bsp.a(tcpport.o)
                0x00830ef4                tcpinit
 .text          0x00830f40      0xd20 ../fir_bsp/\libucosii_bsp.a(udpsock.o)
                0x00830f40                udp_lookup
                0x00830fb0                udp_soinput
                0x00831168                udp_usrreq
                0x008313ec                udp4_sockbind
                0x00831728                udp4_socksend
                0x00831b04                udp4_sockaddr
 .text          0x00831c60      0x154 ../fir_bsp/\libucosii_bsp.a(alt_alarm_start.o)
                0x00831c60                alt_alarm_start
 .text          0x00831db4      0x14c ../fir_bsp/\libucosii_bsp.a(alt_busy_sleep.o)
                0x00831db4                alt_busy_sleep
 .text          0x00831f00      0x15c ../fir_bsp/\libucosii_bsp.a(alt_close.o)
                0x00831f00                alt_close
 .text          0x0083205c       0x78 ../fir_bsp/\libucosii_bsp.a(alt_dcache_flush.o)
                0x0083205c                alt_dcache_flush
 .text          0x008320d4       0x2c ../fir_bsp/\libucosii_bsp.a(alt_dev.o)
 .text          0x00832100      0x114 ../fir_bsp/\libucosii_bsp.a(alt_dev_llist_insert.o)
                0x00832100                alt_dev_llist_insert
 .text          0x00832214       0x64 ../fir_bsp/\libucosii_bsp.a(alt_do_ctors.o)
                0x00832214                _do_ctors
 .text          0x00832278       0x64 ../fir_bsp/\libucosii_bsp.a(alt_do_dtors.o)
                0x00832278                _do_dtors
 .text          0x008322dc        0x0 ../fir_bsp/\libucosii_bsp.a(alt_errno.o)
 .text          0x008322dc       0x94 ../fir_bsp/\libucosii_bsp.a(alt_find_dev.o)
                0x008322dc                alt_find_dev
 .text          0x00832370      0x1d4 ../fir_bsp/\libucosii_bsp.a(alt_iic.o)
                0x00832370                alt_ic_isr_register
                0x008323c0                alt_ic_irq_enable
                0x0083245c                alt_ic_irq_disable
                0x008324fc                alt_ic_irq_enabled
 .text          0x00832544       0xf8 ../fir_bsp/\libucosii_bsp.a(alt_iic_isr_register.o)
                0x00832544                alt_iic_isr_register
 .text          0x0083263c      0x13c ../fir_bsp/\libucosii_bsp.a(alt_io_redirect.o)
                0x00832700                alt_io_redirect
 .text          0x00832778        0x0 ../fir_bsp/\libucosii_bsp.a(alt_irq_entry.o)
 .text          0x00832778        0x0 ../fir_bsp/\libucosii_bsp.a(alt_irq_handler.o)
 .text          0x00832778      0x2c4 ../fir_bsp/\libucosii_bsp.a(alt_open.o)
                0x00832854                open
 .text          0x00832a3c      0x180 ../fir_bsp/\libucosii_bsp.a(alt_read.o)
                0x00832a3c                alt_read
 .text          0x00832bbc       0x60 ../fir_bsp/\libucosii_bsp.a(alt_release_fd.o)
                0x00832bbc                alt_release_fd
 .text          0x00832c1c       0x38 ../fir_bsp/\libucosii_bsp.a(alt_remap_cached.o)
                0x00832c1c                alt_remap_cached
 .text          0x00832c54       0x40 ../fir_bsp/\libucosii_bsp.a(alt_remap_uncached.o)
                0x00832c54                alt_remap_uncached
 .text          0x00832c94      0x1a8 ../fir_bsp/\libucosii_bsp.a(alt_tick.o)
                0x00832c94                alt_alarm_stop
                0x00832d2c                alt_tick
 .text          0x00832e3c      0x180 ../fir_bsp/\libucosii_bsp.a(alt_write.o)
                0x00832e3c                alt_write
 .text          0x00832fbc       0x20 ../fir_bsp/\libucosii_bsp.a(altera_nios2_qsys_irq.o)
                0x00832fbc                altera_nios2_qsys_irq_init
 .text          0x00832fdc       0xd0 ../fir_bsp/\libucosii_bsp.a(os_cpu_a.o)
                0x00832fdc                OSCtxSw
                0x00832fdc                OSIntCtxSw
                0x00833068                OSStartHighRdy
                0x00833088                OSStartTsk
 .text          0x008330ac      0x424 ../fir_bsp/\libucosii_bsp.a(os_cpu_c.o)
                0x008330ac                OSTaskStkInit
                0x008333bc                OSTaskCreateHook
                0x008333dc                OSTaskDelHook
                0x008333fc                OSTaskSwHook
                0x00833418                OSTaskStatHook
                0x00833434                OSTimeTickHook
                0x0083345c                OSInitHookBegin
                0x00833478                OSInitHookEnd
                0x00833494                OSTaskIdleHook
                0x008334b0                OSTCBInitHook
 .text          0x008334d0      0x460 ../fir_bsp/\libucosii_bsp.a(altera_avalon_cfi_flash_amd.o)
                0x008334d0                alt_program_amd
                0x00833538                alt_erase_block_amd
 .text          0x00833930      0x460 ../fir_bsp/\libucosii_bsp.a(altera_avalon_cfi_flash_intel.o)
                0x00833930                alt_program_intel
                0x008339b4                alt_erase_block_intel
 .text          0x00833d90      0x238 ../fir_bsp/\libucosii_bsp.a(altera_avalon_spi.o)
                0x00833d90                alt_avalon_spi_command
 .text          0x00833fc8      0x444 ../fir_bsp/\libucosii_bsp.a(allports.o)
                0x00833fc8                netmain_init
                0x008340c4                icmp_port_du
                0x0083414c                station_state
                0x008342b0                sysuptime
                0x00834344                packet_check
                0x00834390                mcastlist
                0x008343b4                prep_modules
 .text          0x0083440c       0xa4 ../fir_bsp/\libucosii_bsp.a(tk_misc.o)
                0x0083440c                create_apptasks
                0x00834430                task_stats
 .text          0x008344b0       0xb0 ../fir_bsp/\libucosii_bsp.a(alt_iniche_fcntl.o)
                0x008344b0                fcntl
 .text          0x00834560     0x15b0 ../fir_bsp/\libucosii_bsp.a(et_arp.o)
                0x00834560                etainit
                0x008345b4                et_send
                0x00834730                arp_free_pending
                0x008347b8                arp_send_pending
                0x0083482c                send_arp
                0x00834cc4                find_oldest_arp
                0x00834ec0                make_arp_entry
                0x00834fd4                arpReply
                0x00835268                arprcv
                0x008354c8                send_via_arp
                0x00835698                cb_arpent_tmo
                0x00835844                grat_arp
 .text          0x00835b10      0x298 ../fir_bsp/\libucosii_bsp.a(iface.o)
                0x00835b10                if_getbynum
                0x00835b94                isbcast
                0x00835c74                reg_type
                0x00835d10                if_killsocks
 .text          0x00835da8     0x22a4 ../fir_bsp/\libucosii_bsp.a(ip.o)
                0x00835da8                ip_init
                0x00835ea4                ip_bldhead
                0x00836048                ip_write_internal
                0x008367c8                ip_write
                0x00836a10                ip_write2
                0x00836dc0                ip_raw_write
                0x00836e98                ip_fragment_lc
                0x00837320                ip_fragment
                0x00837944                ip_mymach
                0x008379f0                ip_dump
                0x00837ca8                iproute
                0x00837f14                ip_copypkt
 .text          0x0083804c      0xe3c ../fir_bsp/\libucosii_bsp.a(ipdemux.o)
                0x0083804c                ip_rcv
                0x0083844c                ip_rcv_phase2
                0x00838a58                ip_demux
 .text          0x00838e88      0x2f0 ../fir_bsp/\libucosii_bsp.a(ipmc.o)
                0x00838e88                in_addmulti
                0x00838ff0                in_delmulti
                0x00839108                lookup_mcast
 .text          0x00839178       0xe4 ../fir_bsp/\libucosii_bsp.a(ipport.o)
                0x00839178                prep_ifaces
                0x0083920c                netexit
                0x00839234                evtmap_setup
 .text          0x0083925c      0x550 ../fir_bsp/\libucosii_bsp.a(ipraw.o)
                0x0083925c                ip_raw_open
                0x0083934c                ip_raw_close
                0x0083940c                ip_raw_input
                0x00839644                ip_raw_alloc
                0x00839710                ip_raw_free
                0x00839750                ip_raw_maxalloc
 .text          0x008397ac      0x6f0 ../fir_bsp/\libucosii_bsp.a(iproute.o)
                0x008397ac                rt_lookup
                0x00839930                add_route
                0x00839d58                del_route
 .text          0x00839e9c      0xe3c ../fir_bsp/\libucosii_bsp.a(udp.o)
                0x00839e9c                udpdemux
                0x0083a6f4                udp_send
                0x0083a9ac                udpswap
                0x0083aadc                udp_socket
                0x0083abac                udp_alloc
                0x0083ac6c                udp_maxalloc
                0x0083ac98                udp_free
 .text          0x0083acd8      0x2e8 ../fir_bsp/\libucosii_bsp.a(igmp.o)
                0x0083acd8                igmpv1_input
 .text          0x0083afc0      0x7c0 ../fir_bsp/\libucosii_bsp.a(igmp2.o)
                0x0083afc0                igmpv2_input
                0x0083b120                igmpv2_process_report
                0x0083b26c                igmpv2_process_query
                0x0083b4b8                igmpv2_chk_set_timer
                0x0083b610                igmpv2_chk4_rtr_alert_opt
 .text          0x0083b780      0x8fc ../fir_bsp/\libucosii_bsp.a(ipopt.o)
                0x0083b780                IPADDR_TO_NETP
                0x0083b8c8                ip_setmoptions
                0x0083beb8                ip_getmoptions
                0x0083bff8                ip_freemoptions
 .text          0x0083c07c      0x6e8 ../fir_bsp/\libucosii_bsp.a(u_mctest.o)
                0x0083c07c                u_mctest_init
                0x0083c0ac                u_mctest_run
 .text          0x0083c764      0x3d0 ../fir_bsp/\libucosii_bsp.a(dhcsetup.o)
                0x0083c764                dhc_setup
                0x0083ca30                dhc_main_ipset
 .text          0x0083cb34      0x40c ../fir_bsp/\libucosii_bsp.a(memdev.o)
                0x0083cb34                init_memdev
                0x0083cbac                md_fopen
                0x0083cbd4                md_fclose
                0x0083cbf4                md_fread
                0x0083cd74                md_fwrite
                0x0083cdf4                md_fseek
                0x0083ce20                md_ftell
                0x0083ce44                md_fgetc
                0x0083cf1c                md_unlink
 .text          0x0083cf40      0x1c8 ../fir_bsp/\libucosii_bsp.a(netmain.o)
                0x0083cf40                netmain
                0x0083d034                tk_netmain
                0x0083d0bc                tk_nettick
 .text          0x0083d108      0x1cc ../fir_bsp/\libucosii_bsp.a(tcpcksum.o)
                0x0083d108                tcp_cksum
 .text          0x0083d2d4     0x3294 ../fir_bsp/\libucosii_bsp.a(dhcpclnt.o)
                0x0083d2d4                dhc_get_srv_ipaddr
                0x0083d364                dhc_init
                0x0083d420                dhc_set_callback
                0x0083d464                dhc_upcall
                0x0083dc94                dhc_buildheader
                0x0083deb0                dhc_discover
                0x0083e3c8                dhc_rx_offer
                0x0083e4cc                dhc_request
                0x0083f008                dhc_setip
                0x0083f288                dhc_resetip
                0x0083f36c                dhc_decline
                0x0083f550                dhc_extract_opts
                0x0083f80c                dhc_second
                0x008400fc                dhc_halt
                0x00840184                dhc_reclaim
                0x00840354                dhc_state_init
                0x008403b4                dhc_alldone
                0x00840444                dhc_ifacedone
                0x008404b8                dhc_set_state
 .text          0x00840568       0xcc ../fir_bsp/\libucosii_bsp.a(dhcputil.o)
                0x00840568                find_opt
 .text          0x00840634      0x31c ../fir_bsp/\libucosii_bsp.a(udp_open.o)
                0x00840634                udp_open
                0x0084086c                udp_close
 .text          0x00840950      0x900 ../fir_bsp/\libucosii_bsp.a(in_pcb.o)
                0x00840950                in_pcballoc
                0x008409e4                in_pcbdetach
                0x00840a38                in_pcbbind
                0x00840c8c                in_pcbconnect
                0x00840e9c                in_pcbdisconnect
                0x00840efc                in_setsockaddr
                0x00840f78                in_setpeeraddr
                0x00840ff4                in_pcblookup
 .text          0x00841250     0x1a74 ../fir_bsp/\libucosii_bsp.a(vfsfiles.o)
                0x00841250                set_vfopen_error
                0x00841278                get_vfopen_error
                0x00841298                vf_alloc_and_link_vop
                0x00841314                vf_alloc_buffer
                0x008413ec                vf_free_buffer
                0x0084143c                vfopen_locked
                0x008417a4                vfopen
                0x008417f4                vfclose_locked
                0x0084199c                vfclose
                0x008419dc                vfflush
                0x00841a24                vfgets
                0x00841b08                vfeof
                0x00841b60                vunlink_flag_open_files
                0x00841bbc                vunlink
                0x00841ddc                vfread
                0x00841f88                vfwrite_locked
                0x00842370                vfwrite
                0x008423d0                vfseek
                0x0084254c                vftell
                0x00842680                vgetc_locked
                0x008427a0                vgetc
                0x008427e8                vfslookup_locked
                0x00842920                vfslookup
                0x00842968                strippath
                0x00842b50                isvfile_locked
                0x00842bb4                isvfile
                0x00842bfc                vferror
                0x00842c68                vclearerr
 .text          0x00842cc4       0x24 ../fir_bsp/\libucosii_bsp.a(vfsport.o)
                0x00842cc4                prep_vfs
 .text          0x00842ce8        0x0 ../fir_bsp/\libucosii_bsp.a(alt_exception_entry.o)
 .text          0x00842ce8      0x1b4 ../fir_bsp/\libucosii_bsp.a(alt_fcntl.o)
                0x00842ce8                alt_fcntl
 .text          0x00842e9c      0x120 ../fir_bsp/\libucosii_bsp.a(alt_find_file.o)
                0x00842e9c                alt_find_file
 .text          0x00842fbc       0xf4 ../fir_bsp/\libucosii_bsp.a(alt_get_fd.o)
                0x00842fbc                alt_get_fd
 .text          0x008430b0      0x580 ../fir_bsp/\libucosii_bsp.a(timeouts.o)
                0x008430b0                inet_timer
                0x008433b0                in_timerset
                0x00843588                in_timerkill
 .text          0x00843630     0x130c ../fir_bsp/\libucosii_bsp.a(icmp.o)
                0x00843630                icmprcv
                0x00844264                icmp_destun
                0x008445b4                icmp_timex
                0x008448e8                icmp_du
 .text          0x0084493c     0x1e08 ../fir_bsp/\libucosii_bsp.a(ip_reasm.o)
                0x0084493c                ip_reasm_match_frag_with_ire
                0x00844a0c                ip_reasm_determine_type_of_frag
                0x00844af8                ip_reasm_check_mem_useage
                0x00844b90                ip_reasm_incr_mem_useage
                0x00844c38                ip_reasm_decr_mem_useage
                0x00844cd8                ip_reasm_process_first_fragment
                0x00844fb8                ip_reassm
                0x00845058                ip_reasm_compute_overlap
                0x008455e8                ip_reasm_process_subsequent_fragments
                0x00845b7c                ip_reasm_find_ire
                0x00845be0                ip_reasm_copy_queued_fragments_into_reassy_buffer
                0x00845f3c                ip_reasm_process_timer_tick
                0x0084605c                ip_reasm_delete_ire
                0x00846224                ip_reasm_mark_compact_rfq
                0x0084636c                ipr_stats
                0x008466f0                ip_reasm_send_icmp_timex
 .text          0x00846744       0x14 d:/altera/13.0sp1/nios2eds/bin/gnu/h-i686-mingw32/bin/../lib/gcc/nios2-elf/4.1.2/../../../../nios2-elf/lib\libc.a(lib_a-atexit.o)
                0x00846744                atexit
 .text          0x00846758       0x18 d:/altera/13.0sp1/nios2eds/bin/gnu/h-i686-mingw32/bin/../lib/gcc/nios2-elf/4.1.2/../../../../nios2-elf/lib\libc.a(lib_a-atoi.o)
                0x00846758                _atoi_r
                0x00846764                atoi
 .text          0x00846770       0x1c d:/altera/13.0sp1/nios2eds/bin/gnu/h-i686-mingw32/bin/../lib/gcc/nios2-elf/4.1.2/../../../../nios2-elf/lib\libc.a(lib_a-calloc.o)
                0x00846770                calloc
 .text          0x0084678c       0x74 d:/altera/13.0sp1/nios2eds/bin/gnu/h-i686-mingw32/bin/../lib/gcc/nios2-elf/4.1.2/../../../../nios2-elf/lib\libc.a(lib_a-memcmp.o)
                0x0084678c                memcmp
 .text          0x00846800       0xd4 d:/altera/13.0sp1/nios2eds/bin/gnu/h-i686-mingw32/bin/../lib/gcc/nios2-elf/4.1.2/../../../../nios2-elf/lib\libc.a(lib_a-sprintf.o)
                0x00846800                sprintf
                0x00846874                _sprintf_r
 .text          0x008468d4       0x8c d:/altera/13.0sp1/nios2eds/bin/gnu/h-i686-mingw32/bin/../lib/gcc/nios2-elf/4.1.2/../../../../nios2-elf/lib\libc.a(lib_a-strcpy.o)
                0x008468d4                strcpy
 .text          0x00846960       0xf0 d:/altera/13.0sp1/nios2eds/bin/gnu/h-i686-mingw32/bin/../lib/gcc/nios2-elf/4.1.2/../../../../nios2-elf/lib\libc.a(lib_a-strncmp.o)
                0x00846960                strncmp
 .text          0x00846a50       0xbc d:/altera/13.0sp1/nios2eds/bin/gnu/h-i686-mingw32/bin/../lib/gcc/nios2-elf/4.1.2/../../../../nios2-elf/lib\libc.a(lib_a-strncpy.o)
                0x00846a50                strncpy
 .text          0x00846b0c      0x268 d:/altera/13.0sp1/nios2eds/bin/gnu/h-i686-mingw32/bin/../lib/gcc/nios2-elf/4.1.2/../../../../nios2-elf/lib\libc.a(lib_a-strtol.o)
                0x00846b0c                _strtol_r
                0x00846d50                strtol
 .text          0x00846d74       0x34 d:/altera/13.0sp1/nios2eds/bin/gnu/h-i686-mingw32/bin/../lib/gcc/nios2-elf/4.1.2/../../../../nios2-elf/lib\libc.a(lib_a-vprintf.o)
                0x00846d74                _vprintf_r
                0x00846d88                vprintf
 .text          0x00846da8       0x74 d:/altera/13.0sp1/nios2eds/bin/gnu/h-i686-mingw32/bin/../lib/gcc/nios2-elf/4.1.2/../../../../nios2-elf/lib\libc.a(lib_a-vsprintf.o)
                0x00846da8                _vsprintf_r
                0x00846df8                vsprintf
 .text          0x00846e1c      0x134 d:/altera/13.0sp1/nios2eds/bin/gnu/h-i686-mingw32/bin/../lib/gcc/nios2-elf/4.1.2/../../../../nios2-elf/lib\libc.a(lib_a-__atexit.o)
                0x00846e1c                __register_exitproc
 *(.gnu.warning.*)
 *(.fini)
                0x00846f50                PROVIDE (__etext, ABSOLUTE (.))
                0x00846f50                PROVIDE (_etext, ABSOLUTE (.))
                0x00846f50                PROVIDE (etext, ABSOLUTE (.))
 *(.eh_frame_hdr)
                0x00846f50                . = ALIGN (0x4)
                0x00846f50                PROVIDE (__preinit_array_start, ABSOLUTE (.))
 *(.preinit_array)
                0x00846f50                PROVIDE (__preinit_array_end, ABSOLUTE (.))
                0x00846f50                PROVIDE (__init_array_start, ABSOLUTE (.))
 *(.init_array)
                0x00846f50                PROVIDE (__init_array_end, ABSOLUTE (.))
                0x00846f50                PROVIDE (__fini_array_start, ABSOLUTE (.))
 *(.fini_array)
                0x00846f50                PROVIDE (__fini_array_end, ABSOLUTE (.))
 *(.eh_frame)
 *(.gcc_except_table)
 *(.dynamic)
                0x00846f50                PROVIDE (__CTOR_LIST__, ABSOLUTE (.))
 *(.ctors)
 *(SORT(.ctors.*))
 .ctors.65535   0x00846f50        0x4 d:/altera/13.0sp1/nios2eds/bin/gnu/h-i686-mingw32/bin/../lib/gcc/nios2-elf/4.1.2/../../../../nios2-elf/lib\libc.a(lib_a-__call_atexit.o)
                0x00846f54                PROVIDE (__CTOR_END__, ABSOLUTE (.))
                0x00846f54                PROVIDE (__DTOR_LIST__, ABSOLUTE (.))
 *(.dtors)
 *(SORT(.dtors.*))
                0x00846f54                PROVIDE (__DTOR_END__, ABSOLUTE (.))
 *(.jcr)
                0x00846f54                . = ALIGN (0x4)

.rodata         0x00846f54     0x4b50
                0x00846f54                PROVIDE (__ram_rodata_start, ABSOLUTE (.))
                0x00846f54                . = ALIGN (0x4)
 *(.rodata .rodata.* .gnu.linkonce.r.*)
 .rodata        0x00846f54       0x60 obj/default/LCD.o
 .rodata        0x00846fb4       0xa8 obj/default/SSS_DE2_115.o
 .rodata        0x0084705c      0xba4 obj/default/alt_error_handler.o
 .rodata        0x00847c00       0x64 obj/default/dm9000a.o
 .rodata        0x00847c64      0xa34 obj/default/iniche_init.o
 .rodata        0x00848698      0x234 obj/default/network_utilities.o
 .rodata        0x008488cc      0x2e0 obj/default/simple_socket_server.o
 .rodata        0x00848bac       0x14 d:/altera/13.0sp1/nios2eds/bin/gnu/h-i686-mingw32/bin/../lib/gcc/nios2-elf/4.1.2\libgcc.a(_thenan_df.o)
                0x00848bac                __thenan_df
 .rodata        0x00848bc0      0x100 d:/altera/13.0sp1/nios2eds/bin/gnu/h-i686-mingw32/bin/../lib/gcc/nios2-elf/4.1.2\libgcc.a(_clz.o)
                0x00848bc0                __clz_tab
 .rodata        0x00848cc0      0x281 d:/altera/13.0sp1/nios2eds/bin/gnu/h-i686-mingw32/bin/../lib/gcc/nios2-elf/4.1.2/../../../../nios2-elf/lib\libc.a(lib_a-ctype_.o)
                0x00848cc0                _ctype_
 *fill*         0x00848f41        0x3 00
 .rodata.str1.4
                0x00848f44        0x2 d:/altera/13.0sp1/nios2eds/bin/gnu/h-i686-mingw32/bin/../lib/gcc/nios2-elf/4.1.2/../../../../nios2-elf/lib\libc.a(lib_a-impure.o)
                                  0x4 (size before relaxing)
 *fill*         0x00848f46        0x2 00
 .rodata.str1.4
                0x00848f48        0x3 d:/altera/13.0sp1/nios2eds/bin/gnu/h-i686-mingw32/bin/../lib/gcc/nios2-elf/4.1.2/../../../../nios2-elf/lib\libc.a(lib_a-perror.o)
                                  0x4 (size before relaxing)
 *fill*         0x00848f4b        0x1 00
 .rodata.str1.4
                0x00848f4c        0x2 d:/altera/13.0sp1/nios2eds/bin/gnu/h-i686-mingw32/bin/../lib/gcc/nios2-elf/4.1.2/../../../../nios2-elf/lib\libc.a(lib_a-puts.o)
                                  0x4 (size before relaxing)
 *fill*         0x00848f4e        0x2 00
 .rodata.str1.4
                0x00848f50      0x7a2 d:/altera/13.0sp1/nios2eds/bin/gnu/h-i686-mingw32/bin/../lib/gcc/nios2-elf/4.1.2/../../../../nios2-elf/lib\libc.a(lib_a-strerror.o)
                                0x7a8 (size before relaxing)
 *fill*         0x008496f2        0x2 00
 .rodata.str1.4
                0x008496f4       0x5e d:/altera/13.0sp1/nios2eds/bin/gnu/h-i686-mingw32/bin/../lib/gcc/nios2-elf/4.1.2/../../../../nios2-elf/lib\libc.a(lib_a-vfprintf.o)
                                 0x60 (size before relaxing)
 .rodata        0x00849752       0x20 d:/altera/13.0sp1/nios2eds/bin/gnu/h-i686-mingw32/bin/../lib/gcc/nios2-elf/4.1.2/../../../../nios2-elf/lib\libc.a(lib_a-vfprintf.o)
 *fill*         0x00849772        0x2 00
 .rodata.str1.4
                0x00849774       0x10 d:/altera/13.0sp1/nios2eds/bin/gnu/h-i686-mingw32/bin/../lib/gcc/nios2-elf/4.1.2/../../../../nios2-elf/lib\libc.a(lib_a-dtoa.o)
                                 0x14 (size before relaxing)
 .rodata.str1.4
                0x00849784       0x10 d:/altera/13.0sp1/nios2eds/bin/gnu/h-i686-mingw32/bin/../lib/gcc/nios2-elf/4.1.2/../../../../nios2-elf/lib\libc.a(lib_a-locale.o)
                                 0x18 (size before relaxing)
 .rodata        0x00849794       0x30 d:/altera/13.0sp1/nios2eds/bin/gnu/h-i686-mingw32/bin/../lib/gcc/nios2-elf/4.1.2/../../../../nios2-elf/lib\libc.a(lib_a-locale.o)
 .rodata        0x008497c4      0x124 d:/altera/13.0sp1/nios2eds/bin/gnu/h-i686-mingw32/bin/../lib/gcc/nios2-elf/4.1.2/../../../../nios2-elf/lib\libc.a(lib_a-mprec.o)
                0x008497c4                __mprec_tens
                0x0084988c                __mprec_bigtens
                0x008498b4                __mprec_tinytens
 .rodata        0x008498e8       0x14 ../fir_bsp/\libucosii_bsp.a(alt_main.o)
 .rodata        0x008498fc      0x120 ../fir_bsp/\libucosii_bsp.a(os_core.o)
                0x008498fc                OSUnMapTbl
 .rodata        0x00849a1c       0x60 ../fir_bsp/\libucosii_bsp.a(alt_sys_init.o)
 .rodata        0x00849a7c       0xd8 ../fir_bsp/\libucosii_bsp.a(ipnet.o)
 .rodata        0x00849b54       0xec ../fir_bsp/\libucosii_bsp.a(ipstart.o)
 .rodata        0x00849c40      0x54c ../fir_bsp/\libucosii_bsp.a(igmp_cmn.o)
 .rodata        0x0084a18c       0xb8 ../fir_bsp/\libucosii_bsp.a(in_utils.o)
 .rodata        0x0084a244       0x94 ../fir_bsp/\libucosii_bsp.a(parseip.o)
 .rodata        0x0084a2d8      0x1a8 ../fir_bsp/\libucosii_bsp.a(tk_crnos.o)
 .rodata        0x0084a480      0x118 ../fir_bsp/\libucosii_bsp.a(pktalloc.o)
 .rodata        0x0084a598       0x2c ../fir_bsp/\libucosii_bsp.a(brdutils.o)
 .rodata        0x0084a5c4      0x26c ../fir_bsp/\libucosii_bsp.a(osportco.o)
 .rodata        0x0084a830       0xa0 ../fir_bsp/\libucosii_bsp.a(targnios.o)
 .rodata        0x0084a8d0       0x90 ../fir_bsp/\libucosii_bsp.a(nptcp.o)
 .rodata        0x0084a960        0x8 ../fir_bsp/\libucosii_bsp.a(sockcall.o)
 .rodata        0x0084a968       0x50 ../fir_bsp/\libucosii_bsp.a(socket.o)
 .rodata        0x0084a9b8       0x40 ../fir_bsp/\libucosii_bsp.a(socket2.o)
 .rodata        0x0084a9f8       0x20 ../fir_bsp/\libucosii_bsp.a(tcp_in.o)
 .rodata        0x0084aa18       0x40 ../fir_bsp/\libucosii_bsp.a(tcp_out.o)
 .rodata        0x0084aa58       0x24 ../fir_bsp/\libucosii_bsp.a(tcp_subr.o)
 .rodata        0x0084aa7c       0x2c ../fir_bsp/\libucosii_bsp.a(tcp_usr.o)
 .rodata        0x0084aaa8        0xc ../fir_bsp/\libucosii_bsp.a(alt_dev.o)
 .rodata        0x0084aab4        0x4 ../fir_bsp/\libucosii_bsp.a(os_cpu_c.o)
 .rodata        0x0084aab8      0x1d4 ../fir_bsp/\libucosii_bsp.a(allports.o)
 .rodata        0x0084ac8c       0x34 ../fir_bsp/\libucosii_bsp.a(tk_misc.o)
 .rodata        0x0084acc0       0x44 ../fir_bsp/\libucosii_bsp.a(et_arp.o)
 .rodata        0x0084ad04      0x1dc ../fir_bsp/\libucosii_bsp.a(ip.o)
 .rodata        0x0084aee0      0x120 ../fir_bsp/\libucosii_bsp.a(ipdemux.o)
 .rodata        0x0084b000       0x34 ../fir_bsp/\libucosii_bsp.a(ipport.o)
 .rodata        0x0084b034       0x24 ../fir_bsp/\libucosii_bsp.a(ipraw.o)
 .rodata        0x0084b058       0x38 ../fir_bsp/\libucosii_bsp.a(iproute.o)
 .rodata        0x0084b090       0xe8 ../fir_bsp/\libucosii_bsp.a(udp.o)
 .rodata        0x0084b178      0x2d0 ../fir_bsp/\libucosii_bsp.a(u_mctest.o)
 .rodata        0x0084b448       0xf8 ../fir_bsp/\libucosii_bsp.a(dhcsetup.o)
 .rodata        0x0084b540       0x34 ../fir_bsp/\libucosii_bsp.a(netmain.o)
 .rodata        0x0084b574        0x8 ../fir_bsp/\libucosii_bsp.a(dhcpclnt.o)
 .rodata        0x0084b57c       0x84 ../fir_bsp/\libucosii_bsp.a(udp_open.o)
 .rodata        0x0084b600       0x34 ../fir_bsp/\libucosii_bsp.a(vfsfiles.o)
 .rodata        0x0084b634      0x318 ../fir_bsp/\libucosii_bsp.a(icmp.o)
 .rodata        0x0084b94c      0x158 ../fir_bsp/\libucosii_bsp.a(ip_reasm.o)
 *(.rodata1)
                0x0084baa4                . = ALIGN (0x4)
                0x0084baa4                PROVIDE (__ram_rodata_end, ABSOLUTE (.))
                0x00846f54                PROVIDE (__flash_rodata_start, LOADADDR (.rodata))

.rwdata         0x0084baa4     0x213c
                0x0084baa4                PROVIDE (__ram_rwdata_start, ABSOLUTE (.))
                0x0084baa4                . = ALIGN (0x4)
 *(.got.plt)
 *(.got)
 *(.data1)
 *(.data .data.* .gnu.linkonce.d.*)
 .data          0x0084baa4        0x0 ../fir_bsp//obj/HAL/src/crt0.o
 .data          0x0084baa4        0x0 obj/default/LCD.o
 .data          0x0084baa4        0x0 obj/default/SSS_DE2_115.o
 .data          0x0084baa4        0x0 obj/default/alt_error_handler.o
 .data          0x0084baa4        0x0 obj/default/dm9000a.o
 .data          0x0084baa4       0x18 obj/default/iniche_init.o
                0x0084baa4                ssstask
 .data          0x0084babc        0x0 obj/default/led.o
 .data          0x0084babc        0x0 obj/default/network_utilities.o
 .data          0x0084babc        0x0 obj/default/simple_socket_server.o
 .data          0x0084babc        0x0 obj/default/tse_my_system.o
 .data          0x0084babc        0x0 d:/altera/13.0sp1/nios2eds/bin/gnu/h-i686-mingw32/bin/../lib/gcc/nios2-elf/4.1.2\libgcc.a(_fixunsdfsi.o)
 .data          0x0084babc        0x0 d:/altera/13.0sp1/nios2eds/bin/gnu/h-i686-mingw32/bin/../lib/gcc/nios2-elf/4.1.2\libgcc.a(_addsub_df.o)
 .data          0x0084babc        0x0 d:/altera/13.0sp1/nios2eds/bin/gnu/h-i686-mingw32/bin/../lib/gcc/nios2-elf/4.1.2\libgcc.a(_mul_df.o)
 .data          0x0084babc        0x0 d:/altera/13.0sp1/nios2eds/bin/gnu/h-i686-mingw32/bin/../lib/gcc/nios2-elf/4.1.2\libgcc.a(_ge_df.o)
 .data          0x0084babc        0x0 d:/altera/13.0sp1/nios2eds/bin/gnu/h-i686-mingw32/bin/../lib/gcc/nios2-elf/4.1.2\libgcc.a(_df_to_si.o)
 .data          0x0084babc        0x0 d:/altera/13.0sp1/nios2eds/bin/gnu/h-i686-mingw32/bin/../lib/gcc/nios2-elf/4.1.2\libgcc.a(_thenan_df.o)
 .data          0x0084babc        0x0 d:/altera/13.0sp1/nios2eds/bin/gnu/h-i686-mingw32/bin/../lib/gcc/nios2-elf/4.1.2\libgcc.a(_usi_to_df.o)
 .data          0x0084babc        0x0 d:/altera/13.0sp1/nios2eds/bin/gnu/h-i686-mingw32/bin/../lib/gcc/nios2-elf/4.1.2\libgcc.a(_muldi3.o)
 .data          0x0084babc        0x0 d:/altera/13.0sp1/nios2eds/bin/gnu/h-i686-mingw32/bin/../lib/gcc/nios2-elf/4.1.2\libgcc.a(_clzsi2.o)
 .data          0x0084babc        0x0 d:/altera/13.0sp1/nios2eds/bin/gnu/h-i686-mingw32/bin/../lib/gcc/nios2-elf/4.1.2\libgcc.a(_pack_df.o)
 .data          0x0084babc        0x0 d:/altera/13.0sp1/nios2eds/bin/gnu/h-i686-mingw32/bin/../lib/gcc/nios2-elf/4.1.2\libgcc.a(_unpack_df.o)
 .data          0x0084babc        0x0 d:/altera/13.0sp1/nios2eds/bin/gnu/h-i686-mingw32/bin/../lib/gcc/nios2-elf/4.1.2\libgcc.a(_fpcmp_parts_df.o)
 .data          0x0084babc        0x0 d:/altera/13.0sp1/nios2eds/bin/gnu/h-i686-mingw32/bin/../lib/gcc/nios2-elf/4.1.2\libgcc.a(_clz.o)
 .data          0x0084babc        0x0 d:/altera/13.0sp1/nios2eds/bin/gnu/h-i686-mingw32/bin/../lib/gcc/nios2-elf/4.1.2/../../../../nios2-elf/lib\libc.a(lib_a-ctype_.o)
 .data          0x0084babc        0x0 d:/altera/13.0sp1/nios2eds/bin/gnu/h-i686-mingw32/bin/../lib/gcc/nios2-elf/4.1.2/../../../../nios2-elf/lib\libc.a(lib_a-exit.o)
 .data          0x0084babc        0x0 d:/altera/13.0sp1/nios2eds/bin/gnu/h-i686-mingw32/bin/../lib/gcc/nios2-elf/4.1.2/../../../../nios2-elf/lib\libc.a(lib_a-fprintf.o)
 .data          0x0084babc        0x0 d:/altera/13.0sp1/nios2eds/bin/gnu/h-i686-mingw32/bin/../lib/gcc/nios2-elf/4.1.2/../../../../nios2-elf/lib\libc.a(lib_a-fwrite.o)
 .data          0x0084babc        0x0 d:/altera/13.0sp1/nios2eds/bin/gnu/h-i686-mingw32/bin/../lib/gcc/nios2-elf/4.1.2/../../../../nios2-elf/lib\libc.a(lib_a-getc.o)
 .data          0x0084babc      0x400 d:/altera/13.0sp1/nios2eds/bin/gnu/h-i686-mingw32/bin/../lib/gcc/nios2-elf/4.1.2/../../../../nios2-elf/lib\libc.a(lib_a-impure.o)
 .data          0x0084bebc        0x0 d:/altera/13.0sp1/nios2eds/bin/gnu/h-i686-mingw32/bin/../lib/gcc/nios2-elf/4.1.2/../../../../nios2-elf/lib\libc.a(lib_a-malloc.o)
 .data          0x0084bebc      0x408 d:/altera/13.0sp1/nios2eds/bin/gnu/h-i686-mingw32/bin/../lib/gcc/nios2-elf/4.1.2/../../../../nios2-elf/lib\libc.a(lib_a-mallocr.o)
                0x0084bebc                __malloc_av_
 .data          0x0084c2c4        0x0 d:/altera/13.0sp1/nios2eds/bin/gnu/h-i686-mingw32/bin/../lib/gcc/nios2-elf/4.1.2/../../../../nios2-elf/lib\libc.a(lib_a-memcpy.o)
 .data          0x0084c2c4        0x0 d:/altera/13.0sp1/nios2eds/bin/gnu/h-i686-mingw32/bin/../lib/gcc/nios2-elf/4.1.2/../../../../nios2-elf/lib\libc.a(lib_a-memmove.o)
 .data          0x0084c2c4        0x0 d:/altera/13.0sp1/nios2eds/bin/gnu/h-i686-mingw32/bin/../lib/gcc/nios2-elf/4.1.2/../../../../nios2-elf/lib\libc.a(lib_a-memset.o)
 .data          0x0084c2c4        0x0 d:/altera/13.0sp1/nios2eds/bin/gnu/h-i686-mingw32/bin/../lib/gcc/nios2-elf/4.1.2/../../../../nios2-elf/lib\libc.a(lib_a-perror.o)
 .data          0x0084c2c4        0x0 d:/altera/13.0sp1/nios2eds/bin/gnu/h-i686-mingw32/bin/../lib/gcc/nios2-elf/4.1.2/../../../../nios2-elf/lib\libc.a(lib_a-printf.o)
 .data          0x0084c2c4        0x0 d:/altera/13.0sp1/nios2eds/bin/gnu/h-i686-mingw32/bin/../lib/gcc/nios2-elf/4.1.2/../../../../nios2-elf/lib\libc.a(lib_a-putc.o)
 .data          0x0084c2c4        0x0 d:/altera/13.0sp1/nios2eds/bin/gnu/h-i686-mingw32/bin/../lib/gcc/nios2-elf/4.1.2/../../../../nios2-elf/lib\libc.a(lib_a-putchar.o)
 .data          0x0084c2c4        0x0 d:/altera/13.0sp1/nios2eds/bin/gnu/h-i686-mingw32/bin/../lib/gcc/nios2-elf/4.1.2/../../../../nios2-elf/lib\libc.a(lib_a-puts.o)
 .data          0x0084c2c4        0x0 d:/altera/13.0sp1/nios2eds/bin/gnu/h-i686-mingw32/bin/../lib/gcc/nios2-elf/4.1.2/../../../../nios2-elf/lib\libc.a(lib_a-rget.o)
 .data          0x0084c2c4        0x0 d:/altera/13.0sp1/nios2eds/bin/gnu/h-i686-mingw32/bin/../lib/gcc/nios2-elf/4.1.2/../../../../nios2-elf/lib\libc.a(lib_a-sbrkr.o)
 .data          0x0084c2c4        0x0 d:/altera/13.0sp1/nios2eds/bin/gnu/h-i686-mingw32/bin/../lib/gcc/nios2-elf/4.1.2/../../../../nios2-elf/lib\libc.a(lib_a-strchr.o)
 .data          0x0084c2c4        0x0 d:/altera/13.0sp1/nios2eds/bin/gnu/h-i686-mingw32/bin/../lib/gcc/nios2-elf/4.1.2/../../../../nios2-elf/lib\libc.a(lib_a-strerror.o)
 .data          0x0084c2c4        0x0 d:/altera/13.0sp1/nios2eds/bin/gnu/h-i686-mingw32/bin/../lib/gcc/nios2-elf/4.1.2/../../../../nios2-elf/lib\libc.a(lib_a-strlen.o)
 .data          0x0084c2c4        0x0 d:/altera/13.0sp1/nios2eds/bin/gnu/h-i686-mingw32/bin/../lib/gcc/nios2-elf/4.1.2/../../../../nios2-elf/lib\libc.a(lib_a-u_strerr.o)
 .data          0x0084c2c4        0x0 d:/altera/13.0sp1/nios2eds/bin/gnu/h-i686-mingw32/bin/../lib/gcc/nios2-elf/4.1.2/../../../../nios2-elf/lib\libc.a(lib_a-vfprintf.o)
 .data          0x0084c2c4        0x0 d:/altera/13.0sp1/nios2eds/bin/gnu/h-i686-mingw32/bin/../lib/gcc/nios2-elf/4.1.2/../../../../nios2-elf/lib\libc.a(lib_a-wbuf.o)
 .data          0x0084c2c4        0x0 d:/altera/13.0sp1/nios2eds/bin/gnu/h-i686-mingw32/bin/../lib/gcc/nios2-elf/4.1.2/../../../../nios2-elf/lib\libc.a(lib_a-wsetup.o)
 .data          0x0084c2c4        0x0 d:/altera/13.0sp1/nios2eds/bin/gnu/h-i686-mingw32/bin/../lib/gcc/nios2-elf/4.1.2/../../../../nios2-elf/lib\libc.a(lib_a-__call_atexit.o)
 .data          0x0084c2c4        0x0 d:/altera/13.0sp1/nios2eds/bin/gnu/h-i686-mingw32/bin/../lib/gcc/nios2-elf/4.1.2/../../../../nios2-elf/lib\libc.a(lib_a-dtoa.o)
 .data          0x0084c2c4        0x0 d:/altera/13.0sp1/nios2eds/bin/gnu/h-i686-mingw32/bin/../lib/gcc/nios2-elf/4.1.2/../../../../nios2-elf/lib\libc.a(lib_a-fflush.o)
 .data          0x0084c2c4        0x0 d:/altera/13.0sp1/nios2eds/bin/gnu/h-i686-mingw32/bin/../lib/gcc/nios2-elf/4.1.2/../../../../nios2-elf/lib\libc.a(lib_a-findfp.o)
 .data          0x0084c2c4        0x0 d:/altera/13.0sp1/nios2eds/bin/gnu/h-i686-mingw32/bin/../lib/gcc/nios2-elf/4.1.2/../../../../nios2-elf/lib\libc.a(lib_a-fputc.o)
 .data          0x0084c2c4        0x0 d:/altera/13.0sp1/nios2eds/bin/gnu/h-i686-mingw32/bin/../lib/gcc/nios2-elf/4.1.2/../../../../nios2-elf/lib\libc.a(lib_a-fputs.o)
 .data          0x0084c2c4        0x0 d:/altera/13.0sp1/nios2eds/bin/gnu/h-i686-mingw32/bin/../lib/gcc/nios2-elf/4.1.2/../../../../nios2-elf/lib\libc.a(lib_a-freer.o)
 .data          0x0084c2c4        0x0 d:/altera/13.0sp1/nios2eds/bin/gnu/h-i686-mingw32/bin/../lib/gcc/nios2-elf/4.1.2/../../../../nios2-elf/lib\libc.a(lib_a-fvwrite.o)
 .data          0x0084c2c4        0x0 d:/altera/13.0sp1/nios2eds/bin/gnu/h-i686-mingw32/bin/../lib/gcc/nios2-elf/4.1.2/../../../../nios2-elf/lib\libc.a(lib_a-fwalk.o)
 .data          0x0084c2c4        0x0 d:/altera/13.0sp1/nios2eds/bin/gnu/h-i686-mingw32/bin/../lib/gcc/nios2-elf/4.1.2/../../../../nios2-elf/lib\libc.a(lib_a-int_errno.o)
 .data          0x0084c2c4        0xc d:/altera/13.0sp1/nios2eds/bin/gnu/h-i686-mingw32/bin/../lib/gcc/nios2-elf/4.1.2/../../../../nios2-elf/lib\libc.a(lib_a-locale.o)
                0x0084c2c4                __lc_ctype
 .data          0x0084c2d0        0x0 d:/altera/13.0sp1/nios2eds/bin/gnu/h-i686-mingw32/bin/../lib/gcc/nios2-elf/4.1.2/../../../../nios2-elf/lib\libc.a(lib_a-makebuf.o)
 .data          0x0084c2d0        0x0 d:/altera/13.0sp1/nios2eds/bin/gnu/h-i686-mingw32/bin/../lib/gcc/nios2-elf/4.1.2/../../../../nios2-elf/lib\libc.a(lib_a-memchr.o)
 .data          0x0084c2d0        0x0 d:/altera/13.0sp1/nios2eds/bin/gnu/h-i686-mingw32/bin/../lib/gcc/nios2-elf/4.1.2/../../../../nios2-elf/lib\libc.a(lib_a-mprec.o)
 .data          0x0084c2d0        0x0 d:/altera/13.0sp1/nios2eds/bin/gnu/h-i686-mingw32/bin/../lib/gcc/nios2-elf/4.1.2/../../../../nios2-elf/lib\libc.a(lib_a-reallocr.o)
 .data          0x0084c2d0        0x0 d:/altera/13.0sp1/nios2eds/bin/gnu/h-i686-mingw32/bin/../lib/gcc/nios2-elf/4.1.2/../../../../nios2-elf/lib\libc.a(lib_a-refill.o)
 .data          0x0084c2d0        0x0 d:/altera/13.0sp1/nios2eds/bin/gnu/h-i686-mingw32/bin/../lib/gcc/nios2-elf/4.1.2/../../../../nios2-elf/lib\libc.a(lib_a-s_isinfd.o)
 .data          0x0084c2d0        0x0 d:/altera/13.0sp1/nios2eds/bin/gnu/h-i686-mingw32/bin/../lib/gcc/nios2-elf/4.1.2/../../../../nios2-elf/lib\libc.a(lib_a-s_isnand.o)
 .data          0x0084c2d0        0x0 d:/altera/13.0sp1/nios2eds/bin/gnu/h-i686-mingw32/bin/../lib/gcc/nios2-elf/4.1.2/../../../../nios2-elf/lib\libc.a(lib_a-stdio.o)
 .data          0x0084c2d0        0x0 d:/altera/13.0sp1/nios2eds/bin/gnu/h-i686-mingw32/bin/../lib/gcc/nios2-elf/4.1.2/../../../../nios2-elf/lib\libc.a(lib_a-strcmp.o)
 .data          0x0084c2d0        0x0 d:/altera/13.0sp1/nios2eds/bin/gnu/h-i686-mingw32/bin/../lib/gcc/nios2-elf/4.1.2/../../../../nios2-elf/lib\libc.a(lib_a-writer.o)
 .data          0x0084c2d0        0x0 d:/altera/13.0sp1/nios2eds/bin/gnu/h-i686-mingw32/bin/../lib/gcc/nios2-elf/4.1.2/../../../../nios2-elf/lib\libc.a(lib_a-callocr.o)
 .data          0x0084c2d0        0x0 d:/altera/13.0sp1/nios2eds/bin/gnu/h-i686-mingw32/bin/../lib/gcc/nios2-elf/4.1.2/../../../../nios2-elf/lib\libc.a(lib_a-closer.o)
 .data          0x0084c2d0        0x0 d:/altera/13.0sp1/nios2eds/bin/gnu/h-i686-mingw32/bin/../lib/gcc/nios2-elf/4.1.2/../../../../nios2-elf/lib\libc.a(lib_a-fclose.o)
 .data          0x0084c2d0        0x0 d:/altera/13.0sp1/nios2eds/bin/gnu/h-i686-mingw32/bin/../lib/gcc/nios2-elf/4.1.2/../../../../nios2-elf/lib\libc.a(lib_a-fstatr.o)
 .data          0x0084c2d0        0x0 d:/altera/13.0sp1/nios2eds/bin/gnu/h-i686-mingw32/bin/../lib/gcc/nios2-elf/4.1.2/../../../../nios2-elf/lib\libc.a(lib_a-isattyr.o)
 .data          0x0084c2d0        0x0 d:/altera/13.0sp1/nios2eds/bin/gnu/h-i686-mingw32/bin/../lib/gcc/nios2-elf/4.1.2/../../../../nios2-elf/lib\libc.a(lib_a-lseekr.o)
 .data          0x0084c2d0        0x0 d:/altera/13.0sp1/nios2eds/bin/gnu/h-i686-mingw32/bin/../lib/gcc/nios2-elf/4.1.2/../../../../nios2-elf/lib\libc.a(lib_a-readr.o)
 .data          0x0084c2d0        0x0 d:/altera/13.0sp1/nios2eds/bin/gnu/h-i686-mingw32/bin/../lib/gcc/nios2-elf/4.1.2\libgcc.a(_udivdi3.o)
 .data          0x0084c2d0        0x0 d:/altera/13.0sp1/nios2eds/bin/gnu/h-i686-mingw32/bin/../lib/gcc/nios2-elf/4.1.2\libgcc.a(_umoddi3.o)