Archive member included because of file (symbol)

d:/altera/13.0sp1/nios2eds/bin/gnu/h-i686-mingw32/bin/../lib/gcc/nios2-elf/4.1.2\libgcc.a(_fixunsdfsi.o)
                              obj/default/dm9000a.o (__fixunsdfsi)
d:/altera/13.0sp1/nios2eds/bin/gnu/h-i686-mingw32/bin/../lib/gcc/nios2-elf/4.1.2\libgcc.a(_addsub_df.o)
                              d:/altera/13.0sp1/nios2eds/bin/gnu/h-i686-mingw32/bin/../lib/gcc/nios2-elf/4.1.2\libgcc.a(_fixunsdfsi.o) (__subdf3)
d:/altera/13.0sp1/nios2eds/bin/gnu/h-i686-mingw32/bin/../lib/gcc/nios2-elf/4.1.2\libgcc.a(_mul_df.o)
                              obj/default/dm9000a.o (__muldf3)
d:/altera/13.0sp1/nios2eds/bin/gnu/h-i686-mingw32/bin/../lib/gcc/nios2-elf/4.1.2\libgcc.a(_ge_df.o)
                              d:/altera/13.0sp1/nios2eds/bin/gnu/h-i686-mingw32/bin/../lib/gcc/nios2-elf/4.1.2\libgcc.a(_fixunsdfsi.o) (__gedf2)
d:/altera/13.0sp1/nios2eds/bin/gnu/h-i686-mingw32/bin/../lib/gcc/nios2-elf/4.1.2\libgcc.a(_df_to_si.o)
                              d:/altera/13.0sp1/nios2eds/bin/gnu/h-i686-mingw32/bin/../lib/gcc/nios2-elf/4.1.2\libgcc.a(_fixunsdfsi.o) (__fixdfsi)
d:/altera/13.0sp1/nios2eds/bin/gnu/h-i686-mingw32/bin/../lib/gcc/nios2-elf/4.1.2\libgcc.a(_thenan_df.o)
                              d:/altera/13.0sp1/nios2eds/bin/gnu/h-i686-mingw32/bin/../lib/gcc/nios2-elf/4.1.2\libgcc.a(_addsub_df.o) (__thenan_df)
d:/altera/13.0sp1/nios2eds/bin/gnu/h-i686-mingw32/bin/../lib/gcc/nios2-elf/4.1.2\libgcc.a(_usi_to_df.o)
                              obj/default/dm9000a.o (__floatunsidf)
d:/altera/13.0sp1/nios2eds/bin/gnu/h-i686-mingw32/bin/../lib/gcc/nios2-elf/4.1.2\libgcc.a(_muldi3.o)
                              d:/altera/13.0sp1/nios2eds/bin/gnu/h-i686-mingw32/bin/../lib/gcc/nios2-elf/4.1.2\libgcc.a(_mul_df.o) (__muldi3)
d:/altera/13.0sp1/nios2eds/bin/gnu/h-i686-mingw32/bin/../lib/gcc/nios2-elf/4.1.2\libgcc.a(_clzsi2.o)
                              d:/altera/13.0sp1/nios2eds/bin/gnu/h-i686-mingw32/bin/../lib/gcc/nios2-elf/4.1.2\libgcc.a(_usi_to_df.o) (__clzsi2)
d:/altera/13.0sp1/nios2eds/bin/gnu/h-i686-mingw32/bin/../lib/gcc/nios2-elf/4.1.2\libgcc.a(_pack_df.o)
                              d:/altera/13.0sp1/nios2eds/bin/gnu/h-i686-mingw32/bin/../lib/gcc/nios2-elf/4.1.2\libgcc.a(_addsub_df.o) (__pack_d)
d:/altera/13.0sp1/nios2eds/bin/gnu/h-i686-mingw32/bin/../lib/gcc/nios2-elf/4.1.2\libgcc.a(_unpack_df.o)
                              d:/altera/13.0sp1/nios2eds/bin/gnu/h-i686-mingw32/bin/../lib/gcc/nios2-elf/4.1.2\libgcc.a(_addsub_df.o) (__unpack_d)
d:/altera/13.0sp1/nios2eds/bin/gnu/h-i686-mingw32/bin/../lib/gcc/nios2-elf/4.1.2\libgcc.a(_fpcmp_parts_df.o)
                              d:/altera/13.0sp1/nios2eds/bin/gnu/h-i686-mingw32/bin/../lib/gcc/nios2-elf/4.1.2\libgcc.a(_ge_df.o) (__fpcmp_parts_d)
d:/altera/13.0sp1/nios2eds/bin/gnu/h-i686-mingw32/bin/../lib/gcc/nios2-elf/4.1.2\libgcc.a(_clz.o)
                              d:/altera/13.0sp1/nios2eds/bin/gnu/h-i686-mingw32/bin/../lib/gcc/nios2-elf/4.1.2\libgcc.a(_clzsi2.o) (__clz_tab)
d:/altera/13.0sp1/nios2eds/bin/gnu/h-i686-mingw32/bin/../lib/gcc/nios2-elf/4.1.2/../../../../nios2-elf/lib\libc.a(lib_a-ctype_.o)
                              obj/default/network_utilities.o (__ctype_ptr)
d:/altera/13.0sp1/nios2eds/bin/gnu/h-i686-mingw32/bin/../lib/gcc/nios2-elf/4.1.2/../../../../nios2-elf/lib\libc.a(lib_a-exit.o)
                              obj/default/iniche_init.o (exit)
d:/altera/13.0sp1/nios2eds/bin/gnu/h-i686-mingw32/bin/../lib/gcc/nios2-elf/4.1.2/../../../../nios2-elf/lib\libc.a(lib_a-fprintf.o)
                              obj/default/alt_error_handler.o (fprintf)
d:/altera/13.0sp1/nios2eds/bin/gnu/h-i686-mingw32/bin/../lib/gcc/nios2-elf/4.1.2/../../../../nios2-elf/lib\libc.a(lib_a-fwrite.o)
                              obj/default/alt_error_handler.o (fwrite)
d:/altera/13.0sp1/nios2eds/bin/gnu/h-i686-mingw32/bin/../lib/gcc/nios2-elf/4.1.2/../../../../nios2-elf/lib\libc.a(lib_a-getc.o)
                              obj/default/network_utilities.o (getc)
d:/altera/13.0sp1/nios2eds/bin/gnu/h-i686-mingw32/bin/../lib/gcc/nios2-elf/4.1.2/../../../../nios2-elf/lib\libc.a(lib_a-impure.o)
                              obj/default/alt_error_handler.o (_impure_ptr)
d:/altera/13.0sp1/nios2eds/bin/gnu/h-i686-mingw32/bin/../lib/gcc/nios2-elf/4.1.2/../../../../nios2-elf/lib\libc.a(lib_a-malloc.o)
                              obj/default/iniche_init.o (malloc)
d:/altera/13.0sp1/nios2eds/bin/gnu/h-i686-mingw32/bin/../lib/gcc/nios2-elf/4.1.2/../../../../nios2-elf/lib\libc.a(lib_a-mallocr.o)
                              d:/altera/13.0sp1/nios2eds/bin/gnu/h-i686-mingw32/bin/../lib/gcc/nios2-elf/4.1.2/../../../../nios2-elf/lib\libc.a(lib_a-malloc.o) (_malloc_r)
d:/altera/13.0sp1/nios2eds/bin/gnu/h-i686-mingw32/bin/../lib/gcc/nios2-elf/4.1.2/../../../../nios2-elf/lib\libc.a(lib_a-memcpy.o)
                              obj/default/simple_socket_server.o (memcpy)
[...]
Memory Configuration

Name             Origin             Length             Attributes
sdram_0_BEFORE_EXCEPTION 0x00800000         0x00000020
sdram_0          0x00800020         0x007fffe0
reset            0x01400000         0x00000020
cfi_flash_0      0x01400020         0x003fffe0
sram_0           0x01a00000         0x00080000
epcs_controller  0x01a81800         0x00000800
*default*        0x00000000         0xffffffff

Linker script and memory map

LOAD ../fir_bsp//obj/HAL/src/crt0.o
LOAD obj/default/LCD.o
LOAD obj/default/SSS_DE2_115.o
LOAD obj/default/alt_error_handler.o
LOAD obj/default/dm9000a.o
LOAD obj/default/iniche_init.o
LOAD obj/default/led.o
LOAD obj/default/network_utilities.o
LOAD obj/default/simple_socket_server.o
LOAD obj/default/tse_my_system.o
LOAD d:/altera/13.0sp1/nios2eds/bin/gnu/h-i686-mingw32/bin/../lib/gcc/nios2-elf/4.1.2/../../../../nios2-elf/lib\libstdc++.a
LOAD d:/altera/13.0sp1/nios2eds/bin/gnu/h-i686-mingw32/bin/../lib/gcc/nios2-elf/4.1.2/../../../../nios2-elf/lib\libm.a
LOAD d:/altera/13.0sp1/nios2eds/bin/gnu/h-i686-mingw32/bin/../lib/gcc/nios2-elf/4.1.2\libgcc.a
START GROUP
LOAD d:/altera/13.0sp1/nios2eds/bin/gnu/h-i686-mingw32/bin/../lib/gcc/nios2-elf/4.1.2/../../../../nios2-elf/lib\libc.a
LOAD d:/altera/13.0sp1/nios2eds/bin/gnu/h-i686-mingw32/bin/../lib/gcc/nios2-elf/4.1.2\libgcc.a
LOAD ../fir_bsp/\libucosii_bsp.a
END GROUP
LOAD d:/altera/13.0sp1/nios2eds/bin/gnu/h-i686-mingw32/bin/../lib/gcc/nios2-elf/4.1.2\libgcc.a
                0x00800000                __alt_mem_sdram_0 = 0x800000
                0x01400000                __alt_mem_cfi_flash_0 = 0x1400000
                0x01a00000                __alt_mem_sram_0 = 0x1a00000
                0x01a81800                __alt_mem_epcs_controller = 0x1a81800

.entry          0x01400000        0x0
 *(.entry)
 .entry         0x01400000        0x0 ../fir_bsp//obj/HAL/src/crt0.o
                0x01400000                __reset

.exceptions     0x00800020      0x19c
                0x00800020                PROVIDE (__ram_exceptions_start, ABSOLUTE (.))
                0x00800020                . = ALIGN (0x20)
 *(.irq)
 *(.exceptions.entry.label)
 .exceptions.entry.label
                0x00800020        0x0 ../fir_bsp/\libucosii_bsp.a(alt_irq_entry.o)
                0x00800020                alt_irq_entry
 .exceptions.entry.label
                0x00800020        0x0 ../fir_bsp/\libucosii_bsp.a(alt_exception_entry.o)
                0x00800020                alt_exception
 *(.exceptions.entry.user)
 *(.exceptions.entry)
 .exceptions.entry
                0x00800020       0x54 ../fir_bsp/\libucosii_bsp.a(alt_exception_entry.o)
 *(.exceptions.irqtest.user)
 *(.exceptions.irqtest)
 .exceptions.irqtest
                0x00800074       0x10 ../fir_bsp/\libucosii_bsp.a(alt_irq_entry.o)
 *(.exceptions.irqhandler.user)
 *(.exceptions.irqhandler)
 .exceptions.irqhandler
                0x00800084        0x4 ../fir_bsp/\libucosii_bsp.a(alt_irq_entry.o)
 *(.exceptions.irqreturn.user)
 *(.exceptions.irqreturn)
 .exceptions.irqreturn
                0x00800088        0x4 ../fir_bsp/\libucosii_bsp.a(alt_irq_entry.o)
 *(.exceptions.notirq.label)
 .exceptions.notirq.label
                0x0080008c        0x0 ../fir_bsp/\libucosii_bsp.a(alt_irq_entry.o)
 *(.exceptions.notirq.user)
 *(.exceptions.notirq)
 .exceptions.notirq
                0x0080008c        0x8 ../fir_bsp/\libucosii_bsp.a(alt_exception_entry.o)
 *(.exceptions.soft.user)
 *(.exceptions.soft)
 *(.exceptions.unknown.user)
 *(.exceptions.unknown)
 .exceptions.unknown
                0x00800094        0x4 ../fir_bsp/\libucosii_bsp.a(alt_exception_entry.o)
 *(.exceptions.exit.label)
 .exceptions.exit.label
                0x00800098        0x0 ../fir_bsp/\libucosii_bsp.a(alt_irq_entry.o)
 .exceptions.exit.label
                0x00800098        0x0 ../fir_bsp/\libucosii_bsp.a(alt_exception_entry.o)
 *(.exceptions.exit.user)
 *(.exceptions.exit)
 .exceptions.exit
                0x00800098       0x54 ../fir_bsp/\libucosii_bsp.a(alt_exception_entry.o)
 *(.exceptions)
 .exceptions    0x008000ec       0xd0 ../fir_bsp/\libucosii_bsp.a(alt_irq_handler.o)
                0x008000ec                alt_irq_handler
                0x008001bc                PROVIDE (__ram_exceptions_end, ABSOLUTE (.))
                0x00800020                PROVIDE (__flash_exceptions_start, LOADADDR (.exceptions))

.text           0x008001bc    0x46d2c
                0x008001bc                PROVIDE (stext, ABSOLUTE (.))
 *(.interp)
 *(.hash)
 *(.dynsym)
 *(.dynstr)
 *(.gnu.version)
 *(.gnu.version_d)
 *(.gnu.version_r)
 *(.rel.init)
 *(.rela.init)
 *(.rel.text .rel.text.* .rel.gnu.linkonce.t.*)
 *(.rela.text .rela.text.* .rela.gnu.linkonce.t.*)
 *(.rel.fini)
 *(.rela.fini)
 *(.rel.rodata .rel.rodata.* .rel.gnu.linkonce.r.*)
 *(.rela.rodata .rela.rodata.* .rela.gnu.linkonce.r.*)
 *(.rel.data .rel.data.* .rel.gnu.linkonce.d.*)
 *(.rela.data .rela.data.* .rela.gnu.linkonce.d.*)
 *(.rel.tdata .rel.tdata.* .rel.gnu.linkonce.td.*)
 *(.rela.tdata .rela.tdata.* .rela.gnu.linkonce.td.*)
 *(.rel.tbss .rel.tbss.* .rel.gnu.linkonce.tb.*)
 *(.rela.tbss .rela.tbss.* .rela.gnu.linkonce.tb.*)
 *(.rel.ctors)
 *(.rela.ctors)
 *(.rel.dtors)
 *(.rela.dtors)
 *(.rel.got)
 *(.rela.got)
 *(.rel.sdata .rel.sdata.* .rel.gnu.linkonce.s.*)
 *(.rela.sdata .rela.sdata.* .rela.gnu.linkonce.s.*)
 *(.rel.sbss .rel.sbss.* .rel.gnu.linkonce.sb.*)
 *(.rela.sbss .rela.sbss.* .rela.gnu.linkonce.sb.*)
 *(.rel.sdata2 .rel.sdata2.* .rel.gnu.linkonce.s2.*)
 *(.rela.sdata2 .rela.sdata2.* .rela.gnu.linkonce.s2.*)
 *(.rel.sbss2 .rel.sbss2.* .rel.gnu.linkonce.sb2.*)
 *(.rela.sbss2 .rela.sbss2.* .rela.gnu.linkonce.sb2.*)
 *(.rel.bss .rel.bss.* .rel.gnu.linkonce.b.*)
 *(.rela.bss .rela.bss.* .rela.gnu.linkonce.b.*)
 *(.rel.plt)
 *(.rela.plt)
 *(.rel.dyn)
 *(.init)
 *(.plt)
 *(.text .stub .text.* .gnu.linkonce.t.*)
 .text          0x008001bc       0x48 ../fir_bsp//obj/HAL/src/crt0.o
                0x008001bc                _start
 .text          0x00800204      0x31c obj/default/LCD.o
                0x00800204                LCD_Init
                0x008002a0                LCD_Show_Text
                0x00800328                LCD_Line2
                0x00800364                LCD_Line1
                0x008003a0                LCD_Clear
                0x008003dc                LCD_Test
 .text          0x00800520      0x2ec obj/default/SSS_DE2_115.o
                0x00800520                get_DE2_115_mac_addr
                0x008006c8                FindLastFlashSectorOffset
 .text          0x0080080c      0xba8 obj/default/alt_error_handler.o
                0x0080080c                alt_uCOSIIErrorHandler
                0x00800e30                alt_NetworkErrorHandler
                0x008010c8                alt_SSSErrorHandler
 .text          0x008013b4      0xe48 obj/default/dm9000a.o
                0x008013b4                dm9000a_iow
                0x00801408                dm9000a_ior
                0x00801454                phy_write
                0x008014f0                dm9000a_reset
                0x008016b4                TransmitPacket
                0x008017d0                prep_dm9000a
                0x008019ec                dm9000a_init
                0x00801e3c                dm9Ka_isr_wrap
                0x00801e7c                dm9ka_init
                0x00801f74                dm9ka_close
                0x00802084                dm9ka_stats
                0x008020e0                dm9ka_pkt_send
 .text          0x008021fc      0x41c obj/default/iniche_init.o
                0x008021fc                SSSInitialTask
                0x0080226c                main
                0x00802368                str_length
                0x008023c8                binaryTodecimal
                0x0080246c                decimal_to_binary
                0x00802558                disp_7seg
 .text          0x00802618      0x324 obj/default/led.o
                0x00802618                led_bit_toggle
                0x008026e4                LED7SegLightshowTask
                0x00802758                LEDManagementTask
 .text          0x0080293c      0x73c obj/default/network_utilities.o
                0x0080293c                get_mac_addr
                0x00802994                get_ip_addr
                0x00802a00                get_serial_number
                0x00802bdc                generate_and_store_mac_addr
                0x00802da8                generate_mac_addr
                0x00802ee4                get_board_mac_addr
 .text          0x00803078      0x9f8 obj/default/simple_socket_server.o
                0x00803078                SSSCreateOSDataStructs
                0x00803120                SSSCreateTasks
                0x008031e4                sss_reset_connection
                0x00803254                sss_send_menu
                0x008033e4                sss_handle_accept
                0x008034a4                sss_exec_command
                0x00803618                sss_handle_receive
                0x00803804                SSSSimpleSocketServerTask
 .text          0x00803a70        0x0 obj/default/tse_my_system.o
 .text          0x00803a70       0xa4 d:/altera/13.0sp1/nios2eds/bin/gnu/h-i686-mingw32/bin/../lib/gcc/nios2-elf/4.1.2\libgcc.a(_fixunsdfsi.o)
                0x00803a70                __fixunsdfsi
 .text          0x00803b14      0x504 d:/altera/13.0sp1/nios2eds/bin/gnu/h-i686-mingw32/bin/../lib/gcc/nios2-elf/4.1.2\libgcc.a(_addsub_df.o)
                0x00803f24                __subdf3
                0x00803fa4                __adddf3
 .text          0x00804018      0x3c4 d:/altera/13.0sp1/nios2eds/bin/gnu/h-i686-mingw32/bin/../lib/gcc/nios2-elf/4.1.2\libgcc.a(_mul_df.o)
                0x00804018                __muldf3
 .text          0x008043dc       0x88 d:/altera/13.0sp1/nios2eds/bin/gnu/h-i686-mingw32/bin/../lib/gcc/nios2-elf/4.1.2\libgcc.a(_ge_df.o)
                0x008043dc                __gedf2
 .text          0x00804464       0xd8 d:/altera/13.0sp1/nios2eds/bin/gnu/h-i686-mingw32/bin/../lib/gcc/nios2-elf/4.1.2\libgcc.a(_df_to_si.o)
                0x00804464                __fixdfsi
 .text          0x0080453c        0x0 d:/altera/13.0sp1/nios2eds/bin/gnu/h-i686-mingw32/bin/../lib/gcc/nios2-elf/4.1.2\libgcc.a(_thenan_df.o)
 .text          0x0080453c      0x194 d:/altera/13.0sp1/nios2eds/bin/gnu/h-i686-mingw32/bin/../lib/gcc/nios2-elf/4.1.2\libgcc.a(_usi_to_df.o)
                0x0080453c                __floatunsidf
 .text          0x008046d0       0x98 d:/altera/13.0sp1/nios2eds/bin/gnu/h-i686-mingw32/bin/../lib/gcc/nios2-elf/4.1.2\libgcc.a(_muldi3.o)
                0x008046d0                __muldi3
 .text          0x00804768       0x80 d:/altera/13.0sp1/nios2eds/bin/gnu/h-i686-mingw32/bin/../lib/gcc/nios2-elf/4.1.2\libgcc.a(_clzsi2.o)
                0x00804768                __clzsi2
 .text          0x008047e8      0x314 d:/altera/13.0sp1/nios2eds/bin/gnu/h-i686-mingw32/bin/../lib/gcc/nios2-elf/4.1.2\libgcc.a(_pack_df.o)
                0x008047e8                __pack_d
 .text          0x00804afc      0x138 d:/altera/13.0sp1/nios2eds/bin/gnu/h-i686-mingw32/bin/../lib/gcc/nios2-elf/4.1.2\libgcc.a(_unpack_df.o)
                0x00804afc                __unpack_d
 .text          0x00804c34       0xc8 d:/altera/13.0sp1/nios2eds/bin/gnu/h-i686-mingw32/bin/../lib/gcc/nios2-elf/4.1.2\libgcc.a(_fpcmp_parts_df.o)
                0x00804c34                __fpcmp_parts_d
 .text          0x00804cfc        0x0 d:/altera/13.0sp1/nios2eds/bin/gnu/h-i686-mingw32/bin/../lib/gcc/nios2-elf/4.1.2\libgcc.a(_clz.o)
 .text          0x00804cfc        0x0 d:/altera/13.0sp1/nios2eds/bin/gnu/h-i686-mingw32/bin/../lib/gcc/nios2-elf/4.1.2/../../../../nios2-elf/lib\libc.a(lib_a-ctype_.o)
 .text          0x00804cfc       0x38 d:/altera/13.0sp1/nios2eds/bin/gnu/h-i686-mingw32/bin/../lib/gcc/nios2-elf/4.1.2/../../../../nios2-elf/lib\libc.a(lib_a-exit.o)
                0x00804cfc                exit
 .text          0x00804d34       0x60 d:/altera/13.0sp1/nios2eds/bin/gnu/h-i686-mingw32/bin/../lib/gcc/nios2-elf/4.1.2/../../../../nios2-elf/lib\libc.a(lib_a-fprintf.o)
                0x00804d34                fprintf
                0x00804d60                _fprintf_r
 .text          0x00804d94       0xdc d:/altera/13.0sp1/nios2eds/bin/gnu/h-i686-mingw32/bin/../lib/gcc/nios2-elf/4.1.2/../../../../nios2-elf/lib\libc.a(lib_a-fwrite.o)
                0x00804d94                _fwrite_r
                0x00804e30                fwrite
 .text          0x00804e70      0x128 d:/altera/13.0sp1/nios2eds/bin/gnu/h-i686-mingw32/bin/../lib/gcc/nios2-elf/4.1.2/../../../../nios2-elf/lib\libc.a(lib_a-getc.o)
                0x00804e70                getc
                0x00804f08                _getc_r
 .text          0x00804f98        0x0 d:/altera/13.0sp1/nios2eds/bin/gnu/h-i686-mingw32/bin/../lib/gcc/nios2-elf/4.1.2/../../../../nios2-elf/lib\libc.a(lib_a-impure.o)
 .text          0x00804f98       0x28 d:/altera/13.0sp1/nios2eds/bin/gnu/h-i686-mingw32/bin/../lib/gcc/nios2-elf/4.1.2/../../../../nios2-elf/lib\libc.a(lib_a-malloc.o)
                0x00804f98                free
                0x00804fac                malloc
 .text          0x00804fc0      0x740 d:/altera/13.0sp1/nios2eds/bin/gnu/h-i686-mingw32/bin/../lib/gcc/nios2-elf/4.1.2/../../../../nios2-elf/lib\libc.a(lib_a-mallocr.o)
                0x00804fc0                _malloc_r
 .text          0x00805700       0xa0 d:/altera/13.0sp1/nios2eds/bin/gnu/h-i686-mingw32/bin/../lib/gcc/nios2-elf/4.1.2/../../../../nios2-elf/lib\libc.a(lib_a-memcpy.o)
                0x00805700                memcpy
 .text          0x008057a0       0xe0 d:/altera/13.0sp1/nios2eds/bin/gnu/h-i686-mingw32/bin/../lib/gcc/nios2-elf/4.1.2/../../../../nios2-elf/lib\libc.a(lib_a-memmove.o)
                0x008057a0                memmove
 .text          0x00805880       0x98 d:/altera/13.0sp1/nios2eds/bin/gnu/h-i686-mingw32/bin/../lib/gcc/nios2-elf/4.1.2/../../../../nios2-elf/lib\libc.a(lib_a-memset.o)
                0x00805880                memset
 .text          0x00805918       0x80 d:/altera/13.0sp1/nios2eds/bin/gnu/h-i686-mingw32/bin/../lib/gcc/nios2-elf/4.1.2/../../../../nios2-elf/lib\libc.a(lib_a-perror.o)
                0x00805918                _perror_r
                0x00805984                perror
 .text          0x00805998       0x78 d:/altera/13.0sp1/nios2eds/bin/gnu/h-i686-mingw32/bin/../lib/gcc/nios2-elf/4.1.2/../../../../nios2-elf/lib\libc.a(lib_a-printf.o)
                0x00805998                printf
                0x008059dc                _printf_r
 .text          0x00805a10      0x1ec d:/altera/13.0sp1/nios2eds/bin/gnu/h-i686-mingw32/bin/../lib/gcc/nios2-elf/4.1.2/../../../../nios2-elf/lib\libc.a(lib_a-putc.o)
                0x00805a10                putc
                0x00805b14                _putc_r
 .text          0x00805bfc       0x24 d:/altera/13.0sp1/nios2eds/bin/gnu/h-i686-mingw32/bin/../lib/gcc/nios2-elf/4.1.2/../../../../nios2-elf/lib\libc.a(lib_a-putchar.o)
                0x00805bfc                putchar
                0x00805c18                _putchar_r
 .text          0x00805c20       0xb4 d:/altera/13.0sp1/nios2eds/bin/gnu/h-i686-mingw32/bin/../lib/gcc/nios2-elf/4.1.2/../../../../nios2-elf/lib\libc.a(lib_a-puts.o)
                0x00805c20                _puts_r
                0x00805cc0                puts
 .text          0x00805cd4       0x60 d:/altera/13.0sp1/nios2eds/bin/gnu/h-i686-mingw32/bin/../lib/gcc/nios2-elf/4.1.2/../../../../nios2-elf/lib\libc.a(lib_a-rget.o)
                0x00805cd4                __srget_r
                0x00805d20                __srget
 .text          0x00805d34       0x70 d:/altera/13.0sp1/nios2eds/bin/gnu/h-i686-mingw32/bin/../lib/gcc/nios2-elf/4.1.2/../../../../nios2-elf/lib\libc.a(lib_a-sbrkr.o)
                0x00805d34                _sbrk_r
 .text          0x00805da4       0xe0 d:/altera/13.0sp1/nios2eds/bin/gnu/h-i686-mingw32/bin/../lib/gcc/nios2-elf/4.1.2/../../../../nios2-elf/lib\libc.a(lib_a-strchr.o)
                0x00805da4                strchr
 .text          0x00805e84      0x674 d:/altera/13.0sp1/nios2eds/bin/gnu/h-i686-mingw32/bin/../lib/gcc/nios2-elf/4.1.2/../../../../nios2-elf/lib\libc.a(lib_a-strerror.o)
                0x00805e84                strerror
 .text          0x008064f8       0x74 d:/altera/13.0sp1/nios2eds/bin/gnu/h-i686-mingw32/bin/../lib/gcc/nios2-elf/4.1.2/../../../../nios2-elf/lib\libc.a(lib_a-strlen.o)
                0x008064f8                strlen
 .text          0x0080656c        0x8 d:/altera/13.0sp1/nios2eds/bin/gnu/h-i686-mingw32/bin/../lib/gcc/nios2-elf/4.1.2/../../../../nios2-elf/lib\libc.a(lib_a-u_strerr.o)
                0x0080656c                _user_strerror
 .text          0x00806574     0x1f28 d:/altera/13.0sp1/nios2eds/bin/gnu/h-i686-mingw32/bin/../lib/gcc/nios2-elf/4.1.2/../../../../nios2-elf/lib\libc.a(lib_a-vfprintf.o)
                0x008065cc                ___vfprintf_internal_r
                0x00808478                __vfprintf_internal
 .text          0x0080849c      0x14c d:/altera/13.0sp1/nios2eds/bin/gnu/h-i686-mingw32/bin/../lib/gcc/nios2-elf/4.1.2/../../../../nios2-elf/lib\libc.a(lib_a-wbuf.o)
                0x0080849c                __swbuf_r
                0x008085cc                __swbuf
 .text          0x008085e8      0x13c d:/altera/13.0sp1/nios2eds/bin/gnu/h-i686-mingw32/bin/../lib/gcc/nios2-elf/4.1.2/../../../../nios2-elf/lib\libc.a(lib_a-wsetup.o)
                0x008085e8                __swsetup_r
 .text          0x00808724      0x1b4 d:/altera/13.0sp1/nios2eds/bin/gnu/h-i686-mingw32/bin/../lib/gcc/nios2-elf/4.1.2/../../../../nios2-elf/lib\libc.a(lib_a-__call_atexit.o)
                0x00808728                __call_exitprocs
 .text          0x008088d8     0x17cc d:/altera/13.0sp1/nios2eds/bin/gnu/h-i686-mingw32/bin/../lib/gcc/nios2-elf/4.1.2/../../../../nios2-elf/lib\libc.a(lib_a-dtoa.o)
                0x00808af0                _dtoa_r
 .text          0x0080a0a4      0x230 d:/altera/13.0sp1/nios2eds/bin/gnu/h-i686-mingw32/bin/../lib/gcc/nios2-elf/4.1.2/../../../../nios2-elf/lib\libc.a(lib_a-fflush.o)
                0x0080a0a4                _fflush_r
                0x0080a2a0                fflush
 .text          0x0080a2d4      0x2c0 d:/altera/13.0sp1/nios2eds/bin/gnu/h-i686-mingw32/bin/../lib/gcc/nios2-elf/4.1.2/../../../../nios2-elf/lib\libc.a(lib_a-findfp.o)
                0x0080a32c                __sfp_lock_acquire
                0x0080a330                __sfp_lock_release
                0x0080a334                __sinit_lock_acquire
                0x0080a338                __sinit_lock_release
                0x0080a33c                __sinit
                0x0080a3f0                __fp_unlock_all
                0x0080a408                __fp_lock_all
                0x0080a420                _cleanup_r
                0x0080a42c                _cleanup
                0x0080a43c                __sfmoreglue
                0x0080a4a4                __sfp
 .text          0x0080a594       0xbc d:/altera/13.0sp1/nios2eds/bin/gnu/h-i686-mingw32/bin/../lib/gcc/nios2-elf/4.1.2/../../../../nios2-elf/lib\libc.a(lib_a-fputc.o)
                0x0080a594                fputc
                0x0080a5f8                _fputc_r
 .text          0x0080a650       0x90 d:/altera/13.0sp1/nios2eds/bin/gnu/h-i686-mingw32/bin/../lib/gcc/nios2-elf/4.1.2/../../../../nios2-elf/lib\libc.a(lib_a-fputs.o)
                0x0080a650                _fputs_r
                0x0080a6c4                fputs
 .text          0x0080a6e0      0x440 d:/altera/13.0sp1/nios2eds/bin/gnu/h-i686-mingw32/bin/../lib/gcc/nios2-elf/4.1.2/../../../../nios2-elf/lib\libc.a(lib_a-freer.o)
                0x0080a6e0                _malloc_trim_r
                0x0080a80c                _free_r
 .text          0x0080ab20      0x49c d:/altera/13.0sp1/nios2eds/bin/gnu/h-i686-mingw32/bin/../lib/gcc/nios2-elf/4.1.2/../../../../nios2-elf/lib\libc.a(lib_a-fvwrite.o)
                0x0080ab20                __sfvwrite_r
 .text          0x0080afbc      0x180 d:/altera/13.0sp1/nios2eds/bin/gnu/h-i686-mingw32/bin/../lib/gcc/nios2-elf/4.1.2/../../../../nios2-elf/lib\libc.a(lib_a-fwalk.o)
                0x0080afbc                _fwalk_reent
                0x0080b084                _fwalk
 .text          0x0080b13c        0x0 d:/altera/13.0sp1/nios2eds/bin/gnu/h-i686-mingw32/bin/../lib/gcc/nios2-elf/4.1.2/../../../../nios2-elf/lib\libc.a(lib_a-int_errno.o)
 .text          0x0080b13c       0xc4 d:/altera/13.0sp1/nios2eds/bin/gnu/h-i686-mingw32/bin/../lib/gcc/nios2-elf/4.1.2/../../../../nios2-elf/lib\libc.a(lib_a-locale.o)
                0x0080b13c                __locale_charset
                0x0080b144                _localeconv_r
                0x0080b150                localeconv
                0x0080b160                _setlocale_r
                0x0080b1e4                setlocale
 .text          0x0080b200      0x194 d:/altera/13.0sp1/nios2eds/bin/gnu/h-i686-mingw32/bin/../lib/gcc/nios2-elf/4.1.2/../../../../nios2-elf/lib\libc.a(lib_a-makebuf.o)
                0x0080b200                __smakebuf_r
 .text          0x0080b394       0xe4 d:/altera/13.0sp1/nios2eds/bin/gnu/h-i686-mingw32/bin/../lib/gcc/nios2-elf/4.1.2/../../../../nios2-elf/lib\libc.a(lib_a-memchr.o)
                0x0080b394                memchr
 .text          0x0080b478      0xff4 d:/altera/13.0sp1/nios2eds/bin/gnu/h-i686-mingw32/bin/../lib/gcc/nios2-elf/4.1.2/../../../../nios2-elf/lib\libc.a(lib_a-mprec.o)
                0x0080b478                _Bfree
                0x0080b4a0                __hi0bits
                0x0080b510                __lo0bits
                0x0080b5d4                __mcmp
                0x0080b634                __ulp
                0x0080b6b4                __b2d
                0x0080b7d4                __ratio
                0x0080b884                _mprec_log10
                0x0080b918                __copybits
                0x0080b970                __any_on
                0x0080b9f8                _Balloc
                0x0080bab4                __d2b
                0x0080bc30                __mdiff
                0x0080bdbc                __lshift
                0x0080bf08                __multiply
                0x0080c0f0                __i2b
                0x0080c12c                __multadd
                0x0080c22c                __pow5mult
                0x0080c34c                __s2b
 .text          0x0080c46c      0x5f4 d:/altera/13.0sp1/nios2eds/bin/gnu/h-i686-mingw32/bin/../lib/gcc/nios2-elf/4.1.2/../../../../nios2-elf/lib\libc.a(lib_a-reallocr.o)
                0x0080c46c                _realloc_r
 .text          0x0080ca60      0x1e0 d:/altera/13.0sp1/nios2eds/bin/gnu/h-i686-mingw32/bin/../lib/gcc/nios2-elf/4.1.2/../../../../nios2-elf/lib\libc.a(lib_a-refill.o)
                0x0080ca60                __srefill_r
 .text          0x0080cc40       0x40 d:/altera/13.0sp1/nios2eds/bin/gnu/h-i686-mingw32/bin/../lib/gcc/nios2-elf/4.1.2/../../../../nios2-elf/lib\libc.a(lib_a-s_isinfd.o)
                0x0080cc40                __isinfd
 .text          0x0080cc80       0x30 d:/altera/13.0sp1/nios2eds/bin/gnu/h-i686-mingw32/bin/../lib/gcc/nios2-elf/4.1.2/../../../../nios2-elf/lib\libc.a(lib_a-s_isnand.o)
                0x0080cc80                __isnand
 .text          0x0080ccb0      0x14c d:/altera/13.0sp1/nios2eds/bin/gnu/h-i686-mingw32/bin/../lib/gcc/nios2-elf/4.1.2/../../../../nios2-elf/lib\libc.a(lib_a-stdio.o)
                0x0080ccb0                __sclose
                0x0080ccb8                __sseek
                0x0080cd20                __swrite
                0x0080cd9c                __sread
 .text          0x0080cdfc       0xbc d:/altera/13.0sp1/nios2eds/bin/gnu/h-i686-mingw32/bin/../lib/gcc/nios2-elf/4.1.2/../../../../nios2-elf/lib\libc.a(lib_a-strcmp.o)
                0x0080cdfc                strcmp
 .text          0x0080ceb8       0x78 d:/altera/13.0sp1/nios2eds/bin/gnu/h-i686-mingw32/bin/../lib/gcc/nios2-elf/4.1.2/../../../../nios2-elf/lib\libc.a(lib_a-writer.o)
                0x0080ceb8                _write_r
 .text          0x0080cf30       0xb4 d:/altera/13.0sp1/nios2eds/bin/gnu/h-i686-mingw32/bin/../lib/gcc/nios2-elf/4.1.2/../../../../nios2-elf/lib\libc.a(lib_a-callocr.o)
                0x0080cf30                _calloc_r
 .text          0x0080cfe4       0x70 d:/altera/13.0sp1/nios2eds/bin/gnu/h-i686-mingw32/bin/../lib/gcc/nios2-elf/4.1.2/../../../../nios2-elf/lib\libc.a(lib_a-closer.o)
                0x0080cfe4                _close_r
 .text          0x0080d054      0x124 d:/altera/13.0sp1/nios2eds/bin/gnu/h-i686-mingw32/bin/../lib/gcc/nios2-elf/4.1.2/../../../../nios2-elf/lib\libc.a(lib_a-fclose.o)
                0x0080d054                _fclose_r
                0x0080d164                fclose
 .text          0x0080d178       0x74 d:/altera/13.0sp1/nios2eds/bin/gnu/h-i686-mingw32/bin/../lib/gcc/nios2-elf/4.1.2/../../../../nios2-elf/lib\libc.a(lib_a-fstatr.o)
                0x0080d178                _fstat_r
 .text          0x0080d1ec       0x70 d:/altera/13.0sp1/nios2eds/bin/gnu/h-i686-mingw32/bin/../lib/gcc/nios2-elf/4.1.2/../../../../nios2-elf/lib\libc.a(lib_a-isattyr.o)
                0x0080d1ec                _isatty_r
 .text          0x0080d25c       0x78 d:/altera/13.0sp1/nios2eds/bin/gnu/h-i686-mingw32/bin/../lib/gcc/nios2-elf/4.1.2/../../../../nios2-elf/lib\libc.a(lib_a-lseekr.o)
                0x0080d25c                _lseek_r
 .text          0x0080d2d4       0x78 d:/altera/13.0sp1/nios2eds/bin/gnu/h-i686-mingw32/bin/../lib/gcc/nios2-elf/4.1.2/../../../../nios2-elf/lib\libc.a(lib_a-readr.o)
                0x0080d2d4                _read_r
 .text          0x0080d34c      0x5dc d:/altera/13.0sp1/nios2eds/bin/gnu/h-i686-mingw32/bin/../lib/gcc/nios2-elf/4.1.2\libgcc.a(_udivdi3.o)
                0x0080d34c                __udivdi3
 .text          0x0080d928      0x5b0 d:/altera/13.0sp1/nios2eds/bin/gnu/h-i686-mingw32/bin/../lib/gcc/nios2-elf/4.1.2\libgcc.a(_umoddi3.o)
                0x0080d928                __umoddi3
 .text          0x0080ded8      0x258 d:/altera/13.0sp1/nios2eds/bin/gnu/h-i686-mingw32/bin/../lib/gcc/nios2-elf/4.1.2\libgcc.a(_div_df.o)
                0x0080ded8                __divdf3
 .text          0x0080e130       0x88 d:/altera/13.0sp1/nios2eds/bin/gnu/h-i686-mingw32/bin/../lib/gcc/nios2-elf/4.1.2\libgcc.a(_eq_df.o)
                0x0080e130                __eqdf2
 .text          0x0080e1b8       0x88 d:/altera/13.0sp1/nios2eds/bin/gnu/h-i686-mingw32/bin/../lib/gcc/nios2-elf/4.1.2\libgcc.a(_ne_df.o)
                0x0080e1b8                __nedf2
 .text          0x0080e240       0x88 d:/altera/13.0sp1/nios2eds/bin/gnu/h-i686-mingw32/bin/../lib/gcc/nios2-elf/4.1.2\libgcc.a(_gt_df.o)
                0x0080e240                __gtdf2
 .text          0x0080e2c8       0x88 d:/altera/13.0sp1/nios2eds/bin/gnu/h-i686-mingw32/bin/../lib/gcc/nios2-elf/4.1.2\libgcc.a(_lt_df.o)
                0x0080e2c8                __ltdf2
 .text          0x0080e350       0xf8 d:/altera/13.0sp1/nios2eds/bin/gnu/h-i686-mingw32/bin/../lib/gcc/nios2-elf/4.1.2\libgcc.a(_si_to_df.o)
                0x0080e350                __floatsidf
 .text          0x0080e448      0x14c d:/altera/13.0sp1/nios2eds/bin/gnu/h-i686-mingw32/bin/../lib/gcc/nios2-elf/4.1.2\libgcc.a(lib2-divmod.o)
                0x0080e4c4                __divsi3
                0x0080e524                __modsi3
                0x0080e584                __udivsi3
                0x0080e58c                __umodsi3
 .text          0x0080e594       0x6c ../fir_bsp/\libucosii_bsp.a(alt_exit.o)
                0x0080e5d4                _exit
 .text          0x0080e600       0xd0 ../fir_bsp/\libucosii_bsp.a(alt_flash_dev.o)
                0x0080e600                alt_flash_open_dev
                0x0080e67c                alt_flash_close_dev
 .text          0x0080e6d0      0x134 ../fir_bsp/\libucosii_bsp.a(alt_fstat.o)
                0x0080e6d0                fstat
 .text          0x0080e804      0x1c0 ../fir_bsp/\libucosii_bsp.a(alt_irq_register.o)
                0x0080e804                alt_irq_register
 .text          0x0080e9c4        0x0 ../fir_bsp/\libucosii_bsp.a(alt_irq_vars.o)
 .text          0x0080e9c4      0x120 ../fir_bsp/\libucosii_bsp.a(alt_isatty.o)
                0x0080e9c4                isatty
 .text          0x0080eae4      0x150 ../fir_bsp/\libucosii_bsp.a(alt_lseek.o)
                0x0080eae4                lseek
 .text          0x0080ec34       0xc8 ../fir_bsp/\libucosii_bsp.a(alt_main.o)
                0x0080ec34                alt_main
 .text          0x0080ecfc       0xbc ../fir_bsp/\libucosii_bsp.a(alt_sbrk.o)
                0x0080ecfc                sbrk
 .text          0x0080edb8      0x118 ../fir_bsp/\libucosii_bsp.a(alt_usleep.o)
                0x0080edb8                usleep
 .text          0x0080eed0      0x108 ../fir_bsp/\libucosii_bsp.a(alt_env_lock.o)
                0x0080eed0                __env_lock
                0x0080ef7c                __env_unlock
 .text          0x0080efd8      0x1d8 ../fir_bsp/\libucosii_bsp.a(alt_malloc_lock.o)
                0x0080efd8                __malloc_lock
                0x0080f0e0                __malloc_unlock
 .text          0x0080f1b0     0x2128 ../fir_bsp/\libucosii_bsp.a(os_core.o)
                0x0080f1b0                OSEventNameGet
                0x0080f2e0                OSEventNameSet
                0x0080f424                OSEventPendMulti
                0x0080fad8                OSInit
                0x0080fb2c                OSIntEnter
                0x0080fba8                OSIntExit
                0x0080fca8                OSSchedLock
                0x0080fd34                OSSchedUnlock
                0x0080fe18                OSStart
                0x0080fe88                OSStatInit
                0x0080ff34                OSTimeTick
                0x00810174                OSVersion
                0x00810194                OS_Dummy
                0x008101b0                OS_EventTaskRdy
                0x00810344                OS_EventTaskWait
                0x00810454                OS_EventTaskWaitMulti
                0x008105a8                OS_EventTaskRemove
                0x00810660                OS_EventTaskRemoveMulti
                0x00810764                OS_EventWaitListInit
                0x00810b30                OS_MemClr
                0x00810b84                OS_MemCopy
                0x00810bf0                OS_Sched
                0x00810d34                OS_StrCopy
                0x00810db4                OS_StrLen
                0x00810e0c                OS_TaskIdle
                0x00810e68                OS_TaskStat
                0x00810f30                OS_TaskStatStkChk
                0x00810ff8                OS_TCBInit
 .text          0x008112d8      0x18c ../fir_bsp/\libucosii_bsp.a(os_dbg.o)
                0x008112d8                OSDebugInit
 .text          0x00811464     0x193c ../fir_bsp/\libucosii_bsp.a(os_flag.o)
                0x00811464                OSFlagAccept
                0x00811798                OSFlagCreate
                0x008118d4                OSFlagDel
                0x00811b7c                OSFlagNameGet
                0x00811cc0                OSFlagNameSet
                0x00811e14                OSFlagPend
                0x00812458                OSFlagPendGetFlagsRdy
                0x008124c0                OSFlagPost
                0x00812868                OSFlagQuery
                0x00812b00                OS_FlagInit
                0x00812cf4                OS_FlagUnlink
 .text          0x00812da0      0x808 ../fir_bsp/\libucosii_bsp.a(os_mem.o)
                0x00812da0                OSMemCreate
                0x00812fbc                OSMemGet
                0x008130c0                OSMemNameGet
                0x008131cc                OSMemNameSet
                0x008132ec                OSMemPut
                0x008133dc                OSMemQuery
                0x008134d8                OS_MemInit
 .text          0x008135a8     0x1334 ../fir_bsp/\libucosii_bsp.a(os_q.o)
                0x008135a8                OSQAccept
                0x008136fc                OSQCreate
                0x00813910                OSQDel
                0x00813c10                OSQFlush
                0x00813cd8                OSQPend
                0x00813ff8                OSQPendAbort
                0x00814174                OSQPost
                0x008142f4                OSQPostFront
                0x0081447c                OSQPostOpt
                0x008146b0                OSQQuery
                0x00814830                OS_QInit
 .text          0x008148dc      0xbc8 ../fir_bsp/\libucosii_bsp.a(os_sem.o)
                0x008148dc                OSSemAccept
                0x0081499c                OSSemCreate
                0x00814ab0                OSSemDel
                0x00814d50                OSSemPend
                0x00814fcc                OSSemPendAbort
                0x00815148                OSSemPost
                0x00815270                OSSemQuery
                0x008153a0                OSSemSet
 .text          0x008154a4     0x1a40 ../fir_bsp/\libucosii_bsp.a(os_task.o)
                0x008154a4                OSTaskChangePrio
                0x00815a18                OSTaskCreate
                0x00815bec                OSTaskCreateExt
                0x00815dec                OSTaskDel
                0x008161f8                OSTaskDelReq
                0x00816368                OSTaskNameGet
                0x00816520                OSTaskNameSet
                0x008166e4                OSTaskResume
                0x008168fc                OSTaskStkChk
                0x00816af8                OSTaskSuspend
                0x00816d24                OSTaskQuery
                0x00816e68                OS_TaskStkClr
 .text          0x00816ee4      0x670 ../fir_bsp/\libucosii_bsp.a(os_time.o)
                0x00816ee4                OSTimeDly
                0x00817030                OSTimeDlyHMSM
                0x0081727c                OSTimeDlyResume
                0x0081748c                OSTimeGet
                0x008174f0                OSTimeSet
 .text          0x00817554      0x118 ../fir_bsp/\libucosii_bsp.a(alt_sys_init.o)
                0x00817554                alt_irq_init
                0x00817588                alt_sys_init
 .text          0x0081766c      0x8c8 ../fir_bsp/\libucosii_bsp.a(altera_avalon_cfi_flash.o)
                0x0081766c                alt_flash_cfi_init
                0x00817740                alt_flash_cfi_write
                0x00817a00                alt_flash_cfi_get_info
                0x00817a90                alt_flash_cfi_read
                0x00817af8                alt_write_value_to_flash
                0x00817c5c                alt_flash_program_block
 .text          0x00817f34     0x14a8 ../fir_bsp/\libucosii_bsp.a(altera_avalon_cfi_flash_table.o)
                0x00817f34                alt_read_query_entry_8bit
                0x00817f74                alt_read_query_entry_16bit
                0x00817fb8                alt_read_query_entry_32bit
                0x00818000                alt_write_flash_command_8bit_device_8bit_mode
                0x0081803c                alt_write_flash_command_16bit_device_8bit_mode
                0x008180b8                alt_write_flash_command_32bit_device_8bit_mode
                0x00818100                alt_write_flash_command_16bit_device_16bit_mode
                0x00818144                alt_write_flash_command_32bit_device_16bit_mode
                0x0081818c                alt_write_flash_command_32bit_device_32bit_mode
                0x008181d4                alt_write_native_8bit
                0x00818208                alt_write_native_16bit
                0x0081823c                alt_write_native_32bit
                0x0081826c                alt_set_flash_width_func
                0x0081844c                alt_set_flash_algorithm_func
                0x00818574                alt_read_cfi_table
                0x00818b54                alt_read_cfi_width
                0x00819300                alt_check_primary_table
 .text          0x008193dc      0x9e4 ../fir_bsp/\libucosii_bsp.a(altera_avalon_epcs_flash_controller.o)
                0x008193dc                alt_epcs_flash_init
                0x008197f8                alt_epcs_flash_write
                0x00819a78                alt_epcs_flash_get_info
                0x00819b08                alt_epcs_flash_erase_block
                0x00819c0c                alt_epcs_flash_write_block
                0x00819d28                alt_epcs_flash_read
 .text          0x00819dc0      0x148 ../fir_bsp/\libucosii_bsp.a(altera_avalon_jtag_uart_fd.o)
                0x00819dc0                altera_avalon_jtag_uart_read_fd
                0x00819e18                altera_avalon_jtag_uart_write_fd
                0x00819e70                altera_avalon_jtag_uart_close_fd
                0x00819eb8                altera_avalon_jtag_uart_ioctl_fd
 .text          0x00819f08      0x584 ../fir_bsp/\libucosii_bsp.a(altera_avalon_jtag_uart_init.o)
                0x00819f08                altera_avalon_jtag_uart_init
                0x0081a418                altera_avalon_jtag_uart_close
 .text          0x0081a48c       0xf4 ../fir_bsp/\libucosii_bsp.a(altera_avalon_jtag_uart_ioctl.o)
                0x0081a48c                altera_avalon_jtag_uart_ioctl
 .text          0x0081a580      0x2c0 ../fir_bsp/\libucosii_bsp.a(altera_avalon_jtag_uart_read.o)
                0x0081a580                altera_avalon_jtag_uart_read
 .text          0x0081a840      0x2dc ../fir_bsp/\libucosii_bsp.a(altera_avalon_jtag_uart_write.o)
                0x0081a840                altera_avalon_jtag_uart_write
 .text          0x0081ab1c      0xf3c ../fir_bsp/\libucosii_bsp.a(altera_avalon_lcd_16207.o)
                0x0081b2f0                altera_avalon_lcd_16207_write
                0x0081b8f4                altera_avalon_lcd_16207_init
 .text          0x0081ba58       0x58 ../fir_bsp/\libucosii_bsp.a(altera_avalon_lcd_16207_fd.o)
                0x0081ba58                altera_avalon_lcd_16207_write_fd
 .text          0x0081bab0      0x100 ../fir_bsp/\libucosii_bsp.a(altera_avalon_timer_sc.o)
                0x0081bb20                alt_avalon_timer_sc_init
 .text          0x0081bbb0       0xf8 ../fir_bsp/\libucosii_bsp.a(altera_avalon_uart_fd.o)
                0x0081bbb0                altera_avalon_uart_read_fd
                0x0081bc08                altera_avalon_uart_write_fd
                0x0081bc60                altera_avalon_uart_close_fd
 .text          0x0081bca8      0x57c ../fir_bsp/\libucosii_bsp.a(altera_avalon_uart_init.o)
                0x0081bca8                altera_avalon_uart_init
                0x0081c1c4                altera_avalon_uart_close
 .text          0x0081c224      0x310 ../fir_bsp/\libucosii_bsp.a(altera_avalon_uart_read.o)
                0x0081c224                altera_avalon_uart_read
 .text          0x0081c534      0x2a8 ../fir_bsp/\libucosii_bsp.a(altera_avalon_uart_write.o)
                0x0081c534                altera_avalon_uart_write
 .text          0x0081c7dc      0x6d4 ../fir_bsp/\libucosii_bsp.a(epcs_commands.o)
                0x0081c7dc                epcs_read_status_register
                0x0081c83c                epcs_sector_erase
                0x0081c9a4                epcs_read_buffer
                0x0081caf0                epcs_write_enable
                0x0081cb40                epcs_write_status_register
                0x0081cba4                epcs_write_buffer
                0x0081cd14                epcs_read_electronic_signature
                0x0081cd80                epcs_read_device_id
                0x0081ce00                epcs_enter_4_bytes_mode
                0x0081ce58                epcs_exit_4_bytes_mode
 .text          0x0081ceb0       0x54 ../fir_bsp/\libucosii_bsp.a(alt_iniche_close.o)
                0x0081ceb0                close
 .text          0x0081cf04      0x144 ../fir_bsp/\libucosii_bsp.a(alt_iniche_dev.o)
                0x0081cf04                iniche_devices_init
 .text          0x0081d048       0x78 ../fir_bsp/\libucosii_bsp.a(alt_iniche_read.o)
                0x0081d048                read
 .text          0x0081d0c0       0x70 ../fir_bsp/\libucosii_bsp.a(alt_iniche_write.o)
                0x0081d0c0                write
 .text          0x0081d130      0xedc ../fir_bsp/\libucosii_bsp.a(ipnet.o)
                0x0081d130                Netinit
                0x0081d77c                fixup_subnet_mask
                0x0081d8dc                netclose
                0x0081d9c4                pktdemux
                0x0081dd98                c_older
                0x0081de68                ip2mac
 .text          0x0081e00c      0x4b0 ../fir_bsp/\libucosii_bsp.a(ipstart.o)
                0x0081e00c                ip_startup
                0x0081e2f0                exit_hook
                0x0081e35c                ip_exit
                0x0081e42c                if_netnumber
 .text          0x0081e4bc     0x10e8 ../fir_bsp/\libucosii_bsp.a(igmp_cmn.o)
                0x0081e4bc                igmp_init
                0x0081e5ac                igmp_input
                0x0081e6a4                igmp_fasttimo
                0x0081e8d8                igmp_send
                0x0081eb80                igmp_joingroup
                0x0081edec                igmp_leavegroup
                0x0081ee68                igmp_validate
                0x0081f1c4                igmp_print_stats
 .text          0x0081f5a4      0xbc8 ../fir_bsp/\libucosii_bsp.a(bsdsock.o)
                0x0081f5a4                bsd_accept
                0x0081f6dc                bsd_getpeername
                0x0081f808                bsd_getsockname
                0x0081f934                bsd_i_sockoptlen
                0x0081faec                bsd_getsockopt
                0x0081fc0c                bsd_ioctl
                0x0081fd10                bsd_inet_ntoa
                0x0081fd40                bsd_recvfrom
                0x0081fea0                bsd_select
                0x00820080                bsd_setsockopt
 .text          0x0082016c      0x118 ../fir_bsp/\libucosii_bsp.a(cksum.o)
                0x0082016c                ccksum
                0x0082021c                cksum
 .text          0x00820284      0xa9c ../fir_bsp/\libucosii_bsp.a(in_utils.o)
                0x00820284                do_trap
                0x008202b0                nextarg
                0x0082032c                hexdump
                0x00820474                print_ipad
                0x008204e8                print_uptime
                0x00820614                panic
                0x00820658                print_eth
                0x008207bc                uslash
                0x0082083c                ns_printf
                0x008209c0                std_out
                0x00820a04                con_page
                0x00820af4                parse_args
 .text          0x00820d20      0x810 ../fir_bsp/\libucosii_bsp.a(parseip.o)
                0x00820d20                parse_ipad
                0x0082103c                inet_addr
                0x008210a4                hextoa
                0x00821114                inet_pton
                0x008211c0                inet_ntop
                0x0082124c                print46_addr
                0x008212ac                inet46_addr
                0x00821370                inet_setport
                0x008213e4                convert_ip
 .text          0x00821530      0x5e8 ../fir_bsp/\libucosii_bsp.a(tk_crnos.o)
                0x00821530                TK_OSTimeDly
                0x0082155c                TK_OSTaskResume
                0x008215cc                tcp_sleep
                0x0082176c                tcp_wakeup
                0x00821870                TK_OSTaskQuery
                0x008218e4                tk_yield
                0x00821910                tk_stats
 .text          0x00821b18      0x79c ../fir_bsp/\libucosii_bsp.a(pktalloc.o)
                0x00821b18                pk_init
                0x00821da8                pk_alloc
                0x00821e84                pk_validate
                0x0082213c                pk_free
                0x008221e8                pk_get_max_intrsafe_buf_len
                0x00822208                dump_buf_estats
 .text          0x008222b4      0x288 ../fir_bsp/\libucosii_bsp.a(q.o)
                0x008222b4                getq
                0x0082237c                putq
                0x0082242c                qdel
 .text          0x0082253c      0x194 ../fir_bsp/\libucosii_bsp.a(asm_cksum.o)
                0x0082253c                asm_cksum
 .text          0x008226d0      0x2e4 ../fir_bsp/\libucosii_bsp.a(brdutils.o)
                0x008226d0                dtrap
                0x00822700                kbhit
                0x008227ac                getch
                0x0082280c                clock_init
                0x00822848                clock_c
                0x00822864                cticks_hook
                0x00822914                irq_Mask
                0x00822970                irq_Unmask
 .text          0x008229b4      0x488 ../fir_bsp/\libucosii_bsp.a(osportco.o)
                0x008229b4                LOCK_NET_RESOURCE
                0x00822a74                UNLOCK_NET_RESOURCE
                0x00822afc                TK_NEWTASK
                0x00822d10                wait_app_sem
                0x00822dc4                post_app_sem
 .text          0x00822e3c      0x568 ../fir_bsp/\libucosii_bsp.a(targnios.o)
                0x00822e3c                alt_iniche_init
                0x00823058                pre_task_setup
                0x008230cc                post_task_setup
                0x008230ec                prep_armintcp
                0x00823124                calloc2
                0x00823158                npalloc
                0x0082324c                npfree
                0x00823304                ncpalloc
                0x00823358                ncpfree
 .text          0x008233a4     0x19b8 ../fir_bsp/\libucosii_bsp.a(nptcp.o)
                0x008233a4                pffindtype
                0x00823444                pffindproto
                0x00823514                m_getnbuf
                0x008236bc                m_free
                0x008237f0                m_freem
                0x00823834                m_copy
                0x00823b58                m_adj
                0x00823d28                mbuf_len
                0x00823d80                dtom
                0x00823e28                remque
                0x00823e98                insque
                0x00823f14                nptcp_init
                0x00824038                tcp_rcv
                0x00824224                ip_output
                0x0082481c                in_broadcast
                0x0082485c                np_stripoptions
                0x00824944                so_icmpdu
                0x00824c9c                tcp_tick
 .text          0x00824d5c      0xa2c ../fir_bsp/\libucosii_bsp.a(rawsock.o)
                0x00824d5c                rawip_lookup
                0x00824dcc                rawip_soinput
                0x00824fa0                rawip_usrreq
 .text          0x00825788     0x17fc ../fir_bsp/\libucosii_bsp.a(sockcall.o)
                0x00825788                DOMAIN_CHECK
                0x008257d4                t_socket
                0x00825864                t_bind
                0x008259e0                t_listen
                0x00825ac4                t_accept
                0x00825d5c                t_connect
                0x00826004                t_getpeername
                0x00826048                t_getsockname
                0x00826288                t_setsockopt
                0x00826464                t_getsockopt
                0x00826608                t_recv
                0x008266f8                t_recvfrom
                0x00826848                t_sendto
                0x00826a74                t_send
                0x00826c9c                t_shutdown
                0x00826d80                t_socketclose
                0x00826ee8                t_errno
 .text          0x00826f84     0x23ec ../fir_bsp/\libucosii_bsp.a(socket.o)
                0x00826f84                socreate
                0x00827150                sobind
                0x008271ac                solisten
                0x0082729c                sofree
                0x008273cc                soclose
                0x00827738                soabort
                0x00827788                soaccept
                0x00827824                soconnect
                0x008278f8                sodisconnect
                0x00827998                sosend
                0x00827fa0                soreceive
                0x00828784                soshutdown
                0x0082882c                sorflush
                0x0082892c                sosetopt
                0x00828dec                sogetopt
                0x0082932c                sohasoutofband
 .text          0x00829370     0x1318 ../fir_bsp/\libucosii_bsp.a(socket2.o)
                0x00829370                soisconnecting
                0x008293dc                soisconnected
                0x008294d8                soisdisconnecting
                0x00829564                soisdisconnected
                0x00829620                sonewconn
                0x0082983c                soqinsque
                0x008298e8                soqremque
                0x00829a08                socantsendmore
                0x00829a58                socantrcvmore
                0x00829aa8                sbselqueue
                0x00829ae0                sbwait
                0x00829b48                sbwakeup
                0x00829be4                soreserve
                0x00829c64                sbreserve
                0x00829cc4                sbrelease
                0x00829d0c                sbappend
                0x00829db4                sbappendrecord
                0x00829e94                sbappendaddr
                0x0082a09c                sbcompress
                0x0082a284                sbflush
                0x0082a314                sbdrop
                0x0082a4e4                sbdropend
                0x0082a5f4                sbdroprecord
 .text          0x0082a688      0x914 ../fir_bsp/\libucosii_bsp.a(soselect.o)
                0x0082a688                t_select
                0x0082a8a8                sock_selscan
                0x0082aa00                sock_select
                0x0082ac14                in_pcbnotify
                0x0082ace0                tcp_notify
                0x0082ad48                ifd_clr
                0x0082ae38                ifd_set
                0x0082aeac                ifd_isset
                0x0082af2c                ifd_get
 .text          0x0082af9c     0x3020 ../fir_bsp/\libucosii_bsp.a(tcp_in.o)
                0x0082af9c                tcp_reass
                0x0082b3a4                tcp_input
                0x0082d8f8                tcp_dooptions
                0x0082da88                tcp_pulloutofband
                0x0082dbb4                tcp_xmit_timer
                0x0082de58                ip4_tcpmss
                0x0082dea0                tcp_mss
 .text          0x0082dfbc     0x1360 ../fir_bsp/\libucosii_bsp.a(tcp_out.o)
                0x0082dfbc                tcp_output
                0x0082f138                tcp_setpersist
 .text          0x0082f31c      0x9e8 ../fir_bsp/\libucosii_bsp.a(tcp_subr.o)
                0x0082f31c                tcp_init
                0x0082f374                tcp_template
                0x0082f48c                tcp_respond
                0x0082f914                tcp_newtcpcb
                0x0082fa2c                tcp_drop
                0x0082fad8                tcp_close
                0x0082fbc0                tcp_quench
                0x0082fc0c                tcp_putseq
                0x0082fc8c                tcp_getseq
 .text          0x0082fd04      0x798 ../fir_bsp/\libucosii_bsp.a(tcp_timr.o)
                0x0082fd04                tcp_slowtimo
                0x0082ffa4                tcp_canceltimers
                0x00830000                tcp_timers
 .text          0x0083049c      0x9ec ../fir_bsp/\libucosii_bsp.a(tcp_usr.o)
                0x0083049c                tcp_usrreq
                0x00830ba0                tcp_attach
                0x00830cd4                tcp_disconnect
                0x00830da8                tcp_usrclosed
 .text          0x00830e88       0x4c ../fir_bsp/\libucosii_bsp.a(tcpport.o)
                0x00830e88                tcpinit
 .text          0x00830ed4      0xd20 ../fir_bsp/\libucosii_bsp.a(udpsock.o)
                0x00830ed4                udp_lookup
                0x00830f44                udp_soinput
                0x008310fc                udp_usrreq
                0x00831380                udp4_sockbind
                0x008316bc                udp4_socksend
                0x00831a98                udp4_sockaddr
 .text          0x00831bf4      0x154 ../fir_bsp/\libucosii_bsp.a(alt_alarm_start.o)
                0x00831bf4                alt_alarm_start
 .text          0x00831d48      0x14c ../fir_bsp/\libucosii_bsp.a(alt_busy_sleep.o)
                0x00831d48                alt_busy_sleep
 .text          0x00831e94      0x15c ../fir_bsp/\libucosii_bsp.a(alt_close.o)
                0x00831e94                alt_close
 .text          0x00831ff0       0x78 ../fir_bsp/\libucosii_bsp.a(alt_dcache_flush.o)
                0x00831ff0                alt_dcache_flush
 .text          0x00832068       0x2c ../fir_bsp/\libucosii_bsp.a(alt_dev.o)
 .text          0x00832094      0x114 ../fir_bsp/\libucosii_bsp.a(alt_dev_llist_insert.o)
                0x00832094                alt_dev_llist_insert
 .text          0x008321a8       0x64 ../fir_bsp/\libucosii_bsp.a(alt_do_ctors.o)
                0x008321a8                _do_ctors
 .text          0x0083220c       0x64 ../fir_bsp/\libucosii_bsp.a(alt_do_dtors.o)
                0x0083220c                _do_dtors
 .text          0x00832270        0x0 ../fir_bsp/\libucosii_bsp.a(alt_errno.o)
 .text          0x00832270       0x94 ../fir_bsp/\libucosii_bsp.a(alt_find_dev.o)
                0x00832270                alt_find_dev
 .text          0x00832304      0x1d4 ../fir_bsp/\libucosii_bsp.a(alt_iic.o)
                0x00832304                alt_ic_isr_register
                0x00832354                alt_ic_irq_enable
                0x008323f0                alt_ic_irq_disable
                0x00832490                alt_ic_irq_enabled
 .text          0x008324d8       0xf8 ../fir_bsp/\libucosii_bsp.a(alt_iic_isr_register.o)
                0x008324d8                alt_iic_isr_register
 .text          0x008325d0      0x13c ../fir_bsp/\libucosii_bsp.a(alt_io_redirect.o)
                0x00832694                alt_io_redirect
 .text          0x0083270c        0x0 ../fir_bsp/\libucosii_bsp.a(alt_irq_entry.o)
 .text          0x0083270c        0x0 ../fir_bsp/\libucosii_bsp.a(alt_irq_handler.o)
 .text          0x0083270c      0x2c4 ../fir_bsp/\libucosii_bsp.a(alt_open.o)
                0x008327e8                open
 .text          0x008329d0      0x180 ../fir_bsp/\libucosii_bsp.a(alt_read.o)
                0x008329d0                alt_read
 .text          0x00832b50       0x60 ../fir_bsp/\libucosii_bsp.a(alt_release_fd.o)
                0x00832b50                alt_release_fd
 .text          0x00832bb0       0x38 ../fir_bsp/\libucosii_bsp.a(alt_remap_cached.o)
                0x00832bb0                alt_remap_cached
 .text          0x00832be8       0x40 ../fir_bsp/\libucosii_bsp.a(alt_remap_uncached.o)
                0x00832be8                alt_remap_uncached
 .text          0x00832c28      0x1a8 ../fir_bsp/\libucosii_bsp.a(alt_tick.o)
                0x00832c28                alt_alarm_stop
                0x00832cc0                alt_tick
 .text          0x00832dd0      0x180 ../fir_bsp/\libucosii_bsp.a(alt_write.o)
                0x00832dd0                alt_write
 .text          0x00832f50       0x20 ../fir_bsp/\libucosii_bsp.a(altera_nios2_qsys_irq.o)
                0x00832f50                altera_nios2_qsys_irq_init
 .text          0x00832f70       0xd0 ../fir_bsp/\libucosii_bsp.a(os_cpu_a.o)
                0x00832f70                OSCtxSw
                0x00832f70                OSIntCtxSw
                0x00832ffc                OSStartHighRdy
                0x0083301c                OSStartTsk
 .text          0x00833040      0x424 ../fir_bsp/\libucosii_bsp.a(os_cpu_c.o)
                0x00833040                OSTaskStkInit
                0x00833350                OSTaskCreateHook
                0x00833370                OSTaskDelHook
                0x00833390                OSTaskSwHook
                0x008333ac                OSTaskStatHook
                0x008333c8                OSTimeTickHook
                0x008333f0                OSInitHookBegin
                0x0083340c                OSInitHookEnd
                0x00833428                OSTaskIdleHook
                0x00833444                OSTCBInitHook
 .text          0x00833464      0x460 ../fir_bsp/\libucosii_bsp.a(altera_avalon_cfi_flash_amd.o)
                0x00833464                alt_program_amd
                0x008334cc                alt_erase_block_amd
 .text          0x008338c4      0x460 ../fir_bsp/\libucosii_bsp.a(altera_avalon_cfi_flash_intel.o)
                0x008338c4                alt_program_intel
                0x00833948                alt_erase_block_intel
 .text          0x00833d24      0x238 ../fir_bsp/\libucosii_bsp.a(altera_avalon_spi.o)
                0x00833d24                alt_avalon_spi_command
 .text          0x00833f5c      0x444 ../fir_bsp/\libucosii_bsp.a(allports.o)
                0x00833f5c                netmain_init
                0x00834058                icmp_port_du
                0x008340e0                station_state
                0x00834244                sysuptime
                0x008342d8                packet_check
                0x00834324                mcastlist
                0x00834348                prep_modules
 .text          0x008343a0       0xa4 ../fir_bsp/\libucosii_bsp.a(tk_misc.o)
                0x008343a0                create_apptasks
                0x008343c4                task_stats
 .text          0x00834444       0xb0 ../fir_bsp/\libucosii_bsp.a(alt_iniche_fcntl.o)
                0x00834444                fcntl
 .text          0x008344f4     0x15b0 ../fir_bsp/\libucosii_bsp.a(et_arp.o)
                0x008344f4                etainit
                0x00834548                et_send
                0x008346c4                arp_free_pending
                0x0083474c                arp_send_pending
                0x008347c0                send_arp
                0x00834c58                find_oldest_arp
                0x00834e54                make_arp_entry
                0x00834f68                arpReply
                0x008351fc                arprcv
                0x0083545c                send_via_arp
                0x0083562c                cb_arpent_tmo
                0x008357d8                grat_arp
 .text          0x00835aa4      0x298 ../fir_bsp/\libucosii_bsp.a(iface.o)
                0x00835aa4                if_getbynum
                0x00835b28                isbcast
                0x00835c08                reg_type
                0x00835ca4                if_killsocks
 .text          0x00835d3c     0x22a4 ../fir_bsp/\libucosii_bsp.a(ip.o)
                0x00835d3c                ip_init
                0x00835e38                ip_bldhead
                0x00835fdc                ip_write_internal
                0x0083675c                ip_write
                0x008369a4                ip_write2
                0x00836d54                ip_raw_write
                0x00836e2c                ip_fragment_lc
                0x008372b4                ip_fragment
                0x008378d8                ip_mymach
                0x00837984                ip_dump
                0x00837c3c                iproute
                0x00837ea8                ip_copypkt
 .text          0x00837fe0      0xe3c ../fir_bsp/\libucosii_bsp.a(ipdemux.o)
                0x00837fe0                ip_rcv
                0x008383e0                ip_rcv_phase2
                0x008389ec                ip_demux
 .text          0x00838e1c      0x2f0 ../fir_bsp/\libucosii_bsp.a(ipmc.o)
                0x00838e1c                in_addmulti
                0x00838f84                in_delmulti
                0x0083909c                lookup_mcast
 .text          0x0083910c       0xe4 ../fir_bsp/\libucosii_bsp.a(ipport.o)
                0x0083910c                prep_ifaces
                0x008391a0                netexit
                0x008391c8                evtmap_setup
 .text          0x008391f0      0x550 ../fir_bsp/\libucosii_bsp.a(ipraw.o)
                0x008391f0                ip_raw_open
                0x008392e0                ip_raw_close
                0x008393a0                ip_raw_input
                0x008395d8                ip_raw_alloc
                0x008396a4                ip_raw_free
                0x008396e4                ip_raw_maxalloc
 .text          0x00839740      0x6f0 ../fir_bsp/\libucosii_bsp.a(iproute.o)
                0x00839740                rt_lookup
                0x008398c4                add_route
                0x00839cec                del_route
 .text          0x00839e30      0xe3c ../fir_bsp/\libucosii_bsp.a(udp.o)
                0x00839e30                udpdemux
                0x0083a688                udp_send
                0x0083a940                udpswap
                0x0083aa70                udp_socket
                0x0083ab40                udp_alloc
                0x0083ac00                udp_maxalloc
                0x0083ac2c                udp_free
 .text          0x0083ac6c      0x2e8 ../fir_bsp/\libucosii_bsp.a(igmp.o)
                0x0083ac6c                igmpv1_input
 .text          0x0083af54      0x7c0 ../fir_bsp/\libucosii_bsp.a(igmp2.o)
                0x0083af54                igmpv2_input
                0x0083b0b4                igmpv2_process_report
                0x0083b200                igmpv2_process_query
                0x0083b44c                igmpv2_chk_set_timer
                0x0083b5a4                igmpv2_chk4_rtr_alert_opt
 .text          0x0083b714      0x8fc ../fir_bsp/\libucosii_bsp.a(ipopt.o)
                0x0083b714                IPADDR_TO_NETP
                0x0083b85c                ip_setmoptions
                0x0083be4c                ip_getmoptions
                0x0083bf8c                ip_freemoptions
 .text          0x0083c010      0x6e8 ../fir_bsp/\libucosii_bsp.a(u_mctest.o)
                0x0083c010                u_mctest_init
                0x0083c040                u_mctest_run
 .text          0x0083c6f8      0x3d0 ../fir_bsp/\libucosii_bsp.a(dhcsetup.o)
                0x0083c6f8                dhc_setup
                0x0083c9c4                dhc_main_ipset
 .text          0x0083cac8      0x40c ../fir_bsp/\libucosii_bsp.a(memdev.o)
                0x0083cac8                init_memdev
                0x0083cb40                md_fopen
                0x0083cb68                md_fclose
                0x0083cb88                md_fread
                0x0083cd08                md_fwrite
                0x0083cd88                md_fseek
                0x0083cdb4                md_ftell
                0x0083cdd8                md_fgetc
                0x0083ceb0                md_unlink
 .text          0x0083ced4      0x1c8 ../fir_bsp/\libucosii_bsp.a(netmain.o)
                0x0083ced4                netmain
                0x0083cfc8                tk_netmain
                0x0083d050                tk_nettick
 .text          0x0083d09c      0x1cc ../fir_bsp/\libucosii_bsp.a(tcpcksum.o)
                0x0083d09c                tcp_cksum
 .text          0x0083d268     0x3294 ../fir_bsp/\libucosii_bsp.a(dhcpclnt.o)
                0x0083d268                dhc_get_srv_ipaddr
                0x0083d2f8                dhc_init
                0x0083d3b4                dhc_set_callback
                0x0083d3f8                dhc_upcall
                0x0083dc28                dhc_buildheader
                0x0083de44                dhc_discover
                0x0083e35c                dhc_rx_offer
                0x0083e460                dhc_request
                0x0083ef9c                dhc_setip
                0x0083f21c                dhc_resetip
                0x0083f300                dhc_decline
                0x0083f4e4                dhc_extract_opts
                0x0083f7a0                dhc_second
                0x00840090                dhc_halt
                0x00840118                dhc_reclaim
                0x008402e8                dhc_state_init
                0x00840348                dhc_alldone
                0x008403d8                dhc_ifacedone
                0x0084044c                dhc_set_state
 .text          0x008404fc       0xcc ../fir_bsp/\libucosii_bsp.a(dhcputil.o)
                0x008404fc                find_opt
 .text          0x008405c8      0x31c ../fir_bsp/\libucosii_bsp.a(udp_open.o)
                0x008405c8                udp_open
                0x00840800                udp_close
 .text          0x008408e4      0x900 ../fir_bsp/\libucosii_bsp.a(in_pcb.o)
                0x008408e4                in_pcballoc
                0x00840978                in_pcbdetach
                0x008409cc                in_pcbbind
                0x00840c20                in_pcbconnect
                0x00840e30                in_pcbdisconnect
                0x00840e90                in_setsockaddr
                0x00840f0c                in_setpeeraddr
                0x00840f88                in_pcblookup
 .text          0x008411e4     0x1a74 ../fir_bsp/\libucosii_bsp.a(vfsfiles.o)
                0x008411e4                set_vfopen_error
                0x0084120c                get_vfopen_error
                0x0084122c                vf_alloc_and_link_vop
                0x008412a8                vf_alloc_buffer
                0x00841380                vf_free_buffer
                0x008413d0                vfopen_locked
                0x00841738                vfopen
                0x00841788                vfclose_locked
                0x00841930                vfclose
                0x00841970                vfflush
                0x008419b8                vfgets
                0x00841a9c                vfeof
                0x00841af4                vunlink_flag_open_files
                0x00841b50                vunlink
                0x00841d70                vfread
                0x00841f1c                vfwrite_locked
                0x00842304                vfwrite
                0x00842364                vfseek
                0x008424e0                vftell
                0x00842614                vgetc_locked
                0x00842734                vgetc
                0x0084277c                vfslookup_locked
                0x008428b4                vfslookup
                0x008428fc                strippath
                0x00842ae4                isvfile_locked
                0x00842b48                isvfile
                0x00842b90                vferror
                0x00842bfc                vclearerr
 .text          0x00842c58       0x24 ../fir_bsp/\libucosii_bsp.a(vfsport.o)
                0x00842c58                prep_vfs
 .text          0x00842c7c        0x0 ../fir_bsp/\libucosii_bsp.a(alt_exception_entry.o)
 .text          0x00842c7c      0x1b4 ../fir_bsp/\libucosii_bsp.a(alt_fcntl.o)
                0x00842c7c                alt_fcntl
 .text          0x00842e30      0x120 ../fir_bsp/\libucosii_bsp.a(alt_find_file.o)
                0x00842e30                alt_find_file
 .text          0x00842f50       0xf4 ../fir_bsp/\libucosii_bsp.a(alt_get_fd.o)
                0x00842f50                alt_get_fd
 .text          0x00843044      0x580 ../fir_bsp/\libucosii_bsp.a(timeouts.o)
                0x00843044                inet_timer
                0x00843344                in_timerset
                0x0084351c                in_timerkill
 .text          0x008435c4     0x130c ../fir_bsp/\libucosii_bsp.a(icmp.o)
                0x008435c4                icmprcv
                0x008441f8                icmp_destun
                0x00844548                icmp_timex
                0x0084487c                icmp_du
 .text          0x008448d0     0x1e08 ../fir_bsp/\libucosii_bsp.a(ip_reasm.o)
                0x008448d0                ip_reasm_match_frag_with_ire
                0x008449a0                ip_reasm_determine_type_of_frag
                0x00844a8c                ip_reasm_check_mem_useage
                0x00844b24                ip_reasm_incr_mem_useage
                0x00844bcc                ip_reasm_decr_mem_useage
                0x00844c6c                ip_reasm_process_first_fragment
                0x00844f4c                ip_reassm
                0x00844fec                ip_reasm_compute_overlap
                0x0084557c                ip_reasm_process_subsequent_fragments
                0x00845b10                ip_reasm_find_ire
                0x00845b74                ip_reasm_copy_queued_fragments_into_reassy_buffer
                0x00845ed0                ip_reasm_process_timer_tick
                0x00845ff0                ip_reasm_delete_ire
                0x008461b8                ip_reasm_mark_compact_rfq
                0x00846300                ipr_stats
                0x00846684                ip_reasm_send_icmp_timex
 .text          0x008466d8       0x14 d:/altera/13.0sp1/nios2eds/bin/gnu/h-i686-mingw32/bin/../lib/gcc/nios2-elf/4.1.2/../../../../nios2-elf/lib\libc.a(lib_a-atexit.o)
                0x008466d8                atexit
 .text          0x008466ec       0x18 d:/altera/13.0sp1/nios2eds/bin/gnu/h-i686-mingw32/bin/../lib/gcc/nios2-elf/4.1.2/../../../../nios2-elf/lib\libc.a(lib_a-atoi.o)
                0x008466ec                _atoi_r
                0x008466f8                atoi
 .text          0x00846704       0x1c d:/altera/13.0sp1/nios2eds/bin/gnu/h-i686-mingw32/bin/../lib/gcc/nios2-elf/4.1.2/../../../../nios2-elf/lib\libc.a(lib_a-calloc.o)
                0x00846704                calloc
 .text          0x00846720       0x74 d:/altera/13.0sp1/nios2eds/bin/gnu/h-i686-mingw32/bin/../lib/gcc/nios2-elf/4.1.2/../../../../nios2-elf/lib\libc.a(lib_a-memcmp.o)
                0x00846720                memcmp
 .text          0x00846794       0xd4 d:/altera/13.0sp1/nios2eds/bin/gnu/h-i686-mingw32/bin/../lib/gcc/nios2-elf/4.1.2/../../../../nios2-elf/lib\libc.a(lib_a-sprintf.o)
                0x00846794                sprintf
                0x00846808                _sprintf_r
 .text          0x00846868       0x8c d:/altera/13.0sp1/nios2eds/bin/gnu/h-i686-mingw32/bin/../lib/gcc/nios2-elf/4.1.2/../../../../nios2-elf/lib\libc.a(lib_a-strcpy.o)
                0x00846868                strcpy
 .text          0x008468f4       0xf0 d:/altera/13.0sp1/nios2eds/bin/gnu/h-i686-mingw32/bin/../lib/gcc/nios2-elf/4.1.2/../../../../nios2-elf/lib\libc.a(lib_a-strncmp.o)
                0x008468f4                strncmp
 .text          0x008469e4       0xbc d:/altera/13.0sp1/nios2eds/bin/gnu/h-i686-mingw32/bin/../lib/gcc/nios2-elf/4.1.2/../../../../nios2-elf/lib\libc.a(lib_a-strncpy.o)
                0x008469e4                strncpy
 .text          0x00846aa0      0x268 d:/altera/13.0sp1/nios2eds/bin/gnu/h-i686-mingw32/bin/../lib/gcc/nios2-elf/4.1.2/../../../../nios2-elf/lib\libc.a(lib_a-strtol.o)
                0x00846aa0                _strtol_r
                0x00846ce4                strtol
 .text          0x00846d08       0x34 d:/altera/13.0sp1/nios2eds/bin/gnu/h-i686-mingw32/bin/../lib/gcc/nios2-elf/4.1.2/../../../../nios2-elf/lib\libc.a(lib_a-vprintf.o)
                0x00846d08                _vprintf_r
                0x00846d1c                vprintf
 .text          0x00846d3c       0x74 d:/altera/13.0sp1/nios2eds/bin/gnu/h-i686-mingw32/bin/../lib/gcc/nios2-elf/4.1.2/../../../../nios2-elf/lib\libc.a(lib_a-vsprintf.o)
                0x00846d3c                _vsprintf_r
                0x00846d8c                vsprintf
 .text          0x00846db0      0x134 d:/altera/13.0sp1/nios2eds/bin/gnu/h-i686-mingw32/bin/../lib/gcc/nios2-elf/4.1.2/../../../../nios2-elf/lib\libc.a(lib_a-__atexit.o)
                0x00846db0                __register_exitproc
 *(.gnu.warning.*)
 *(.fini)
                0x00846ee4                PROVIDE (__etext, ABSOLUTE (.))
                0x00846ee4                PROVIDE (_etext, ABSOLUTE (.))
                0x00846ee4                PROVIDE (etext, ABSOLUTE (.))
 *(.eh_frame_hdr)
                0x00846ee4                . = ALIGN (0x4)
                0x00846ee4                PROVIDE (__preinit_array_start, ABSOLUTE (.))
 *(.preinit_array)
                0x00846ee4                PROVIDE (__preinit_array_end, ABSOLUTE (.))
                0x00846ee4                PROVIDE (__init_array_start, ABSOLUTE (.))
 *(.init_array)
                0x00846ee4                PROVIDE (__init_array_end, ABSOLUTE (.))
                0x00846ee4                PROVIDE (__fini_array_start, ABSOLUTE (.))
 *(.fini_array)
                0x00846ee4                PROVIDE (__fini_array_end, ABSOLUTE (.))
 *(.eh_frame)
 *(.gcc_except_table)
 *(.dynamic)
                0x00846ee4                PROVIDE (__CTOR_LIST__, ABSOLUTE (.))
 *(.ctors)
 *(SORT(.ctors.*))
 .ctors.65535   0x00846ee4        0x4 d:/altera/13.0sp1/nios2eds/bin/gnu/h-i686-mingw32/bin/../lib/gcc/nios2-elf/4.1.2/../../../../nios2-elf/lib\libc.a(lib_a-__call_atexit.o)
                0x00846ee8                PROVIDE (__CTOR_END__, ABSOLUTE (.))
                0x00846ee8                PROVIDE (__DTOR_LIST__, ABSOLUTE (.))
 *(.dtors)
 *(SORT(.dtors.*))
                0x00846ee8                PROVIDE (__DTOR_END__, ABSOLUTE (.))
 *(.jcr)
                0x00846ee8                . = ALIGN (0x4)

.rodata         0x00846ee8     0x4194
                0x00846ee8                PROVIDE (__ram_rodata_start, ABSOLUTE (.))
                0x00846ee8                . = ALIGN (0x4)
 *(.rodata .rodata.* .gnu.linkonce.r.*)
 .rodata        0x00846ee8       0x60 obj/default/LCD.o
 .rodata        0x00846f48       0xa8 obj/default/SSS_DE2_115.o
 .rodata        0x00846ff0      0xba4 obj/default/alt_error_handler.o
 .rodata        0x00847b94       0x64 obj/default/dm9000a.o
 .rodata        0x00847bf8       0x78 obj/default/iniche_init.o
 .rodata        0x00847c70      0x234 obj/default/network_utilities.o
 .rodata        0x00847ea4      0x2e0 obj/default/simple_socket_server.o
 .rodata        0x00848184       0x14 d:/altera/13.0sp1/nios2eds/bin/gnu/h-i686-mingw32/bin/../lib/gcc/nios2-elf/4.1.2\libgcc.a(_thenan_df.o)
                0x00848184                __thenan_df
 .rodata        0x00848198      0x100 d:/altera/13.0sp1/nios2eds/bin/gnu/h-i686-mingw32/bin/../lib/gcc/nios2-elf/4.1.2\libgcc.a(_clz.o)
                0x00848198                __clz_tab
 .rodata        0x00848298      0x281 d:/altera/13.0sp1/nios2eds/bin/gnu/h-i686-mingw32/bin/../lib/gcc/nios2-elf/4.1.2/../../../../nios2-elf/lib\libc.a(lib_a-ctype_.o)
                0x00848298                _ctype_
 *fill*         0x00848519        0x3 00
 .rodata.str1.4
                0x0084851c        0x2 d:/altera/13.0sp1/nios2eds/bin/gnu/h-i686-mingw32/bin/../lib/gcc/nios2-elf/4.1.2/../../../../nios2-elf/lib\libc.a(lib_a-impure.o)
                                  0x4 (size before relaxing)
 *fill*         0x0084851e        0x2 00
 .rodata.str1.4
                0x00848520        0x3 d:/altera/13.0sp1/nios2eds/bin/gnu/h-i686-mingw32/bin/../lib/gcc/nios2-elf/4.1.2/../../../../nios2-elf/lib\libc.a(lib_a-perror.o)
                                  0x4 (size before relaxing)
 *fill*         0x00848523        0x1 00
 .rodata.str1.4
                0x00848524        0x2 d:/altera/13.0sp1/nios2eds/bin/gnu/h-i686-mingw32/bin/../lib/gcc/nios2-elf/4.1.2/../../../../nios2-elf/lib\libc.a(lib_a-puts.o)
                                  0x4 (size before relaxing)
 *fill*         0x00848526        0x2 00
 .rodata.str1.4
                0x00848528      0x7a2 d:/altera/13.0sp1/nios2eds/bin/gnu/h-i686-mingw32/bin/../lib/gcc/nios2-elf/4.1.2/../../../../nios2-elf/lib\libc.a(lib_a-strerror.o)
                                0x7a8 (size before relaxing)
 *fill*         0x00848cca        0x2 00
 .rodata.str1.4
                0x00848ccc       0x5e d:/altera/13.0sp1/nios2eds/bin/gnu/h-i686-mingw32/bin/../lib/gcc/nios2-elf/4.1.2/../../../../nios2-elf/lib\libc.a(lib_a-vfprintf.o)
                                 0x60 (size before relaxing)
 .rodata        0x00848d2a       0x20 d:/altera/13.0sp1/nios2eds/bin/gnu/h-i686-mingw32/bin/../lib/gcc/nios2-elf/4.1.2/../../../../nios2-elf/lib\libc.a(lib_a-vfprintf.o)
 *fill*         0x00848d4a        0x2 00
 .rodata.str1.4
                0x00848d4c       0x10 d:/altera/13.0sp1/nios2eds/bin/gnu/h-i686-mingw32/bin/../lib/gcc/nios2-elf/4.1.2/../../../../nios2-elf/lib\libc.a(lib_a-dtoa.o)
                                 0x14 (size before relaxing)
 .rodata.str1.4
                0x00848d5c       0x10 d:/altera/13.0sp1/nios2eds/bin/gnu/h-i686-mingw32/bin/../lib/gcc/nios2-elf/4.1.2/../../../../nios2-elf/lib\libc.a(lib_a-locale.o)
                                 0x18 (size before relaxing)
 .rodata        0x00848d6c       0x30 d:/altera/13.0sp1/nios2eds/bin/gnu/h-i686-mingw32/bin/../lib/gcc/nios2-elf/4.1.2/../../../../nios2-elf/lib\libc.a(lib_a-locale.o)
 .rodata        0x00848d9c      0x124 d:/altera/13.0sp1/nios2eds/bin/gnu/h-i686-mingw32/bin/../lib/gcc/nios2-elf/4.1.2/../../../../nios2-elf/lib\libc.a(lib_a-mprec.o)
                0x00848d9c                __mprec_tens
                0x00848e64                __mprec_bigtens
                0x00848e8c                __mprec_tinytens
 .rodata        0x00848ec0       0x14 ../fir_bsp/\libucosii_bsp.a(alt_main.o)
 .rodata        0x00848ed4      0x120 ../fir_bsp/\libucosii_bsp.a(os_core.o)
                0x00848ed4                OSUnMapTbl
 .rodata        0x00848ff4       0x60 ../fir_bsp/\libucosii_bsp.a(alt_sys_init.o)
 .rodata        0x00849054       0xd8 ../fir_bsp/\libucosii_bsp.a(ipnet.o)
 .rodata        0x0084912c       0xec ../fir_bsp/\libucosii_bsp.a(ipstart.o)
 .rodata        0x00849218      0x54c ../fir_bsp/\libucosii_bsp.a(igmp_cmn.o)
 .rodata        0x00849764       0xb8 ../fir_bsp/\libucosii_bsp.a(in_utils.o)
 .rodata        0x0084981c       0x94 ../fir_bsp/\libucosii_bsp.a(parseip.o)
 .rodata        0x008498b0      0x1a8 ../fir_bsp/\libucosii_bsp.a(tk_crnos.o)
 .rodata        0x00849a58      0x118 ../fir_bsp/\libucosii_bsp.a(pktalloc.o)
 .rodata        0x00849b70       0x2c ../fir_bsp/\libucosii_bsp.a(brdutils.o)
 .rodata        0x00849b9c      0x26c ../fir_bsp/\libucosii_bsp.a(osportco.o)
 .rodata        0x00849e08       0xa0 ../fir_bsp/\libucosii_bsp.a(targnios.o)
 .rodata        0x00849ea8       0x90 ../fir_bsp/\libucosii_bsp.a(nptcp.o)
 .rodata        0x00849f38        0x8 ../fir_bsp/\libucosii_bsp.a(sockcall.o)
 .rodata        0x00849f40       0x50 ../fir_bsp/\libucosii_bsp.a(socket.o)
 .rodata        0x00849f90       0x40 ../fir_bsp/\libucosii_bsp.a(socket2.o)
 .rodata        0x00849fd0       0x20 ../fir_bsp/\libucosii_bsp.a(tcp_in.o)
 .rodata        0x00849ff0       0x40 ../fir_bsp/\libucosii_bsp.a(tcp_out.o)
 .rodata        0x0084a030       0x24 ../fir_bsp/\libucosii_bsp.a(tcp_subr.o)
 .rodata        0x0084a054       0x2c ../fir_bsp/\libucosii_bsp.a(tcp_usr.o)
 .rodata        0x0084a080        0xc ../fir_bsp/\libucosii_bsp.a(alt_dev.o)
 .rodata        0x0084a08c        0x4 ../fir_bsp/\libucosii_bsp.a(os_cpu_c.o)
 .rodata        0x0084a090      0x1d4 ../fir_bsp/\libucosii_bsp.a(allports.o)
 .rodata        0x0084a264       0x34 ../fir_bsp/\libucosii_bsp.a(tk_misc.o)
 .rodata        0x0084a298       0x44 ../fir_bsp/\libucosii_bsp.a(et_arp.o)
 .rodata        0x0084a2dc      0x1dc ../fir_bsp/\libucosii_bsp.a(ip.o)
 .rodata        0x0084a4b8      0x120 ../fir_bsp/\libucosii_bsp.a(ipdemux.o)
 .rodata        0x0084a5d8       0x34 ../fir_bsp/\libucosii_bsp.a(ipport.o)
 .rodata        0x0084a60c       0x24 ../fir_bsp/\libucosii_bsp.a(ipraw.o)
 .rodata        0x0084a630       0x38 ../fir_bsp/\libucosii_bsp.a(iproute.o)
 .rodata        0x0084a668       0xe8 ../fir_bsp/\libucosii_bsp.a(udp.o)
 .rodata        0x0084a750      0x2d0 ../fir_bsp/\libucosii_bsp.a(u_mctest.o)
 .rodata        0x0084aa20       0xf8 ../fir_bsp/\libucosii_bsp.a(dhcsetup.o)
 .rodata        0x0084ab18       0x34 ../fir_bsp/\libucosii_bsp.a(netmain.o)
 .rodata        0x0084ab4c        0x8 ../fir_bsp/\libucosii_bsp.a(dhcpclnt.o)
 .rodata        0x0084ab54       0x84 ../fir_bsp/\libucosii_bsp.a(udp_open.o)
 .rodata        0x0084abd8       0x34 ../fir_bsp/\libucosii_bsp.a(vfsfiles.o)
 .rodata        0x0084ac0c      0x318 ../fir_bsp/\libucosii_bsp.a(icmp.o)
 .rodata        0x0084af24      0x158 ../fir_bsp/\libucosii_bsp.a(ip_reasm.o)
 *(.rodata1)
                0x0084b07c                . = ALIGN (0x4)
                0x0084b07c                PROVIDE (__ram_rodata_end, ABSOLUTE (.))
                0x00846ee8                PROVIDE (__flash_rodata_start, LOADADDR (.rodata))

.rwdata         0x0084b07c     0x213c
                0x0084b07c                PROVIDE (__ram_rwdata_start, ABSOLUTE (.))
                0x0084b07c                . = ALIGN (0x4)
 *(.got.plt)
 *(.got)
 *(.data1)
 *(.data .data.* .gnu.linkonce.d.*)
 .data          0x0084b07c        0x0 ../fir_bsp//obj/HAL/src/crt0.o
 .data          0x0084b07c        0x0 obj/default/LCD.o
 .data          0x0084b07c        0x0 obj/default/SSS_DE2_115.o
 .data          0x0084b07c        0x0 obj/default/alt_error_handler.o
 .data          0x0084b07c        0x0 obj/default/dm9000a.o
 .data          0x0084b07c       0x18 obj/default/iniche_init.o
                0x0084b07c                ssstask
 .data          0x0084b094        0x0 obj/default/led.o
 .data          0x0084b094        0x0 obj/default/network_utilities.o
 .data          0x0084b094        0x0 obj/default/simple_socket_server.o
 .data          0x0084b094        0x0 obj/default/tse_my_system.o
 .data          0x0084b094        0x0 d:/altera/13.0sp1/nios2eds/bin/gnu/h-i686-mingw32/bin/../lib/gcc/nios2-elf/4.1.2\libgcc.a(_fixunsdfsi.o)
 .data          0x0084b094        0x0 d:/altera/13.0sp1/nios2eds/bin/gnu/h-i686-mingw32/bin/../lib/gcc/nios2-elf/4.1.2\libgcc.a(_addsub_df.o)
 .data          0x0084b094        0x0 d:/altera/13.0sp1/nios2eds/bin/gnu/h-i686-mingw32/bin/../lib/gcc/nios2-elf/4.1.2\libgcc.a(_mul_df.o)
 .data          0x0084b094        0x0 d:/altera/13.0sp1/nios2eds/bin/gnu/h-i686-mingw32/bin/../lib/gcc/nios2-elf/4.1.2\libgcc.a(_ge_df.o)
 .data          0x0084b094        0x0 d:/altera/13.0sp1/nios2eds/bin/gnu/h-i686-mingw32/bin/../lib/gcc/nios2-elf/4.1.2\libgcc.a(_df_to_si.o)
 .data          0x0084b094        0x0 d:/altera/13.0sp1/nios2eds/bin/gnu/h-i686-mingw32/bin/../lib/gcc/nios2-elf/4.1.2\libgcc.a(_thenan_df.o)
 .data          0x0084b094        0x0 d:/altera/13.0sp1/nios2eds/bin/gnu/h-i686-mingw32/bin/../lib/gcc/nios2-elf/4.1.2\libgcc.a(_usi_to_df.o)
 .data          0x0084b094        0x0 d:/altera/13.0sp1/nios2eds/bin/gnu/h-i686-mingw32/bin/../lib/gcc/nios2-elf/4.1.2\libgcc.a(_muldi3.o)
 .data          0x0084b094        0x0 d:/altera/13.0sp1/nios2eds/bin/gnu/h-i686-mingw32/bin/../lib/gcc/nios2-elf/4.1.2\libgcc.a(_clzsi2.o)
 .data          0x0084b094        0x0 d:/altera/13.0sp1/nios2eds/bin/gnu/h-i686-mingw32/bin/../lib/gcc/nios2-elf/4.1.2\libgcc.a(_pack_df.o)
 .data          0x0084b094        0x0 d:/altera/13.0sp1/nios2eds/bin/gnu/h-i686-mingw32/bin/../lib/gcc/nios2-elf/4.1.2\libgcc.a(_unpack_df.o)
 .data          0x0084b094        0x0 d:/altera/13.0sp1/nios2eds/bin/gnu/h-i686-mingw32/bin/../lib/gcc/nios2-elf/4.1.2\libgcc.a(_fpcmp_parts_df.o)
 .data          0x0084b094        0x0 d:/altera/13.0sp1/nios2eds/bin/gnu/h-i686-mingw32/bin/../lib/gcc/nios2-elf/4.1.2\libgcc.a(_clz.o)
 .data          0x0084b094        0x0 d:/altera/13.0sp1/nios2eds/bin/gnu/h-i686-mingw32/bin/../lib/gcc/nios2-elf/4.1.2/../../../../nios2-elf/lib\libc.a(lib_a-ctype_.o)
 .data          0x0084b094        0x0 d:/altera/13.0sp1/nios2eds/bin/gnu/h-i686-mingw32/bin/../lib/gcc/nios2-elf/4.1.2/../../../../nios2-elf/lib\libc.a(lib_a-exit.o)
 .data          0x0084b094        0x0 d:/altera/13.0sp1/nios2eds/bin/gnu/h-i686-mingw32/bin/../lib/gcc/nios2-elf/4.1.2/../../../../nios2-elf/lib\libc.a(lib_a-fprintf.o)
 .data          0x0084b094        0x0 d:/altera/13.0sp1/nios2eds/bin/gnu/h-i686-mingw32/bin/../lib/gcc/nios2-elf/4.1.2/../../../../nios2-elf/lib\libc.a(lib_a-fwrite.o)
 .data          0x0084b094        0x0 d:/altera/13.0sp1/nios2eds/bin/gnu/h-i686-mingw32/bin/../lib/gcc/nios2-elf/4.1.2/../../../../nios2-elf/lib\libc.a(lib_a-getc.o)
 .data          0x0084b094      0x400 d:/altera/13.0sp1/nios2eds/bin/gnu/h-i686-mingw32/bin/../lib/gcc/nios2-elf/4.1.2/../../../../nios2-elf/lib\libc.a(lib_a-impure.o)
 .data          0x0084b494        0x0 d:/altera/13.0sp1/nios2eds/bin/gnu/h-i686-mingw32/bin/../lib/gcc/nios2-elf/4.1.2/../../../../nios2-elf/lib\libc.a(lib_a-malloc.o)
 .data          0x0084b494      0x408 d:/altera/13.0sp1/nios2eds/bin/gnu/h-i686-mingw32/bin/../lib/gcc/nios2-elf/4.1.2/../../../../nios2-elf/lib\libc.a(lib_a-mallocr.o)
                0x0084b494                __malloc_av_
 .data          0x0084b89c        0x0 d:/altera/13.0sp1/nios2eds/bin/gnu/h-i686-mingw32/bin/../lib/gcc/nios2-elf/4.1.2/../../../../nios2-elf/lib\libc.a(lib_a-memcpy.o)
 .data          0x0084b89c        0x0 d:/altera/13.0sp1/nios2eds/bin/gnu/h-i686-mingw32/bin/../lib/gcc/nios2-elf/4.1.2/../../../../nios2-elf/lib\libc.a(lib_a-memmove.o)
 .data          0x0084b89c        0x0 d:/altera/13.0sp1/nios2eds/bin/gnu/h-i686-mingw32/bin/../lib/gcc/nios2-elf/4.1.2/../../../../nios2-elf/lib\libc.a(lib_a-memset.o)
 .data          0x0084b89c        0x0 d:/altera/13.0sp1/nios2eds/bin/gnu/h-i686-mingw32/bin/../lib/gcc/nios2-elf/4.1.2/../../../../nios2-elf/lib\libc.a(lib_a-perror.o)
 .data          0x0084b89c        0x0 d:/altera/13.0sp1/nios2eds/bin/gnu/h-i686-mingw32/bin/../lib/gcc/nios2-elf/4.1.2/../../../../nios2-elf/lib\libc.a(lib_a-printf.o)
 .data          0x0084b89c        0x0 d:/altera/13.0sp1/nios2eds/bin/gnu/h-i686-mingw32/bin/../lib/gcc/nios2-elf/4.1.2/../../../../nios2-elf/lib\libc.a(lib_a-putc.o)
 .data          0x0084b89c        0x0 d:/altera/13.0sp1/nios2eds/bin/gnu/h-i686-mingw32/bin/../lib/gcc/nios2-elf/4.1.2/../../../../nios2-elf/lib\libc.a(lib_a-putchar.o)
 .data          0x0084b89c        0x0 d:/altera/13.0sp1/nios2eds/bin/gnu/h-i686-mingw32/bin/../lib/gcc/nios2-elf/4.1.2/../../../../nios2-elf/lib\libc.a(lib_a-puts.o)
 .data          0x0084b89c        0x0 d:/altera/13.0sp1/nios2eds/bin/gnu/h-i686-mingw32/bin/../lib/gcc/nios2-elf/4.1.2/../../../../nios2-elf/lib\libc.a(lib_a-rget.o)
 .data          0x0084b89c        0x0 d:/altera/13.0sp1/nios2eds/bin/gnu/h-i686-mingw32/bin/../lib/gcc/nios2-elf/4.1.2/../../../../nios2-elf/lib\libc.a(lib_a-sbrkr.o)
 .data          0x0084b89c        0x0 d:/altera/13.0sp1/nios2eds/bin/gnu/h-i686-mingw32/bin/../lib/gcc/nios2-elf/4.1.2/../../../../nios2-elf/lib\libc.a(lib_a-strchr.o)
 .data          0x0084b89c        0x0 d:/altera/13.0sp1/nios2eds/bin/gnu/h-i686-mingw32/bin/../lib/gcc/nios2-elf/4.1.2/../../../../nios2-elf/lib\libc.a(lib_a-strerror.o)
 .data          0x0084b89c        0x0 d:/altera/13.0sp1/nios2eds/bin/gnu/h-i686-mingw32/bin/../lib/gcc/nios2-elf/4.1.2/../../../../nios2-elf/lib\libc.a(lib_a-strlen.o)
 .data          0x0084b89c        0x0 d:/altera/13.0sp1/nios2eds/bin/gnu/h-i686-mingw32/bin/../lib/gcc/nios2-elf/4.1.2/../../../../nios2-elf/lib\libc.a(lib_a-u_strerr.o)
 .data          0x0084b89c        0x0 d:/altera/13.0sp1/nios2eds/bin/gnu/h-i686-mingw32/bin/../lib/gcc/nios2-elf/4.1.2/../../../../nios2-elf/lib\libc.a(lib_a-vfprintf.o)
 .data          0x0084b89c        0x0 d:/altera/13.0sp1/nios2eds/bin/gnu/h-i686-mingw32/bin/../lib/gcc/nios2-elf/4.1.2/../../../../nios2-elf/lib\libc.a(lib_a-wbuf.o)
 .data          0x0084b89c        0x0 d:/altera/13.0sp1/nios2eds/bin/gnu/h-i686-mingw32/bin/../lib/gcc/nios2-elf/4.1.2/../../../../nios2-elf/lib\libc.a(lib_a-wsetup.o)
 .data          0x0084b89c        0x0 d:/altera/13.0sp1/nios2eds/bin/gnu/h-i686-mingw32/bin/../lib/gcc/nios2-elf/4.1.2/../../../../nios2-elf/lib\libc.a(lib_a-__call_atexit.o)
 .data          0x0084b89c        0x0 d:/altera/13.0sp1/nios2eds/bin/gnu/h-i686-mingw32/bin/../lib/gcc/nios2-elf/4.1.2/../../../../nios2-elf/lib\libc.a(lib_a-dtoa.o)
 .data          0x0084b89c        0x0 d:/altera/13.0sp1/nios2eds/bin/gnu/h-i686-mingw32/bin/../lib/gcc/nios2-elf/4.1.2/../../../../nios2-elf/lib\libc.a(lib_a-fflush.o)
 .data          0x0084b89c        0x0 d:/altera/13.0sp1/nios2eds/bin/gnu/h-i686-mingw32/bin/../lib/gcc/nios2-elf/4.1.2/../../../../nios2-elf/lib\libc.a(lib_a-findfp.o)
 .data          0x0084b89c        0x0 d:/altera/13.0sp1/nios2eds/bin/gnu/h-i686-mingw32/bin/../lib/gcc/nios2-elf/4.1.2/../../../../nios2-elf/lib\libc.a(lib_a-fputc.o)
 .data          0x0084b89c        0x0 d:/altera/13.0sp1/nios2eds/bin/gnu/h-i686-mingw32/bin/../lib/gcc/nios2-elf/4.1.2/../../../../nios2-elf/lib\libc.a(lib_a-fputs.o)
 .data          0x0084b89c        0x0 d:/altera/13.0sp1/nios2eds/bin/gnu/h-i686-mingw32/bin/../lib/gcc/nios2-elf/4.1.2/../../../../nios2-elf/lib\libc.a(lib_a-freer.o)
 .data          0x0084b89c        0x0 d:/altera/13.0sp1/nios2eds/bin/gnu/h-i686-mingw32/bin/../lib/gcc/nios2-elf/4.1.2/../../../../nios2-elf/lib\libc.a(lib_a-fvwrite.o)
 .data          0x0084b89c        0x0 d:/altera/13.0sp1/nios2eds/bin/gnu/h-i686-mingw32/bin/../lib/gcc/nios2-elf/4.1.2/../../../../nios2-elf/lib\libc.a(lib_a-fwalk.o)
 .data          0x0084b89c        0x0 d:/altera/13.0sp1/nios2eds/bin/gnu/h-i686-mingw32/bin/../lib/gcc/nios2-elf/4.1.2/../../../../nios2-elf/lib\libc.a(lib_a-int_errno.o)
 .data          0x0084b89c        0xc d:/altera/13.0sp1/nios2eds/bin/gnu/h-i686-mingw32/bin/../lib/gcc/nios2-elf/4.1.2/../../../../nios2-elf/lib\libc.a(lib_a-locale.o)
                0x0084b89c                __lc_ctype
 .data          0x0084b8a8        0x0 d:/altera/13.0sp1/nios2eds/bin/gnu/h-i686-mingw32/bin/../lib/gcc/nios2-elf/4.1.2/../../../../nios2-elf/lib\libc.a(lib_a-makebuf.o)
 .data          0x0084b8a8        0x0 d:/altera/13.0sp1/nios2eds/bin/gnu/h-i686-mingw32/bin/../lib/gcc/nios2-elf/4.1.2/../../../../nios2-elf/lib\libc.a(lib_a-memchr.o)
 .data          0x0084b8a8        0x0 d:/altera/13.0sp1/nios2eds/bin/gnu/h-i686-mingw32/bin/../lib/gcc/nios2-elf/4.1.2/../../../../nios2-elf/lib\libc.a(lib_a-mprec.o)
 .data          0x0084b8a8        0x0 d:/altera/13.0sp1/nios2eds/bin/gnu/h-i686-mingw32/bin/../lib/gcc/nios2-elf/4.1.2/../../../../nios2-elf/lib\libc.a(lib_a-reallocr.o)
 .data          0x0084b8a8        0x0 d:/altera/13.0sp1/nios2eds/bin/gnu/h-i686-mingw32/bin/../lib/gcc/nios2-elf/4.1.2/../../../../nios2-elf/lib\libc.a(lib_a-refill.o)
 .data          0x0084b8a8        0x0 d:/altera/13.0sp1/nios2eds/bin/gnu/h-i686-mingw32/bin/../lib/gcc/nios2-elf/4.1.2/../../../../nios2-elf/lib\libc.a(lib_a-s_isinfd.o)
 .data          0x0084b8a8        0x0 d:/altera/13.0sp1/nios2eds/bin/gnu/h-i686-mingw32/bin/../lib/gcc/nios2-elf/4.1.2/../../../../nios2-elf/lib\libc.a(lib_a-s_isnand.o)
 .data          0x0084b8a8        0x0 d:/altera/13.0sp1/nios2eds/bin/gnu/h-i686-mingw32/bin/../lib/gcc/nios2-elf/4.1.2/../../../../nios2-elf/lib\libc.a(lib_a-stdio.o)
 .data          0x0084b8a8        0x0 d:/altera/13.0sp1/nios2eds/bin/gnu/h-i686-mingw32/bin/../lib/gcc/nios2-elf/4.1.2/../../../../nios2-elf/lib\libc.a(lib_a-strcmp.o)
 .data          0x0084b8a8        0x0 d:/altera/13.0sp1/nios2eds/bin/gnu/h-i686-mingw32/bin/../lib/gcc/nios2-elf/4.1.2/../../../../nios2-elf/lib\libc.a(lib_a-writer.o)
 .data          0x0084b8a8        0x0 d:/altera/13.0sp1/nios2eds/bin/gnu/h-i686-mingw32/bin/../lib/gcc/nios2-elf/4.1.2/../../../../nios2-elf/lib\libc.a(lib_a-callocr.o)
 .data          0x0084b8a8        0x0 d:/altera/13.0sp1/nios2eds/bin/gnu/h-i686-mingw32/bin/../lib/gcc/nios2-elf/4.1.2/../../../../nios2-elf/lib\libc.a(lib_a-closer.o)
 .data          0x0084b8a8        0x0 d:/altera/13.0sp1/nios2eds/bin/gnu/h-i686-mingw32/bin/../lib/gcc/nios2-elf/4.1.2/../../../../nios2-elf/lib\libc.a(lib_a-fclose.o)
 .data          0x0084b8a8        0x0 d:/altera/13.0sp1/nios2eds/bin/gnu/h-i686-mingw32/bin/../lib/gcc/nios2-elf/4.1.2/../../../../nios2-elf/lib\libc.a(lib_a-fstatr.o)
 .data          0x0084b8a8        0x0 d:/altera/13.0sp1/nios2eds/bin/gnu/h-i686-mingw32/bin/../lib/gcc/nios2-elf/4.1.2/../../../../nios2-elf/lib\libc.a(lib_a-isattyr.o)
 .data          0x0084b8a8        0x0 d:/altera/13.0sp1/nios2eds/bin/gnu/h-i686-mingw32/bin/../lib/gcc/nios2-elf/4.1.2/../../../../nios2-elf/lib\libc.a(lib_a-lseekr.o)
 .data          0x0084b8a8        0x0 d:/altera/13.0sp1/nios2eds/bin/gnu/h-i686-mingw32/bin/../lib/gcc/nios2-elf/4.1.2/../../../../nios2-elf/lib\libc.a(lib_a-readr.o)
 .data          0x0084b8a8        0x0 d:/altera/13.0sp1/nios2eds/bin/gnu/h-i686-mingw32/bin/../lib/gcc/nios2-elf/4.1.2\libgcc.a(_udivdi3.o)
 .data          0x0084b8a8        0x0 d:/altera/13.0sp1/nios2eds/bin/gnu/h-i686-mingw32/bin/../lib/gcc/nios2-elf/4.1.2\libgcc.a(_umoddi3.o)